[0.229s] Invoking command in '/root/ros2_ws/build/humanoid_description': CMAKE_PREFIX_PATH=${CMAKE_PREFIX_PATH}:/root/ros2_ws/install/my_sensor_package:/root/ros2_ws/install/my_py_pkg:/opt/ros/humble /usr/bin/cmake --build /root/ros2_ws/build/humanoid_description -- -j16 -l16
[0.309s] -- Found ament_cmake: 1.3.11 (/opt/ros/humble/share/ament_cmake/cmake)
[0.446s] -- Override CMake install command with custom implementation using symlinks instead of copying resources
[0.466s] -- Found urdf: 2.6.1 (/opt/ros/humble/share/urdf/cmake)
[1.589s] -- Found xacro: 2.0.13 (/opt/ros/humble/share/xacro/cmake)
[1.590s] -- Found gazebo_ros: 3.9.0 (/opt/ros/humble/share/gazebo_ros/cmake)
[1.621s] -- Found rosidl_generator_c: 3.1.6 (/opt/ros/humble/share/rosidl_generator_c/cmake)
[1.625s] -- Found rosidl_adapter: 3.1.6 (/opt/ros/humble/share/rosidl_adapter/cmake)
[1.634s] -- Found rosidl_generator_cpp: 3.1.6 (/opt/ros/humble/share/rosidl_generator_cpp/cmake)
[1.648s] -- Using all available rosidl_typesupport_c: rosidl_typesupport_fastrtps_c;rosidl_typesupport_introspection_c
[1.660s] -- Using all available rosidl_typesupport_cpp: rosidl_typesupport_fastrtps_cpp;rosidl_typesupport_introspection_cpp
[1.705s] -- Found rmw_implementation_cmake: 6.1.2 (/opt/ros/humble/share/rmw_implementation_cmake/cmake)
[1.709s] -- Found rmw_fastrtps_cpp: 6.2.7 (/opt/ros/humble/share/rmw_fastrtps_cpp/cmake)
[1.737s] -- Found TinyXML2 via Config file: TinyXML2_DIR-NOTFOUND
[1.750s] -- Found TinyXML2 via Config file: TinyXML2_DIR-NOTFOUND
[1.822s] -- Found TinyXML2 via Config file: TinyXML2_DIR-NOTFOUND
[1.831s] -- Found TinyXML2 via Config file: TinyXML2_DIR-NOTFOUND
[1.895s] -- Using RMW implementation 'rmw_fastrtps_cpp' as default
[2.004s] -- Found DART: /usr/include (Required is at least version "6.6") found components: dart 
[2.056s] -- Found Protobuf: /usr/lib/x86_64-linux-gnu/libprotobuf.so (found version "3.12.4") 
[2.058s] -- Looking for ignition-math6 -- found version 6.15.1
[2.066s] -- Searching for dependencies of ignition-math6
[2.068s] -- Looking for OGRE...
[2.076s] -- Found Ogre Ghadamon (1.9.0)
[2.076s] -- Found OGRE: optimized;/usr/lib/x86_64-linux-gnu/libOgreMain.so;debug;/usr/lib/x86_64-linux-gnu/libOgreMain.so
[2.084s] -- Looking for OGRE_Paging...
[2.084s] -- Found OGRE_Paging: optimized;/usr/lib/x86_64-linux-gnu/libOgrePaging.so;debug;/usr/lib/x86_64-linux-gnu/libOgrePaging.so
[2.085s] -- Looking for OGRE_Terrain...
[2.085s] -- Found OGRE_Terrain: optimized;/usr/lib/x86_64-linux-gnu/libOgreTerrain.so;debug;/usr/lib/x86_64-linux-gnu/libOgreTerrain.so
[2.085s] -- Looking for OGRE_Property...
[2.085s] -- Found OGRE_Property: optimized;/usr/lib/x86_64-linux-gnu/libOgreProperty.so;debug;/usr/lib/x86_64-linux-gnu/libOgreProperty.so
[2.085s] -- Looking for OGRE_RTShaderSystem...
[2.085s] -- Found OGRE_RTShaderSystem: optimized;/usr/lib/x86_64-linux-gnu/libOgreRTShaderSystem.so;debug;/usr/lib/x86_64-linux-gnu/libOgreRTShaderSystem.so
[2.085s] -- Looking for OGRE_Volume...
[2.085s] -- Found OGRE_Volume: optimized;/usr/lib/x86_64-linux-gnu/libOgreVolume.so;debug;/usr/lib/x86_64-linux-gnu/libOgreVolume.so
[2.085s] -- Looking for OGRE_Overlay...
[2.085s] -- Found OGRE_Overlay: optimized;/usr/lib/x86_64-linux-gnu/libOgreOverlay.so;debug;/usr/lib/x86_64-linux-gnu/libOgreOverlay.so
[15.658s] -- Looking for ignition-math6 -- found version 6.15.1
[15.659s] -- Looking for ignition-transport8 -- found version 8.2.1
[15.660s] -- Searching for dependencies of ignition-transport8
[16.571s] -- Found Protobuf: /usr/lib/x86_64-linux-gnu/libprotobuf.so (found suitable version "3.12.4", minimum required is "3") 
[17.501s] -- Config-file not installed for ZeroMQ -- checking for pkg-config
[17.506s] -- Checking for module 'libzmq >= 4'
[17.527s] --   Found libzmq , version 4.3.4
[17.578s] -- Checking for module 'uuid'
[17.594s] --   Found uuid, version 2.37.2
[17.633s] -- Looking for ignition-msgs5 -- found version 5.8.1
[17.634s] -- Searching for dependencies of ignition-msgs5
[18.538s] -- Looking for ignition-math6 -- found version 6.15.1
[18.548s] -- Looking for ignition-msgs5 -- found version 5.8.1
[18.549s] -- Looking for ignition-common3 -- found version 3.14.0
[18.549s] -- Searching for dependencies of ignition-common3
[18.549s] -- Looking for dlfcn.h - found
[18.549s] -- Looking for libdl - found
[18.614s] -- Searching for <ignition-common3> component [graphics]
[18.615s] -- Looking for ignition-common3-graphics -- found version 3.14.0
[18.615s] -- Searching for dependencies of ignition-common3-graphics
[18.616s] -- Looking for ignition-math6 -- found version 6.15.1
[18.618s] -- Looking for ignition-fuel_tools4 -- found version 4.4.0
[18.618s] -- Searching for dependencies of ignition-fuel_tools4
[19.653s] -- Checking for module 'jsoncpp'
[19.670s] --   Found jsoncpp, version 1.9.5
[19.715s] -- Checking for module 'libzip'
[19.730s] --   Found libzip, version 1.7.3
[19.771s] -- Looking for ignition-common3 -- found version 3.14.0
[19.772s] -- Looking for ignition-math6 -- found version 6.15.1
[19.772s] -- Looking for ignition-msgs5 -- found version 5.8.1
[19.776s] -- Gazebo version: 11.10
[19.777s] -- Found gazebo_msgs: 3.9.0 (/opt/ros/humble/share/gazebo_msgs/cmake)
[19.834s] -- Found ros2_control: 2.51.0 (/opt/ros/humble/share/ros2_control/cmake)
[19.836s] -- Found controller_manager: 2.51.0 (/opt/ros/humble/share/controller_manager/cmake)
[20.005s] -- Found joint_state_broadcaster: 2.47.0 (/opt/ros/humble/share/joint_state_broadcaster/cmake)
[20.037s] -- Found position_controllers: 2.47.0 (/opt/ros/humble/share/position_controllers/cmake)
[20.056s] -- Found ament_lint_auto: 0.12.12 (/opt/ros/humble/share/ament_lint_auto/cmake)
[20.134s] -- Added test 'flake8' to check Python code syntax and style conventions
[20.135s] -- Added test 'lint_cmake' to check CMake code style
[20.135s] -- Added test 'pep257' to check Python code against some of the docstring style conventions in PEP 257
[20.137s] -- Added test 'xmllint' to check XML markup files
[20.140s] -- Configuring done
[20.156s] -- Generating done
[20.161s] -- Build files have been written to: /root/ros2_ws/build/humanoid_description
[20.203s] Invoked command in '/root/ros2_ws/build/humanoid_description' returned '0': CMAKE_PREFIX_PATH=${CMAKE_PREFIX_PATH}:/root/ros2_ws/install/my_sensor_package:/root/ros2_ws/install/my_py_pkg:/opt/ros/humble /usr/bin/cmake --build /root/ros2_ws/build/humanoid_description -- -j16 -l16
[20.205s] Invoking command in '/root/ros2_ws/build/humanoid_description': CMAKE_PREFIX_PATH=${CMAKE_PREFIX_PATH}:/root/ros2_ws/install/my_sensor_package:/root/ros2_ws/install/my_py_pkg:/opt/ros/humble /usr/bin/cmake --install /root/ros2_ws/build/humanoid_description
[20.214s] -- Install configuration: ""
[20.214s] -- Execute custom install script
[20.215s] -- Up-to-date symlink: /root/ros2_ws/install/humanoid_description/share/humanoid_description/launch/spawn_humanoid.launch.py
[20.215s] -- Up-to-date symlink: /root/ros2_ws/install/humanoid_description/share/humanoid_description/urdf/code.txt
[20.216s] -- Up-to-date symlink: /root/ros2_ws/install/humanoid_description/share/humanoid_description/urdf/humanoid.urdf.xacro
[20.217s] -- Symlinking: /root/ros2_ws/install/humanoid_description/share/humanoid_description/config/humanoid_controllers.yaml
[20.229s] -- Up-to-date symlink: /root/ros2_ws/install/humanoid_description/share/ament_index/resource_index/package_run_dependencies/humanoid_description
[20.230s] -- Up-to-date symlink: /root/ros2_ws/install/humanoid_description/share/ament_index/resource_index/parent_prefix_path/humanoid_description
[20.230s] -- Up-to-date symlink: /root/ros2_ws/install/humanoid_description/share/humanoid_description/environment/ament_prefix_path.sh
[20.230s] -- Up-to-date symlink: /root/ros2_ws/install/humanoid_description/share/humanoid_description/environment/ament_prefix_path.dsv
[20.231s] -- Up-to-date symlink: /root/ros2_ws/install/humanoid_description/share/humanoid_description/environment/path.sh
[20.231s] -- Up-to-date symlink: /root/ros2_ws/install/humanoid_description/share/humanoid_description/environment/path.dsv
[20.231s] -- Up-to-date symlink: /root/ros2_ws/install/humanoid_description/share/humanoid_description/local_setup.bash
[20.231s] -- Up-to-date symlink: /root/ros2_ws/install/humanoid_description/share/humanoid_description/local_setup.sh
[20.232s] -- Up-to-date symlink: /root/ros2_ws/install/humanoid_description/share/humanoid_description/local_setup.zsh
[20.232s] -- Up-to-date symlink: /root/ros2_ws/install/humanoid_description/share/humanoid_description/local_setup.dsv
[20.232s] -- Symlinking: /root/ros2_ws/install/humanoid_description/share/humanoid_description/package.dsv
[20.243s] -- Up-to-date symlink: /root/ros2_ws/install/humanoid_description/share/ament_index/resource_index/packages/humanoid_description
[20.244s] -- Up-to-date symlink: /root/ros2_ws/install/humanoid_description/share/humanoid_description/cmake/humanoid_descriptionConfig.cmake
[20.244s] -- Up-to-date symlink: /root/ros2_ws/install/humanoid_description/share/humanoid_description/cmake/humanoid_descriptionConfig-version.cmake
[20.244s] -- Up-to-date symlink: /root/ros2_ws/install/humanoid_description/share/humanoid_description/package.xml
[20.247s] Invoked command in '/root/ros2_ws/build/humanoid_description' returned '0': CMAKE_PREFIX_PATH=${CMAKE_PREFIX_PATH}:/root/ros2_ws/install/my_sensor_package:/root/ros2_ws/install/my_py_pkg:/opt/ros/humble /usr/bin/cmake --install /root/ros2_ws/build/humanoid_description
