[0.094s] Invoking command in '/root/ros2_ws/build/my_robot_bringup': AMENT_PREFIX_PATH=/root/ros2_ws/install/my_sensor_package:/root/ros2_ws/install/my_robot_bringup:/root/ros2_ws/install/my_py_pkg:/root/ros2_ws/install/humanoid_description:/opt/ros/humble CMAKE_PREFIX_PATH=${CMAKE_PREFIX_PATH}:/root/ros2_ws/install/my_sensor_package:/root/ros2_ws/install/my_py_pkg:/opt/ros/humble PYTHONPATH=/root/ros2_ws/build/my_sensor_package:${PYTHONPATH} /usr/bin/cmake /root/ros2_ws/src/my_robot_bringup -DAMENT_CMAKE_SYMLINK_INSTALL=1 -DCMAKE_INSTALL_PREFIX=/root/ros2_ws/install/my_robot_bringup
[0.106s] -- Found ament_cmake: 1.3.11 (/opt/ros/humble/share/ament_cmake/cmake)
[0.220s] -- Override CMake install command with custom implementation using symlinks instead of copying resources
[0.284s] -- Configuring done
[0.290s] -- Generating done
[0.292s] -- Build files have been written to: /root/ros2_ws/build/my_robot_bringup
[0.299s] Invoked command in '/root/ros2_ws/build/my_robot_bringup' returned '0': AMENT_PREFIX_PATH=/root/ros2_ws/install/my_sensor_package:/root/ros2_ws/install/my_robot_bringup:/root/ros2_ws/install/my_py_pkg:/root/ros2_ws/install/humanoid_description:/opt/ros/humble CMAKE_PREFIX_PATH=${CMAKE_PREFIX_PATH}:/root/ros2_ws/install/my_sensor_package:/root/ros2_ws/install/my_py_pkg:/opt/ros/humble PYTHONPATH=/root/ros2_ws/build/my_sensor_package:${PYTHONPATH} /usr/bin/cmake /root/ros2_ws/src/my_robot_bringup -DAMENT_CMAKE_SYMLINK_INSTALL=1 -DCMAKE_INSTALL_PREFIX=/root/ros2_ws/install/my_robot_bringup
[0.301s] Invoking command in '/root/ros2_ws/build/my_robot_bringup': AMENT_PREFIX_PATH=/root/ros2_ws/install/my_sensor_package:/root/ros2_ws/install/my_robot_bringup:/root/ros2_ws/install/my_py_pkg:/root/ros2_ws/install/humanoid_description:/opt/ros/humble CMAKE_PREFIX_PATH=${CMAKE_PREFIX_PATH}:/root/ros2_ws/install/my_sensor_package:/root/ros2_ws/install/my_py_pkg:/opt/ros/humble PYTHONPATH=/root/ros2_ws/build/my_sensor_package:${PYTHONPATH} /usr/bin/cmake --build /root/ros2_ws/build/my_robot_bringup -- -j16 -l16
[0.345s] Invoked command in '/root/ros2_ws/build/my_robot_bringup' returned '0': AMENT_PREFIX_PATH=/root/ros2_ws/install/my_sensor_package:/root/ros2_ws/install/my_robot_bringup:/root/ros2_ws/install/my_py_pkg:/root/ros2_ws/install/humanoid_description:/opt/ros/humble CMAKE_PREFIX_PATH=${CMAKE_PREFIX_PATH}:/root/ros2_ws/install/my_sensor_package:/root/ros2_ws/install/my_py_pkg:/opt/ros/humble PYTHONPATH=/root/ros2_ws/build/my_sensor_package:${PYTHONPATH} /usr/bin/cmake --build /root/ros2_ws/build/my_robot_bringup -- -j16 -l16
[0.357s] Invoking command in '/root/ros2_ws/build/my_robot_bringup': AMENT_PREFIX_PATH=/root/ros2_ws/install/my_sensor_package:/root/ros2_ws/install/my_robot_bringup:/root/ros2_ws/install/my_py_pkg:/root/ros2_ws/install/humanoid_description:/opt/ros/humble CMAKE_PREFIX_PATH=${CMAKE_PREFIX_PATH}:/root/ros2_ws/install/my_sensor_package:/root/ros2_ws/install/my_py_pkg:/opt/ros/humble PYTHONPATH=/root/ros2_ws/build/my_sensor_package:${PYTHONPATH} /usr/bin/cmake --install /root/ros2_ws/build/my_robot_bringup
[0.364s] -- Install configuration: ""
[0.364s] -- Execute custom install script
[0.365s] -- Up-to-date symlink: /root/ros2_ws/install/my_robot_bringup/share/my_robot_bringup/launch/demo.launch.py
[0.365s] -- Up-to-date symlink: /root/ros2_ws/install/my_robot_bringup/share/ament_index/resource_index/package_run_dependencies/my_robot_bringup
[0.366s] -- Up-to-date symlink: /root/ros2_ws/install/my_robot_bringup/share/ament_index/resource_index/parent_prefix_path/my_robot_bringup
[0.367s] -- Up-to-date symlink: /root/ros2_ws/install/my_robot_bringup/share/my_robot_bringup/environment/ament_prefix_path.sh
[0.367s] -- Up-to-date symlink: /root/ros2_ws/install/my_robot_bringup/share/my_robot_bringup/environment/ament_prefix_path.dsv
[0.367s] -- Up-to-date symlink: /root/ros2_ws/install/my_robot_bringup/share/my_robot_bringup/environment/path.sh
[0.368s] -- Up-to-date symlink: /root/ros2_ws/install/my_robot_bringup/share/my_robot_bringup/environment/path.dsv
[0.368s] -- Up-to-date symlink: /root/ros2_ws/install/my_robot_bringup/share/my_robot_bringup/local_setup.bash
[0.368s] -- Up-to-date symlink: /root/ros2_ws/install/my_robot_bringup/share/my_robot_bringup/local_setup.sh
[0.369s] -- Up-to-date symlink: /root/ros2_ws/install/my_robot_bringup/share/my_robot_bringup/local_setup.zsh
[0.369s] -- Up-to-date symlink: /root/ros2_ws/install/my_robot_bringup/share/my_robot_bringup/local_setup.dsv
[0.369s] -- Symlinking: /root/ros2_ws/install/my_robot_bringup/share/my_robot_bringup/package.dsv
[0.381s] -- Up-to-date symlink: /root/ros2_ws/install/my_robot_bringup/share/ament_index/resource_index/packages/my_robot_bringup
[0.381s] -- Up-to-date symlink: /root/ros2_ws/install/my_robot_bringup/share/my_robot_bringup/cmake/my_robot_bringupConfig.cmake
[0.382s] -- Up-to-date symlink: /root/ros2_ws/install/my_robot_bringup/share/my_robot_bringup/cmake/my_robot_bringupConfig-version.cmake
[0.382s] -- Up-to-date symlink: /root/ros2_ws/install/my_robot_bringup/share/my_robot_bringup/package.xml
[0.384s] Invoked command in '/root/ros2_ws/build/my_robot_bringup' returned '0': AMENT_PREFIX_PATH=/root/ros2_ws/install/my_sensor_package:/root/ros2_ws/install/my_robot_bringup:/root/ros2_ws/install/my_py_pkg:/root/ros2_ws/install/humanoid_description:/opt/ros/humble CMAKE_PREFIX_PATH=${CMAKE_PREFIX_PATH}:/root/ros2_ws/install/my_sensor_package:/root/ros2_ws/install/my_py_pkg:/opt/ros/humble PYTHONPATH=/root/ros2_ws/build/my_sensor_package:${PYTHONPATH} /usr/bin/cmake --install /root/ros2_ws/build/my_robot_bringup
