[0.278s] DEBUG:colcon:Command line arguments: ['/usr/bin/colcon', 'build', '--symlink-install']
[0.278s] DEBUG:colcon:Parsed command line arguments: Namespace(log_base=None, log_level=None, verb_name='build', build_base='build', install_base='install', merge_install=False, symlink_install=True, test_result_base=None, continue_on_error=False, executor='parallel', parallel_workers=16, event_handlers=None, ignore_user_meta=False, metas=['./colcon.meta'], base_paths=['.'], packages_ignore=None, packages_ignore_regex=None, paths=None, packages_up_to=None, packages_up_to_regex=None, packages_above=None, packages_above_and_dependencies=None, packages_above_depth=None, packages_select_by_dep=None, packages_skip_by_dep=None, packages_skip_up_to=None, packages_select_build_failed=False, packages_skip_build_finished=False, packages_select_test_failures=False, packages_skip_test_passed=False, packages_select=None, packages_skip=None, packages_select_regex=None, packages_skip_regex=None, packages_start=None, packages_end=None, allow_overriding=[], cmake_args=None, cmake_target=None, cmake_target_skip_unavailable=False, cmake_clean_cache=False, cmake_clean_first=False, cmake_force_configure=False, ament_cmake_args=None, catkin_cmake_args=None, catkin_skip_building_tests=False, verb_parser=<colcon_defaults.argument_parser.defaults.DefaultArgumentsDecorator object at 0x70ced2648520>, verb_extension=<colcon_core.verb.build.BuildVerb object at 0x70ced2761870>, main=<bound method BuildVerb.main of <colcon_core.verb.build.BuildVerb object at 0x70ced2761870>>)
[0.608s] Level 1:colcon.colcon_core.package_discovery:discover_packages(colcon_meta) check parameters
[0.608s] Level 1:colcon.colcon_core.package_discovery:discover_packages(recursive) check parameters
[0.608s] Level 1:colcon.colcon_core.package_discovery:discover_packages(ignore) check parameters
[0.608s] Level 1:colcon.colcon_core.package_discovery:discover_packages(path) check parameters
[0.609s] Level 1:colcon.colcon_core.package_discovery:discover_packages(colcon_meta) discover
[0.609s] Level 1:colcon.colcon_core.package_discovery:discover_packages(recursive) discover
[0.609s] INFO:colcon.colcon_core.package_discovery:Crawling recursively for packages in '/root/ros2_ws'
[0.609s] Level 1:colcon.colcon_core.package_identification:_identify(.) by extensions ['ignore', 'ignore_ament_install']
[0.609s] Level 1:colcon.colcon_core.package_identification:_identify(.) by extension 'ignore'
[0.609s] Level 1:colcon.colcon_core.package_identification:_identify(.) by extension 'ignore_ament_install'
[0.609s] Level 1:colcon.colcon_core.package_identification:_identify(.) by extensions ['colcon_pkg']
[0.609s] Level 1:colcon.colcon_core.package_identification:_identify(.) by extension 'colcon_pkg'
[0.609s] Level 1:colcon.colcon_core.package_identification:_identify(.) by extensions ['colcon_meta']
[0.609s] Level 1:colcon.colcon_core.package_identification:_identify(.) by extension 'colcon_meta'
[0.609s] Level 1:colcon.colcon_core.package_identification:_identify(.) by extensions ['ros']
[0.609s] Level 1:colcon.colcon_core.package_identification:_identify(.) by extension 'ros'
[0.622s] Level 1:colcon.colcon_core.package_identification:_identify(.) by extensions ['cmake', 'python']
[0.622s] Level 1:colcon.colcon_core.package_identification:_identify(.) by extension 'cmake'
[0.622s] Level 1:colcon.colcon_core.package_identification:_identify(.) by extension 'python'
[0.622s] Level 1:colcon.colcon_core.package_identification:_identify(.) by extensions ['python_setup_py']
[0.622s] Level 1:colcon.colcon_core.package_identification:_identify(.) by extension 'python_setup_py'
[0.622s] Level 1:colcon.colcon_core.package_identification:_identify(build) by extensions ['ignore', 'ignore_ament_install']
[0.622s] Level 1:colcon.colcon_core.package_identification:_identify(build) by extension 'ignore'
[0.622s] Level 1:colcon.colcon_core.package_identification:_identify(build) ignored
[0.623s] Level 1:colcon.colcon_core.package_identification:_identify(install) by extensions ['ignore', 'ignore_ament_install']
[0.623s] Level 1:colcon.colcon_core.package_identification:_identify(install) by extension 'ignore'
[0.623s] Level 1:colcon.colcon_core.package_identification:_identify(install) ignored
[0.623s] Level 1:colcon.colcon_core.package_identification:_identify(log) by extensions ['ignore', 'ignore_ament_install']
[0.623s] Level 1:colcon.colcon_core.package_identification:_identify(log) by extension 'ignore'
[0.623s] Level 1:colcon.colcon_core.package_identification:_identify(log) ignored
[0.623s] Level 1:colcon.colcon_core.package_identification:_identify(src) by extensions ['ignore', 'ignore_ament_install']
[0.623s] Level 1:colcon.colcon_core.package_identification:_identify(src) by extension 'ignore'
[0.623s] Level 1:colcon.colcon_core.package_identification:_identify(src) by extension 'ignore_ament_install'
[0.623s] Level 1:colcon.colcon_core.package_identification:_identify(src) by extensions ['colcon_pkg']
[0.623s] Level 1:colcon.colcon_core.package_identification:_identify(src) by extension 'colcon_pkg'
[0.623s] Level 1:colcon.colcon_core.package_identification:_identify(src) by extensions ['colcon_meta']
[0.623s] Level 1:colcon.colcon_core.package_identification:_identify(src) by extension 'colcon_meta'
[0.623s] Level 1:colcon.colcon_core.package_identification:_identify(src) by extensions ['ros']
[0.623s] Level 1:colcon.colcon_core.package_identification:_identify(src) by extension 'ros'
[0.624s] Level 1:colcon.colcon_core.package_identification:_identify(src) by extensions ['cmake', 'python']
[0.624s] Level 1:colcon.colcon_core.package_identification:_identify(src) by extension 'cmake'
[0.624s] Level 1:colcon.colcon_core.package_identification:_identify(src) by extension 'python'
[0.624s] Level 1:colcon.colcon_core.package_identification:_identify(src) by extensions ['python_setup_py']
[0.624s] Level 1:colcon.colcon_core.package_identification:_identify(src) by extension 'python_setup_py'
[0.624s] Level 1:colcon.colcon_core.package_identification:_identify(src/build) by extensions ['ignore', 'ignore_ament_install']
[0.624s] Level 1:colcon.colcon_core.package_identification:_identify(src/build) by extension 'ignore'
[0.624s] Level 1:colcon.colcon_core.package_identification:_identify(src/build) ignored
[0.624s] Level 1:colcon.colcon_core.package_identification:_identify(src/humanoid_description) by extensions ['ignore', 'ignore_ament_install']
[0.624s] Level 1:colcon.colcon_core.package_identification:_identify(src/humanoid_description) by extension 'ignore'
[0.624s] Level 1:colcon.colcon_core.package_identification:_identify(src/humanoid_description) by extension 'ignore_ament_install'
[0.624s] Level 1:colcon.colcon_core.package_identification:_identify(src/humanoid_description) by extensions ['colcon_pkg']
[0.624s] Level 1:colcon.colcon_core.package_identification:_identify(src/humanoid_description) by extension 'colcon_pkg'
[0.624s] Level 1:colcon.colcon_core.package_identification:_identify(src/humanoid_description) by extensions ['colcon_meta']
[0.624s] Level 1:colcon.colcon_core.package_identification:_identify(src/humanoid_description) by extension 'colcon_meta'
[0.624s] Level 1:colcon.colcon_core.package_identification:_identify(src/humanoid_description) by extensions ['ros']
[0.624s] Level 1:colcon.colcon_core.package_identification:_identify(src/humanoid_description) by extension 'ros'
[0.628s] DEBUG:colcon.colcon_core.package_identification:Package 'src/humanoid_description' with type 'ros.ament_cmake' and name 'humanoid_description'
[0.628s] Level 1:colcon.colcon_core.package_identification:_identify(src/install) by extensions ['ignore', 'ignore_ament_install']
[0.628s] Level 1:colcon.colcon_core.package_identification:_identify(src/install) by extension 'ignore'
[0.628s] Level 1:colcon.colcon_core.package_identification:_identify(src/install) ignored
[0.628s] Level 1:colcon.colcon_core.package_identification:_identify(src/log) by extensions ['ignore', 'ignore_ament_install']
[0.628s] Level 1:colcon.colcon_core.package_identification:_identify(src/log) by extension 'ignore'
[0.628s] Level 1:colcon.colcon_core.package_identification:_identify(src/log) ignored
[0.629s] Level 1:colcon.colcon_core.package_identification:_identify(src/my_py_pkg) by extensions ['ignore', 'ignore_ament_install']
[0.629s] Level 1:colcon.colcon_core.package_identification:_identify(src/my_py_pkg) by extension 'ignore'
[0.629s] Level 1:colcon.colcon_core.package_identification:_identify(src/my_py_pkg) by extension 'ignore_ament_install'
[0.629s] Level 1:colcon.colcon_core.package_identification:_identify(src/my_py_pkg) by extensions ['colcon_pkg']
[0.629s] Level 1:colcon.colcon_core.package_identification:_identify(src/my_py_pkg) by extension 'colcon_pkg'
[0.629s] Level 1:colcon.colcon_core.package_identification:_identify(src/my_py_pkg) by extensions ['colcon_meta']
[0.629s] Level 1:colcon.colcon_core.package_identification:_identify(src/my_py_pkg) by extension 'colcon_meta'
[0.629s] Level 1:colcon.colcon_core.package_identification:_identify(src/my_py_pkg) by extensions ['ros']
[0.629s] Level 1:colcon.colcon_core.package_identification:_identify(src/my_py_pkg) by extension 'ros'
[0.630s] DEBUG:colcon.colcon_core.package_identification:Package 'src/my_py_pkg' with type 'ros.ament_python' and name 'my_py_pkg'
[0.630s] Level 1:colcon.colcon_core.package_identification:_identify(src/my_robot_bringup) by extensions ['ignore', 'ignore_ament_install']
[0.630s] Level 1:colcon.colcon_core.package_identification:_identify(src/my_robot_bringup) by extension 'ignore'
[0.631s] Level 1:colcon.colcon_core.package_identification:_identify(src/my_robot_bringup) by extension 'ignore_ament_install'
[0.631s] Level 1:colcon.colcon_core.package_identification:_identify(src/my_robot_bringup) by extensions ['colcon_pkg']
[0.631s] Level 1:colcon.colcon_core.package_identification:_identify(src/my_robot_bringup) by extension 'colcon_pkg'
[0.631s] Level 1:colcon.colcon_core.package_identification:_identify(src/my_robot_bringup) by extensions ['colcon_meta']
[0.631s] Level 1:colcon.colcon_core.package_identification:_identify(src/my_robot_bringup) by extension 'colcon_meta'
[0.631s] Level 1:colcon.colcon_core.package_identification:_identify(src/my_robot_bringup) by extensions ['ros']
[0.631s] Level 1:colcon.colcon_core.package_identification:_identify(src/my_robot_bringup) by extension 'ros'
[0.631s] DEBUG:colcon.colcon_core.package_identification:Package 'src/my_robot_bringup' with type 'ros.ament_cmake' and name 'my_robot_bringup'
[0.632s] Level 1:colcon.colcon_core.package_identification:_identify(src/my_sensor_package) by extensions ['ignore', 'ignore_ament_install']
[0.632s] Level 1:colcon.colcon_core.package_identification:_identify(src/my_sensor_package) by extension 'ignore'
[0.632s] Level 1:colcon.colcon_core.package_identification:_identify(src/my_sensor_package) by extension 'ignore_ament_install'
[0.632s] Level 1:colcon.colcon_core.package_identification:_identify(src/my_sensor_package) by extensions ['colcon_pkg']
[0.632s] Level 1:colcon.colcon_core.package_identification:_identify(src/my_sensor_package) by extension 'colcon_pkg'
[0.632s] Level 1:colcon.colcon_core.package_identification:_identify(src/my_sensor_package) by extensions ['colcon_meta']
[0.632s] Level 1:colcon.colcon_core.package_identification:_identify(src/my_sensor_package) by extension 'colcon_meta'
[0.632s] Level 1:colcon.colcon_core.package_identification:_identify(src/my_sensor_package) by extensions ['ros']
[0.632s] Level 1:colcon.colcon_core.package_identification:_identify(src/my_sensor_package) by extension 'ros'
[0.634s] DEBUG:colcon.colcon_core.package_identification:Package 'src/my_sensor_package' with type 'ros.ament_python' and name 'my_sensor_package'
[0.634s] Level 1:colcon.colcon_core.package_discovery:discover_packages(recursive) using defaults
[0.634s] Level 1:colcon.colcon_core.package_discovery:discover_packages(ignore) discover
[0.634s] Level 1:colcon.colcon_core.package_discovery:discover_packages(ignore) using defaults
[0.634s] Level 1:colcon.colcon_core.package_discovery:discover_packages(path) discover
[0.634s] Level 1:colcon.colcon_core.package_discovery:discover_packages(path) using defaults
[0.661s] Level 1:colcon.colcon_core.package_discovery:discover_packages(prefix_path) check parameters
[0.661s] Level 1:colcon.colcon_core.package_discovery:discover_packages(prefix_path) discover
[0.665s] DEBUG:colcon.colcon_installed_package_information.package_discovery:Found 4 installed packages in /root/ros2_ws/install
[0.666s] DEBUG:colcon.colcon_installed_package_information.package_discovery:Found 283 installed packages in /opt/ros/humble
[0.675s] Level 1:colcon.colcon_core.package_discovery:discover_packages(prefix_path) using defaults
[0.751s] Level 5:colcon.colcon_core.verb:set package 'humanoid_description' build argument 'cmake_args' from command line to 'None'
[0.751s] Level 5:colcon.colcon_core.verb:set package 'humanoid_description' build argument 'cmake_target' from command line to 'None'
[0.751s] Level 5:colcon.colcon_core.verb:set package 'humanoid_description' build argument 'cmake_target_skip_unavailable' from command line to 'False'
[0.751s] Level 5:colcon.colcon_core.verb:set package 'humanoid_description' build argument 'cmake_clean_cache' from command line to 'False'
[0.751s] Level 5:colcon.colcon_core.verb:set package 'humanoid_description' build argument 'cmake_clean_first' from command line to 'False'
[0.751s] Level 5:colcon.colcon_core.verb:set package 'humanoid_description' build argument 'cmake_force_configure' from command line to 'False'
[0.751s] Level 5:colcon.colcon_core.verb:set package 'humanoid_description' build argument 'ament_cmake_args' from command line to 'None'
[0.751s] Level 5:colcon.colcon_core.verb:set package 'humanoid_description' build argument 'catkin_cmake_args' from command line to 'None'
[0.751s] Level 5:colcon.colcon_core.verb:set package 'humanoid_description' build argument 'catkin_skip_building_tests' from command line to 'False'
[0.751s] DEBUG:colcon.colcon_core.verb:Building package 'humanoid_description' with the following arguments: {'ament_cmake_args': None, 'build_base': '/root/ros2_ws/build/humanoid_description', 'catkin_cmake_args': None, 'catkin_skip_building_tests': False, 'cmake_args': None, 'cmake_clean_cache': False, 'cmake_clean_first': False, 'cmake_force_configure': False, 'cmake_target': None, 'cmake_target_skip_unavailable': False, 'install_base': '/root/ros2_ws/install/humanoid_description', 'merge_install': False, 'path': '/root/ros2_ws/src/humanoid_description', 'symlink_install': True, 'test_result_base': None}
[0.752s] Level 5:colcon.colcon_core.verb:set package 'my_py_pkg' build argument 'cmake_args' from command line to 'None'
[0.752s] Level 5:colcon.colcon_core.verb:set package 'my_py_pkg' build argument 'cmake_target' from command line to 'None'
[0.752s] Level 5:colcon.colcon_core.verb:set package 'my_py_pkg' build argument 'cmake_target_skip_unavailable' from command line to 'False'
[0.752s] Level 5:colcon.colcon_core.verb:set package 'my_py_pkg' build argument 'cmake_clean_cache' from command line to 'False'
[0.752s] Level 5:colcon.colcon_core.verb:set package 'my_py_pkg' build argument 'cmake_clean_first' from command line to 'False'
[0.752s] Level 5:colcon.colcon_core.verb:set package 'my_py_pkg' build argument 'cmake_force_configure' from command line to 'False'
[0.752s] Level 5:colcon.colcon_core.verb:set package 'my_py_pkg' build argument 'ament_cmake_args' from command line to 'None'
[0.752s] Level 5:colcon.colcon_core.verb:set package 'my_py_pkg' build argument 'catkin_cmake_args' from command line to 'None'
[0.752s] Level 5:colcon.colcon_core.verb:set package 'my_py_pkg' build argument 'catkin_skip_building_tests' from command line to 'False'
[0.752s] DEBUG:colcon.colcon_core.verb:Building package 'my_py_pkg' with the following arguments: {'ament_cmake_args': None, 'build_base': '/root/ros2_ws/build/my_py_pkg', 'catkin_cmake_args': None, 'catkin_skip_building_tests': False, 'cmake_args': None, 'cmake_clean_cache': False, 'cmake_clean_first': False, 'cmake_force_configure': False, 'cmake_target': None, 'cmake_target_skip_unavailable': False, 'install_base': '/root/ros2_ws/install/my_py_pkg', 'merge_install': False, 'path': '/root/ros2_ws/src/my_py_pkg', 'symlink_install': True, 'test_result_base': None}
[0.752s] Level 5:colcon.colcon_core.verb:set package 'my_sensor_package' build argument 'cmake_args' from command line to 'None'
[0.752s] Level 5:colcon.colcon_core.verb:set package 'my_sensor_package' build argument 'cmake_target' from command line to 'None'
[0.752s] Level 5:colcon.colcon_core.verb:set package 'my_sensor_package' build argument 'cmake_target_skip_unavailable' from command line to 'False'
[0.752s] Level 5:colcon.colcon_core.verb:set package 'my_sensor_package' build argument 'cmake_clean_cache' from command line to 'False'
[0.752s] Level 5:colcon.colcon_core.verb:set package 'my_sensor_package' build argument 'cmake_clean_first' from command line to 'False'
[0.752s] Level 5:colcon.colcon_core.verb:set package 'my_sensor_package' build argument 'cmake_force_configure' from command line to 'False'
[0.752s] Level 5:colcon.colcon_core.verb:set package 'my_sensor_package' build argument 'ament_cmake_args' from command line to 'None'
[0.752s] Level 5:colcon.colcon_core.verb:set package 'my_sensor_package' build argument 'catkin_cmake_args' from command line to 'None'
[0.752s] Level 5:colcon.colcon_core.verb:set package 'my_sensor_package' build argument 'catkin_skip_building_tests' from command line to 'False'
[0.752s] DEBUG:colcon.colcon_core.verb:Building package 'my_sensor_package' with the following arguments: {'ament_cmake_args': None, 'build_base': '/root/ros2_ws/build/my_sensor_package', 'catkin_cmake_args': None, 'catkin_skip_building_tests': False, 'cmake_args': None, 'cmake_clean_cache': False, 'cmake_clean_first': False, 'cmake_force_configure': False, 'cmake_target': None, 'cmake_target_skip_unavailable': False, 'install_base': '/root/ros2_ws/install/my_sensor_package', 'merge_install': False, 'path': '/root/ros2_ws/src/my_sensor_package', 'symlink_install': True, 'test_result_base': None}
[0.752s] Level 5:colcon.colcon_core.verb:set package 'my_robot_bringup' build argument 'cmake_args' from command line to 'None'
[0.752s] Level 5:colcon.colcon_core.verb:set package 'my_robot_bringup' build argument 'cmake_target' from command line to 'None'
[0.752s] Level 5:colcon.colcon_core.verb:set package 'my_robot_bringup' build argument 'cmake_target_skip_unavailable' from command line to 'False'
[0.752s] Level 5:colcon.colcon_core.verb:set package 'my_robot_bringup' build argument 'cmake_clean_cache' from command line to 'False'
[0.752s] Level 5:colcon.colcon_core.verb:set package 'my_robot_bringup' build argument 'cmake_clean_first' from command line to 'False'
[0.753s] Level 5:colcon.colcon_core.verb:set package 'my_robot_bringup' build argument 'cmake_force_configure' from command line to 'False'
[0.753s] Level 5:colcon.colcon_core.verb:set package 'my_robot_bringup' build argument 'ament_cmake_args' from command line to 'None'
[0.753s] Level 5:colcon.colcon_core.verb:set package 'my_robot_bringup' build argument 'catkin_cmake_args' from command line to 'None'
[0.753s] Level 5:colcon.colcon_core.verb:set package 'my_robot_bringup' build argument 'catkin_skip_building_tests' from command line to 'False'
[0.753s] DEBUG:colcon.colcon_core.verb:Building package 'my_robot_bringup' with the following arguments: {'ament_cmake_args': None, 'build_base': '/root/ros2_ws/build/my_robot_bringup', 'catkin_cmake_args': None, 'catkin_skip_building_tests': False, 'cmake_args': None, 'cmake_clean_cache': False, 'cmake_clean_first': False, 'cmake_force_configure': False, 'cmake_target': None, 'cmake_target_skip_unavailable': False, 'install_base': '/root/ros2_ws/install/my_robot_bringup', 'merge_install': False, 'path': '/root/ros2_ws/src/my_robot_bringup', 'symlink_install': True, 'test_result_base': None}
[0.753s] INFO:colcon.colcon_core.executor:Executing jobs using 'parallel' executor
[0.754s] DEBUG:colcon.colcon_parallel_executor.executor.parallel:run_until_complete
[0.754s] INFO:colcon.colcon_ros.task.ament_python.build:Building ROS package in '/root/ros2_ws/src/my_sensor_package' with build type 'ament_python'
[0.754s] Level 1:colcon.colcon_core.shell:create_environment_hook('my_sensor_package', 'ament_prefix_path')
[0.759s] INFO:colcon.colcon_core.plugin_system:Skipping extension 'colcon_core.shell.bat': Not used on non-Windows systems
[0.759s] INFO:colcon.colcon_core.shell:Creating environment hook '/root/ros2_ws/install/my_sensor_package/share/my_sensor_package/hook/ament_prefix_path.ps1'
[0.761s] INFO:colcon.colcon_core.shell:Creating environment descriptor '/root/ros2_ws/install/my_sensor_package/share/my_sensor_package/hook/ament_prefix_path.dsv'
[0.761s] INFO:colcon.colcon_core.shell:Creating environment hook '/root/ros2_ws/install/my_sensor_package/share/my_sensor_package/hook/ament_prefix_path.sh'
[0.762s] INFO:colcon.colcon_core.shell:Skip shell extension 'powershell' for command environment: Not usable outside of PowerShell
[0.762s] DEBUG:colcon.colcon_core.shell:Skip shell extension 'dsv' for command environment
[0.766s] INFO:colcon.colcon_ros.task.ament_cmake.build:Building ROS package in '/root/ros2_ws/src/humanoid_description' with build type 'ament_cmake'
[0.766s] INFO:colcon.colcon_cmake.task.cmake.build:Building CMake package in '/root/ros2_ws/src/humanoid_description'
[0.766s] INFO:colcon.colcon_core.shell:Skip shell extension 'powershell' for command environment: Not usable outside of PowerShell
[0.766s] DEBUG:colcon.colcon_core.shell:Skip shell extension 'dsv' for command environment
[0.770s] INFO:colcon.colcon_ros.task.ament_python.build:Building ROS package in '/root/ros2_ws/src/my_py_pkg' with build type 'ament_python'
[0.770s] Level 1:colcon.colcon_core.shell:create_environment_hook('my_py_pkg', 'ament_prefix_path')
[0.770s] INFO:colcon.colcon_core.shell:Creating environment hook '/root/ros2_ws/install/my_py_pkg/share/my_py_pkg/hook/ament_prefix_path.ps1'
[0.771s] INFO:colcon.colcon_core.shell:Creating environment descriptor '/root/ros2_ws/install/my_py_pkg/share/my_py_pkg/hook/ament_prefix_path.dsv'
[0.771s] INFO:colcon.colcon_core.shell:Creating environment hook '/root/ros2_ws/install/my_py_pkg/share/my_py_pkg/hook/ament_prefix_path.sh'
[0.772s] INFO:colcon.colcon_core.shell:Skip shell extension 'powershell' for command environment: Not usable outside of PowerShell
[0.772s] DEBUG:colcon.colcon_core.shell:Skip shell extension 'dsv' for command environment
[0.971s] INFO:colcon.colcon_core.task.python.build:Building Python package in '/root/ros2_ws/src/my_sensor_package'
[0.972s] INFO:colcon.colcon_core.shell:Skip shell extension 'powershell' for command environment: Not usable outside of PowerShell
[0.972s] DEBUG:colcon.colcon_core.shell:Skip shell extension 'dsv' for command environment
[0.982s] DEBUG:colcon.colcon_core.event_handler.log_command:Invoking command in '/root/ros2_ws/build/humanoid_description': CMAKE_PREFIX_PATH=${CMAKE_PREFIX_PATH}:/root/ros2_ws/install/my_sensor_package:/root/ros2_ws/install/my_py_pkg:/opt/ros/humble /usr/bin/cmake --build /root/ros2_ws/build/humanoid_description -- -j16 -l16
[1.183s] INFO:colcon.colcon_core.task.python.build:Building Python package in '/root/ros2_ws/src/my_py_pkg'
[1.183s] INFO:colcon.colcon_core.shell:Skip shell extension 'powershell' for command environment: Not usable outside of PowerShell
[1.183s] DEBUG:colcon.colcon_core.shell:Skip shell extension 'dsv' for command environment
[1.653s] DEBUG:colcon.colcon_core.event_handler.log_command:Invoking command in '/root/ros2_ws/build/my_sensor_package': PYTHONPATH=/root/ros2_ws/build/my_sensor_package/prefix_override:/usr/lib/python3/dist-packages/colcon_core/task/python/colcon_distutils_commands:/root/ros2_ws/install/my_sensor_package/lib/python3.10/site-packages:${PYTHONPATH} /usr/bin/python3 -W ignore:setup.py install is deprecated -W ignore:easy_install command is deprecated setup.py develop --editable --build-directory /root/ros2_ws/build/my_sensor_package/build --no-deps symlink_data
[1.654s] DEBUG:colcon.colcon_core.event_handler.log_command:Invoking command in '/root/ros2_ws/build/my_py_pkg': PYTHONPATH=/root/ros2_ws/build/my_py_pkg/prefix_override:/usr/lib/python3/dist-packages/colcon_core/task/python/colcon_distutils_commands:/root/ros2_ws/install/my_py_pkg/lib/python3.10/site-packages:${PYTHONPATH} /usr/bin/python3 -W ignore:setup.py install is deprecated -W ignore:easy_install command is deprecated setup.py develop --editable --build-directory /root/ros2_ws/build/my_py_pkg/build --no-deps symlink_data
[2.003s] Level 1:colcon.colcon_core.shell:create_environment_hook('my_py_pkg', 'pythonpath_develop')
[2.003s] INFO:colcon.colcon_core.shell:Creating environment hook '/root/ros2_ws/build/my_py_pkg/share/my_py_pkg/hook/pythonpath_develop.ps1'
[2.003s] DEBUG:colcon.colcon_core.event_handler.log_command:Invoked command in '/root/ros2_ws/build/my_py_pkg' returned '0': PYTHONPATH=/root/ros2_ws/build/my_py_pkg/prefix_override:/usr/lib/python3/dist-packages/colcon_core/task/python/colcon_distutils_commands:/root/ros2_ws/install/my_py_pkg/lib/python3.10/site-packages:${PYTHONPATH} /usr/bin/python3 -W ignore:setup.py install is deprecated -W ignore:easy_install command is deprecated setup.py develop --editable --build-directory /root/ros2_ws/build/my_py_pkg/build --no-deps symlink_data
[2.004s] INFO:colcon.colcon_core.shell:Creating environment descriptor '/root/ros2_ws/build/my_py_pkg/share/my_py_pkg/hook/pythonpath_develop.dsv'
[2.004s] INFO:colcon.colcon_core.shell:Creating environment hook '/root/ros2_ws/build/my_py_pkg/share/my_py_pkg/hook/pythonpath_develop.sh'
[2.010s] Level 1:colcon.colcon_core.environment:checking '/root/ros2_ws/install/my_py_pkg' for CMake module files
[2.011s] Level 1:colcon.colcon_core.environment:checking '/root/ros2_ws/install/my_py_pkg' for CMake config files
[2.013s] Level 1:colcon.colcon_core.environment:checking '/root/ros2_ws/install/my_py_pkg/lib'
[2.013s] Level 1:colcon.colcon_core.environment:checking '/root/ros2_ws/install/my_py_pkg/bin'
[2.013s] Level 1:colcon.colcon_core.environment:checking '/root/ros2_ws/install/my_py_pkg/lib/pkgconfig/my_py_pkg.pc'
[2.013s] Level 1:colcon.colcon_core.environment:checking '/root/ros2_ws/install/my_py_pkg/lib/python3.10/site-packages'
[2.013s] Level 1:colcon.colcon_core.shell:create_environment_hook('my_py_pkg', 'pythonpath')
[2.013s] INFO:colcon.colcon_core.shell:Creating environment hook '/root/ros2_ws/install/my_py_pkg/share/my_py_pkg/hook/pythonpath.ps1'
[2.014s] INFO:colcon.colcon_core.shell:Creating environment descriptor '/root/ros2_ws/install/my_py_pkg/share/my_py_pkg/hook/pythonpath.dsv'
[2.014s] INFO:colcon.colcon_core.shell:Creating environment hook '/root/ros2_ws/install/my_py_pkg/share/my_py_pkg/hook/pythonpath.sh'
[2.014s] Level 1:colcon.colcon_core.environment:checking '/root/ros2_ws/install/my_py_pkg/bin'
[2.014s] Level 1:colcon.colcon_core.environment:create_environment_scripts_only(my_py_pkg)
[2.015s] INFO:colcon.colcon_core.shell:Creating package script '/root/ros2_ws/install/my_py_pkg/share/my_py_pkg/package.ps1'
[2.015s] INFO:colcon.colcon_core.shell:Creating package descriptor '/root/ros2_ws/install/my_py_pkg/share/my_py_pkg/package.dsv'
[2.016s] INFO:colcon.colcon_core.shell:Creating package script '/root/ros2_ws/install/my_py_pkg/share/my_py_pkg/package.sh'
[2.017s] INFO:colcon.colcon_core.shell:Creating package script '/root/ros2_ws/install/my_py_pkg/share/my_py_pkg/package.bash'
[2.018s] INFO:colcon.colcon_core.shell:Creating package script '/root/ros2_ws/install/my_py_pkg/share/my_py_pkg/package.zsh'
[2.018s] Level 1:colcon.colcon_core.environment:create_file_with_runtime_dependencies(/root/ros2_ws/install/my_py_pkg/share/colcon-core/packages/my_py_pkg)
[2.020s] Level 1:colcon.colcon_core.shell:create_environment_hook('my_sensor_package', 'pythonpath_develop')
[2.020s] INFO:colcon.colcon_core.shell:Creating environment hook '/root/ros2_ws/build/my_sensor_package/share/my_sensor_package/hook/pythonpath_develop.ps1'
[2.020s] DEBUG:colcon.colcon_core.event_handler.log_command:Invoked command in '/root/ros2_ws/build/my_sensor_package' returned '0': PYTHONPATH=/root/ros2_ws/build/my_sensor_package/prefix_override:/usr/lib/python3/dist-packages/colcon_core/task/python/colcon_distutils_commands:/root/ros2_ws/install/my_sensor_package/lib/python3.10/site-packages:${PYTHONPATH} /usr/bin/python3 -W ignore:setup.py install is deprecated -W ignore:easy_install command is deprecated setup.py develop --editable --build-directory /root/ros2_ws/build/my_sensor_package/build --no-deps symlink_data
[2.021s] INFO:colcon.colcon_core.shell:Creating environment descriptor '/root/ros2_ws/build/my_sensor_package/share/my_sensor_package/hook/pythonpath_develop.dsv'
[2.021s] INFO:colcon.colcon_core.shell:Creating environment hook '/root/ros2_ws/build/my_sensor_package/share/my_sensor_package/hook/pythonpath_develop.sh'
[2.022s] Level 1:colcon.colcon_core.environment:checking '/root/ros2_ws/install/my_sensor_package' for CMake module files
[2.022s] Level 1:colcon.colcon_core.environment:checking '/root/ros2_ws/install/my_sensor_package' for CMake config files
[2.024s] Level 1:colcon.colcon_core.environment:checking '/root/ros2_ws/install/my_sensor_package/lib'
[2.024s] Level 1:colcon.colcon_core.environment:checking '/root/ros2_ws/install/my_sensor_package/bin'
[2.024s] Level 1:colcon.colcon_core.environment:checking '/root/ros2_ws/install/my_sensor_package/lib/pkgconfig/my_sensor_package.pc'
[2.024s] Level 1:colcon.colcon_core.environment:checking '/root/ros2_ws/install/my_sensor_package/lib/python3.10/site-packages'
[2.024s] Level 1:colcon.colcon_core.shell:create_environment_hook('my_sensor_package', 'pythonpath')
[2.025s] INFO:colcon.colcon_core.shell:Creating environment hook '/root/ros2_ws/install/my_sensor_package/share/my_sensor_package/hook/pythonpath.ps1'
[2.025s] INFO:colcon.colcon_core.shell:Creating environment descriptor '/root/ros2_ws/install/my_sensor_package/share/my_sensor_package/hook/pythonpath.dsv'
[2.025s] INFO:colcon.colcon_core.shell:Creating environment hook '/root/ros2_ws/install/my_sensor_package/share/my_sensor_package/hook/pythonpath.sh'
[2.026s] Level 1:colcon.colcon_core.environment:checking '/root/ros2_ws/install/my_sensor_package/bin'
[2.026s] Level 1:colcon.colcon_core.environment:create_environment_scripts_only(my_sensor_package)
[2.026s] INFO:colcon.colcon_core.shell:Creating package script '/root/ros2_ws/install/my_sensor_package/share/my_sensor_package/package.ps1'
[2.026s] INFO:colcon.colcon_core.shell:Creating package descriptor '/root/ros2_ws/install/my_sensor_package/share/my_sensor_package/package.dsv'
[2.027s] INFO:colcon.colcon_core.shell:Creating package script '/root/ros2_ws/install/my_sensor_package/share/my_sensor_package/package.sh'
[2.027s] INFO:colcon.colcon_core.shell:Creating package script '/root/ros2_ws/install/my_sensor_package/share/my_sensor_package/package.bash'
[2.027s] INFO:colcon.colcon_core.shell:Creating package script '/root/ros2_ws/install/my_sensor_package/share/my_sensor_package/package.zsh'
[2.028s] Level 1:colcon.colcon_core.environment:create_file_with_runtime_dependencies(/root/ros2_ws/install/my_sensor_package/share/colcon-core/packages/my_sensor_package)
[2.028s] INFO:colcon.colcon_ros.task.ament_cmake.build:Building ROS package in '/root/ros2_ws/src/my_robot_bringup' with build type 'ament_cmake'
[2.028s] INFO:colcon.colcon_cmake.task.cmake.build:Building CMake package in '/root/ros2_ws/src/my_robot_bringup'
[2.028s] INFO:colcon.colcon_core.shell:Skip shell extension 'powershell' for command environment: Not usable outside of PowerShell
[2.028s] DEBUG:colcon.colcon_core.shell:Skip shell extension 'dsv' for command environment
[2.126s] DEBUG:colcon.colcon_core.event_handler.log_command:Invoking command in '/root/ros2_ws/build/my_robot_bringup': AMENT_PREFIX_PATH=/root/ros2_ws/install/my_sensor_package:/root/ros2_ws/install/my_robot_bringup:/root/ros2_ws/install/my_py_pkg:/root/ros2_ws/install/humanoid_description:/opt/ros/humble CMAKE_PREFIX_PATH=${CMAKE_PREFIX_PATH}:/root/ros2_ws/install/my_sensor_package:/root/ros2_ws/install/my_py_pkg:/opt/ros/humble /usr/bin/cmake --build /root/ros2_ws/build/my_robot_bringup -- -j16 -l16
[2.177s] DEBUG:colcon.colcon_core.event_handler.log_command:Invoked command in '/root/ros2_ws/build/my_robot_bringup' returned '0': AMENT_PREFIX_PATH=/root/ros2_ws/install/my_sensor_package:/root/ros2_ws/install/my_robot_bringup:/root/ros2_ws/install/my_py_pkg:/root/ros2_ws/install/humanoid_description:/opt/ros/humble CMAKE_PREFIX_PATH=${CMAKE_PREFIX_PATH}:/root/ros2_ws/install/my_sensor_package:/root/ros2_ws/install/my_py_pkg:/opt/ros/humble /usr/bin/cmake --build /root/ros2_ws/build/my_robot_bringup -- -j16 -l16
[2.189s] DEBUG:colcon.colcon_core.event_handler.log_command:Invoking command in '/root/ros2_ws/build/my_robot_bringup': AMENT_PREFIX_PATH=/root/ros2_ws/install/my_sensor_package:/root/ros2_ws/install/my_robot_bringup:/root/ros2_ws/install/my_py_pkg:/root/ros2_ws/install/humanoid_description:/opt/ros/humble CMAKE_PREFIX_PATH=${CMAKE_PREFIX_PATH}:/root/ros2_ws/install/my_sensor_package:/root/ros2_ws/install/my_py_pkg:/opt/ros/humble /usr/bin/cmake --install /root/ros2_ws/build/my_robot_bringup
[2.215s] Level 1:colcon.colcon_core.environment:create_environment_scripts_only(my_robot_bringup)
[2.215s] Level 1:colcon.colcon_core.environment:checking '/root/ros2_ws/install/my_robot_bringup' for CMake module files
[2.216s] DEBUG:colcon.colcon_core.event_handler.log_command:Invoked command in '/root/ros2_ws/build/my_robot_bringup' returned '0': AMENT_PREFIX_PATH=/root/ros2_ws/install/my_sensor_package:/root/ros2_ws/install/my_robot_bringup:/root/ros2_ws/install/my_py_pkg:/root/ros2_ws/install/humanoid_description:/opt/ros/humble CMAKE_PREFIX_PATH=${CMAKE_PREFIX_PATH}:/root/ros2_ws/install/my_sensor_package:/root/ros2_ws/install/my_py_pkg:/opt/ros/humble /usr/bin/cmake --install /root/ros2_ws/build/my_robot_bringup
[2.216s] Level 1:colcon.colcon_core.environment:checking '/root/ros2_ws/install/my_robot_bringup' for CMake config files
[2.217s] Level 1:colcon.colcon_core.shell:create_environment_hook('my_robot_bringup', 'cmake_prefix_path')
[2.217s] INFO:colcon.colcon_core.shell:Creating environment hook '/root/ros2_ws/install/my_robot_bringup/share/my_robot_bringup/hook/cmake_prefix_path.ps1'
[2.218s] INFO:colcon.colcon_core.shell:Creating environment descriptor '/root/ros2_ws/install/my_robot_bringup/share/my_robot_bringup/hook/cmake_prefix_path.dsv'
[2.218s] INFO:colcon.colcon_core.shell:Creating environment hook '/root/ros2_ws/install/my_robot_bringup/share/my_robot_bringup/hook/cmake_prefix_path.sh'
[2.219s] Level 1:colcon.colcon_core.environment:checking '/root/ros2_ws/install/my_robot_bringup/bin'
[2.219s] Level 1:colcon.colcon_core.environment:checking '/root/ros2_ws/install/my_robot_bringup/lib/pkgconfig/my_robot_bringup.pc'
[2.219s] Level 1:colcon.colcon_core.environment:checking '/root/ros2_ws/install/my_robot_bringup/lib/python3.10/site-packages'
[2.219s] Level 1:colcon.colcon_core.environment:checking '/root/ros2_ws/install/my_robot_bringup/bin'
[2.219s] INFO:colcon.colcon_core.shell:Creating package script '/root/ros2_ws/install/my_robot_bringup/share/my_robot_bringup/package.ps1'
[2.219s] INFO:colcon.colcon_core.shell:Creating package descriptor '/root/ros2_ws/install/my_robot_bringup/share/my_robot_bringup/package.dsv'
[2.220s] INFO:colcon.colcon_core.shell:Creating package script '/root/ros2_ws/install/my_robot_bringup/share/my_robot_bringup/package.sh'
[2.220s] INFO:colcon.colcon_core.shell:Creating package script '/root/ros2_ws/install/my_robot_bringup/share/my_robot_bringup/package.bash'
[2.220s] INFO:colcon.colcon_core.shell:Creating package script '/root/ros2_ws/install/my_robot_bringup/share/my_robot_bringup/package.zsh'
[2.221s] Level 1:colcon.colcon_core.environment:create_file_with_runtime_dependencies(/root/ros2_ws/install/my_robot_bringup/share/colcon-core/packages/my_robot_bringup)
[2.221s] Level 1:colcon.colcon_core.environment:create_environment_scripts_only(my_robot_bringup)
[2.221s] Level 1:colcon.colcon_core.environment:checking '/root/ros2_ws/install/my_robot_bringup' for CMake module files
[2.222s] Level 1:colcon.colcon_core.environment:checking '/root/ros2_ws/install/my_robot_bringup' for CMake config files
[2.222s] Level 1:colcon.colcon_core.shell:create_environment_hook('my_robot_bringup', 'cmake_prefix_path')
[2.222s] INFO:colcon.colcon_core.shell:Creating environment hook '/root/ros2_ws/install/my_robot_bringup/share/my_robot_bringup/hook/cmake_prefix_path.ps1'
[2.222s] INFO:colcon.colcon_core.shell:Creating environment descriptor '/root/ros2_ws/install/my_robot_bringup/share/my_robot_bringup/hook/cmake_prefix_path.dsv'
[2.223s] INFO:colcon.colcon_core.shell:Creating environment hook '/root/ros2_ws/install/my_robot_bringup/share/my_robot_bringup/hook/cmake_prefix_path.sh'
[2.223s] Level 1:colcon.colcon_core.environment:checking '/root/ros2_ws/install/my_robot_bringup/bin'
[2.223s] Level 1:colcon.colcon_core.environment:checking '/root/ros2_ws/install/my_robot_bringup/lib/pkgconfig/my_robot_bringup.pc'
[2.223s] Level 1:colcon.colcon_core.environment:checking '/root/ros2_ws/install/my_robot_bringup/lib/python3.10/site-packages'
[2.224s] Level 1:colcon.colcon_core.environment:checking '/root/ros2_ws/install/my_robot_bringup/bin'
[2.224s] INFO:colcon.colcon_core.shell:Creating package script '/root/ros2_ws/install/my_robot_bringup/share/my_robot_bringup/package.ps1'
[2.224s] INFO:colcon.colcon_core.shell:Creating package descriptor '/root/ros2_ws/install/my_robot_bringup/share/my_robot_bringup/package.dsv'
[2.224s] INFO:colcon.colcon_core.shell:Creating package script '/root/ros2_ws/install/my_robot_bringup/share/my_robot_bringup/package.sh'
[2.225s] INFO:colcon.colcon_core.shell:Creating package script '/root/ros2_ws/install/my_robot_bringup/share/my_robot_bringup/package.bash'
[2.225s] INFO:colcon.colcon_core.shell:Creating package script '/root/ros2_ws/install/my_robot_bringup/share/my_robot_bringup/package.zsh'
[2.225s] Level 1:colcon.colcon_core.environment:create_file_with_runtime_dependencies(/root/ros2_ws/install/my_robot_bringup/share/colcon-core/packages/my_robot_bringup)
[23.921s] DEBUG:colcon.colcon_core.event_handler.log_command:Invoked command in '/root/ros2_ws/build/humanoid_description' returned '0': CMAKE_PREFIX_PATH=${CMAKE_PREFIX_PATH}:/root/ros2_ws/install/my_sensor_package:/root/ros2_ws/install/my_py_pkg:/opt/ros/humble /usr/bin/cmake --build /root/ros2_ws/build/humanoid_description -- -j16 -l16
[23.925s] DEBUG:colcon.colcon_core.event_handler.log_command:Invoking command in '/root/ros2_ws/build/humanoid_description': CMAKE_PREFIX_PATH=${CMAKE_PREFIX_PATH}:/root/ros2_ws/install/my_sensor_package:/root/ros2_ws/install/my_py_pkg:/opt/ros/humble /usr/bin/cmake --install /root/ros2_ws/build/humanoid_description
[23.965s] Level 1:colcon.colcon_core.environment:create_environment_scripts_only(humanoid_description)
[23.965s] Level 1:colcon.colcon_core.environment:checking '/root/ros2_ws/install/humanoid_description' for CMake module files
[23.966s] DEBUG:colcon.colcon_core.event_handler.log_command:Invoked command in '/root/ros2_ws/build/humanoid_description' returned '0': CMAKE_PREFIX_PATH=${CMAKE_PREFIX_PATH}:/root/ros2_ws/install/my_sensor_package:/root/ros2_ws/install/my_py_pkg:/opt/ros/humble /usr/bin/cmake --install /root/ros2_ws/build/humanoid_description
[23.966s] Level 1:colcon.colcon_core.environment:checking '/root/ros2_ws/install/humanoid_description' for CMake config files
[23.968s] Level 1:colcon.colcon_core.shell:create_environment_hook('humanoid_description', 'cmake_prefix_path')
[23.968s] INFO:colcon.colcon_core.shell:Creating environment hook '/root/ros2_ws/install/humanoid_description/share/humanoid_description/hook/cmake_prefix_path.ps1'
[23.969s] INFO:colcon.colcon_core.shell:Creating environment descriptor '/root/ros2_ws/install/humanoid_description/share/humanoid_description/hook/cmake_prefix_path.dsv'
[23.969s] INFO:colcon.colcon_core.shell:Creating environment hook '/root/ros2_ws/install/humanoid_description/share/humanoid_description/hook/cmake_prefix_path.sh'
[23.970s] Level 1:colcon.colcon_core.environment:checking '/root/ros2_ws/install/humanoid_description/bin'
[23.970s] Level 1:colcon.colcon_core.environment:checking '/root/ros2_ws/install/humanoid_description/lib/pkgconfig/humanoid_description.pc'
[23.970s] Level 1:colcon.colcon_core.environment:checking '/root/ros2_ws/install/humanoid_description/lib/python3.10/site-packages'
[23.970s] Level 1:colcon.colcon_core.environment:checking '/root/ros2_ws/install/humanoid_description/bin'
[23.970s] INFO:colcon.colcon_core.shell:Creating package script '/root/ros2_ws/install/humanoid_description/share/humanoid_description/package.ps1'
[23.971s] INFO:colcon.colcon_core.shell:Creating package descriptor '/root/ros2_ws/install/humanoid_description/share/humanoid_description/package.dsv'
[23.971s] INFO:colcon.colcon_core.shell:Creating package script '/root/ros2_ws/install/humanoid_description/share/humanoid_description/package.sh'
[23.971s] INFO:colcon.colcon_core.shell:Creating package script '/root/ros2_ws/install/humanoid_description/share/humanoid_description/package.bash'
[23.972s] INFO:colcon.colcon_core.shell:Creating package script '/root/ros2_ws/install/humanoid_description/share/humanoid_description/package.zsh'
[23.972s] Level 1:colcon.colcon_core.environment:create_file_with_runtime_dependencies(/root/ros2_ws/install/humanoid_description/share/colcon-core/packages/humanoid_description)
[23.972s] Level 1:colcon.colcon_core.environment:create_environment_scripts_only(humanoid_description)
[23.973s] Level 1:colcon.colcon_core.environment:checking '/root/ros2_ws/install/humanoid_description' for CMake module files
[23.973s] Level 1:colcon.colcon_core.environment:checking '/root/ros2_ws/install/humanoid_description' for CMake config files
[23.973s] Level 1:colcon.colcon_core.shell:create_environment_hook('humanoid_description', 'cmake_prefix_path')
[23.973s] INFO:colcon.colcon_core.shell:Creating environment hook '/root/ros2_ws/install/humanoid_description/share/humanoid_description/hook/cmake_prefix_path.ps1'
[23.974s] INFO:colcon.colcon_core.shell:Creating environment descriptor '/root/ros2_ws/install/humanoid_description/share/humanoid_description/hook/cmake_prefix_path.dsv'
[23.974s] INFO:colcon.colcon_core.shell:Creating environment hook '/root/ros2_ws/install/humanoid_description/share/humanoid_description/hook/cmake_prefix_path.sh'
[23.974s] Level 1:colcon.colcon_core.environment:checking '/root/ros2_ws/install/humanoid_description/bin'
[23.974s] Level 1:colcon.colcon_core.environment:checking '/root/ros2_ws/install/humanoid_description/lib/pkgconfig/humanoid_description.pc'
[23.975s] Level 1:colcon.colcon_core.environment:checking '/root/ros2_ws/install/humanoid_description/lib/python3.10/site-packages'
[23.975s] Level 1:colcon.colcon_core.environment:checking '/root/ros2_ws/install/humanoid_description/bin'
[23.975s] INFO:colcon.colcon_core.shell:Creating package script '/root/ros2_ws/install/humanoid_description/share/humanoid_description/package.ps1'
[23.975s] INFO:colcon.colcon_core.shell:Creating package descriptor '/root/ros2_ws/install/humanoid_description/share/humanoid_description/package.dsv'
[23.975s] INFO:colcon.colcon_core.shell:Creating package script '/root/ros2_ws/install/humanoid_description/share/humanoid_description/package.sh'
[23.976s] INFO:colcon.colcon_core.shell:Creating package script '/root/ros2_ws/install/humanoid_description/share/humanoid_description/package.bash'
[23.976s] INFO:colcon.colcon_core.shell:Creating package script '/root/ros2_ws/install/humanoid_description/share/humanoid_description/package.zsh'
[23.976s] Level 1:colcon.colcon_core.environment:create_file_with_runtime_dependencies(/root/ros2_ws/install/humanoid_description/share/colcon-core/packages/humanoid_description)
[23.977s] DEBUG:colcon.colcon_parallel_executor.executor.parallel:closing loop
[23.977s] DEBUG:colcon.colcon_parallel_executor.executor.parallel:loop closed
[23.977s] DEBUG:colcon.colcon_parallel_executor.executor.parallel:run_until_complete finished with '0'
[23.978s] DEBUG:colcon.colcon_core.event_reactor:joining thread
[24.018s] INFO:colcon.colcon_core.plugin_system:Skipping extension 'colcon_notification.desktop_notification.notify_send': Could not find 'notify-send'
[24.018s] INFO:colcon.colcon_core.plugin_system:Skipping extension 'colcon_notification.desktop_notification.terminal_notifier': Not used on non-Darwin systems
[24.018s] INFO:colcon.colcon_core.plugin_system:Skipping extension 'colcon_notification.desktop_notification.win32': Not used on non-Windows systems
[24.018s] INFO:colcon.colcon_notification.desktop_notification:Sending desktop notification using 'notify2'
[24.019s] DEBUG:colcon.colcon_notification.desktop_notification.notify2:Failed to initialize notify2: org.freedesktop.DBus.Error.FileNotFound: Failed to connect to socket /run/user/0/bus: No such file or directory
[24.019s] DEBUG:colcon.colcon_core.event_reactor:joined thread
[24.019s] INFO:colcon.colcon_core.shell:Creating prefix script '/root/ros2_ws/install/local_setup.ps1'
[24.020s] INFO:colcon.colcon_core.shell:Creating prefix util module '/root/ros2_ws/install/_local_setup_util_ps1.py'
[24.021s] INFO:colcon.colcon_core.shell:Creating prefix chain script '/root/ros2_ws/install/setup.ps1'
[24.022s] INFO:colcon.colcon_core.shell:Creating prefix script '/root/ros2_ws/install/local_setup.sh'
[24.023s] INFO:colcon.colcon_core.shell:Creating prefix util module '/root/ros2_ws/install/_local_setup_util_sh.py'
[24.024s] INFO:colcon.colcon_core.shell:Creating prefix chain script '/root/ros2_ws/install/setup.sh'
[24.025s] INFO:colcon.colcon_core.shell:Creating prefix script '/root/ros2_ws/install/local_setup.bash'
[24.026s] INFO:colcon.colcon_core.shell:Creating prefix chain script '/root/ros2_ws/install/setup.bash'
[24.027s] INFO:colcon.colcon_core.shell:Creating prefix script '/root/ros2_ws/install/local_setup.zsh'
[24.028s] INFO:colcon.colcon_core.shell:Creating prefix chain script '/root/ros2_ws/install/setup.zsh'
