[0.210s] Invoking command in '/root/ros2_ws/build/my_robot_bringup': /usr/bin/cmake /root/ros2_ws/src/my_robot_bringup -DCMAKE_INSTALL_PREFIX=/root/ros2_ws/install/my_robot_bringup
[0.220s] -- Found ament_cmake: 1.3.11 (/opt/ros/humble/share/ament_cmake/cmake)
[0.373s] Error parsing '/root/ros2_ws/src/my_robot_bringup/package.xml':
[0.411s] Traceback (most recent call last):
[0.412s]   File "/usr/lib/python3/dist-packages/catkin_pkg/package.py", line 610, in parse_package_string
[0.412s]     root = dom.parseString(data)
[0.412s]   File "/usr/lib/python3.10/xml/dom/minidom.py", line 2000, in parseString
[0.412s]     return expatbuilder.parseString(string)
[0.412s]   File "/usr/lib/python3.10/xml/dom/expatbuilder.py", line 925, in parseString
[0.412s]     return builder.parseString(string)
[0.412s]   File "/usr/lib/python3.10/xml/dom/expatbuilder.py", line 223, in parseString
[0.412s]     parser.Parse(string, True)
[0.412s] xml.parsers.expat.ExpatError: mismatched tag: line 21, column 2
[0.412s] 
[0.412s] During handling of the above exception, another exception occurred:
[0.413s] 
[0.413s] Traceback (most recent call last):
[0.413s]   File "/opt/ros/humble/share/ament_cmake_core/cmake/core/package_xml_2_cmake.py", line 150, in <module>
[0.413s]     main()
[0.413s]   File "/opt/ros/humble/share/ament_cmake_core/cmake/core/package_xml_2_cmake.py", line 53, in main
[0.413s]     raise e
[0.413s]   File "/opt/ros/humble/share/ament_cmake_core/cmake/core/package_xml_2_cmake.py", line 49, in main
[0.413s]     package = parse_package_string(
[0.413s]   File "/usr/lib/python3/dist-packages/catkin_pkg/package.py", line 612, in parse_package_string
[0.413s]     raise InvalidPackage('The manifest contains invalid XML:\n%s' % ex, filename)
[0.413s] catkin_pkg.package.InvalidPackage: Error(s) in package '/root/ros2_ws/src/my_robot_bringup/package.xml':
[0.413s] The manifest contains invalid XML:
[0.413s] mismatched tag: line 21, column 2
[0.428s] [31mCMake Error at /opt/ros/humble/share/ament_cmake_core/cmake/core/ament_package_xml.cmake:95 (message):
[0.428s]   execute_process(/usr/bin/python3
[0.428s]   /opt/ros/humble/share/ament_cmake_core/cmake/core/package_xml_2_cmake.py
[0.428s]   /root/ros2_ws/src/my_robot_bringup/package.xml
[0.428s]   /root/ros2_ws/build/my_robot_bringup/ament_cmake_core/package.cmake)
[0.428s]   returned error code 1
[0.428s] Call Stack (most recent call first):
[0.428s]   /opt/ros/humble/share/ament_cmake_core/cmake/core/ament_package_xml.cmake:49 (_ament_package_xml)
[0.428s]   /opt/ros/humble/share/ament_cmake_core/cmake/core/ament_package.cmake:63 (ament_package_xml)
[0.428s]   CMakeLists.txt:15 (ament_package)
[0.428s] 
[0.429s] [0m
[0.429s] -- Configuring incomplete, errors occurred!
[0.429s] See also "/root/ros2_ws/build/my_robot_bringup/CMakeFiles/CMakeOutput.log".
[0.432s] Invoked command in '/root/ros2_ws/build/my_robot_bringup' returned '1': /usr/bin/cmake /root/ros2_ws/src/my_robot_bringup -DCMAKE_INSTALL_PREFIX=/root/ros2_ws/install/my_robot_bringup
