[0.194s] Invoking command in '/root/ros2_ws/build/humanoid_description': CMAKE_PREFIX_PATH=${CMAKE_PREFIX_PATH}:/root/ros2_ws/install/my_sensor_package:/root/ros2_ws/install/my_py_pkg:/opt/ros/humble /usr/bin/cmake /root/ros2_ws/src/humanoid_description -DAMENT_CMAKE_SYMLINK_INSTALL=1 -DCMAKE_INSTALL_PREFIX=/root/ros2_ws/install/humanoid_description
[0.234s] -- Found ament_cmake: 1.3.11 (/opt/ros/humble/share/ament_cmake/cmake)
[0.346s] -- Override CMake install command with custom implementation using symlinks instead of copying resources
[0.363s] -- Found urdf: 2.6.1 (/opt/ros/humble/share/urdf/cmake)
[1.341s] -- Found xacro: 2.0.13 (/opt/ros/humble/share/xacro/cmake)
[1.342s] -- Found ament_lint_auto: 0.12.12 (/opt/ros/humble/share/ament_lint_auto/cmake)
[1.403s] -- Added test 'lint_cmake' to check CMake code style
[1.404s] -- Added test 'xmllint' to check XML markup files
[1.406s] -- Configuring done
[1.412s] -- Generating done
[1.413s] -- Build files have been written to: /root/ros2_ws/build/humanoid_description
[1.429s] Invoked command in '/root/ros2_ws/build/humanoid_description' returned '0': CMAKE_PREFIX_PATH=${CMAKE_PREFIX_PATH}:/root/ros2_ws/install/my_sensor_package:/root/ros2_ws/install/my_py_pkg:/opt/ros/humble /usr/bin/cmake /root/ros2_ws/src/humanoid_description -DAMENT_CMAKE_SYMLINK_INSTALL=1 -DCMAKE_INSTALL_PREFIX=/root/ros2_ws/install/humanoid_description
[1.430s] Invoking command in '/root/ros2_ws/build/humanoid_description': CMAKE_PREFIX_PATH=${CMAKE_PREFIX_PATH}:/root/ros2_ws/install/my_sensor_package:/root/ros2_ws/install/my_py_pkg:/opt/ros/humble /usr/bin/cmake --build /root/ros2_ws/build/humanoid_description -- -j16 -l16
[1.465s] Invoked command in '/root/ros2_ws/build/humanoid_description' returned '0': CMAKE_PREFIX_PATH=${CMAKE_PREFIX_PATH}:/root/ros2_ws/install/my_sensor_package:/root/ros2_ws/install/my_py_pkg:/opt/ros/humble /usr/bin/cmake --build /root/ros2_ws/build/humanoid_description -- -j16 -l16
[1.467s] Invoking command in '/root/ros2_ws/build/humanoid_description': CMAKE_PREFIX_PATH=${CMAKE_PREFIX_PATH}:/root/ros2_ws/install/my_sensor_package:/root/ros2_ws/install/my_py_pkg:/opt/ros/humble /usr/bin/cmake --install /root/ros2_ws/build/humanoid_description
[1.474s] -- Install configuration: ""
[1.474s] -- Execute custom install script
[1.474s] -- Symlinking: /root/ros2_ws/install/humanoid_description/share/humanoid_description/urdf/humanoid.urdf.xacro
[1.484s] -- Symlinking: /root/ros2_ws/install/humanoid_description/share/ament_index/resource_index/package_run_dependencies/humanoid_description
[1.493s] -- Symlinking: /root/ros2_ws/install/humanoid_description/share/ament_index/resource_index/parent_prefix_path/humanoid_description
[1.503s] -- Symlinking: /root/ros2_ws/install/humanoid_description/share/humanoid_description/environment/ament_prefix_path.sh
[1.512s] -- Symlinking: /root/ros2_ws/install/humanoid_description/share/humanoid_description/environment/ament_prefix_path.dsv
[1.520s] -- Symlinking: /root/ros2_ws/install/humanoid_description/share/humanoid_description/environment/path.sh
[1.529s] -- Symlinking: /root/ros2_ws/install/humanoid_description/share/humanoid_description/environment/path.dsv
[1.537s] -- Symlinking: /root/ros2_ws/install/humanoid_description/share/humanoid_description/local_setup.bash
[1.546s] -- Symlinking: /root/ros2_ws/install/humanoid_description/share/humanoid_description/local_setup.sh
[1.555s] -- Symlinking: /root/ros2_ws/install/humanoid_description/share/humanoid_description/local_setup.zsh
[1.563s] -- Symlinking: /root/ros2_ws/install/humanoid_description/share/humanoid_description/local_setup.dsv
[1.572s] -- Symlinking: /root/ros2_ws/install/humanoid_description/share/humanoid_description/package.dsv
[1.580s] -- Symlinking: /root/ros2_ws/install/humanoid_description/share/ament_index/resource_index/packages/humanoid_description
[1.589s] -- Symlinking: /root/ros2_ws/install/humanoid_description/share/humanoid_description/cmake/humanoid_descriptionConfig.cmake
[1.599s] -- Symlinking: /root/ros2_ws/install/humanoid_description/share/humanoid_description/cmake/humanoid_descriptionConfig-version.cmake
[1.608s] -- Symlinking: /root/ros2_ws/install/humanoid_description/share/humanoid_description/package.xml
[1.619s] Invoked command in '/root/ros2_ws/build/humanoid_description' returned '0': CMAKE_PREFIX_PATH=${CMAKE_PREFIX_PATH}:/root/ros2_ws/install/my_sensor_package:/root/ros2_ws/install/my_py_pkg:/opt/ros/humble /usr/bin/cmake --install /root/ros2_ws/build/humanoid_description
