[0.224s] Invoking command in '/root/ros2_ws/build/humanoid_description': CMAKE_PREFIX_PATH=${CMAKE_PREFIX_PATH}:/root/ros2_ws/install/my_sensor_package:/root/ros2_ws/install/my_py_pkg:/opt/ros/humble /usr/bin/cmake /root/ros2_ws/src/humanoid_description -DCMAKE_INSTALL_PREFIX=/root/ros2_ws/install/humanoid_description
[0.258s] -- Found ament_cmake: 1.3.11 (/opt/ros/humble/share/ament_cmake/cmake)
[0.384s] -- Override CMake install command with custom implementation using symlinks instead of copying resources
[0.407s] -- Found urdf: 2.6.1 (/opt/ros/humble/share/urdf/cmake)
[1.560s] -- Found xacro: 2.0.13 (/opt/ros/humble/share/xacro/cmake)
[1.560s] -- Found gazebo_ros: 3.9.0 (/opt/ros/humble/share/gazebo_ros/cmake)
[1.597s] -- Found rosidl_generator_c: 3.1.6 (/opt/ros/humble/share/rosidl_generator_c/cmake)
[1.601s] -- Found rosidl_adapter: 3.1.6 (/opt/ros/humble/share/rosidl_adapter/cmake)
[1.611s] -- Found rosidl_generator_cpp: 3.1.6 (/opt/ros/humble/share/rosidl_generator_cpp/cmake)
[1.624s] -- Using all available rosidl_typesupport_c: rosidl_typesupport_fastrtps_c;rosidl_typesupport_introspection_c
[1.637s] -- Using all available rosidl_typesupport_cpp: rosidl_typesupport_fastrtps_cpp;rosidl_typesupport_introspection_cpp
[1.684s] -- Found rmw_implementation_cmake: 6.1.2 (/opt/ros/humble/share/rmw_implementation_cmake/cmake)
[1.687s] -- Found rmw_fastrtps_cpp: 6.2.7 (/opt/ros/humble/share/rmw_fastrtps_cpp/cmake)
[1.716s] -- Found TinyXML2 via Config file: TinyXML2_DIR-NOTFOUND
[1.728s] -- Found TinyXML2 via Config file: TinyXML2_DIR-NOTFOUND
[1.802s] -- Found TinyXML2 via Config file: TinyXML2_DIR-NOTFOUND
[1.811s] -- Found TinyXML2 via Config file: TinyXML2_DIR-NOTFOUND
[1.880s] -- Using RMW implementation 'rmw_fastrtps_cpp' as default
[1.987s] -- Found DART: /usr/include (Required is at least version "6.6") found components: dart 
[2.029s] -- Found Protobuf: /usr/lib/x86_64-linux-gnu/libprotobuf.so (found version "3.12.4") 
[2.031s] -- Looking for ignition-math6 -- found version 6.15.1
[2.039s] -- Searching for dependencies of ignition-math6
[2.041s] -- Looking for OGRE...
[2.048s] -- Found Ogre Ghadamon (1.9.0)
[2.048s] -- Found OGRE: optimized;/usr/lib/x86_64-linux-gnu/libOgreMain.so;debug;/usr/lib/x86_64-linux-gnu/libOgreMain.so
[2.056s] -- Looking for OGRE_Paging...
[2.056s] -- Found OGRE_Paging: optimized;/usr/lib/x86_64-linux-gnu/libOgrePaging.so;debug;/usr/lib/x86_64-linux-gnu/libOgrePaging.so
[2.056s] -- Looking for OGRE_Terrain...
[2.057s] -- Found OGRE_Terrain: optimized;/usr/lib/x86_64-linux-gnu/libOgreTerrain.so;debug;/usr/lib/x86_64-linux-gnu/libOgreTerrain.so
[2.057s] -- Looking for OGRE_Property...
[2.057s] -- Found OGRE_Property: optimized;/usr/lib/x86_64-linux-gnu/libOgreProperty.so;debug;/usr/lib/x86_64-linux-gnu/libOgreProperty.so
[2.057s] -- Looking for OGRE_RTShaderSystem...
[2.057s] -- Found OGRE_RTShaderSystem: optimized;/usr/lib/x86_64-linux-gnu/libOgreRTShaderSystem.so;debug;/usr/lib/x86_64-linux-gnu/libOgreRTShaderSystem.so
[2.057s] -- Looking for OGRE_Volume...
[2.057s] -- Found OGRE_Volume: optimized;/usr/lib/x86_64-linux-gnu/libOgreVolume.so;debug;/usr/lib/x86_64-linux-gnu/libOgreVolume.so
[2.057s] -- Looking for OGRE_Overlay...
[2.057s] -- Found OGRE_Overlay: optimized;/usr/lib/x86_64-linux-gnu/libOgreOverlay.so;debug;/usr/lib/x86_64-linux-gnu/libOgreOverlay.so
[15.952s] -- Looking for ignition-math6 -- found version 6.15.1
[15.953s] -- Looking for ignition-transport8 -- found version 8.2.1
[15.953s] -- Searching for dependencies of ignition-transport8
[16.888s] -- Found Protobuf: /usr/lib/x86_64-linux-gnu/libprotobuf.so (found suitable version "3.12.4", minimum required is "3") 
[17.786s] -- Config-file not installed for ZeroMQ -- checking for pkg-config
[17.792s] -- Checking for module 'libzmq >= 4'
[17.811s] --   Found libzmq , version 4.3.4
[17.860s] -- Checking for module 'uuid'
[17.877s] --   Found uuid, version 2.37.2
[17.916s] -- Looking for ignition-msgs5 -- found version 5.8.1
[17.916s] -- Searching for dependencies of ignition-msgs5
[18.814s] -- Looking for ignition-math6 -- found version 6.15.1
[18.823s] -- Looking for ignition-msgs5 -- found version 5.8.1
[18.824s] -- Looking for ignition-common3 -- found version 3.14.0
[18.824s] -- Searching for dependencies of ignition-common3
[18.824s] -- Looking for dlfcn.h - found
[18.824s] -- Looking for libdl - found
[18.887s] -- Searching for <ignition-common3> component [graphics]
[18.888s] -- Looking for ignition-common3-graphics -- found version 3.14.0
[18.888s] -- Searching for dependencies of ignition-common3-graphics
[18.888s] -- Looking for ignition-math6 -- found version 6.15.1
[18.890s] -- Looking for ignition-fuel_tools4 -- found version 4.4.0
[18.891s] -- Searching for dependencies of ignition-fuel_tools4
[19.909s] -- Checking for module 'jsoncpp'
[19.924s] --   Found jsoncpp, version 1.9.5
[19.969s] -- Checking for module 'libzip'
[19.986s] --   Found libzip, version 1.7.3
[20.023s] -- Looking for ignition-common3 -- found version 3.14.0
[20.023s] -- Looking for ignition-math6 -- found version 6.15.1
[20.024s] -- Looking for ignition-msgs5 -- found version 5.8.1
[20.027s] -- Gazebo version: 11.10
[20.029s] -- Found gazebo_msgs: 3.9.0 (/opt/ros/humble/share/gazebo_msgs/cmake)
[20.081s] -- Found ament_lint_auto: 0.12.12 (/opt/ros/humble/share/ament_lint_auto/cmake)
[20.147s] -- Added test 'flake8' to check Python code syntax and style conventions
[20.147s] -- Added test 'lint_cmake' to check CMake code style
[20.148s] -- Added test 'pep257' to check Python code against some of the docstring style conventions in PEP 257
[20.150s] -- Added test 'xmllint' to check XML markup files
[20.152s] -- Configuring done
[20.162s] -- Generating done
[20.165s] -- Build files have been written to: /root/ros2_ws/build/humanoid_description
[20.178s] Invoked command in '/root/ros2_ws/build/humanoid_description' returned '0': CMAKE_PREFIX_PATH=${CMAKE_PREFIX_PATH}:/root/ros2_ws/install/my_sensor_package:/root/ros2_ws/install/my_py_pkg:/opt/ros/humble /usr/bin/cmake /root/ros2_ws/src/humanoid_description -DCMAKE_INSTALL_PREFIX=/root/ros2_ws/install/humanoid_description
[20.180s] Invoking command in '/root/ros2_ws/build/humanoid_description': CMAKE_PREFIX_PATH=${CMAKE_PREFIX_PATH}:/root/ros2_ws/install/my_sensor_package:/root/ros2_ws/install/my_py_pkg:/opt/ros/humble /usr/bin/cmake --build /root/ros2_ws/build/humanoid_description -- -j16 -l16
[20.227s] Invoked command in '/root/ros2_ws/build/humanoid_description' returned '0': CMAKE_PREFIX_PATH=${CMAKE_PREFIX_PATH}:/root/ros2_ws/install/my_sensor_package:/root/ros2_ws/install/my_py_pkg:/opt/ros/humble /usr/bin/cmake --build /root/ros2_ws/build/humanoid_description -- -j16 -l16
[20.229s] Invoking command in '/root/ros2_ws/build/humanoid_description': CMAKE_PREFIX_PATH=${CMAKE_PREFIX_PATH}:/root/ros2_ws/install/my_sensor_package:/root/ros2_ws/install/my_py_pkg:/opt/ros/humble /usr/bin/cmake --install /root/ros2_ws/build/humanoid_description
[20.237s] -- Install configuration: ""
[20.238s] -- Execute custom install script
[20.238s] -- Up-to-date symlink: /root/ros2_ws/install/humanoid_description/share/humanoid_description/launch/gazebo.launch.py
[20.238s] -- Up-to-date symlink: /root/ros2_ws/install/humanoid_description/share/humanoid_description/urdf/humanoid.urdf.xacro
[20.238s] -- Up-to-date symlink: /root/ros2_ws/install/humanoid_description/share/ament_index/resource_index/package_run_dependencies/humanoid_description
[20.239s] -- Up-to-date symlink: /root/ros2_ws/install/humanoid_description/share/ament_index/resource_index/parent_prefix_path/humanoid_description
[20.239s] -- Up-to-date symlink: /root/ros2_ws/install/humanoid_description/share/humanoid_description/environment/ament_prefix_path.sh
[20.239s] -- Up-to-date symlink: /root/ros2_ws/install/humanoid_description/share/humanoid_description/environment/ament_prefix_path.dsv
[20.239s] -- Up-to-date symlink: /root/ros2_ws/install/humanoid_description/share/humanoid_description/environment/path.sh
[20.240s] -- Up-to-date symlink: /root/ros2_ws/install/humanoid_description/share/humanoid_description/environment/path.dsv
[20.240s] -- Up-to-date symlink: /root/ros2_ws/install/humanoid_description/share/humanoid_description/local_setup.bash
[20.240s] -- Up-to-date symlink: /root/ros2_ws/install/humanoid_description/share/humanoid_description/local_setup.sh
[20.240s] -- Up-to-date symlink: /root/ros2_ws/install/humanoid_description/share/humanoid_description/local_setup.zsh
[20.240s] -- Up-to-date symlink: /root/ros2_ws/install/humanoid_description/share/humanoid_description/local_setup.dsv
[20.240s] -- Symlinking: /root/ros2_ws/install/humanoid_description/share/humanoid_description/package.dsv
[20.251s] -- Up-to-date symlink: /root/ros2_ws/install/humanoid_description/share/ament_index/resource_index/packages/humanoid_description
[20.252s] -- Up-to-date symlink: /root/ros2_ws/install/humanoid_description/share/humanoid_description/cmake/humanoid_descriptionConfig.cmake
[20.252s] -- Up-to-date symlink: /root/ros2_ws/install/humanoid_description/share/humanoid_description/cmake/humanoid_descriptionConfig-version.cmake
[20.252s] -- Up-to-date symlink: /root/ros2_ws/install/humanoid_description/share/humanoid_description/package.xml
[20.254s] Invoked command in '/root/ros2_ws/build/humanoid_description' returned '0': CMAKE_PREFIX_PATH=${CMAKE_PREFIX_PATH}:/root/ros2_ws/install/my_sensor_package:/root/ros2_ws/install/my_py_pkg:/opt/ros/humble /usr/bin/cmake --install /root/ros2_ws/build/humanoid_description
