[0.677s] Invoking command in '/root/ros2_ws/build/my_sensor_package': PYTHONPATH=/root/ros2_ws/build/my_sensor_package/prefix_override:/usr/lib/python3/dist-packages/colcon_core/task/python/colcon_distutils_commands:/root/ros2_ws/install/my_sensor_package/lib/python3.10/site-packages:${PYTHONPATH} /usr/bin/python3 -W ignore:setup.py install is deprecated -W ignore:easy_install command is deprecated setup.py develop --editable --build-directory /root/ros2_ws/build/my_sensor_package/build --no-deps symlink_data --force
[0.867s] running develop
[0.977s] running egg_info
[0.977s] writing my_sensor_package.egg-info/PKG-INFO
[0.978s] writing dependency_links to my_sensor_package.egg-info/dependency_links.txt
[0.978s] writing entry points to my_sensor_package.egg-info/entry_points.txt
[0.978s] writing requirements to my_sensor_package.egg-info/requires.txt
[0.978s] writing top-level names to my_sensor_package.egg-info/top_level.txt
[0.980s] reading manifest file 'my_sensor_package.egg-info/SOURCES.txt'
[0.981s] writing manifest file 'my_sensor_package.egg-info/SOURCES.txt'
[0.982s] running build_ext
[0.982s] Creating /root/ros2_ws/install/my_sensor_package/lib/python3.10/site-packages/my-sensor-package.egg-link (link to .)
[0.983s] Installing sensor_publisher_node script to /root/ros2_ws/install/my_sensor_package/lib/my_sensor_package
[0.983s] Installing sensor_subscriber_node script to /root/ros2_ws/install/my_sensor_package/lib/my_sensor_package
[0.984s] 
[0.984s] Installed /root/ros2_ws/build/my_sensor_package
[0.984s] running symlink_data
[0.984s] symbolically linking /root/ros2_ws/build/my_sensor_package/resource/my_sensor_package -> /root/ros2_ws/install/my_sensor_package/share/ament_index/resource_index/packages
[0.985s] symbolically linking /root/ros2_ws/build/my_sensor_package/package.xml -> /root/ros2_ws/install/my_sensor_package/share/my_sensor_package
[0.985s] symbolically linking /root/ros2_ws/build/my_sensor_package/launch/sensor.launch.py -> /root/ros2_ws/install/my_sensor_package/share/my_sensor_package/launch
[1.030s] Invoked command in '/root/ros2_ws/build/my_sensor_package' returned '0': PYTHONPATH=/root/ros2_ws/build/my_sensor_package/prefix_override:/usr/lib/python3/dist-packages/colcon_core/task/python/colcon_distutils_commands:/root/ros2_ws/install/my_sensor_package/lib/python3.10/site-packages:${PYTHONPATH} /usr/bin/python3 -W ignore:setup.py install is deprecated -W ignore:easy_install command is deprecated setup.py develop --editable --build-directory /root/ros2_ws/build/my_sensor_package/build --no-deps symlink_data --force
