[0.242s] Invoking command in '/root/ros2_ws/build/humanoid_description': CMAKE_PREFIX_PATH=${CMAKE_PREFIX_PATH}:/root/ros2_ws/install/humanoid_final_control:/root/ros2_ws/install/rviz_slider_test:/root/ros2_ws/install/simple_control_test:/root/ros2_ws/install/ros2_controllers_test_nodes:/root/ros2_ws/install/my_sensor_package:/root/ros2_ws/install/my_py_pkg:/root/ros2_ws/install/humanoid_perception:/root/ros2_ws/src/install/my_sensor_package:/root/ros2_ws/src/install/my_py_pkg:/root/ros2_ws/src/install/humanoid_perception:/root/ros2_ws/src/install/force_test:/opt/ros/humble /usr/bin/cmake --build /root/ros2_ws/build/humanoid_description -- -j16 -l16
[0.860s] Invoked command in '/root/ros2_ws/build/humanoid_description' returned '0': CMAKE_PREFIX_PATH=${CMAKE_PREFIX_PATH}:/root/ros2_ws/install/humanoid_final_control:/root/ros2_ws/install/rviz_slider_test:/root/ros2_ws/install/simple_control_test:/root/ros2_ws/install/ros2_controllers_test_nodes:/root/ros2_ws/install/my_sensor_package:/root/ros2_ws/install/my_py_pkg:/root/ros2_ws/install/humanoid_perception:/root/ros2_ws/src/install/my_sensor_package:/root/ros2_ws/src/install/my_py_pkg:/root/ros2_ws/src/install/humanoid_perception:/root/ros2_ws/src/install/force_test:/opt/ros/humble /usr/bin/cmake --build /root/ros2_ws/build/humanoid_description -- -j16 -l16
[0.871s] Invoking command in '/root/ros2_ws/build/humanoid_description': CMAKE_PREFIX_PATH=${CMAKE_PREFIX_PATH}:/root/ros2_ws/install/humanoid_final_control:/root/ros2_ws/install/rviz_slider_test:/root/ros2_ws/install/simple_control_test:/root/ros2_ws/install/ros2_controllers_test_nodes:/root/ros2_ws/install/my_sensor_package:/root/ros2_ws/install/my_py_pkg:/root/ros2_ws/install/humanoid_perception:/root/ros2_ws/src/install/my_sensor_package:/root/ros2_ws/src/install/my_py_pkg:/root/ros2_ws/src/install/humanoid_perception:/root/ros2_ws/src/install/force_test:/opt/ros/humble /usr/bin/cmake --install /root/ros2_ws/build/humanoid_description
[1.076s] -- Install configuration: ""
[1.076s] -- Execute custom install script
[1.077s] -- Up-to-date symlink: /root/ros2_ws/install/humanoid_description/share/humanoid_description/launch/spawn_humanoid.launch.py
[1.077s] -- Up-to-date symlink: /root/ros2_ws/install/humanoid_description/share/humanoid_description/launch/view_humanoid.launch.py
[1.077s] -- Up-to-date symlink: /root/ros2_ws/install/humanoid_description/share/humanoid_description/urdf/humanoid.urdf.xacro
[1.077s] -- Up-to-date symlink: /root/ros2_ws/install/humanoid_description/share/ament_index/resource_index/package_run_dependencies/humanoid_description
[1.077s] -- Up-to-date symlink: /root/ros2_ws/install/humanoid_description/share/ament_index/resource_index/parent_prefix_path/humanoid_description
[1.077s] -- Up-to-date symlink: /root/ros2_ws/install/humanoid_description/share/humanoid_description/environment/ament_prefix_path.sh
[1.077s] -- Up-to-date symlink: /root/ros2_ws/install/humanoid_description/share/humanoid_description/environment/ament_prefix_path.dsv
[1.077s] -- Up-to-date symlink: /root/ros2_ws/install/humanoid_description/share/humanoid_description/environment/path.sh
[1.078s] -- Up-to-date symlink: /root/ros2_ws/install/humanoid_description/share/humanoid_description/environment/path.dsv
[1.078s] -- Up-to-date symlink: /root/ros2_ws/install/humanoid_description/share/humanoid_description/local_setup.bash
[1.078s] -- Up-to-date symlink: /root/ros2_ws/install/humanoid_description/share/humanoid_description/local_setup.sh
[1.078s] -- Up-to-date symlink: /root/ros2_ws/install/humanoid_description/share/humanoid_description/local_setup.zsh
[1.078s] -- Up-to-date symlink: /root/ros2_ws/install/humanoid_description/share/humanoid_description/local_setup.dsv
[1.079s] -- Symlinking: /root/ros2_ws/install/humanoid_description/share/humanoid_description/package.dsv
[1.079s] -- Up-to-date symlink: /root/ros2_ws/install/humanoid_description/share/ament_index/resource_index/packages/humanoid_description
[1.079s] -- Up-to-date symlink: /root/ros2_ws/install/humanoid_description/share/humanoid_description/cmake/humanoid_descriptionConfig.cmake
[1.079s] -- Up-to-date symlink: /root/ros2_ws/install/humanoid_description/share/humanoid_description/cmake/humanoid_descriptionConfig-version.cmake
[1.079s] -- Up-to-date symlink: /root/ros2_ws/install/humanoid_description/share/humanoid_description/package.xml
[1.087s] Invoked command in '/root/ros2_ws/build/humanoid_description' returned '0': CMAKE_PREFIX_PATH=${CMAKE_PREFIX_PATH}:/root/ros2_ws/install/humanoid_final_control:/root/ros2_ws/install/rviz_slider_test:/root/ros2_ws/install/simple_control_test:/root/ros2_ws/install/ros2_controllers_test_nodes:/root/ros2_ws/install/my_sensor_package:/root/ros2_ws/install/my_py_pkg:/root/ros2_ws/install/humanoid_perception:/root/ros2_ws/src/install/my_sensor_package:/root/ros2_ws/src/install/my_py_pkg:/root/ros2_ws/src/install/humanoid_perception:/root/ros2_ws/src/install/force_test:/opt/ros/humble /usr/bin/cmake --install /root/ros2_ws/build/humanoid_description
