[1.367s] Invoking command in '/root/ros2_ws/src/humanoid_final_control': PYTHONPATH=/root/ros2_ws/build/humanoid_final_control/prefix_override:/usr/lib/python3/dist-packages/colcon_core/task/python/colcon_distutils_commands:/root/ros2_ws/install/humanoid_final_control/lib/python3.10/site-packages:${PYTHONPATH} /usr/bin/python3 -W ignore:setup.py install is deprecated -W ignore:easy_install command is deprecated setup.py egg_info --egg-base ../../build/humanoid_final_control build --build-base /root/ros2_ws/build/humanoid_final_control/build install --record /root/ros2_ws/build/humanoid_final_control/install.log --single-version-externally-managed install_data
[1.547s] running egg_info
[1.547s] writing ../../build/humanoid_final_control/humanoid_final_control.egg-info/PKG-INFO
[1.547s] writing dependency_links to ../../build/humanoid_final_control/humanoid_final_control.egg-info/dependency_links.txt
[1.548s] writing entry points to ../../build/humanoid_final_control/humanoid_final_control.egg-info/entry_points.txt
[1.548s] writing requirements to ../../build/humanoid_final_control/humanoid_final_control.egg-info/requires.txt
[1.548s] writing top-level names to ../../build/humanoid_final_control/humanoid_final_control.egg-info/top_level.txt
[1.549s] reading manifest file '../../build/humanoid_final_control/humanoid_final_control.egg-info/SOURCES.txt'
[1.550s] writing manifest file '../../build/humanoid_final_control/humanoid_final_control.egg-info/SOURCES.txt'
[1.550s] running build
[1.550s] running build_py
[1.550s] copying humanoid_final_control/rviz_motion_controller.py -> /root/ros2_ws/build/humanoid_final_control/build/lib/humanoid_final_control
[1.550s] running install
[1.551s] running install_lib
[1.551s] copying /root/ros2_ws/build/humanoid_final_control/build/lib/humanoid_final_control/rviz_motion_controller.py -> /root/ros2_ws/install/humanoid_final_control/lib/python3.10/site-packages/humanoid_final_control
[1.552s] byte-compiling /root/ros2_ws/install/humanoid_final_control/lib/python3.10/site-packages/humanoid_final_control/rviz_motion_controller.py to rviz_motion_controller.cpython-310.pyc
[1.553s] running install_data
[1.553s] running install_egg_info
[1.554s] removing '/root/ros2_ws/install/humanoid_final_control/lib/python3.10/site-packages/humanoid_final_control-0.0.0-py3.10.egg-info' (and everything under it)
[1.555s] Copying ../../build/humanoid_final_control/humanoid_final_control.egg-info to /root/ros2_ws/install/humanoid_final_control/lib/python3.10/site-packages/humanoid_final_control-0.0.0-py3.10.egg-info
[1.556s] running install_scripts
[1.574s] Installing rviz_motion_controller script to /root/ros2_ws/install/humanoid_final_control/lib/humanoid_final_control
[1.574s] writing list of installed files to '/root/ros2_ws/build/humanoid_final_control/install.log'
[1.601s] Invoked command in '/root/ros2_ws/src/humanoid_final_control' returned '0': PYTHONPATH=/root/ros2_ws/build/humanoid_final_control/prefix_override:/usr/lib/python3/dist-packages/colcon_core/task/python/colcon_distutils_commands:/root/ros2_ws/install/humanoid_final_control/lib/python3.10/site-packages:${PYTHONPATH} /usr/bin/python3 -W ignore:setup.py install is deprecated -W ignore:easy_install command is deprecated setup.py egg_info --egg-base ../../build/humanoid_final_control build --build-base /root/ros2_ws/build/humanoid_final_control/build install --record /root/ros2_ws/build/humanoid_final_control/install.log --single-version-externally-managed install_data
