[0.992s] Invoking command in '/root/ros2_ws/build/humanoid_perception': PYTHONPATH=/root/ros2_ws/build/humanoid_perception/prefix_override:/usr/lib/python3/dist-packages/colcon_core/task/python/colcon_distutils_commands:/root/ros2_ws/install/humanoid_perception/lib/python3.10/site-packages:${PYTHONPATH} /usr/bin/python3 -W ignore:setup.py install is deprecated -W ignore:easy_install command is deprecated setup.py develop --editable --build-directory /root/ros2_ws/build/humanoid_perception/build --no-deps symlink_data
[1.178s] running develop
[1.288s] running egg_info
[1.288s] creating humanoid_perception.egg-info
[1.288s] writing humanoid_perception.egg-info/PKG-INFO
[1.289s] writing dependency_links to humanoid_perception.egg-info/dependency_links.txt
[1.289s] writing entry points to humanoid_perception.egg-info/entry_points.txt
[1.289s] writing requirements to humanoid_perception.egg-info/requires.txt
[1.289s] writing top-level names to humanoid_perception.egg-info/top_level.txt
[1.290s] writing manifest file 'humanoid_perception.egg-info/SOURCES.txt'
[1.291s] reading manifest file 'humanoid_perception.egg-info/SOURCES.txt'
[1.292s] writing manifest file 'humanoid_perception.egg-info/SOURCES.txt'
[1.293s] running build_ext
[1.294s] Creating /root/ros2_ws/install/humanoid_perception/lib/python3.10/site-packages/humanoid-perception.egg-link (link to .)
[1.295s] Installing color_detector script to /root/ros2_ws/install/humanoid_perception/lib/humanoid_perception
[1.296s] 
[1.296s] Installed /root/ros2_ws/build/humanoid_perception
[1.296s] running symlink_data
[1.296s] creating /root/ros2_ws/install/humanoid_perception/share/ament_index
[1.296s] creating /root/ros2_ws/install/humanoid_perception/share/ament_index/resource_index
[1.297s] creating /root/ros2_ws/install/humanoid_perception/share/ament_index/resource_index/packages
[1.297s] symbolically linking /root/ros2_ws/build/humanoid_perception/resource/humanoid_perception -> /root/ros2_ws/install/humanoid_perception/share/ament_index/resource_index/packages
[1.298s] symbolically linking /root/ros2_ws/build/humanoid_perception/package.xml -> /root/ros2_ws/install/humanoid_perception/share/humanoid_perception
[1.298s] creating /root/ros2_ws/install/humanoid_perception/share/humanoid_perception/launch
[1.298s] symbolically linking /root/ros2_ws/build/humanoid_perception/launch/perception.launch.py -> /root/ros2_ws/install/humanoid_perception/share/humanoid_perception/launch
[1.330s] Invoked command in '/root/ros2_ws/build/humanoid_perception' returned '0': PYTHONPATH=/root/ros2_ws/build/humanoid_perception/prefix_override:/usr/lib/python3/dist-packages/colcon_core/task/python/colcon_distutils_commands:/root/ros2_ws/install/humanoid_perception/lib/python3.10/site-packages:${PYTHONPATH} /usr/bin/python3 -W ignore:setup.py install is deprecated -W ignore:easy_install command is deprecated setup.py develop --editable --build-directory /root/ros2_ws/build/humanoid_perception/build --no-deps symlink_data
