[0.215s] Invoking command in '/root/ros2_ws/build/humanoid_description': CMAKE_PREFIX_PATH=${CMAKE_PREFIX_PATH}:/root/ros2_ws/install/my_sensor_package:/root/ros2_ws/install/my_py_pkg:/opt/ros/humble /usr/bin/cmake /root/ros2_ws/src/humanoid_description -DAMENT_CMAKE_SYMLINK_INSTALL=1 -DCMAKE_INSTALL_PREFIX=/root/ros2_ws/install/humanoid_description
[0.265s] -- Found ament_cmake: 1.3.11 (/opt/ros/humble/share/ament_cmake/cmake)
[0.393s] -- Override CMake install command with custom implementation using symlinks instead of copying resources
[0.420s] -- Found urdf: 2.6.1 (/opt/ros/humble/share/urdf/cmake)
[1.523s] -- Found xacro: 2.0.13 (/opt/ros/humble/share/xacro/cmake)
[1.524s] -- Found gazebo_ros: 3.9.0 (/opt/ros/humble/share/gazebo_ros/cmake)
[1.558s] -- Found rosidl_generator_c: 3.1.6 (/opt/ros/humble/share/rosidl_generator_c/cmake)
[1.562s] -- Found rosidl_adapter: 3.1.6 (/opt/ros/humble/share/rosidl_adapter/cmake)
[1.572s] -- Found rosidl_generator_cpp: 3.1.6 (/opt/ros/humble/share/rosidl_generator_cpp/cmake)
[1.587s] -- Using all available rosidl_typesupport_c: rosidl_typesupport_fastrtps_c;rosidl_typesupport_introspection_c
[1.603s] -- Using all available rosidl_typesupport_cpp: rosidl_typesupport_fastrtps_cpp;rosidl_typesupport_introspection_cpp
[1.648s] -- Found rmw_implementation_cmake: 6.1.2 (/opt/ros/humble/share/rmw_implementation_cmake/cmake)
[1.652s] -- Found rmw_fastrtps_cpp: 6.2.7 (/opt/ros/humble/share/rmw_fastrtps_cpp/cmake)
[1.679s] -- Found TinyXML2 via Config file: TinyXML2_DIR-NOTFOUND
[1.692s] -- Found TinyXML2 via Config file: TinyXML2_DIR-NOTFOUND
[1.762s] -- Found TinyXML2 via Config file: TinyXML2_DIR-NOTFOUND
[1.770s] -- Found TinyXML2 via Config file: TinyXML2_DIR-NOTFOUND
[1.835s] -- Using RMW implementation 'rmw_fastrtps_cpp' as default
[1.946s] -- Found DART: /usr/include (Required is at least version "6.6") found components: dart 
[1.998s] -- Found Protobuf: /usr/lib/x86_64-linux-gnu/libprotobuf.so (found version "3.12.4") 
[2.000s] -- Looking for ignition-math6 -- found version 6.15.1
[2.009s] -- Searching for dependencies of ignition-math6
[2.012s] -- Looking for OGRE...
[2.020s] -- Found Ogre Ghadamon (1.9.0)
[2.020s] -- Found OGRE: optimized;/usr/lib/x86_64-linux-gnu/libOgreMain.so;debug;/usr/lib/x86_64-linux-gnu/libOgreMain.so
[2.028s] -- Looking for OGRE_Paging...
[2.029s] -- Found OGRE_Paging: optimized;/usr/lib/x86_64-linux-gnu/libOgrePaging.so;debug;/usr/lib/x86_64-linux-gnu/libOgrePaging.so
[2.029s] -- Looking for OGRE_Terrain...
[2.029s] -- Found OGRE_Terrain: optimized;/usr/lib/x86_64-linux-gnu/libOgreTerrain.so;debug;/usr/lib/x86_64-linux-gnu/libOgreTerrain.so
[2.029s] -- Looking for OGRE_Property...
[2.029s] -- Found OGRE_Property: optimized;/usr/lib/x86_64-linux-gnu/libOgreProperty.so;debug;/usr/lib/x86_64-linux-gnu/libOgreProperty.so
[2.029s] -- Looking for OGRE_RTShaderSystem...
[2.029s] -- Found OGRE_RTShaderSystem: optimized;/usr/lib/x86_64-linux-gnu/libOgreRTShaderSystem.so;debug;/usr/lib/x86_64-linux-gnu/libOgreRTShaderSystem.so
[2.029s] -- Looking for OGRE_Volume...
[2.029s] -- Found OGRE_Volume: optimized;/usr/lib/x86_64-linux-gnu/libOgreVolume.so;debug;/usr/lib/x86_64-linux-gnu/libOgreVolume.so
[2.029s] -- Looking for OGRE_Overlay...
[2.029s] -- Found OGRE_Overlay: optimized;/usr/lib/x86_64-linux-gnu/libOgreOverlay.so;debug;/usr/lib/x86_64-linux-gnu/libOgreOverlay.so
[15.432s] -- Looking for ignition-math6 -- found version 6.15.1
[15.434s] -- Looking for ignition-transport8 -- found version 8.2.1
[15.434s] -- Searching for dependencies of ignition-transport8
[16.299s] -- Found Protobuf: /usr/lib/x86_64-linux-gnu/libprotobuf.so (found suitable version "3.12.4", minimum required is "3") 
[17.158s] -- Config-file not installed for ZeroMQ -- checking for pkg-config
[17.164s] -- Checking for module 'libzmq >= 4'
[17.182s] --   Found libzmq , version 4.3.4
[17.232s] -- Checking for module 'uuid'
[17.248s] --   Found uuid, version 2.37.2
[17.287s] -- Looking for ignition-msgs5 -- found version 5.8.1
[17.287s] -- Searching for dependencies of ignition-msgs5
[18.155s] -- Looking for ignition-math6 -- found version 6.15.1
[18.164s] -- Looking for ignition-msgs5 -- found version 5.8.1
[18.165s] -- Looking for ignition-common3 -- found version 3.14.0
[18.166s] -- Searching for dependencies of ignition-common3
[18.166s] -- Looking for dlfcn.h - found
[18.166s] -- Looking for libdl - found
[18.229s] -- Searching for <ignition-common3> component [graphics]
[18.230s] -- Looking for ignition-common3-graphics -- found version 3.14.0
[18.231s] -- Searching for dependencies of ignition-common3-graphics
[18.231s] -- Looking for ignition-math6 -- found version 6.15.1
[18.234s] -- Looking for ignition-fuel_tools4 -- found version 4.4.0
[18.234s] -- Searching for dependencies of ignition-fuel_tools4
[19.246s] -- Checking for module 'jsoncpp'
[19.263s] --   Found jsoncpp, version 1.9.5
[19.310s] -- Checking for module 'libzip'
[19.327s] --   Found libzip, version 1.7.3
[19.371s] -- Looking for ignition-common3 -- found version 3.14.0
[19.371s] -- Looking for ignition-math6 -- found version 6.15.1
[19.372s] -- Looking for ignition-msgs5 -- found version 5.8.1
[19.375s] -- Gazebo version: 11.10
[19.377s] -- Found gazebo_msgs: 3.9.0 (/opt/ros/humble/share/gazebo_msgs/cmake)
[19.429s] -- Found ament_lint_auto: 0.12.12 (/opt/ros/humble/share/ament_lint_auto/cmake)
[19.496s] -- Added test 'flake8' to check Python code syntax and style conventions
[19.497s] -- Added test 'lint_cmake' to check CMake code style
[19.497s] -- Added test 'pep257' to check Python code against some of the docstring style conventions in PEP 257
[19.499s] -- Added test 'xmllint' to check XML markup files
[19.501s] -- Configuring done
[19.512s] -- Generating done
[19.515s] -- Build files have been written to: /root/ros2_ws/build/humanoid_description
[19.526s] Invoked command in '/root/ros2_ws/build/humanoid_description' returned '0': CMAKE_PREFIX_PATH=${CMAKE_PREFIX_PATH}:/root/ros2_ws/install/my_sensor_package:/root/ros2_ws/install/my_py_pkg:/opt/ros/humble /usr/bin/cmake /root/ros2_ws/src/humanoid_description -DAMENT_CMAKE_SYMLINK_INSTALL=1 -DCMAKE_INSTALL_PREFIX=/root/ros2_ws/install/humanoid_description
[19.528s] Invoking command in '/root/ros2_ws/build/humanoid_description': CMAKE_PREFIX_PATH=${CMAKE_PREFIX_PATH}:/root/ros2_ws/install/my_sensor_package:/root/ros2_ws/install/my_py_pkg:/opt/ros/humble /usr/bin/cmake --build /root/ros2_ws/build/humanoid_description -- -j16 -l16
[19.574s] Invoked command in '/root/ros2_ws/build/humanoid_description' returned '0': CMAKE_PREFIX_PATH=${CMAKE_PREFIX_PATH}:/root/ros2_ws/install/my_sensor_package:/root/ros2_ws/install/my_py_pkg:/opt/ros/humble /usr/bin/cmake --build /root/ros2_ws/build/humanoid_description -- -j16 -l16
[19.576s] Invoking command in '/root/ros2_ws/build/humanoid_description': CMAKE_PREFIX_PATH=${CMAKE_PREFIX_PATH}:/root/ros2_ws/install/my_sensor_package:/root/ros2_ws/install/my_py_pkg:/opt/ros/humble /usr/bin/cmake --install /root/ros2_ws/build/humanoid_description
[19.584s] -- Install configuration: ""
[19.584s] -- Execute custom install script
[19.585s] -- Up-to-date symlink: /root/ros2_ws/install/humanoid_description/share/humanoid_description/launch/spawn_humanoid.launch.py
[19.585s] -- Up-to-date symlink: /root/ros2_ws/install/humanoid_description/share/humanoid_description/urdf/code.txt
[19.585s] -- Up-to-date symlink: /root/ros2_ws/install/humanoid_description/share/humanoid_description/urdf/humanoid.urdf.xacro
[19.586s] -- Up-to-date symlink: /root/ros2_ws/install/humanoid_description/share/ament_index/resource_index/package_run_dependencies/humanoid_description
[19.586s] -- Up-to-date symlink: /root/ros2_ws/install/humanoid_description/share/ament_index/resource_index/parent_prefix_path/humanoid_description
[19.587s] -- Up-to-date symlink: /root/ros2_ws/install/humanoid_description/share/humanoid_description/environment/ament_prefix_path.sh
[19.587s] -- Up-to-date symlink: /root/ros2_ws/install/humanoid_description/share/humanoid_description/environment/ament_prefix_path.dsv
[19.587s] -- Up-to-date symlink: /root/ros2_ws/install/humanoid_description/share/humanoid_description/environment/path.sh
[19.588s] -- Up-to-date symlink: /root/ros2_ws/install/humanoid_description/share/humanoid_description/environment/path.dsv
[19.588s] -- Up-to-date symlink: /root/ros2_ws/install/humanoid_description/share/humanoid_description/local_setup.bash
[19.589s] -- Up-to-date symlink: /root/ros2_ws/install/humanoid_description/share/humanoid_description/local_setup.sh
[19.589s] -- Up-to-date symlink: /root/ros2_ws/install/humanoid_description/share/humanoid_description/local_setup.zsh
[19.589s] -- Up-to-date symlink: /root/ros2_ws/install/humanoid_description/share/humanoid_description/local_setup.dsv
[19.589s] -- Symlinking: /root/ros2_ws/install/humanoid_description/share/humanoid_description/package.dsv
[19.600s] -- Up-to-date symlink: /root/ros2_ws/install/humanoid_description/share/ament_index/resource_index/packages/humanoid_description
[19.600s] -- Up-to-date symlink: /root/ros2_ws/install/humanoid_description/share/humanoid_description/cmake/humanoid_descriptionConfig.cmake
[19.601s] -- Up-to-date symlink: /root/ros2_ws/install/humanoid_description/share/humanoid_description/cmake/humanoid_descriptionConfig-version.cmake
[19.601s] -- Up-to-date symlink: /root/ros2_ws/install/humanoid_description/share/humanoid_description/package.xml
[19.603s] Invoked command in '/root/ros2_ws/build/humanoid_description' returned '0': CMAKE_PREFIX_PATH=${CMAKE_PREFIX_PATH}:/root/ros2_ws/install/my_sensor_package:/root/ros2_ws/install/my_py_pkg:/opt/ros/humble /usr/bin/cmake --install /root/ros2_ws/build/humanoid_description
