[0.858s] Invoking command in '/root/ros2_ws/build/my_sensor_package': PYTHONPATH=/root/ros2_ws/build/my_sensor_package/prefix_override:/usr/lib/python3/dist-packages/colcon_core/task/python/colcon_distutils_commands:/root/ros2_ws/install/my_sensor_package/lib/python3.10/site-packages:${PYTHONPATH} /usr/bin/python3 -W ignore:setup.py install is deprecated -W ignore:easy_install command is deprecated setup.py develop --uninstall --editable --build-directory /root/ros2_ws/build/my_sensor_package/build
[1.049s] running develop
[1.162s] Removing /root/ros2_ws/install/my_sensor_package/lib/python3.10/site-packages/my-sensor-package.egg-link (link to .)
[1.193s] Invoked command in '/root/ros2_ws/build/my_sensor_package' returned '0': PYTHONPATH=/root/ros2_ws/build/my_sensor_package/prefix_override:/usr/lib/python3/dist-packages/colcon_core/task/python/colcon_distutils_commands:/root/ros2_ws/install/my_sensor_package/lib/python3.10/site-packages:${PYTHONPATH} /usr/bin/python3 -W ignore:setup.py install is deprecated -W ignore:easy_install command is deprecated setup.py develop --uninstall --editable --build-directory /root/ros2_ws/build/my_sensor_package/build
[1.194s] Invoking command in '/root/ros2_ws/src/my_sensor_package': PYTHONPATH=/root/ros2_ws/build/my_sensor_package/prefix_override:/usr/lib/python3/dist-packages/colcon_core/task/python/colcon_distutils_commands:/root/ros2_ws/install/my_sensor_package/lib/python3.10/site-packages:${PYTHONPATH} /usr/bin/python3 -W ignore:setup.py install is deprecated -W ignore:easy_install command is deprecated setup.py egg_info --egg-base ../../build/my_sensor_package build --build-base /root/ros2_ws/build/my_sensor_package/build install --record /root/ros2_ws/build/my_sensor_package/install.log --single-version-externally-managed install_data --force
[1.377s] running egg_info
[1.378s] writing ../../build/my_sensor_package/my_sensor_package.egg-info/PKG-INFO
[1.378s] writing dependency_links to ../../build/my_sensor_package/my_sensor_package.egg-info/dependency_links.txt
[1.379s] writing entry points to ../../build/my_sensor_package/my_sensor_package.egg-info/entry_points.txt
[1.379s] writing requirements to ../../build/my_sensor_package/my_sensor_package.egg-info/requires.txt
[1.379s] writing top-level names to ../../build/my_sensor_package/my_sensor_package.egg-info/top_level.txt
[1.381s] reading manifest file '../../build/my_sensor_package/my_sensor_package.egg-info/SOURCES.txt'
[1.381s] writing manifest file '../../build/my_sensor_package/my_sensor_package.egg-info/SOURCES.txt'
[1.381s] running build
[1.381s] running build_py
[1.382s] creating /root/ros2_ws/build/my_sensor_package/build
[1.382s] creating /root/ros2_ws/build/my_sensor_package/build/lib
[1.382s] creating /root/ros2_ws/build/my_sensor_package/build/lib/my_sensor_package
[1.383s] copying my_sensor_package/sensor_subscriber.py -> /root/ros2_ws/build/my_sensor_package/build/lib/my_sensor_package
[1.383s] copying my_sensor_package/__init__.py -> /root/ros2_ws/build/my_sensor_package/build/lib/my_sensor_package
[1.383s] copying my_sensor_package/sensor_publisher.py -> /root/ros2_ws/build/my_sensor_package/build/lib/my_sensor_package
[1.384s] running install
[1.384s] running install_lib
[1.384s] creating /root/ros2_ws/install/my_sensor_package/lib/python3.10/site-packages/my_sensor_package
[1.385s] copying /root/ros2_ws/build/my_sensor_package/build/lib/my_sensor_package/sensor_subscriber.py -> /root/ros2_ws/install/my_sensor_package/lib/python3.10/site-packages/my_sensor_package
[1.385s] copying /root/ros2_ws/build/my_sensor_package/build/lib/my_sensor_package/__init__.py -> /root/ros2_ws/install/my_sensor_package/lib/python3.10/site-packages/my_sensor_package
[1.385s] copying /root/ros2_ws/build/my_sensor_package/build/lib/my_sensor_package/sensor_publisher.py -> /root/ros2_ws/install/my_sensor_package/lib/python3.10/site-packages/my_sensor_package
[1.386s] byte-compiling /root/ros2_ws/install/my_sensor_package/lib/python3.10/site-packages/my_sensor_package/sensor_subscriber.py to sensor_subscriber.cpython-310.pyc
[1.386s] byte-compiling /root/ros2_ws/install/my_sensor_package/lib/python3.10/site-packages/my_sensor_package/__init__.py to __init__.cpython-310.pyc
[1.386s] byte-compiling /root/ros2_ws/install/my_sensor_package/lib/python3.10/site-packages/my_sensor_package/sensor_publisher.py to sensor_publisher.cpython-310.pyc
[1.387s] running install_data
[1.387s] copying resource/my_sensor_package -> /root/ros2_ws/install/my_sensor_package/share/ament_index/resource_index/packages
[1.388s] copying package.xml -> /root/ros2_ws/install/my_sensor_package/share/my_sensor_package
[1.388s] running install_egg_info
[1.390s] Copying ../../build/my_sensor_package/my_sensor_package.egg-info to /root/ros2_ws/install/my_sensor_package/lib/python3.10/site-packages/my_sensor_package-0.0.0-py3.10.egg-info
[1.391s] running install_scripts
[1.410s] Installing sensor_publisher_node script to /root/ros2_ws/install/my_sensor_package/lib/my_sensor_package
[1.410s] Installing sensor_subscriber_node script to /root/ros2_ws/install/my_sensor_package/lib/my_sensor_package
[1.410s] writing list of installed files to '/root/ros2_ws/build/my_sensor_package/install.log'
[1.437s] Invoked command in '/root/ros2_ws/src/my_sensor_package' returned '0': PYTHONPATH=/root/ros2_ws/build/my_sensor_package/prefix_override:/usr/lib/python3/dist-packages/colcon_core/task/python/colcon_distutils_commands:/root/ros2_ws/install/my_sensor_package/lib/python3.10/site-packages:${PYTHONPATH} /usr/bin/python3 -W ignore:setup.py install is deprecated -W ignore:easy_install command is deprecated setup.py egg_info --egg-base ../../build/my_sensor_package build --build-base /root/ros2_ws/build/my_sensor_package/build install --record /root/ros2_ws/build/my_sensor_package/install.log --single-version-externally-managed install_data --force
