running develop
running egg_info
creating my_sensor_package.egg-info
writing my_sensor_package.egg-info/PKG-INFO
writing dependency_links to my_sensor_package.egg-info/dependency_links.txt
writing entry points to my_sensor_package.egg-info/entry_points.txt
writing requirements to my_sensor_package.egg-info/requires.txt
writing top-level names to my_sensor_package.egg-info/top_level.txt
writing manifest file 'my_sensor_package.egg-info/SOURCES.txt'
reading manifest file 'my_sensor_package.egg-info/SOURCES.txt'
writing manifest file 'my_sensor_package.egg-info/SOURCES.txt'
running build_ext
Creating /root/ros2_ws/install/my_sensor_package/lib/python3.10/site-packages/my-sensor-package.egg-link (link to .)
Installing sensor_publisher_node script to /root/ros2_ws/install/my_sensor_package/lib/my_sensor_package
Installing sensor_subscriber_node script to /root/ros2_ws/install/my_sensor_package/lib/my_sensor_package

Installed /root/ros2_ws/build/my_sensor_package
running symlink_data
creating /root/ros2_ws/install/my_sensor_package/share/ament_index
creating /root/ros2_ws/install/my_sensor_package/share/ament_index/resource_index
creating /root/ros2_ws/install/my_sensor_package/share/ament_index/resource_index/packages
symbolically linking /root/ros2_ws/build/my_sensor_package/resource/my_sensor_package -> /root/ros2_ws/install/my_sensor_package/share/ament_index/resource_index/packages
symbolically linking /root/ros2_ws/build/my_sensor_package/package.xml -> /root/ros2_ws/install/my_sensor_package/share/my_sensor_package
creating /root/ros2_ws/install/my_sensor_package/share/my_sensor_package/launch
symbolically linking /root/ros2_ws/build/my_sensor_package/launch/sensor.launch.py -> /root/ros2_ws/install/my_sensor_package/share/my_sensor_package/launch
