[0.016s] Invoking command in '/root/ros2_ws/build/humanoid_description': CMAKE_PREFIX_PATH=${CMAKE_PREFIX_PATH}:/root/ros2_ws/install/my_sensor_package:/root/ros2_ws/install/my_py_pkg:/opt/ros/humble /usr/bin/cmake /root/ros2_ws/src/humanoid_description -DCMAKE_INSTALL_PREFIX=/root/ros2_ws/install/humanoid_description
[0.222s] -- The C compiler identification is GNU 11.4.0
[0.575s] -- The CXX compiler identification is GNU 11.4.0
[0.785s] -- Detecting C compiler ABI info
[0.914s] -- Detecting C compiler ABI info - done
[0.919s] -- Check for working C compiler: /usr/bin/cc - skipped
[0.919s] -- Detecting C compile features
[0.920s] -- Detecting C compile features - done
[0.923s] -- Detecting CXX compiler ABI info
[1.060s] -- Detecting CXX compiler ABI info - done
[1.064s] -- Check for working CXX compiler: /usr/bin/c++ - skipped
[1.065s] -- Detecting CXX compile features
[1.065s] -- Detecting CXX compile features - done
[1.077s] -- Found ament_cmake: 1.3.11 (/opt/ros/humble/share/ament_cmake/cmake)
[1.203s] -- Found Python3: /usr/bin/python3 (found version "3.10.12") found components: Interpreter 
[1.300s] -- Found urdf: 2.6.1 (/opt/ros/humble/share/urdf/cmake)
[3.054s] [31mCMake Error at CMakeLists.txt:11 (find_package):
[3.054s]   By not providing "Findxacro.cmake" in CMAKE_MODULE_PATH this project has
[3.054s]   asked CMake to find a package configuration file provided by "xacro", but
[3.054s]   CMake did not find one.
[3.054s] 
[3.054s]   Could not find a package configuration file provided by "xacro" with any of
[3.055s]   the following names:
[3.055s] 
[3.055s]     xacroConfig.cmake
[3.055s]     xacro-config.cmake
[3.055s] 
[3.055s]   Add the installation prefix of "xacro" to CMAKE_PREFIX_PATH or set
[3.055s]   "xacro_DIR" to a directory containing one of the above files.  If "xacro"
[3.055s]   provides a separate development package or SDK, be sure it has been
[3.055s]   installed.
[3.055s] 
[3.055s] [0m
[3.055s] -- Configuring incomplete, errors occurred!
[3.055s] See also "/root/ros2_ws/build/humanoid_description/CMakeFiles/CMakeOutput.log".
[3.062s] Invoked command in '/root/ros2_ws/build/humanoid_description' returned '1': CMAKE_PREFIX_PATH=${CMAKE_PREFIX_PATH}:/root/ros2_ws/install/my_sensor_package:/root/ros2_ws/install/my_py_pkg:/opt/ros/humble /usr/bin/cmake /root/ros2_ws/src/humanoid_description -DCMAKE_INSTALL_PREFIX=/root/ros2_ws/install/humanoid_description
