[0.215s] Invoking command in '/root/ros2_ws/build/my_robot_bringup': /usr/bin/cmake /root/ros2_ws/src/my_robot_bringup -DCMAKE_INSTALL_PREFIX=/root/ros2_ws/install/my_robot_bringup
[0.475s] -- The C compiler identification is GNU 11.4.0
[0.887s] -- The CXX compiler identification is GNU 11.4.0
[1.128s] -- Detecting C compiler ABI info
[1.273s] -- Detecting C compiler ABI info - done
[1.278s] -- Check for working C compiler: /usr/bin/cc - skipped
[1.279s] -- Detecting C compile features
[1.281s] -- Detecting C compile features - done
[1.285s] -- Detecting CXX compiler ABI info
[1.433s] -- Detecting CXX compiler ABI info - done
[1.439s] -- Check for working CXX compiler: /usr/bin/c++ - skipped
[1.439s] -- Detecting CXX compile features
[1.439s] -- Detecting CXX compile features - done
[1.457s] -- Found ament_cmake: 1.3.11 (/opt/ros/humble/share/ament_cmake/cmake)
[1.596s] -- Found Python3: /usr/bin/python3 (found version "3.10.12") found components: Interpreter 
[1.736s] Error parsing '/root/ros2_ws/src/my_robot_bringup/package.xml':
[1.792s] Traceback (most recent call last):
[1.792s]   File "/usr/lib/python3/dist-packages/catkin_pkg/package.py", line 610, in parse_package_string
[1.793s]     root = dom.parseString(data)
[1.793s]   File "/usr/lib/python3.10/xml/dom/minidom.py", line 2000, in parseString
[1.794s]     return expatbuilder.parseString(string)
[1.794s]   File "/usr/lib/python3.10/xml/dom/expatbuilder.py", line 925, in parseString
[1.795s]     return builder.parseString(string)
[1.795s]   File "/usr/lib/python3.10/xml/dom/expatbuilder.py", line 223, in parseString
[1.795s]     parser.Parse(string, True)
[1.795s] xml.parsers.expat.ExpatError: mismatched tag: line 21, column 2
[1.795s] 
[1.795s] During handling of the above exception, another exception occurred:
[1.795s] 
[1.795s] Traceback (most recent call last):
[1.795s]   File "/opt/ros/humble/share/ament_cmake_core/cmake/core/package_xml_2_cmake.py", line 150, in <module>
[1.795s]     main()
[1.795s]   File "/opt/ros/humble/share/ament_cmake_core/cmake/core/package_xml_2_cmake.py", line 53, in main
[1.796s]     raise e
[1.796s]   File "/opt/ros/humble/share/ament_cmake_core/cmake/core/package_xml_2_cmake.py", line 49, in main
[1.796s]     package = parse_package_string(
[1.796s]   File "/usr/lib/python3/dist-packages/catkin_pkg/package.py", line 612, in parse_package_string
[1.796s]     raise InvalidPackage('The manifest contains invalid XML:\n%s' % ex, filename)
[1.796s] catkin_pkg.package.InvalidPackage: Error(s) in package '/root/ros2_ws/src/my_robot_bringup/package.xml':
[1.796s] The manifest contains invalid XML:
[1.796s] mismatched tag: line 21, column 2
[1.809s] [31mCMake Error at /opt/ros/humble/share/ament_cmake_core/cmake/core/ament_package_xml.cmake:95 (message):
[1.809s]   execute_process(/usr/bin/python3
[1.809s]   /opt/ros/humble/share/ament_cmake_core/cmake/core/package_xml_2_cmake.py
[1.809s]   /root/ros2_ws/src/my_robot_bringup/package.xml
[1.809s]   /root/ros2_ws/build/my_robot_bringup/ament_cmake_core/package.cmake)
[1.810s]   returned error code 1
[1.810s] Call Stack (most recent call first):
[1.810s]   /opt/ros/humble/share/ament_cmake_core/cmake/core/ament_package_xml.cmake:49 (_ament_package_xml)
[1.810s]   /opt/ros/humble/share/ament_cmake_core/cmake/core/ament_package.cmake:63 (ament_package_xml)
[1.810s]   CMakeLists.txt:15 (ament_package)
[1.810s] 
[1.810s] [0m
[1.810s] -- Configuring incomplete, errors occurred!
[1.810s] See also "/root/ros2_ws/build/my_robot_bringup/CMakeFiles/CMakeOutput.log".
[1.816s] Invoked command in '/root/ros2_ws/build/my_robot_bringup' returned '1': /usr/bin/cmake /root/ros2_ws/src/my_robot_bringup -DCMAKE_INSTALL_PREFIX=/root/ros2_ws/install/my_robot_bringup
