[0.220s] DEBUG:colcon:Command line arguments: ['/usr/bin/colcon', 'build']
[0.220s] DEBUG:colcon:Parsed command line arguments: Namespace(log_base=None, log_level=None, verb_name='build', build_base='build', install_base='install', merge_install=False, symlink_install=False, test_result_base=None, continue_on_error=False, executor='parallel', parallel_workers=16, event_handlers=None, ignore_user_meta=False, metas=['./colcon.meta'], base_paths=['.'], packages_ignore=None, packages_ignore_regex=None, paths=None, packages_up_to=None, packages_up_to_regex=None, packages_above=None, packages_above_and_dependencies=None, packages_above_depth=None, packages_select_by_dep=None, packages_skip_by_dep=None, packages_skip_up_to=None, packages_select_build_failed=False, packages_skip_build_finished=False, packages_select_test_failures=False, packages_skip_test_passed=False, packages_select=None, packages_skip=None, packages_select_regex=None, packages_skip_regex=None, packages_start=None, packages_end=None, allow_overriding=[], cmake_args=None, cmake_target=None, cmake_target_skip_unavailable=False, cmake_clean_cache=False, cmake_clean_first=False, cmake_force_configure=False, ament_cmake_args=None, catkin_cmake_args=None, catkin_skip_building_tests=False, verb_parser=<colcon_defaults.argument_parser.defaults.DefaultArgumentsDecorator object at 0x7d3daad351b0>, verb_extension=<colcon_core.verb.build.BuildVerb object at 0x7d3daae5a590>, main=<bound method BuildVerb.main of <colcon_core.verb.build.BuildVerb object at 0x7d3daae5a590>>)
[0.493s] Level 1:colcon.colcon_core.package_discovery:discover_packages(colcon_meta) check parameters
[0.493s] Level 1:colcon.colcon_core.package_discovery:discover_packages(recursive) check parameters
[0.494s] Level 1:colcon.colcon_core.package_discovery:discover_packages(ignore) check parameters
[0.494s] Level 1:colcon.colcon_core.package_discovery:discover_packages(path) check parameters
[0.494s] Level 1:colcon.colcon_core.package_discovery:discover_packages(colcon_meta) discover
[0.494s] Level 1:colcon.colcon_core.package_discovery:discover_packages(recursive) discover
[0.494s] INFO:colcon.colcon_core.package_discovery:Crawling recursively for packages in '/root/ros2_ws'
[0.494s] Level 1:colcon.colcon_core.package_identification:_identify(.) by extensions ['ignore', 'ignore_ament_install']
[0.494s] Level 1:colcon.colcon_core.package_identification:_identify(.) by extension 'ignore'
[0.494s] Level 1:colcon.colcon_core.package_identification:_identify(.) by extension 'ignore_ament_install'
[0.494s] Level 1:colcon.colcon_core.package_identification:_identify(.) by extensions ['colcon_pkg']
[0.494s] Level 1:colcon.colcon_core.package_identification:_identify(.) by extension 'colcon_pkg'
[0.494s] Level 1:colcon.colcon_core.package_identification:_identify(.) by extensions ['colcon_meta']
[0.494s] Level 1:colcon.colcon_core.package_identification:_identify(.) by extension 'colcon_meta'
[0.494s] Level 1:colcon.colcon_core.package_identification:_identify(.) by extensions ['ros']
[0.494s] Level 1:colcon.colcon_core.package_identification:_identify(.) by extension 'ros'
[0.506s] Level 1:colcon.colcon_core.package_identification:_identify(.) by extensions ['cmake', 'python']
[0.506s] Level 1:colcon.colcon_core.package_identification:_identify(.) by extension 'cmake'
[0.506s] Level 1:colcon.colcon_core.package_identification:_identify(.) by extension 'python'
[0.507s] Level 1:colcon.colcon_core.package_identification:_identify(.) by extensions ['python_setup_py']
[0.507s] Level 1:colcon.colcon_core.package_identification:_identify(.) by extension 'python_setup_py'
[0.507s] Level 1:colcon.colcon_core.package_identification:_identify(build) by extensions ['ignore', 'ignore_ament_install']
[0.507s] Level 1:colcon.colcon_core.package_identification:_identify(build) by extension 'ignore'
[0.507s] Level 1:colcon.colcon_core.package_identification:_identify(build) ignored
[0.507s] Level 1:colcon.colcon_core.package_identification:_identify(install) by extensions ['ignore', 'ignore_ament_install']
[0.507s] Level 1:colcon.colcon_core.package_identification:_identify(install) by extension 'ignore'
[0.507s] Level 1:colcon.colcon_core.package_identification:_identify(install) ignored
[0.507s] Level 1:colcon.colcon_core.package_identification:_identify(log) by extensions ['ignore', 'ignore_ament_install']
[0.507s] Level 1:colcon.colcon_core.package_identification:_identify(log) by extension 'ignore'
[0.507s] Level 1:colcon.colcon_core.package_identification:_identify(log) ignored
[0.507s] Level 1:colcon.colcon_core.package_identification:_identify(src) by extensions ['ignore', 'ignore_ament_install']
[0.507s] Level 1:colcon.colcon_core.package_identification:_identify(src) by extension 'ignore'
[0.507s] Level 1:colcon.colcon_core.package_identification:_identify(src) by extension 'ignore_ament_install'
[0.507s] Level 1:colcon.colcon_core.package_identification:_identify(src) by extensions ['colcon_pkg']
[0.508s] Level 1:colcon.colcon_core.package_identification:_identify(src) by extension 'colcon_pkg'
[0.508s] Level 1:colcon.colcon_core.package_identification:_identify(src) by extensions ['colcon_meta']
[0.508s] Level 1:colcon.colcon_core.package_identification:_identify(src) by extension 'colcon_meta'
[0.508s] Level 1:colcon.colcon_core.package_identification:_identify(src) by extensions ['ros']
[0.508s] Level 1:colcon.colcon_core.package_identification:_identify(src) by extension 'ros'
[0.508s] Level 1:colcon.colcon_core.package_identification:_identify(src) by extensions ['cmake', 'python']
[0.508s] Level 1:colcon.colcon_core.package_identification:_identify(src) by extension 'cmake'
[0.508s] Level 1:colcon.colcon_core.package_identification:_identify(src) by extension 'python'
[0.508s] Level 1:colcon.colcon_core.package_identification:_identify(src) by extensions ['python_setup_py']
[0.508s] Level 1:colcon.colcon_core.package_identification:_identify(src) by extension 'python_setup_py'
[0.508s] Level 1:colcon.colcon_core.package_identification:_identify(src/humanoid_description) by extensions ['ignore', 'ignore_ament_install']
[0.508s] Level 1:colcon.colcon_core.package_identification:_identify(src/humanoid_description) by extension 'ignore'
[0.508s] Level 1:colcon.colcon_core.package_identification:_identify(src/humanoid_description) by extension 'ignore_ament_install'
[0.508s] Level 1:colcon.colcon_core.package_identification:_identify(src/humanoid_description) by extensions ['colcon_pkg']
[0.508s] Level 1:colcon.colcon_core.package_identification:_identify(src/humanoid_description) by extension 'colcon_pkg'
[0.508s] Level 1:colcon.colcon_core.package_identification:_identify(src/humanoid_description) by extensions ['colcon_meta']
[0.508s] Level 1:colcon.colcon_core.package_identification:_identify(src/humanoid_description) by extension 'colcon_meta'
[0.508s] Level 1:colcon.colcon_core.package_identification:_identify(src/humanoid_description) by extensions ['ros']
[0.508s] Level 1:colcon.colcon_core.package_identification:_identify(src/humanoid_description) by extension 'ros'
[0.511s] DEBUG:colcon.colcon_core.package_identification:Package 'src/humanoid_description' with type 'ros.ament_cmake' and name 'humanoid_description'
[0.511s] Level 1:colcon.colcon_core.package_identification:_identify(src/humanoid_final_control) by extensions ['ignore', 'ignore_ament_install']
[0.511s] Level 1:colcon.colcon_core.package_identification:_identify(src/humanoid_final_control) by extension 'ignore'
[0.511s] Level 1:colcon.colcon_core.package_identification:_identify(src/humanoid_final_control) by extension 'ignore_ament_install'
[0.511s] Level 1:colcon.colcon_core.package_identification:_identify(src/humanoid_final_control) by extensions ['colcon_pkg']
[0.511s] Level 1:colcon.colcon_core.package_identification:_identify(src/humanoid_final_control) by extension 'colcon_pkg'
[0.511s] Level 1:colcon.colcon_core.package_identification:_identify(src/humanoid_final_control) by extensions ['colcon_meta']
[0.511s] Level 1:colcon.colcon_core.package_identification:_identify(src/humanoid_final_control) by extension 'colcon_meta'
[0.511s] Level 1:colcon.colcon_core.package_identification:_identify(src/humanoid_final_control) by extensions ['ros']
[0.512s] Level 1:colcon.colcon_core.package_identification:_identify(src/humanoid_final_control) by extension 'ros'
[0.512s] DEBUG:colcon.colcon_core.package_identification:Package 'src/humanoid_final_control' with type 'ros.ament_python' and name 'humanoid_final_control'
[0.512s] Level 1:colcon.colcon_core.package_identification:_identify(src/humanoid_perception) by extensions ['ignore', 'ignore_ament_install']
[0.512s] Level 1:colcon.colcon_core.package_identification:_identify(src/humanoid_perception) by extension 'ignore'
[0.512s] Level 1:colcon.colcon_core.package_identification:_identify(src/humanoid_perception) by extension 'ignore_ament_install'
[0.513s] Level 1:colcon.colcon_core.package_identification:_identify(src/humanoid_perception) by extensions ['colcon_pkg']
[0.513s] Level 1:colcon.colcon_core.package_identification:_identify(src/humanoid_perception) by extension 'colcon_pkg'
[0.513s] Level 1:colcon.colcon_core.package_identification:_identify(src/humanoid_perception) by extensions ['colcon_meta']
[0.513s] Level 1:colcon.colcon_core.package_identification:_identify(src/humanoid_perception) by extension 'colcon_meta'
[0.513s] Level 1:colcon.colcon_core.package_identification:_identify(src/humanoid_perception) by extensions ['ros']
[0.513s] Level 1:colcon.colcon_core.package_identification:_identify(src/humanoid_perception) by extension 'ros'
[0.513s] DEBUG:colcon.colcon_core.package_identification:Package 'src/humanoid_perception' with type 'ros.ament_python' and name 'humanoid_perception'
[0.514s] Level 1:colcon.colcon_core.package_identification:_identify(src/my_py_pkg) by extensions ['ignore', 'ignore_ament_install']
[0.514s] Level 1:colcon.colcon_core.package_identification:_identify(src/my_py_pkg) by extension 'ignore'
[0.514s] Level 1:colcon.colcon_core.package_identification:_identify(src/my_py_pkg) by extension 'ignore_ament_install'
[0.514s] Level 1:colcon.colcon_core.package_identification:_identify(src/my_py_pkg) by extensions ['colcon_pkg']
[0.514s] Level 1:colcon.colcon_core.package_identification:_identify(src/my_py_pkg) by extension 'colcon_pkg'
[0.514s] Level 1:colcon.colcon_core.package_identification:_identify(src/my_py_pkg) by extensions ['colcon_meta']
[0.514s] Level 1:colcon.colcon_core.package_identification:_identify(src/my_py_pkg) by extension 'colcon_meta'
[0.514s] Level 1:colcon.colcon_core.package_identification:_identify(src/my_py_pkg) by extensions ['ros']
[0.514s] Level 1:colcon.colcon_core.package_identification:_identify(src/my_py_pkg) by extension 'ros'
[0.515s] DEBUG:colcon.colcon_core.package_identification:Package 'src/my_py_pkg' with type 'ros.ament_python' and name 'my_py_pkg'
[0.515s] Level 1:colcon.colcon_core.package_identification:_identify(src/my_robot_bringup) by extensions ['ignore', 'ignore_ament_install']
[0.515s] Level 1:colcon.colcon_core.package_identification:_identify(src/my_robot_bringup) by extension 'ignore'
[0.515s] Level 1:colcon.colcon_core.package_identification:_identify(src/my_robot_bringup) by extension 'ignore_ament_install'
[0.515s] Level 1:colcon.colcon_core.package_identification:_identify(src/my_robot_bringup) by extensions ['colcon_pkg']
[0.515s] Level 1:colcon.colcon_core.package_identification:_identify(src/my_robot_bringup) by extension 'colcon_pkg'
[0.515s] Level 1:colcon.colcon_core.package_identification:_identify(src/my_robot_bringup) by extensions ['colcon_meta']
[0.515s] Level 1:colcon.colcon_core.package_identification:_identify(src/my_robot_bringup) by extension 'colcon_meta'
[0.515s] Level 1:colcon.colcon_core.package_identification:_identify(src/my_robot_bringup) by extensions ['ros']
[0.515s] Level 1:colcon.colcon_core.package_identification:_identify(src/my_robot_bringup) by extension 'ros'
[0.516s] DEBUG:colcon.colcon_core.package_identification:Package 'src/my_robot_bringup' with type 'ros.ament_cmake' and name 'my_robot_bringup'
[0.516s] Level 1:colcon.colcon_core.package_identification:_identify(src/my_sensor_package) by extensions ['ignore', 'ignore_ament_install']
[0.516s] Level 1:colcon.colcon_core.package_identification:_identify(src/my_sensor_package) by extension 'ignore'
[0.516s] Level 1:colcon.colcon_core.package_identification:_identify(src/my_sensor_package) by extension 'ignore_ament_install'
[0.516s] Level 1:colcon.colcon_core.package_identification:_identify(src/my_sensor_package) by extensions ['colcon_pkg']
[0.516s] Level 1:colcon.colcon_core.package_identification:_identify(src/my_sensor_package) by extension 'colcon_pkg'
[0.516s] Level 1:colcon.colcon_core.package_identification:_identify(src/my_sensor_package) by extensions ['colcon_meta']
[0.516s] Level 1:colcon.colcon_core.package_identification:_identify(src/my_sensor_package) by extension 'colcon_meta'
[0.516s] Level 1:colcon.colcon_core.package_identification:_identify(src/my_sensor_package) by extensions ['ros']
[0.516s] Level 1:colcon.colcon_core.package_identification:_identify(src/my_sensor_package) by extension 'ros'
[0.518s] DEBUG:colcon.colcon_core.package_identification:Package 'src/my_sensor_package' with type 'ros.ament_python' and name 'my_sensor_package'
[0.518s] Level 1:colcon.colcon_core.package_discovery:discover_packages(recursive) using defaults
[0.518s] Level 1:colcon.colcon_core.package_discovery:discover_packages(ignore) discover
[0.518s] Level 1:colcon.colcon_core.package_discovery:discover_packages(ignore) using defaults
[0.518s] Level 1:colcon.colcon_core.package_discovery:discover_packages(path) discover
[0.518s] Level 1:colcon.colcon_core.package_discovery:discover_packages(path) using defaults
[0.546s] Level 1:colcon.colcon_core.package_discovery:discover_packages(prefix_path) check parameters
[0.546s] Level 1:colcon.colcon_core.package_discovery:discover_packages(prefix_path) discover
[0.550s] DEBUG:colcon.colcon_installed_package_information.package_discovery:Found 9 installed packages in /root/ros2_ws/install
[0.552s] DEBUG:colcon.colcon_installed_package_information.package_discovery:Found 325 installed packages in /opt/ros/humble
[0.563s] Level 1:colcon.colcon_core.package_discovery:discover_packages(prefix_path) using defaults
[0.648s] Level 5:colcon.colcon_core.verb:set package 'humanoid_description' build argument 'cmake_args' from command line to 'None'
[0.648s] Level 5:colcon.colcon_core.verb:set package 'humanoid_description' build argument 'cmake_target' from command line to 'None'
[0.648s] Level 5:colcon.colcon_core.verb:set package 'humanoid_description' build argument 'cmake_target_skip_unavailable' from command line to 'False'
[0.648s] Level 5:colcon.colcon_core.verb:set package 'humanoid_description' build argument 'cmake_clean_cache' from command line to 'False'
[0.648s] Level 5:colcon.colcon_core.verb:set package 'humanoid_description' build argument 'cmake_clean_first' from command line to 'False'
[0.648s] Level 5:colcon.colcon_core.verb:set package 'humanoid_description' build argument 'cmake_force_configure' from command line to 'False'
[0.648s] Level 5:colcon.colcon_core.verb:set package 'humanoid_description' build argument 'ament_cmake_args' from command line to 'None'
[0.648s] Level 5:colcon.colcon_core.verb:set package 'humanoid_description' build argument 'catkin_cmake_args' from command line to 'None'
[0.648s] Level 5:colcon.colcon_core.verb:set package 'humanoid_description' build argument 'catkin_skip_building_tests' from command line to 'False'
[0.648s] DEBUG:colcon.colcon_core.verb:Building package 'humanoid_description' with the following arguments: {'ament_cmake_args': None, 'build_base': '/root/ros2_ws/build/humanoid_description', 'catkin_cmake_args': None, 'catkin_skip_building_tests': False, 'cmake_args': None, 'cmake_clean_cache': False, 'cmake_clean_first': False, 'cmake_force_configure': False, 'cmake_target': None, 'cmake_target_skip_unavailable': False, 'install_base': '/root/ros2_ws/install/humanoid_description', 'merge_install': False, 'path': '/root/ros2_ws/src/humanoid_description', 'symlink_install': False, 'test_result_base': None}
[0.648s] Level 5:colcon.colcon_core.verb:set package 'humanoid_final_control' build argument 'cmake_args' from command line to 'None'
[0.649s] Level 5:colcon.colcon_core.verb:set package 'humanoid_final_control' build argument 'cmake_target' from command line to 'None'
[0.649s] Level 5:colcon.colcon_core.verb:set package 'humanoid_final_control' build argument 'cmake_target_skip_unavailable' from command line to 'False'
[0.649s] Level 5:colcon.colcon_core.verb:set package 'humanoid_final_control' build argument 'cmake_clean_cache' from command line to 'False'
[0.649s] Level 5:colcon.colcon_core.verb:set package 'humanoid_final_control' build argument 'cmake_clean_first' from command line to 'False'
[0.649s] Level 5:colcon.colcon_core.verb:set package 'humanoid_final_control' build argument 'cmake_force_configure' from command line to 'False'
[0.649s] Level 5:colcon.colcon_core.verb:set package 'humanoid_final_control' build argument 'ament_cmake_args' from command line to 'None'
[0.649s] Level 5:colcon.colcon_core.verb:set package 'humanoid_final_control' build argument 'catkin_cmake_args' from command line to 'None'
[0.649s] Level 5:colcon.colcon_core.verb:set package 'humanoid_final_control' build argument 'catkin_skip_building_tests' from command line to 'False'
[0.649s] DEBUG:colcon.colcon_core.verb:Building package 'humanoid_final_control' with the following arguments: {'ament_cmake_args': None, 'build_base': '/root/ros2_ws/build/humanoid_final_control', 'catkin_cmake_args': None, 'catkin_skip_building_tests': False, 'cmake_args': None, 'cmake_clean_cache': False, 'cmake_clean_first': False, 'cmake_force_configure': False, 'cmake_target': None, 'cmake_target_skip_unavailable': False, 'install_base': '/root/ros2_ws/install/humanoid_final_control', 'merge_install': False, 'path': '/root/ros2_ws/src/humanoid_final_control', 'symlink_install': False, 'test_result_base': None}
[0.649s] Level 5:colcon.colcon_core.verb:set package 'humanoid_perception' build argument 'cmake_args' from command line to 'None'
[0.649s] Level 5:colcon.colcon_core.verb:set package 'humanoid_perception' build argument 'cmake_target' from command line to 'None'
[0.649s] Level 5:colcon.colcon_core.verb:set package 'humanoid_perception' build argument 'cmake_target_skip_unavailable' from command line to 'False'
[0.649s] Level 5:colcon.colcon_core.verb:set package 'humanoid_perception' build argument 'cmake_clean_cache' from command line to 'False'
[0.649s] Level 5:colcon.colcon_core.verb:set package 'humanoid_perception' build argument 'cmake_clean_first' from command line to 'False'
[0.649s] Level 5:colcon.colcon_core.verb:set package 'humanoid_perception' build argument 'cmake_force_configure' from command line to 'False'
[0.649s] Level 5:colcon.colcon_core.verb:set package 'humanoid_perception' build argument 'ament_cmake_args' from command line to 'None'
[0.649s] Level 5:colcon.colcon_core.verb:set package 'humanoid_perception' build argument 'catkin_cmake_args' from command line to 'None'
[0.649s] Level 5:colcon.colcon_core.verb:set package 'humanoid_perception' build argument 'catkin_skip_building_tests' from command line to 'False'
[0.649s] DEBUG:colcon.colcon_core.verb:Building package 'humanoid_perception' with the following arguments: {'ament_cmake_args': None, 'build_base': '/root/ros2_ws/build/humanoid_perception', 'catkin_cmake_args': None, 'catkin_skip_building_tests': False, 'cmake_args': None, 'cmake_clean_cache': False, 'cmake_clean_first': False, 'cmake_force_configure': False, 'cmake_target': None, 'cmake_target_skip_unavailable': False, 'install_base': '/root/ros2_ws/install/humanoid_perception', 'merge_install': False, 'path': '/root/ros2_ws/src/humanoid_perception', 'symlink_install': False, 'test_result_base': None}
[0.649s] Level 5:colcon.colcon_core.verb:set package 'my_py_pkg' build argument 'cmake_args' from command line to 'None'
[0.649s] Level 5:colcon.colcon_core.verb:set package 'my_py_pkg' build argument 'cmake_target' from command line to 'None'
[0.649s] Level 5:colcon.colcon_core.verb:set package 'my_py_pkg' build argument 'cmake_target_skip_unavailable' from command line to 'False'
[0.649s] Level 5:colcon.colcon_core.verb:set package 'my_py_pkg' build argument 'cmake_clean_cache' from command line to 'False'
[0.649s] Level 5:colcon.colcon_core.verb:set package 'my_py_pkg' build argument 'cmake_clean_first' from command line to 'False'
[0.649s] Level 5:colcon.colcon_core.verb:set package 'my_py_pkg' build argument 'cmake_force_configure' from command line to 'False'
[0.649s] Level 5:colcon.colcon_core.verb:set package 'my_py_pkg' build argument 'ament_cmake_args' from command line to 'None'
[0.649s] Level 5:colcon.colcon_core.verb:set package 'my_py_pkg' build argument 'catkin_cmake_args' from command line to 'None'
[0.649s] Level 5:colcon.colcon_core.verb:set package 'my_py_pkg' build argument 'catkin_skip_building_tests' from command line to 'False'
[0.649s] DEBUG:colcon.colcon_core.verb:Building package 'my_py_pkg' with the following arguments: {'ament_cmake_args': None, 'build_base': '/root/ros2_ws/build/my_py_pkg', 'catkin_cmake_args': None, 'catkin_skip_building_tests': False, 'cmake_args': None, 'cmake_clean_cache': False, 'cmake_clean_first': False, 'cmake_force_configure': False, 'cmake_target': None, 'cmake_target_skip_unavailable': False, 'install_base': '/root/ros2_ws/install/my_py_pkg', 'merge_install': False, 'path': '/root/ros2_ws/src/my_py_pkg', 'symlink_install': False, 'test_result_base': None}
[0.650s] Level 5:colcon.colcon_core.verb:set package 'my_sensor_package' build argument 'cmake_args' from command line to 'None'
[0.650s] Level 5:colcon.colcon_core.verb:set package 'my_sensor_package' build argument 'cmake_target' from command line to 'None'
[0.650s] Level 5:colcon.colcon_core.verb:set package 'my_sensor_package' build argument 'cmake_target_skip_unavailable' from command line to 'False'
[0.650s] Level 5:colcon.colcon_core.verb:set package 'my_sensor_package' build argument 'cmake_clean_cache' from command line to 'False'
[0.650s] Level 5:colcon.colcon_core.verb:set package 'my_sensor_package' build argument 'cmake_clean_first' from command line to 'False'
[0.650s] Level 5:colcon.colcon_core.verb:set package 'my_sensor_package' build argument 'cmake_force_configure' from command line to 'False'
[0.650s] Level 5:colcon.colcon_core.verb:set package 'my_sensor_package' build argument 'ament_cmake_args' from command line to 'None'
[0.650s] Level 5:colcon.colcon_core.verb:set package 'my_sensor_package' build argument 'catkin_cmake_args' from command line to 'None'
[0.650s] Level 5:colcon.colcon_core.verb:set package 'my_sensor_package' build argument 'catkin_skip_building_tests' from command line to 'False'
[0.650s] DEBUG:colcon.colcon_core.verb:Building package 'my_sensor_package' with the following arguments: {'ament_cmake_args': None, 'build_base': '/root/ros2_ws/build/my_sensor_package', 'catkin_cmake_args': None, 'catkin_skip_building_tests': False, 'cmake_args': None, 'cmake_clean_cache': False, 'cmake_clean_first': False, 'cmake_force_configure': False, 'cmake_target': None, 'cmake_target_skip_unavailable': False, 'install_base': '/root/ros2_ws/install/my_sensor_package', 'merge_install': False, 'path': '/root/ros2_ws/src/my_sensor_package', 'symlink_install': False, 'test_result_base': None}
[0.650s] Level 5:colcon.colcon_core.verb:set package 'my_robot_bringup' build argument 'cmake_args' from command line to 'None'
[0.650s] Level 5:colcon.colcon_core.verb:set package 'my_robot_bringup' build argument 'cmake_target' from command line to 'None'
[0.650s] Level 5:colcon.colcon_core.verb:set package 'my_robot_bringup' build argument 'cmake_target_skip_unavailable' from command line to 'False'
[0.650s] Level 5:colcon.colcon_core.verb:set package 'my_robot_bringup' build argument 'cmake_clean_cache' from command line to 'False'
[0.650s] Level 5:colcon.colcon_core.verb:set package 'my_robot_bringup' build argument 'cmake_clean_first' from command line to 'False'
[0.650s] Level 5:colcon.colcon_core.verb:set package 'my_robot_bringup' build argument 'cmake_force_configure' from command line to 'False'
[0.650s] Level 5:colcon.colcon_core.verb:set package 'my_robot_bringup' build argument 'ament_cmake_args' from command line to 'None'
[0.650s] Level 5:colcon.colcon_core.verb:set package 'my_robot_bringup' build argument 'catkin_cmake_args' from command line to 'None'
[0.650s] Level 5:colcon.colcon_core.verb:set package 'my_robot_bringup' build argument 'catkin_skip_building_tests' from command line to 'False'
[0.650s] DEBUG:colcon.colcon_core.verb:Building package 'my_robot_bringup' with the following arguments: {'ament_cmake_args': None, 'build_base': '/root/ros2_ws/build/my_robot_bringup', 'catkin_cmake_args': None, 'catkin_skip_building_tests': False, 'cmake_args': None, 'cmake_clean_cache': False, 'cmake_clean_first': False, 'cmake_force_configure': False, 'cmake_target': None, 'cmake_target_skip_unavailable': False, 'install_base': '/root/ros2_ws/install/my_robot_bringup', 'merge_install': False, 'path': '/root/ros2_ws/src/my_robot_bringup', 'symlink_install': False, 'test_result_base': None}
[0.650s] INFO:colcon.colcon_core.executor:Executing jobs using 'parallel' executor
[0.651s] DEBUG:colcon.colcon_parallel_executor.executor.parallel:run_until_complete
[0.652s] INFO:colcon.colcon_ros.task.ament_python.build:Building ROS package in '/root/ros2_ws/src/my_sensor_package' with build type 'ament_python'
[0.652s] Level 1:colcon.colcon_core.shell:create_environment_hook('my_sensor_package', 'ament_prefix_path')
[0.657s] INFO:colcon.colcon_core.plugin_system:Skipping extension 'colcon_core.shell.bat': Not used on non-Windows systems
[0.657s] INFO:colcon.colcon_core.shell:Creating environment hook '/root/ros2_ws/install/my_sensor_package/share/my_sensor_package/hook/ament_prefix_path.ps1'
[0.658s] INFO:colcon.colcon_core.shell:Creating environment descriptor '/root/ros2_ws/install/my_sensor_package/share/my_sensor_package/hook/ament_prefix_path.dsv'
[0.658s] INFO:colcon.colcon_core.shell:Creating environment hook '/root/ros2_ws/install/my_sensor_package/share/my_sensor_package/hook/ament_prefix_path.sh'
[0.659s] INFO:colcon.colcon_core.shell:Skip shell extension 'powershell' for command environment: Not usable outside of PowerShell
[0.659s] DEBUG:colcon.colcon_core.shell:Skip shell extension 'dsv' for command environment
[0.663s] INFO:colcon.colcon_ros.task.ament_cmake.build:Building ROS package in '/root/ros2_ws/src/humanoid_description' with build type 'ament_cmake'
[0.663s] INFO:colcon.colcon_cmake.task.cmake.build:Building CMake package in '/root/ros2_ws/src/humanoid_description'
[0.663s] INFO:colcon.colcon_core.shell:Skip shell extension 'powershell' for command environment: Not usable outside of PowerShell
[0.663s] DEBUG:colcon.colcon_core.shell:Skip shell extension 'dsv' for command environment
[0.667s] INFO:colcon.colcon_ros.task.ament_python.build:Building ROS package in '/root/ros2_ws/src/humanoid_final_control' with build type 'ament_python'
[0.667s] Level 1:colcon.colcon_core.shell:create_environment_hook('humanoid_final_control', 'ament_prefix_path')
[0.667s] INFO:colcon.colcon_core.shell:Creating environment hook '/root/ros2_ws/install/humanoid_final_control/share/humanoid_final_control/hook/ament_prefix_path.ps1'
[0.668s] INFO:colcon.colcon_core.shell:Creating environment descriptor '/root/ros2_ws/install/humanoid_final_control/share/humanoid_final_control/hook/ament_prefix_path.dsv'
[0.668s] INFO:colcon.colcon_core.shell:Creating environment hook '/root/ros2_ws/install/humanoid_final_control/share/humanoid_final_control/hook/ament_prefix_path.sh'
[0.669s] INFO:colcon.colcon_core.shell:Skip shell extension 'powershell' for command environment: Not usable outside of PowerShell
[0.669s] DEBUG:colcon.colcon_core.shell:Skip shell extension 'dsv' for command environment
[0.672s] INFO:colcon.colcon_ros.task.ament_python.build:Building ROS package in '/root/ros2_ws/src/humanoid_perception' with build type 'ament_python'
[0.672s] Level 1:colcon.colcon_core.shell:create_environment_hook('humanoid_perception', 'ament_prefix_path')
[0.672s] INFO:colcon.colcon_core.shell:Creating environment hook '/root/ros2_ws/install/humanoid_perception/share/humanoid_perception/hook/ament_prefix_path.ps1'
[0.673s] INFO:colcon.colcon_core.shell:Creating environment descriptor '/root/ros2_ws/install/humanoid_perception/share/humanoid_perception/hook/ament_prefix_path.dsv'
[0.673s] INFO:colcon.colcon_core.shell:Creating environment hook '/root/ros2_ws/install/humanoid_perception/share/humanoid_perception/hook/ament_prefix_path.sh'
[0.674s] INFO:colcon.colcon_core.shell:Skip shell extension 'powershell' for command environment: Not usable outside of PowerShell
[0.674s] DEBUG:colcon.colcon_core.shell:Skip shell extension 'dsv' for command environment
[0.677s] INFO:colcon.colcon_ros.task.ament_python.build:Building ROS package in '/root/ros2_ws/src/my_py_pkg' with build type 'ament_python'
[0.677s] Level 1:colcon.colcon_core.shell:create_environment_hook('my_py_pkg', 'ament_prefix_path')
[0.678s] INFO:colcon.colcon_core.shell:Creating environment hook '/root/ros2_ws/install/my_py_pkg/share/my_py_pkg/hook/ament_prefix_path.ps1'
[0.678s] INFO:colcon.colcon_core.shell:Creating environment descriptor '/root/ros2_ws/install/my_py_pkg/share/my_py_pkg/hook/ament_prefix_path.dsv'
[0.678s] INFO:colcon.colcon_core.shell:Creating environment hook '/root/ros2_ws/install/my_py_pkg/share/my_py_pkg/hook/ament_prefix_path.sh'
[0.679s] INFO:colcon.colcon_core.shell:Skip shell extension 'powershell' for command environment: Not usable outside of PowerShell
[0.679s] DEBUG:colcon.colcon_core.shell:Skip shell extension 'dsv' for command environment
[0.890s] INFO:colcon.colcon_core.task.python.build:Building Python package in '/root/ros2_ws/src/my_sensor_package'
[0.891s] INFO:colcon.colcon_core.shell:Skip shell extension 'powershell' for command environment: Not usable outside of PowerShell
[0.891s] DEBUG:colcon.colcon_core.shell:Skip shell extension 'dsv' for command environment
[0.901s] DEBUG:colcon.colcon_core.event_handler.log_command:Invoking command in '/root/ros2_ws/build/humanoid_description': CMAKE_PREFIX_PATH=${CMAKE_PREFIX_PATH}:/root/ros2_ws/install/rviz_slider_test:/root/ros2_ws/install/my_sensor_package:/root/ros2_ws/install/my_py_pkg:/root/ros2_ws/install/humanoid_perception:/root/ros2_ws/install/humanoid_final_control:/opt/ros/humble /usr/bin/cmake --build /root/ros2_ws/build/humanoid_description -- -j16 -l16
[1.100s] INFO:colcon.colcon_core.task.python.build:Building Python package in '/root/ros2_ws/src/humanoid_final_control'
[1.101s] INFO:colcon.colcon_core.shell:Skip shell extension 'powershell' for command environment: Not usable outside of PowerShell
[1.101s] DEBUG:colcon.colcon_core.shell:Skip shell extension 'dsv' for command environment
[1.294s] INFO:colcon.colcon_core.task.python.build:Building Python package in '/root/ros2_ws/src/humanoid_perception'
[1.295s] INFO:colcon.colcon_core.shell:Skip shell extension 'powershell' for command environment: Not usable outside of PowerShell
[1.295s] DEBUG:colcon.colcon_core.shell:Skip shell extension 'dsv' for command environment
[1.302s] DEBUG:colcon.colcon_core.event_handler.log_command:Invoked command in '/root/ros2_ws/build/humanoid_description' returned '0': CMAKE_PREFIX_PATH=${CMAKE_PREFIX_PATH}:/root/ros2_ws/install/rviz_slider_test:/root/ros2_ws/install/my_sensor_package:/root/ros2_ws/install/my_py_pkg:/root/ros2_ws/install/humanoid_perception:/root/ros2_ws/install/humanoid_final_control:/opt/ros/humble /usr/bin/cmake --build /root/ros2_ws/build/humanoid_description -- -j16 -l16
[1.313s] DEBUG:colcon.colcon_core.event_handler.log_command:Invoking command in '/root/ros2_ws/build/humanoid_description': CMAKE_PREFIX_PATH=${CMAKE_PREFIX_PATH}:/root/ros2_ws/install/rviz_slider_test:/root/ros2_ws/install/my_sensor_package:/root/ros2_ws/install/my_py_pkg:/root/ros2_ws/install/humanoid_perception:/root/ros2_ws/install/humanoid_final_control:/opt/ros/humble /usr/bin/cmake --install /root/ros2_ws/build/humanoid_description
[1.505s] INFO:colcon.colcon_core.task.python.build:Building Python package in '/root/ros2_ws/src/my_py_pkg'
[1.505s] INFO:colcon.colcon_core.shell:Skip shell extension 'powershell' for command environment: Not usable outside of PowerShell
[1.506s] DEBUG:colcon.colcon_core.shell:Skip shell extension 'dsv' for command environment
[1.518s] Level 1:colcon.colcon_core.environment:create_environment_scripts_only(humanoid_description)
[1.518s] DEBUG:colcon.colcon_core.event_handler.log_command:Invoked command in '/root/ros2_ws/build/humanoid_description' returned '0': CMAKE_PREFIX_PATH=${CMAKE_PREFIX_PATH}:/root/ros2_ws/install/rviz_slider_test:/root/ros2_ws/install/my_sensor_package:/root/ros2_ws/install/my_py_pkg:/root/ros2_ws/install/humanoid_perception:/root/ros2_ws/install/humanoid_final_control:/opt/ros/humble /usr/bin/cmake --install /root/ros2_ws/build/humanoid_description
[1.523s] Level 1:colcon.colcon_core.environment:checking '/root/ros2_ws/install/humanoid_description' for CMake module files
[1.523s] Level 1:colcon.colcon_core.environment:checking '/root/ros2_ws/install/humanoid_description' for CMake config files
[1.524s] Level 1:colcon.colcon_core.shell:create_environment_hook('humanoid_description', 'cmake_prefix_path')
[1.524s] INFO:colcon.colcon_core.shell:Creating environment hook '/root/ros2_ws/install/humanoid_description/share/humanoid_description/hook/cmake_prefix_path.ps1'
[1.524s] INFO:colcon.colcon_core.shell:Creating environment descriptor '/root/ros2_ws/install/humanoid_description/share/humanoid_description/hook/cmake_prefix_path.dsv'
[1.525s] INFO:colcon.colcon_core.shell:Creating environment hook '/root/ros2_ws/install/humanoid_description/share/humanoid_description/hook/cmake_prefix_path.sh'
[1.525s] Level 1:colcon.colcon_core.environment:checking '/root/ros2_ws/install/humanoid_description/bin'
[1.525s] Level 1:colcon.colcon_core.environment:checking '/root/ros2_ws/install/humanoid_description/lib/pkgconfig/humanoid_description.pc'
[1.526s] Level 1:colcon.colcon_core.environment:checking '/root/ros2_ws/install/humanoid_description/lib/python3.10/site-packages'
[1.526s] Level 1:colcon.colcon_core.environment:checking '/root/ros2_ws/install/humanoid_description/bin'
[1.526s] INFO:colcon.colcon_core.shell:Creating package script '/root/ros2_ws/install/humanoid_description/share/humanoid_description/package.ps1'
[1.527s] INFO:colcon.colcon_core.shell:Creating package descriptor '/root/ros2_ws/install/humanoid_description/share/humanoid_description/package.dsv'
[1.527s] INFO:colcon.colcon_core.shell:Creating package script '/root/ros2_ws/install/humanoid_description/share/humanoid_description/package.sh'
[1.528s] INFO:colcon.colcon_core.shell:Creating package script '/root/ros2_ws/install/humanoid_description/share/humanoid_description/package.bash'
[1.529s] INFO:colcon.colcon_core.shell:Creating package script '/root/ros2_ws/install/humanoid_description/share/humanoid_description/package.zsh'
[1.530s] Level 1:colcon.colcon_core.environment:create_file_with_runtime_dependencies(/root/ros2_ws/install/humanoid_description/share/colcon-core/packages/humanoid_description)
[1.530s] Level 1:colcon.colcon_core.environment:create_environment_scripts_only(humanoid_description)
[1.530s] Level 1:colcon.colcon_core.environment:checking '/root/ros2_ws/install/humanoid_description' for CMake module files
[1.530s] Level 1:colcon.colcon_core.environment:checking '/root/ros2_ws/install/humanoid_description' for CMake config files
[1.531s] Level 1:colcon.colcon_core.shell:create_environment_hook('humanoid_description', 'cmake_prefix_path')
[1.531s] INFO:colcon.colcon_core.shell:Creating environment hook '/root/ros2_ws/install/humanoid_description/share/humanoid_description/hook/cmake_prefix_path.ps1'
[1.531s] INFO:colcon.colcon_core.shell:Creating environment descriptor '/root/ros2_ws/install/humanoid_description/share/humanoid_description/hook/cmake_prefix_path.dsv'
[1.532s] INFO:colcon.colcon_core.shell:Creating environment hook '/root/ros2_ws/install/humanoid_description/share/humanoid_description/hook/cmake_prefix_path.sh'
[1.532s] Level 1:colcon.colcon_core.environment:checking '/root/ros2_ws/install/humanoid_description/bin'
[1.532s] Level 1:colcon.colcon_core.environment:checking '/root/ros2_ws/install/humanoid_description/lib/pkgconfig/humanoid_description.pc'
[1.532s] Level 1:colcon.colcon_core.environment:checking '/root/ros2_ws/install/humanoid_description/lib/python3.10/site-packages'
[1.532s] Level 1:colcon.colcon_core.environment:checking '/root/ros2_ws/install/humanoid_description/bin'
[1.533s] INFO:colcon.colcon_core.shell:Creating package script '/root/ros2_ws/install/humanoid_description/share/humanoid_description/package.ps1'
[1.533s] INFO:colcon.colcon_core.shell:Creating package descriptor '/root/ros2_ws/install/humanoid_description/share/humanoid_description/package.dsv'
[1.533s] INFO:colcon.colcon_core.shell:Creating package script '/root/ros2_ws/install/humanoid_description/share/humanoid_description/package.sh'
[1.534s] INFO:colcon.colcon_core.shell:Creating package script '/root/ros2_ws/install/humanoid_description/share/humanoid_description/package.bash'
[1.534s] INFO:colcon.colcon_core.shell:Creating package script '/root/ros2_ws/install/humanoid_description/share/humanoid_description/package.zsh'
[1.534s] Level 1:colcon.colcon_core.environment:create_file_with_runtime_dependencies(/root/ros2_ws/install/humanoid_description/share/colcon-core/packages/humanoid_description)
[1.961s] DEBUG:colcon.colcon_core.event_handler.log_command:Invoking command in '/root/ros2_ws/src/humanoid_final_control': PYTHONPATH=/root/ros2_ws/build/humanoid_final_control/prefix_override:/usr/lib/python3/dist-packages/colcon_core/task/python/colcon_distutils_commands:/root/ros2_ws/install/humanoid_final_control/lib/python3.10/site-packages:${PYTHONPATH} /usr/bin/python3 -W ignore:setup.py install is deprecated -W ignore:easy_install command is deprecated setup.py egg_info --egg-base ../../build/humanoid_final_control build --build-base /root/ros2_ws/build/humanoid_final_control/build install --record /root/ros2_ws/build/humanoid_final_control/install.log --single-version-externally-managed install_data
[1.965s] DEBUG:colcon.colcon_core.event_handler.log_command:Invoking command in '/root/ros2_ws/src/my_py_pkg': PYTHONPATH=/root/ros2_ws/build/my_py_pkg/prefix_override:/usr/lib/python3/dist-packages/colcon_core/task/python/colcon_distutils_commands:/root/ros2_ws/install/my_py_pkg/lib/python3.10/site-packages:${PYTHONPATH} /usr/bin/python3 -W ignore:setup.py install is deprecated -W ignore:easy_install command is deprecated setup.py egg_info --egg-base ../../build/my_py_pkg build --build-base /root/ros2_ws/build/my_py_pkg/build install --record /root/ros2_ws/build/my_py_pkg/install.log --single-version-externally-managed install_data
[1.966s] DEBUG:colcon.colcon_core.event_handler.log_command:Invoking command in '/root/ros2_ws/src/my_sensor_package': PYTHONPATH=/root/ros2_ws/build/my_sensor_package/prefix_override:/usr/lib/python3/dist-packages/colcon_core/task/python/colcon_distutils_commands:/root/ros2_ws/install/my_sensor_package/lib/python3.10/site-packages:${PYTHONPATH} /usr/bin/python3 -W ignore:setup.py install is deprecated -W ignore:easy_install command is deprecated setup.py egg_info --egg-base ../../build/my_sensor_package build --build-base /root/ros2_ws/build/my_sensor_package/build install --record /root/ros2_ws/build/my_sensor_package/install.log --single-version-externally-managed install_data
[1.967s] DEBUG:colcon.colcon_core.event_handler.log_command:Invoking command in '/root/ros2_ws/src/humanoid_perception': PYTHONPATH=/root/ros2_ws/build/humanoid_perception/prefix_override:/usr/lib/python3/dist-packages/colcon_core/task/python/colcon_distutils_commands:/root/ros2_ws/install/humanoid_perception/lib/python3.10/site-packages:${PYTHONPATH} /usr/bin/python3 -W ignore:setup.py install is deprecated -W ignore:easy_install command is deprecated setup.py egg_info --egg-base ../../build/humanoid_perception build --build-base /root/ros2_ws/build/humanoid_perception/build install --record /root/ros2_ws/build/humanoid_perception/install.log --single-version-externally-managed install_data
[2.196s] Level 1:colcon.colcon_core.environment:checking '/root/ros2_ws/install/humanoid_final_control' for CMake module files
[2.197s] DEBUG:colcon.colcon_core.event_handler.log_command:Invoked command in '/root/ros2_ws/src/humanoid_final_control' returned '0': PYTHONPATH=/root/ros2_ws/build/humanoid_final_control/prefix_override:/usr/lib/python3/dist-packages/colcon_core/task/python/colcon_distutils_commands:/root/ros2_ws/install/humanoid_final_control/lib/python3.10/site-packages:${PYTHONPATH} /usr/bin/python3 -W ignore:setup.py install is deprecated -W ignore:easy_install command is deprecated setup.py egg_info --egg-base ../../build/humanoid_final_control build --build-base /root/ros2_ws/build/humanoid_final_control/build install --record /root/ros2_ws/build/humanoid_final_control/install.log --single-version-externally-managed install_data
[2.197s] Level 1:colcon.colcon_core.environment:checking '/root/ros2_ws/install/humanoid_final_control' for CMake config files
[2.198s] Level 1:colcon.colcon_core.environment:checking '/root/ros2_ws/install/humanoid_final_control/lib'
[2.198s] Level 1:colcon.colcon_core.environment:checking '/root/ros2_ws/install/humanoid_final_control/bin'
[2.198s] Level 1:colcon.colcon_core.environment:checking '/root/ros2_ws/install/humanoid_final_control/lib/pkgconfig/humanoid_final_control.pc'
[2.198s] Level 1:colcon.colcon_core.environment:checking '/root/ros2_ws/install/humanoid_final_control/lib/python3.10/site-packages'
[2.198s] Level 1:colcon.colcon_core.shell:create_environment_hook('humanoid_final_control', 'pythonpath')
[2.199s] INFO:colcon.colcon_core.shell:Creating environment hook '/root/ros2_ws/install/humanoid_final_control/share/humanoid_final_control/hook/pythonpath.ps1'
[2.199s] INFO:colcon.colcon_core.shell:Creating environment descriptor '/root/ros2_ws/install/humanoid_final_control/share/humanoid_final_control/hook/pythonpath.dsv'
[2.199s] INFO:colcon.colcon_core.shell:Creating environment hook '/root/ros2_ws/install/humanoid_final_control/share/humanoid_final_control/hook/pythonpath.sh'
[2.200s] Level 1:colcon.colcon_core.environment:checking '/root/ros2_ws/install/humanoid_final_control/bin'
[2.200s] Level 1:colcon.colcon_core.environment:create_environment_scripts_only(humanoid_final_control)
[2.200s] INFO:colcon.colcon_core.shell:Creating package script '/root/ros2_ws/install/humanoid_final_control/share/humanoid_final_control/package.ps1'
[2.201s] INFO:colcon.colcon_core.shell:Creating package descriptor '/root/ros2_ws/install/humanoid_final_control/share/humanoid_final_control/package.dsv'
[2.201s] INFO:colcon.colcon_core.shell:Creating package script '/root/ros2_ws/install/humanoid_final_control/share/humanoid_final_control/package.sh'
[2.201s] INFO:colcon.colcon_core.shell:Creating package script '/root/ros2_ws/install/humanoid_final_control/share/humanoid_final_control/package.bash'
[2.202s] INFO:colcon.colcon_core.shell:Creating package script '/root/ros2_ws/install/humanoid_final_control/share/humanoid_final_control/package.zsh'
[2.202s] Level 1:colcon.colcon_core.environment:create_file_with_runtime_dependencies(/root/ros2_ws/install/humanoid_final_control/share/colcon-core/packages/humanoid_final_control)
[2.205s] Level 1:colcon.colcon_core.environment:checking '/root/ros2_ws/install/humanoid_perception' for CMake module files
[2.206s] DEBUG:colcon.colcon_core.event_handler.log_command:Invoked command in '/root/ros2_ws/src/humanoid_perception' returned '0': PYTHONPATH=/root/ros2_ws/build/humanoid_perception/prefix_override:/usr/lib/python3/dist-packages/colcon_core/task/python/colcon_distutils_commands:/root/ros2_ws/install/humanoid_perception/lib/python3.10/site-packages:${PYTHONPATH} /usr/bin/python3 -W ignore:setup.py install is deprecated -W ignore:easy_install command is deprecated setup.py egg_info --egg-base ../../build/humanoid_perception build --build-base /root/ros2_ws/build/humanoid_perception/build install --record /root/ros2_ws/build/humanoid_perception/install.log --single-version-externally-managed install_data
[2.206s] Level 1:colcon.colcon_core.environment:checking '/root/ros2_ws/install/humanoid_perception' for CMake config files
[2.207s] Level 1:colcon.colcon_core.environment:checking '/root/ros2_ws/install/humanoid_perception/lib'
[2.207s] Level 1:colcon.colcon_core.environment:checking '/root/ros2_ws/install/humanoid_perception/bin'
[2.207s] Level 1:colcon.colcon_core.environment:checking '/root/ros2_ws/install/humanoid_perception/lib/pkgconfig/humanoid_perception.pc'
[2.207s] Level 1:colcon.colcon_core.environment:checking '/root/ros2_ws/install/humanoid_perception/lib/python3.10/site-packages'
[2.207s] Level 1:colcon.colcon_core.shell:create_environment_hook('humanoid_perception', 'pythonpath')
[2.207s] INFO:colcon.colcon_core.shell:Creating environment hook '/root/ros2_ws/install/humanoid_perception/share/humanoid_perception/hook/pythonpath.ps1'
[2.208s] INFO:colcon.colcon_core.shell:Creating environment descriptor '/root/ros2_ws/install/humanoid_perception/share/humanoid_perception/hook/pythonpath.dsv'
[2.208s] INFO:colcon.colcon_core.shell:Creating environment hook '/root/ros2_ws/install/humanoid_perception/share/humanoid_perception/hook/pythonpath.sh'
[2.209s] Level 1:colcon.colcon_core.environment:checking '/root/ros2_ws/install/humanoid_perception/bin'
[2.209s] Level 1:colcon.colcon_core.environment:create_environment_scripts_only(humanoid_perception)
[2.209s] INFO:colcon.colcon_core.shell:Creating package script '/root/ros2_ws/install/humanoid_perception/share/humanoid_perception/package.ps1'
[2.209s] INFO:colcon.colcon_core.shell:Creating package descriptor '/root/ros2_ws/install/humanoid_perception/share/humanoid_perception/package.dsv'
[2.210s] INFO:colcon.colcon_core.shell:Creating package script '/root/ros2_ws/install/humanoid_perception/share/humanoid_perception/package.sh'
[2.210s] INFO:colcon.colcon_core.shell:Creating package script '/root/ros2_ws/install/humanoid_perception/share/humanoid_perception/package.bash'
[2.210s] INFO:colcon.colcon_core.shell:Creating package script '/root/ros2_ws/install/humanoid_perception/share/humanoid_perception/package.zsh'
[2.211s] Level 1:colcon.colcon_core.environment:create_file_with_runtime_dependencies(/root/ros2_ws/install/humanoid_perception/share/colcon-core/packages/humanoid_perception)
[2.221s] Level 1:colcon.colcon_core.environment:checking '/root/ros2_ws/install/my_sensor_package' for CMake module files
[2.222s] DEBUG:colcon.colcon_core.event_handler.log_command:Invoked command in '/root/ros2_ws/src/my_sensor_package' returned '0': PYTHONPATH=/root/ros2_ws/build/my_sensor_package/prefix_override:/usr/lib/python3/dist-packages/colcon_core/task/python/colcon_distutils_commands:/root/ros2_ws/install/my_sensor_package/lib/python3.10/site-packages:${PYTHONPATH} /usr/bin/python3 -W ignore:setup.py install is deprecated -W ignore:easy_install command is deprecated setup.py egg_info --egg-base ../../build/my_sensor_package build --build-base /root/ros2_ws/build/my_sensor_package/build install --record /root/ros2_ws/build/my_sensor_package/install.log --single-version-externally-managed install_data
[2.222s] Level 1:colcon.colcon_core.environment:checking '/root/ros2_ws/install/my_sensor_package' for CMake config files
[2.223s] Level 1:colcon.colcon_core.environment:checking '/root/ros2_ws/install/my_sensor_package/lib'
[2.223s] Level 1:colcon.colcon_core.environment:checking '/root/ros2_ws/install/my_sensor_package/bin'
[2.223s] Level 1:colcon.colcon_core.environment:checking '/root/ros2_ws/install/my_sensor_package/lib/pkgconfig/my_sensor_package.pc'
[2.223s] Level 1:colcon.colcon_core.environment:checking '/root/ros2_ws/install/my_sensor_package/lib/python3.10/site-packages'
[2.223s] Level 1:colcon.colcon_core.shell:create_environment_hook('my_sensor_package', 'pythonpath')
[2.223s] INFO:colcon.colcon_core.shell:Creating environment hook '/root/ros2_ws/install/my_sensor_package/share/my_sensor_package/hook/pythonpath.ps1'
[2.224s] INFO:colcon.colcon_core.shell:Creating environment descriptor '/root/ros2_ws/install/my_sensor_package/share/my_sensor_package/hook/pythonpath.dsv'
[2.224s] INFO:colcon.colcon_core.shell:Creating environment hook '/root/ros2_ws/install/my_sensor_package/share/my_sensor_package/hook/pythonpath.sh'
[2.225s] Level 1:colcon.colcon_core.environment:checking '/root/ros2_ws/install/my_sensor_package/bin'
[2.225s] Level 1:colcon.colcon_core.environment:create_environment_scripts_only(my_sensor_package)
[2.225s] INFO:colcon.colcon_core.shell:Creating package script '/root/ros2_ws/install/my_sensor_package/share/my_sensor_package/package.ps1'
[2.225s] INFO:colcon.colcon_core.shell:Creating package descriptor '/root/ros2_ws/install/my_sensor_package/share/my_sensor_package/package.dsv'
[2.226s] INFO:colcon.colcon_core.shell:Creating package script '/root/ros2_ws/install/my_sensor_package/share/my_sensor_package/package.sh'
[2.226s] INFO:colcon.colcon_core.shell:Creating package script '/root/ros2_ws/install/my_sensor_package/share/my_sensor_package/package.bash'
[2.226s] INFO:colcon.colcon_core.shell:Creating package script '/root/ros2_ws/install/my_sensor_package/share/my_sensor_package/package.zsh'
[2.227s] Level 1:colcon.colcon_core.environment:create_file_with_runtime_dependencies(/root/ros2_ws/install/my_sensor_package/share/colcon-core/packages/my_sensor_package)
[2.227s] INFO:colcon.colcon_ros.task.ament_cmake.build:Building ROS package in '/root/ros2_ws/src/my_robot_bringup' with build type 'ament_cmake'
[2.227s] INFO:colcon.colcon_cmake.task.cmake.build:Building CMake package in '/root/ros2_ws/src/my_robot_bringup'
[2.228s] INFO:colcon.colcon_core.shell:Skip shell extension 'powershell' for command environment: Not usable outside of PowerShell
[2.228s] DEBUG:colcon.colcon_core.shell:Skip shell extension 'dsv' for command environment
[2.232s] Level 1:colcon.colcon_core.environment:checking '/root/ros2_ws/install/my_py_pkg' for CMake module files
[2.232s] DEBUG:colcon.colcon_core.event_handler.log_command:Invoked command in '/root/ros2_ws/src/my_py_pkg' returned '0': PYTHONPATH=/root/ros2_ws/build/my_py_pkg/prefix_override:/usr/lib/python3/dist-packages/colcon_core/task/python/colcon_distutils_commands:/root/ros2_ws/install/my_py_pkg/lib/python3.10/site-packages:${PYTHONPATH} /usr/bin/python3 -W ignore:setup.py install is deprecated -W ignore:easy_install command is deprecated setup.py egg_info --egg-base ../../build/my_py_pkg build --build-base /root/ros2_ws/build/my_py_pkg/build install --record /root/ros2_ws/build/my_py_pkg/install.log --single-version-externally-managed install_data
[2.232s] Level 1:colcon.colcon_core.environment:checking '/root/ros2_ws/install/my_py_pkg' for CMake config files
[2.233s] Level 1:colcon.colcon_core.environment:checking '/root/ros2_ws/install/my_py_pkg/lib'
[2.233s] Level 1:colcon.colcon_core.environment:checking '/root/ros2_ws/install/my_py_pkg/bin'
[2.233s] Level 1:colcon.colcon_core.environment:checking '/root/ros2_ws/install/my_py_pkg/lib/pkgconfig/my_py_pkg.pc'
[2.233s] Level 1:colcon.colcon_core.environment:checking '/root/ros2_ws/install/my_py_pkg/lib/python3.10/site-packages'
[2.233s] Level 1:colcon.colcon_core.shell:create_environment_hook('my_py_pkg', 'pythonpath')
[2.233s] INFO:colcon.colcon_core.shell:Creating environment hook '/root/ros2_ws/install/my_py_pkg/share/my_py_pkg/hook/pythonpath.ps1'
[2.234s] INFO:colcon.colcon_core.shell:Creating environment descriptor '/root/ros2_ws/install/my_py_pkg/share/my_py_pkg/hook/pythonpath.dsv'
[2.234s] INFO:colcon.colcon_core.shell:Creating environment hook '/root/ros2_ws/install/my_py_pkg/share/my_py_pkg/hook/pythonpath.sh'
[2.234s] Level 1:colcon.colcon_core.environment:checking '/root/ros2_ws/install/my_py_pkg/bin'
[2.235s] Level 1:colcon.colcon_core.environment:create_environment_scripts_only(my_py_pkg)
[2.235s] INFO:colcon.colcon_core.shell:Creating package script '/root/ros2_ws/install/my_py_pkg/share/my_py_pkg/package.ps1'
[2.235s] INFO:colcon.colcon_core.shell:Creating package descriptor '/root/ros2_ws/install/my_py_pkg/share/my_py_pkg/package.dsv'
[2.236s] INFO:colcon.colcon_core.shell:Creating package script '/root/ros2_ws/install/my_py_pkg/share/my_py_pkg/package.sh'
[2.236s] INFO:colcon.colcon_core.shell:Creating package script '/root/ros2_ws/install/my_py_pkg/share/my_py_pkg/package.bash'
[2.236s] INFO:colcon.colcon_core.shell:Creating package script '/root/ros2_ws/install/my_py_pkg/share/my_py_pkg/package.zsh'
[2.236s] Level 1:colcon.colcon_core.environment:create_file_with_runtime_dependencies(/root/ros2_ws/install/my_py_pkg/share/colcon-core/packages/my_py_pkg)
[2.295s] DEBUG:colcon.colcon_core.event_handler.log_command:Invoking command in '/root/ros2_ws/build/my_robot_bringup': AMENT_PREFIX_PATH=/root/ros2_ws/install/my_sensor_package:/root/ros2_ws/install/rviz_slider_test:/root/ros2_ws/install/ros2_control_demos:/root/ros2_ws/install/my_robot_bringup:/root/ros2_ws/install/my_py_pkg:/root/ros2_ws/install/ign_ros2_control_demos:/root/ros2_ws/install/humanoid_perception:/root/ros2_ws/install/humanoid_final_control:/root/ros2_ws/install/humanoid_description:/opt/ros/humble CMAKE_PREFIX_PATH=${CMAKE_PREFIX_PATH}:/root/ros2_ws/install/rviz_slider_test:/root/ros2_ws/install/my_sensor_package:/root/ros2_ws/install/my_py_pkg:/root/ros2_ws/install/humanoid_perception:/root/ros2_ws/install/humanoid_final_control:/opt/ros/humble PYTHONPATH=/root/ros2_ws/install/my_sensor_package/lib/python3.10/site-packages:/root/ros2_ws/install/rviz_slider_test/lib/python3.10/site-packages:/root/ros2_ws/install/my_py_pkg/lib/python3.10/site-packages:/root/ros2_ws/install/humanoid_perception/lib/python3.10/site-packages:/root/ros2_ws/install/humanoid_final_control/lib/python3.10/site-packages:/opt/ros/humble/lib/python3.10/site-packages:/opt/ros/humble/local/lib/python3.10/dist-packages /usr/bin/cmake --build /root/ros2_ws/build/my_robot_bringup -- -j16 -l16
[2.335s] DEBUG:colcon.colcon_core.event_handler.log_command:Invoked command in '/root/ros2_ws/build/my_robot_bringup' returned '0': AMENT_PREFIX_PATH=/root/ros2_ws/install/my_sensor_package:/root/ros2_ws/install/rviz_slider_test:/root/ros2_ws/install/ros2_control_demos:/root/ros2_ws/install/my_robot_bringup:/root/ros2_ws/install/my_py_pkg:/root/ros2_ws/install/ign_ros2_control_demos:/root/ros2_ws/install/humanoid_perception:/root/ros2_ws/install/humanoid_final_control:/root/ros2_ws/install/humanoid_description:/opt/ros/humble CMAKE_PREFIX_PATH=${CMAKE_PREFIX_PATH}:/root/ros2_ws/install/rviz_slider_test:/root/ros2_ws/install/my_sensor_package:/root/ros2_ws/install/my_py_pkg:/root/ros2_ws/install/humanoid_perception:/root/ros2_ws/install/humanoid_final_control:/opt/ros/humble PYTHONPATH=/root/ros2_ws/install/my_sensor_package/lib/python3.10/site-packages:/root/ros2_ws/install/rviz_slider_test/lib/python3.10/site-packages:/root/ros2_ws/install/my_py_pkg/lib/python3.10/site-packages:/root/ros2_ws/install/humanoid_perception/lib/python3.10/site-packages:/root/ros2_ws/install/humanoid_final_control/lib/python3.10/site-packages:/opt/ros/humble/lib/python3.10/site-packages:/opt/ros/humble/local/lib/python3.10/dist-packages /usr/bin/cmake --build /root/ros2_ws/build/my_robot_bringup -- -j16 -l16
[2.337s] DEBUG:colcon.colcon_core.event_handler.log_command:Invoking command in '/root/ros2_ws/build/my_robot_bringup': AMENT_PREFIX_PATH=/root/ros2_ws/install/my_sensor_package:/root/ros2_ws/install/rviz_slider_test:/root/ros2_ws/install/ros2_control_demos:/root/ros2_ws/install/my_robot_bringup:/root/ros2_ws/install/my_py_pkg:/root/ros2_ws/install/ign_ros2_control_demos:/root/ros2_ws/install/humanoid_perception:/root/ros2_ws/install/humanoid_final_control:/root/ros2_ws/install/humanoid_description:/opt/ros/humble CMAKE_PREFIX_PATH=${CMAKE_PREFIX_PATH}:/root/ros2_ws/install/rviz_slider_test:/root/ros2_ws/install/my_sensor_package:/root/ros2_ws/install/my_py_pkg:/root/ros2_ws/install/humanoid_perception:/root/ros2_ws/install/humanoid_final_control:/opt/ros/humble PYTHONPATH=/root/ros2_ws/install/my_sensor_package/lib/python3.10/site-packages:/root/ros2_ws/install/rviz_slider_test/lib/python3.10/site-packages:/root/ros2_ws/install/my_py_pkg/lib/python3.10/site-packages:/root/ros2_ws/install/humanoid_perception/lib/python3.10/site-packages:/root/ros2_ws/install/humanoid_final_control/lib/python3.10/site-packages:/opt/ros/humble/lib/python3.10/site-packages:/opt/ros/humble/local/lib/python3.10/dist-packages /usr/bin/cmake --install /root/ros2_ws/build/my_robot_bringup
[2.360s] Level 1:colcon.colcon_core.environment:create_environment_scripts_only(my_robot_bringup)
[2.360s] Level 1:colcon.colcon_core.environment:checking '/root/ros2_ws/install/my_robot_bringup' for CMake module files
[2.361s] DEBUG:colcon.colcon_core.event_handler.log_command:Invoked command in '/root/ros2_ws/build/my_robot_bringup' returned '0': AMENT_PREFIX_PATH=/root/ros2_ws/install/my_sensor_package:/root/ros2_ws/install/rviz_slider_test:/root/ros2_ws/install/ros2_control_demos:/root/ros2_ws/install/my_robot_bringup:/root/ros2_ws/install/my_py_pkg:/root/ros2_ws/install/ign_ros2_control_demos:/root/ros2_ws/install/humanoid_perception:/root/ros2_ws/install/humanoid_final_control:/root/ros2_ws/install/humanoid_description:/opt/ros/humble CMAKE_PREFIX_PATH=${CMAKE_PREFIX_PATH}:/root/ros2_ws/install/rviz_slider_test:/root/ros2_ws/install/my_sensor_package:/root/ros2_ws/install/my_py_pkg:/root/ros2_ws/install/humanoid_perception:/root/ros2_ws/install/humanoid_final_control:/opt/ros/humble PYTHONPATH=/root/ros2_ws/install/my_sensor_package/lib/python3.10/site-packages:/root/ros2_ws/install/rviz_slider_test/lib/python3.10/site-packages:/root/ros2_ws/install/my_py_pkg/lib/python3.10/site-packages:/root/ros2_ws/install/humanoid_perception/lib/python3.10/site-packages:/root/ros2_ws/install/humanoid_final_control/lib/python3.10/site-packages:/opt/ros/humble/lib/python3.10/site-packages:/opt/ros/humble/local/lib/python3.10/dist-packages /usr/bin/cmake --install /root/ros2_ws/build/my_robot_bringup
[2.361s] Level 1:colcon.colcon_core.environment:checking '/root/ros2_ws/install/my_robot_bringup' for CMake config files
[2.361s] Level 1:colcon.colcon_core.shell:create_environment_hook('my_robot_bringup', 'cmake_prefix_path')
[2.362s] INFO:colcon.colcon_core.shell:Creating environment hook '/root/ros2_ws/install/my_robot_bringup/share/my_robot_bringup/hook/cmake_prefix_path.ps1'
[2.362s] INFO:colcon.colcon_core.shell:Creating environment descriptor '/root/ros2_ws/install/my_robot_bringup/share/my_robot_bringup/hook/cmake_prefix_path.dsv'
[2.363s] INFO:colcon.colcon_core.shell:Creating environment hook '/root/ros2_ws/install/my_robot_bringup/share/my_robot_bringup/hook/cmake_prefix_path.sh'
[2.363s] Level 1:colcon.colcon_core.environment:checking '/root/ros2_ws/install/my_robot_bringup/bin'
[2.363s] Level 1:colcon.colcon_core.environment:checking '/root/ros2_ws/install/my_robot_bringup/lib/pkgconfig/my_robot_bringup.pc'
[2.363s] Level 1:colcon.colcon_core.environment:checking '/root/ros2_ws/install/my_robot_bringup/lib/python3.10/site-packages'
[2.363s] Level 1:colcon.colcon_core.environment:checking '/root/ros2_ws/install/my_robot_bringup/bin'
[2.364s] INFO:colcon.colcon_core.shell:Creating package script '/root/ros2_ws/install/my_robot_bringup/share/my_robot_bringup/package.ps1'
[2.364s] INFO:colcon.colcon_core.shell:Creating package descriptor '/root/ros2_ws/install/my_robot_bringup/share/my_robot_bringup/package.dsv'
[2.364s] INFO:colcon.colcon_core.shell:Creating package script '/root/ros2_ws/install/my_robot_bringup/share/my_robot_bringup/package.sh'
[2.365s] INFO:colcon.colcon_core.shell:Creating package script '/root/ros2_ws/install/my_robot_bringup/share/my_robot_bringup/package.bash'
[2.366s] INFO:colcon.colcon_core.shell:Creating package script '/root/ros2_ws/install/my_robot_bringup/share/my_robot_bringup/package.zsh'
[2.366s] Level 1:colcon.colcon_core.environment:create_file_with_runtime_dependencies(/root/ros2_ws/install/my_robot_bringup/share/colcon-core/packages/my_robot_bringup)
[2.367s] Level 1:colcon.colcon_core.environment:create_environment_scripts_only(my_robot_bringup)
[2.367s] Level 1:colcon.colcon_core.environment:checking '/root/ros2_ws/install/my_robot_bringup' for CMake module files
[2.367s] Level 1:colcon.colcon_core.environment:checking '/root/ros2_ws/install/my_robot_bringup' for CMake config files
[2.368s] Level 1:colcon.colcon_core.shell:create_environment_hook('my_robot_bringup', 'cmake_prefix_path')
[2.368s] INFO:colcon.colcon_core.shell:Creating environment hook '/root/ros2_ws/install/my_robot_bringup/share/my_robot_bringup/hook/cmake_prefix_path.ps1'
[2.368s] INFO:colcon.colcon_core.shell:Creating environment descriptor '/root/ros2_ws/install/my_robot_bringup/share/my_robot_bringup/hook/cmake_prefix_path.dsv'
[2.369s] INFO:colcon.colcon_core.shell:Creating environment hook '/root/ros2_ws/install/my_robot_bringup/share/my_robot_bringup/hook/cmake_prefix_path.sh'
[2.369s] Level 1:colcon.colcon_core.environment:checking '/root/ros2_ws/install/my_robot_bringup/bin'
[2.369s] Level 1:colcon.colcon_core.environment:checking '/root/ros2_ws/install/my_robot_bringup/lib/pkgconfig/my_robot_bringup.pc'
[2.369s] Level 1:colcon.colcon_core.environment:checking '/root/ros2_ws/install/my_robot_bringup/lib/python3.10/site-packages'
[2.369s] Level 1:colcon.colcon_core.environment:checking '/root/ros2_ws/install/my_robot_bringup/bin'
[2.370s] INFO:colcon.colcon_core.shell:Creating package script '/root/ros2_ws/install/my_robot_bringup/share/my_robot_bringup/package.ps1'
[2.370s] INFO:colcon.colcon_core.shell:Creating package descriptor '/root/ros2_ws/install/my_robot_bringup/share/my_robot_bringup/package.dsv'
[2.370s] INFO:colcon.colcon_core.shell:Creating package script '/root/ros2_ws/install/my_robot_bringup/share/my_robot_bringup/package.sh'
[2.371s] INFO:colcon.colcon_core.shell:Creating package script '/root/ros2_ws/install/my_robot_bringup/share/my_robot_bringup/package.bash'
[2.371s] INFO:colcon.colcon_core.shell:Creating package script '/root/ros2_ws/install/my_robot_bringup/share/my_robot_bringup/package.zsh'
[2.372s] Level 1:colcon.colcon_core.environment:create_file_with_runtime_dependencies(/root/ros2_ws/install/my_robot_bringup/share/colcon-core/packages/my_robot_bringup)
[2.372s] DEBUG:colcon.colcon_parallel_executor.executor.parallel:closing loop
[2.372s] DEBUG:colcon.colcon_parallel_executor.executor.parallel:loop closed
[2.373s] DEBUG:colcon.colcon_parallel_executor.executor.parallel:run_until_complete finished with '0'
[2.373s] DEBUG:colcon.colcon_core.event_reactor:joining thread
[2.406s] INFO:colcon.colcon_core.plugin_system:Skipping extension 'colcon_notification.desktop_notification.notify_send': Could not find 'notify-send'
[2.407s] INFO:colcon.colcon_core.plugin_system:Skipping extension 'colcon_notification.desktop_notification.terminal_notifier': Not used on non-Darwin systems
[2.407s] INFO:colcon.colcon_core.plugin_system:Skipping extension 'colcon_notification.desktop_notification.win32': Not used on non-Windows systems
[2.407s] INFO:colcon.colcon_notification.desktop_notification:Sending desktop notification using 'notify2'
[2.407s] DEBUG:colcon.colcon_notification.desktop_notification.notify2:Failed to initialize notify2: org.freedesktop.DBus.Error.FileNotFound: Failed to connect to socket /run/user/0/bus: No such file or directory
[2.407s] DEBUG:colcon.colcon_core.event_reactor:joined thread
[2.407s] INFO:colcon.colcon_core.shell:Creating prefix script '/root/ros2_ws/install/local_setup.ps1'
[2.409s] INFO:colcon.colcon_core.shell:Creating prefix util module '/root/ros2_ws/install/_local_setup_util_ps1.py'
[2.410s] INFO:colcon.colcon_core.shell:Creating prefix chain script '/root/ros2_ws/install/setup.ps1'
[2.411s] INFO:colcon.colcon_core.shell:Creating prefix script '/root/ros2_ws/install/local_setup.sh'
[2.412s] INFO:colcon.colcon_core.shell:Creating prefix util module '/root/ros2_ws/install/_local_setup_util_sh.py'
[2.412s] INFO:colcon.colcon_core.shell:Creating prefix chain script '/root/ros2_ws/install/setup.sh'
[2.414s] INFO:colcon.colcon_core.shell:Creating prefix script '/root/ros2_ws/install/local_setup.bash'
[2.414s] INFO:colcon.colcon_core.shell:Creating prefix chain script '/root/ros2_ws/install/setup.bash'
[2.416s] INFO:colcon.colcon_core.shell:Creating prefix script '/root/ros2_ws/install/local_setup.zsh'
[2.416s] INFO:colcon.colcon_core.shell:Creating prefix chain script '/root/ros2_ws/install/setup.zsh'
