[0.223s] Invoking command in '/root/ros2_ws/build/humanoid_description': CMAKE_PREFIX_PATH=${CMAKE_PREFIX_PATH}:/root/ros2_ws/install/humanoid_final_control:/root/ros2_ws/install/rviz_slider_test:/root/ros2_ws/install/simple_control_test:/root/ros2_ws/install/ros2_controllers_test_nodes:/root/ros2_ws/install/my_sensor_package:/root/ros2_ws/install/my_py_pkg:/root/ros2_ws/install/humanoid_perception:/root/ros2_ws/src/install/my_sensor_package:/root/ros2_ws/src/install/my_py_pkg:/root/ros2_ws/src/install/humanoid_perception:/root/ros2_ws/src/install/force_test:/opt/ros/humble /usr/bin/cmake --build /root/ros2_ws/build/humanoid_description -- -j16 -l16
[0.966s] Invoked command in '/root/ros2_ws/build/humanoid_description' returned '0': CMAKE_PREFIX_PATH=${CMAKE_PREFIX_PATH}:/root/ros2_ws/install/humanoid_final_control:/root/ros2_ws/install/rviz_slider_test:/root/ros2_ws/install/simple_control_test:/root/ros2_ws/install/ros2_controllers_test_nodes:/root/ros2_ws/install/my_sensor_package:/root/ros2_ws/install/my_py_pkg:/root/ros2_ws/install/humanoid_perception:/root/ros2_ws/src/install/my_sensor_package:/root/ros2_ws/src/install/my_py_pkg:/root/ros2_ws/src/install/humanoid_perception:/root/ros2_ws/src/install/force_test:/opt/ros/humble /usr/bin/cmake --build /root/ros2_ws/build/humanoid_description -- -j16 -l16
[0.976s] Invoking command in '/root/ros2_ws/build/humanoid_description': CMAKE_PREFIX_PATH=${CMAKE_PREFIX_PATH}:/root/ros2_ws/install/humanoid_final_control:/root/ros2_ws/install/rviz_slider_test:/root/ros2_ws/install/simple_control_test:/root/ros2_ws/install/ros2_controllers_test_nodes:/root/ros2_ws/install/my_sensor_package:/root/ros2_ws/install/my_py_pkg:/root/ros2_ws/install/humanoid_perception:/root/ros2_ws/src/install/my_sensor_package:/root/ros2_ws/src/install/my_py_pkg:/root/ros2_ws/src/install/humanoid_perception:/root/ros2_ws/src/install/force_test:/opt/ros/humble /usr/bin/cmake --install /root/ros2_ws/build/humanoid_description
[0.984s] -- Install configuration: ""
[0.985s] -- Execute custom install script
[0.986s] -- Up-to-date symlink: /root/ros2_ws/install/humanoid_description/share/humanoid_description/launch/spawn_humanoid.launch.py
[0.986s] -- Up-to-date symlink: /root/ros2_ws/install/humanoid_description/share/humanoid_description/launch/view_humanoid.launch.py
[0.987s] -- Up-to-date symlink: /root/ros2_ws/install/humanoid_description/share/humanoid_description/urdf/humanoid.urdf.xacro
[0.987s] -- Up-to-date symlink: /root/ros2_ws/install/humanoid_description/share/ament_index/resource_index/package_run_dependencies/humanoid_description
[0.987s] -- Up-to-date symlink: /root/ros2_ws/install/humanoid_description/share/ament_index/resource_index/parent_prefix_path/humanoid_description
[0.987s] -- Up-to-date symlink: /root/ros2_ws/install/humanoid_description/share/humanoid_description/environment/ament_prefix_path.sh
[0.988s] -- Up-to-date symlink: /root/ros2_ws/install/humanoid_description/share/humanoid_description/environment/ament_prefix_path.dsv
[0.988s] -- Up-to-date symlink: /root/ros2_ws/install/humanoid_description/share/humanoid_description/environment/path.sh
[0.988s] -- Up-to-date symlink: /root/ros2_ws/install/humanoid_description/share/humanoid_description/environment/path.dsv
[0.988s] -- Up-to-date symlink: /root/ros2_ws/install/humanoid_description/share/humanoid_description/local_setup.bash
[0.989s] -- Up-to-date symlink: /root/ros2_ws/install/humanoid_description/share/humanoid_description/local_setup.sh
[0.989s] -- Up-to-date symlink: /root/ros2_ws/install/humanoid_description/share/humanoid_description/local_setup.zsh
[0.989s] -- Up-to-date symlink: /root/ros2_ws/install/humanoid_description/share/humanoid_description/local_setup.dsv
[0.989s] -- Symlinking: /root/ros2_ws/install/humanoid_description/share/humanoid_description/package.dsv
[1.000s] -- Up-to-date symlink: /root/ros2_ws/install/humanoid_description/share/ament_index/resource_index/packages/humanoid_description
[1.000s] -- Up-to-date symlink: /root/ros2_ws/install/humanoid_description/share/humanoid_description/cmake/humanoid_descriptionConfig.cmake
[1.001s] -- Up-to-date symlink: /root/ros2_ws/install/humanoid_description/share/humanoid_description/cmake/humanoid_descriptionConfig-version.cmake
[1.001s] -- Up-to-date symlink: /root/ros2_ws/install/humanoid_description/share/humanoid_description/package.xml
[1.004s] Invoked command in '/root/ros2_ws/build/humanoid_description' returned '0': CMAKE_PREFIX_PATH=${CMAKE_PREFIX_PATH}:/root/ros2_ws/install/humanoid_final_control:/root/ros2_ws/install/rviz_slider_test:/root/ros2_ws/install/simple_control_test:/root/ros2_ws/install/ros2_controllers_test_nodes:/root/ros2_ws/install/my_sensor_package:/root/ros2_ws/install/my_py_pkg:/root/ros2_ws/install/humanoid_perception:/root/ros2_ws/src/install/my_sensor_package:/root/ros2_ws/src/install/my_py_pkg:/root/ros2_ws/src/install/humanoid_perception:/root/ros2_ws/src/install/force_test:/opt/ros/humble /usr/bin/cmake --install /root/ros2_ws/build/humanoid_description
