[1.512s] Invoking command in '/root/ros2_ws/build/humanoid_perception': PYTHONPATH=/root/ros2_ws/build/humanoid_perception/prefix_override:/usr/lib/python3/dist-packages/colcon_core/task/python/colcon_distutils_commands:/root/ros2_ws/install/humanoid_perception/lib/python3.10/site-packages:${PYTHONPATH} /usr/bin/python3 -W ignore:setup.py install is deprecated -W ignore:easy_install command is deprecated setup.py develop --uninstall --editable --build-directory /root/ros2_ws/build/humanoid_perception/build
[1.738s] running develop
[1.887s] Removing /root/ros2_ws/install/humanoid_perception/lib/python3.10/site-packages/humanoid-perception.egg-link (link to .)
[1.920s] Invoked command in '/root/ros2_ws/build/humanoid_perception' returned '0': PYTHONPATH=/root/ros2_ws/build/humanoid_perception/prefix_override:/usr/lib/python3/dist-packages/colcon_core/task/python/colcon_distutils_commands:/root/ros2_ws/install/humanoid_perception/lib/python3.10/site-packages:${PYTHONPATH} /usr/bin/python3 -W ignore:setup.py install is deprecated -W ignore:easy_install command is deprecated setup.py develop --uninstall --editable --build-directory /root/ros2_ws/build/humanoid_perception/build
[1.922s] Invoking command in '/root/ros2_ws/src/humanoid_perception': PYTHONPATH=/root/ros2_ws/build/humanoid_perception/prefix_override:/usr/lib/python3/dist-packages/colcon_core/task/python/colcon_distutils_commands:/root/ros2_ws/install/humanoid_perception/lib/python3.10/site-packages:${PYTHONPATH} /usr/bin/python3 -W ignore:setup.py install is deprecated -W ignore:easy_install command is deprecated setup.py egg_info --egg-base ../../build/humanoid_perception build --build-base /root/ros2_ws/build/humanoid_perception/build install --record /root/ros2_ws/build/humanoid_perception/install.log --single-version-externally-managed install_data --force
[2.112s] running egg_info
[2.112s] writing ../../build/humanoid_perception/humanoid_perception.egg-info/PKG-INFO
[2.112s] writing dependency_links to ../../build/humanoid_perception/humanoid_perception.egg-info/dependency_links.txt
[2.113s] writing entry points to ../../build/humanoid_perception/humanoid_perception.egg-info/entry_points.txt
[2.113s] writing requirements to ../../build/humanoid_perception/humanoid_perception.egg-info/requires.txt
[2.113s] writing top-level names to ../../build/humanoid_perception/humanoid_perception.egg-info/top_level.txt
[2.115s] reading manifest file '../../build/humanoid_perception/humanoid_perception.egg-info/SOURCES.txt'
[2.115s] writing manifest file '../../build/humanoid_perception/humanoid_perception.egg-info/SOURCES.txt'
[2.116s] running build
[2.116s] running build_py
[2.116s] creating /root/ros2_ws/build/humanoid_perception/build
[2.116s] creating /root/ros2_ws/build/humanoid_perception/build/lib
[2.117s] creating /root/ros2_ws/build/humanoid_perception/build/lib/humanoid_perception
[2.117s] copying humanoid_perception/__init__.py -> /root/ros2_ws/build/humanoid_perception/build/lib/humanoid_perception
[2.117s] copying humanoid_perception/color_detector.py -> /root/ros2_ws/build/humanoid_perception/build/lib/humanoid_perception
[2.118s] running install
[2.118s] running install_lib
[2.118s] creating /root/ros2_ws/install/humanoid_perception/lib/python3.10/site-packages/humanoid_perception
[2.119s] copying /root/ros2_ws/build/humanoid_perception/build/lib/humanoid_perception/__init__.py -> /root/ros2_ws/install/humanoid_perception/lib/python3.10/site-packages/humanoid_perception
[2.119s] copying /root/ros2_ws/build/humanoid_perception/build/lib/humanoid_perception/color_detector.py -> /root/ros2_ws/install/humanoid_perception/lib/python3.10/site-packages/humanoid_perception
[2.120s] byte-compiling /root/ros2_ws/install/humanoid_perception/lib/python3.10/site-packages/humanoid_perception/__init__.py to __init__.cpython-310.pyc
[2.120s] byte-compiling /root/ros2_ws/install/humanoid_perception/lib/python3.10/site-packages/humanoid_perception/color_detector.py to color_detector.cpython-310.pyc
[2.121s] running install_data
[2.121s] copying resource/humanoid_perception -> /root/ros2_ws/install/humanoid_perception/share/ament_index/resource_index/packages
[2.122s] copying package.xml -> /root/ros2_ws/install/humanoid_perception/share/humanoid_perception
[2.122s] copying launch/perception.launch.py -> /root/ros2_ws/install/humanoid_perception/share/humanoid_perception/launch
[2.123s] running install_egg_info
[2.124s] Copying ../../build/humanoid_perception/humanoid_perception.egg-info to /root/ros2_ws/install/humanoid_perception/lib/python3.10/site-packages/humanoid_perception-0.0.0-py3.10.egg-info
[2.126s] running install_scripts
[2.143s] Installing color_detector script to /root/ros2_ws/install/humanoid_perception/lib/humanoid_perception
[2.144s] writing list of installed files to '/root/ros2_ws/build/humanoid_perception/install.log'
[2.169s] Invoked command in '/root/ros2_ws/src/humanoid_perception' returned '0': PYTHONPATH=/root/ros2_ws/build/humanoid_perception/prefix_override:/usr/lib/python3/dist-packages/colcon_core/task/python/colcon_distutils_commands:/root/ros2_ws/install/humanoid_perception/lib/python3.10/site-packages:${PYTHONPATH} /usr/bin/python3 -W ignore:setup.py install is deprecated -W ignore:easy_install command is deprecated setup.py egg_info --egg-base ../../build/humanoid_perception build --build-base /root/ros2_ws/build/humanoid_perception/build install --record /root/ros2_ws/build/humanoid_perception/install.log --single-version-externally-managed install_data --force
