[0.850s] Invoking command in '/root/ros2_ws/src/my_sensor_package': PYTHONPATH=/root/ros2_ws/build/my_sensor_package/prefix_override:/usr/lib/python3/dist-packages/colcon_core/task/python/colcon_distutils_commands:/root/ros2_ws/install/my_sensor_package/lib/python3.10/site-packages:${PYTHONPATH} /usr/bin/python3 -W ignore:setup.py install is deprecated -W ignore:easy_install command is deprecated setup.py egg_info --egg-base ../../build/my_sensor_package build --build-base /root/ros2_ws/build/my_sensor_package/build install --record /root/ros2_ws/build/my_sensor_package/install.log --single-version-externally-managed install_data
[1.026s] running egg_info
[1.027s] writing ../../build/my_sensor_package/my_sensor_package.egg-info/PKG-INFO
[1.027s] writing dependency_links to ../../build/my_sensor_package/my_sensor_package.egg-info/dependency_links.txt
[1.027s] writing entry points to ../../build/my_sensor_package/my_sensor_package.egg-info/entry_points.txt
[1.028s] writing requirements to ../../build/my_sensor_package/my_sensor_package.egg-info/requires.txt
[1.028s] writing top-level names to ../../build/my_sensor_package/my_sensor_package.egg-info/top_level.txt
[1.029s] reading manifest file '../../build/my_sensor_package/my_sensor_package.egg-info/SOURCES.txt'
[1.030s] writing manifest file '../../build/my_sensor_package/my_sensor_package.egg-info/SOURCES.txt'
[1.030s] running build
[1.030s] running build_py
[1.030s] copying my_sensor_package/sensor_subscriber.py -> /root/ros2_ws/build/my_sensor_package/build/lib/my_sensor_package
[1.031s] running install
[1.032s] running install_lib
[1.032s] copying /root/ros2_ws/build/my_sensor_package/build/lib/my_sensor_package/sensor_subscriber.py -> /root/ros2_ws/install/my_sensor_package/lib/python3.10/site-packages/my_sensor_package
[1.033s] byte-compiling /root/ros2_ws/install/my_sensor_package/lib/python3.10/site-packages/my_sensor_package/sensor_subscriber.py to sensor_subscriber.cpython-310.pyc
[1.034s] running install_data
[1.034s] running install_egg_info
[1.035s] removing '/root/ros2_ws/install/my_sensor_package/lib/python3.10/site-packages/my_sensor_package-0.0.0-py3.10.egg-info' (and everything under it)
[1.036s] Copying ../../build/my_sensor_package/my_sensor_package.egg-info to /root/ros2_ws/install/my_sensor_package/lib/python3.10/site-packages/my_sensor_package-0.0.0-py3.10.egg-info
[1.038s] running install_scripts
[1.054s] Installing sensor_publisher_node script to /root/ros2_ws/install/my_sensor_package/lib/my_sensor_package
[1.054s] Installing sensor_subscriber_node script to /root/ros2_ws/install/my_sensor_package/lib/my_sensor_package
[1.055s] writing list of installed files to '/root/ros2_ws/build/my_sensor_package/install.log'
[1.092s] Invoked command in '/root/ros2_ws/src/my_sensor_package' returned '0': PYTHONPATH=/root/ros2_ws/build/my_sensor_package/prefix_override:/usr/lib/python3/dist-packages/colcon_core/task/python/colcon_distutils_commands:/root/ros2_ws/install/my_sensor_package/lib/python3.10/site-packages:${PYTHONPATH} /usr/bin/python3 -W ignore:setup.py install is deprecated -W ignore:easy_install command is deprecated setup.py egg_info --egg-base ../../build/my_sensor_package build --build-base /root/ros2_ws/build/my_sensor_package/build install --record /root/ros2_ws/build/my_sensor_package/install.log --single-version-externally-managed install_data
