[0.551s] Invoking command in '/root/ros2_ws/build/ros2_control_demos': CMAKE_PREFIX_PATH=${CMAKE_PREFIX_PATH}:/root/ros2_ws/install/simple_control_test:/root/ros2_ws/install/my_sensor_package:/root/ros2_ws/install/my_py_pkg:/root/ros2_ws/install/humanoid_perception:/opt/ros/humble /usr/bin/cmake --build /root/ros2_ws/build/ros2_control_demos -- -j16 -l16
[0.593s] [35m[1mConsolidate compiler generated dependencies of target example_diff_drive[0m
[0.613s] [100%] Built target example_diff_drive
[0.627s] Invoked command in '/root/ros2_ws/build/ros2_control_demos' returned '0': CMAKE_PREFIX_PATH=${CMAKE_PREFIX_PATH}:/root/ros2_ws/install/simple_control_test:/root/ros2_ws/install/my_sensor_package:/root/ros2_ws/install/my_py_pkg:/root/ros2_ws/install/humanoid_perception:/opt/ros/humble /usr/bin/cmake --build /root/ros2_ws/build/ros2_control_demos -- -j16 -l16
[0.629s] Invoking command in '/root/ros2_ws/build/ros2_control_demos': CMAKE_PREFIX_PATH=${CMAKE_PREFIX_PATH}:/root/ros2_ws/install/simple_control_test:/root/ros2_ws/install/my_sensor_package:/root/ros2_ws/install/my_py_pkg:/root/ros2_ws/install/humanoid_perception:/opt/ros/humble /usr/bin/cmake --install /root/ros2_ws/build/ros2_control_demos
[0.637s] -- Install configuration: ""
[0.638s] -- Execute custom install script
[0.638s] -- Up-to-date symlink: /root/ros2_ws/install/ros2_control_demos/share/ros2_control_demos//launch/diff_drive_example.launch.py
[0.638s] -- Up-to-date symlink: /root/ros2_ws/install/ros2_control_demos/share/ros2_control_demos//config/diff_drive_controller_velocity.yaml
[0.639s] -- Up-to-date symlink: /root/ros2_ws/install/ros2_control_demos/share/ros2_control_demos//urdf/test_diff_drive.xacro.urdf
[0.639s] -- Up-to-date symlink: /root/ros2_ws/install/ros2_control_demos/share/ament_index/resource_index/package_run_dependencies/ros2_control_demos
[0.639s] -- Up-to-date symlink: /root/ros2_ws/install/ros2_control_demos/share/ament_index/resource_index/parent_prefix_path/ros2_control_demos
[0.639s] -- Up-to-date symlink: /root/ros2_ws/install/ros2_control_demos/share/ros2_control_demos/environment/ament_prefix_path.sh
[0.639s] -- Up-to-date symlink: /root/ros2_ws/install/ros2_control_demos/share/ros2_control_demos/environment/ament_prefix_path.dsv
[0.639s] -- Up-to-date symlink: /root/ros2_ws/install/ros2_control_demos/share/ros2_control_demos/environment/path.sh
[0.640s] -- Up-to-date symlink: /root/ros2_ws/install/ros2_control_demos/share/ros2_control_demos/environment/path.dsv
[0.640s] -- Up-to-date symlink: /root/ros2_ws/install/ros2_control_demos/share/ros2_control_demos/local_setup.bash
[0.640s] -- Up-to-date symlink: /root/ros2_ws/install/ros2_control_demos/share/ros2_control_demos/local_setup.sh
[0.640s] -- Up-to-date symlink: /root/ros2_ws/install/ros2_control_demos/share/ros2_control_demos/local_setup.zsh
[0.640s] -- Up-to-date symlink: /root/ros2_ws/install/ros2_control_demos/share/ros2_control_demos/local_setup.dsv
[0.640s] -- Symlinking: /root/ros2_ws/install/ros2_control_demos/share/ros2_control_demos/package.dsv
[0.650s] -- Up-to-date symlink: /root/ros2_ws/install/ros2_control_demos/share/ament_index/resource_index/packages/ros2_control_demos
[0.650s] -- Up-to-date symlink: /root/ros2_ws/install/ros2_control_demos/share/ros2_control_demos/cmake/ros2_control_demosConfig.cmake
[0.650s] -- Up-to-date symlink: /root/ros2_ws/install/ros2_control_demos/share/ros2_control_demos/cmake/ros2_control_demosConfig-version.cmake
[0.651s] -- Up-to-date symlink: /root/ros2_ws/install/ros2_control_demos/share/ros2_control_demos/package.xml
[0.653s] Invoked command in '/root/ros2_ws/build/ros2_control_demos' returned '0': CMAKE_PREFIX_PATH=${CMAKE_PREFIX_PATH}:/root/ros2_ws/install/simple_control_test:/root/ros2_ws/install/my_sensor_package:/root/ros2_ws/install/my_py_pkg:/root/ros2_ws/install/humanoid_perception:/opt/ros/humble /usr/bin/cmake --install /root/ros2_ws/build/ros2_control_demos
