[0.232s] Invoking command in '/root/ros2_ws/build/humanoid_description': CMAKE_PREFIX_PATH=${CMAKE_PREFIX_PATH}:/root/ros2_ws/install/my_sensor_package:/root/ros2_ws/install/my_py_pkg:/opt/ros/humble /usr/bin/cmake --build /root/ros2_ws/build/humanoid_description -- -j16 -l16
[0.298s] -- Found ament_cmake: 1.3.11 (/opt/ros/humble/share/ament_cmake/cmake)
[0.420s] -- Override CMake install command with custom implementation using symlinks instead of copying resources
[0.439s] -- Found ament_lint_auto: 0.12.12 (/opt/ros/humble/share/ament_lint_auto/cmake)
[0.510s] -- Added test 'flake8' to check Python code syntax and style conventions
[0.511s] -- Added test 'lint_cmake' to check CMake code style
[0.512s] -- Added test 'pep257' to check Python code against some of the docstring style conventions in PEP 257
[0.514s] -- Added test 'xmllint' to check XML markup files
[0.516s] -- Configuring done
[0.524s] -- Generating done
[0.526s] -- Build files have been written to: /root/ros2_ws/build/humanoid_description
[0.557s] Invoked command in '/root/ros2_ws/build/humanoid_description' returned '0': CMAKE_PREFIX_PATH=${CMAKE_PREFIX_PATH}:/root/ros2_ws/install/my_sensor_package:/root/ros2_ws/install/my_py_pkg:/opt/ros/humble /usr/bin/cmake --build /root/ros2_ws/build/humanoid_description -- -j16 -l16
[0.570s] Invoking command in '/root/ros2_ws/build/humanoid_description': CMAKE_PREFIX_PATH=${CMAKE_PREFIX_PATH}:/root/ros2_ws/install/my_sensor_package:/root/ros2_ws/install/my_py_pkg:/opt/ros/humble /usr/bin/cmake --install /root/ros2_ws/build/humanoid_description
[0.577s] -- Install configuration: ""
[0.578s] -- Execute custom install script
[0.579s] -- Symlinking: /root/ros2_ws/install/humanoid_description/share/humanoid_description/launch/view_humanoid.launch.py
[0.591s] -- Up-to-date symlink: /root/ros2_ws/install/humanoid_description/share/humanoid_description/urdf/humanoid.urdf.xacro
[0.591s] -- Up-to-date symlink: /root/ros2_ws/install/humanoid_description/share/ament_index/resource_index/package_run_dependencies/humanoid_description
[0.591s] -- Up-to-date symlink: /root/ros2_ws/install/humanoid_description/share/ament_index/resource_index/parent_prefix_path/humanoid_description
[0.592s] -- Up-to-date symlink: /root/ros2_ws/install/humanoid_description/share/humanoid_description/environment/ament_prefix_path.sh
[0.592s] -- Up-to-date symlink: /root/ros2_ws/install/humanoid_description/share/humanoid_description/environment/ament_prefix_path.dsv
[0.592s] -- Up-to-date symlink: /root/ros2_ws/install/humanoid_description/share/humanoid_description/environment/path.sh
[0.592s] -- Up-to-date symlink: /root/ros2_ws/install/humanoid_description/share/humanoid_description/environment/path.dsv
[0.593s] -- Up-to-date symlink: /root/ros2_ws/install/humanoid_description/share/humanoid_description/local_setup.bash
[0.593s] -- Up-to-date symlink: /root/ros2_ws/install/humanoid_description/share/humanoid_description/local_setup.sh
[0.593s] -- Up-to-date symlink: /root/ros2_ws/install/humanoid_description/share/humanoid_description/local_setup.zsh
[0.593s] -- Up-to-date symlink: /root/ros2_ws/install/humanoid_description/share/humanoid_description/local_setup.dsv
[0.593s] -- Symlinking: /root/ros2_ws/install/humanoid_description/share/humanoid_description/package.dsv
[0.606s] -- Up-to-date symlink: /root/ros2_ws/install/humanoid_description/share/ament_index/resource_index/packages/humanoid_description
[0.606s] -- Up-to-date symlink: /root/ros2_ws/install/humanoid_description/share/humanoid_description/cmake/humanoid_descriptionConfig.cmake
[0.606s] -- Up-to-date symlink: /root/ros2_ws/install/humanoid_description/share/humanoid_description/cmake/humanoid_descriptionConfig-version.cmake
[0.606s] -- Up-to-date symlink: /root/ros2_ws/install/humanoid_description/share/humanoid_description/package.xml
[0.609s] Invoked command in '/root/ros2_ws/build/humanoid_description' returned '0': CMAKE_PREFIX_PATH=${CMAKE_PREFIX_PATH}:/root/ros2_ws/install/my_sensor_package:/root/ros2_ws/install/my_py_pkg:/opt/ros/humble /usr/bin/cmake --install /root/ros2_ws/build/humanoid_description
