[0.560s] Invoking command in '/root/ros2_ws/src/my_py_pkg': PYTHONPATH=/root/ros2_ws/build/my_py_pkg/prefix_override:/usr/lib/python3/dist-packages/colcon_core/task/python/colcon_distutils_commands:/root/ros2_ws/install/my_py_pkg/lib/python3.10/site-packages:${PYTHONPATH} /usr/bin/python3 -W ignore:setup.py install is deprecated -W ignore:easy_install command is deprecated setup.py egg_info --egg-base ../../build/my_py_pkg build --build-base /root/ros2_ws/build/my_py_pkg/build install --record /root/ros2_ws/build/my_py_pkg/install.log --single-version-externally-managed install_data
[0.713s] running egg_info
[0.713s] writing ../../build/my_py_pkg/my_py_pkg.egg-info/PKG-INFO
[0.714s] writing dependency_links to ../../build/my_py_pkg/my_py_pkg.egg-info/dependency_links.txt
[0.714s] writing entry points to ../../build/my_py_pkg/my_py_pkg.egg-info/entry_points.txt
[0.714s] writing requirements to ../../build/my_py_pkg/my_py_pkg.egg-info/requires.txt
[0.714s] writing top-level names to ../../build/my_py_pkg/my_py_pkg.egg-info/top_level.txt
[0.716s] reading manifest file '../../build/my_py_pkg/my_py_pkg.egg-info/SOURCES.txt'
[0.717s] writing manifest file '../../build/my_py_pkg/my_py_pkg.egg-info/SOURCES.txt'
[0.717s] running build
[0.717s] running build_py
[0.717s] copying my_py_pkg/my_first_node.py -> /root/ros2_ws/build/my_py_pkg/build/lib/my_py_pkg
[0.718s] running install
[0.718s] running install_lib
[0.718s] copying /root/ros2_ws/build/my_py_pkg/build/lib/my_py_pkg/my_first_node.py -> /root/ros2_ws/install/my_py_pkg/lib/python3.10/site-packages/my_py_pkg
[0.719s] byte-compiling /root/ros2_ws/install/my_py_pkg/lib/python3.10/site-packages/my_py_pkg/my_first_node.py to my_first_node.cpython-310.pyc
[0.720s] running install_data
[0.720s] running install_egg_info
[0.721s] removing '/root/ros2_ws/install/my_py_pkg/lib/python3.10/site-packages/my_py_pkg-0.0.0-py3.10.egg-info' (and everything under it)
[0.721s] Copying ../../build/my_py_pkg/my_py_pkg.egg-info to /root/ros2_ws/install/my_py_pkg/lib/python3.10/site-packages/my_py_pkg-0.0.0-py3.10.egg-info
[0.723s] running install_scripts
[0.737s] Installing test_node script to /root/ros2_ws/install/my_py_pkg/lib/my_py_pkg
[0.737s] writing list of installed files to '/root/ros2_ws/build/my_py_pkg/install.log'
[0.756s] Invoked command in '/root/ros2_ws/src/my_py_pkg' returned '0': PYTHONPATH=/root/ros2_ws/build/my_py_pkg/prefix_override:/usr/lib/python3/dist-packages/colcon_core/task/python/colcon_distutils_commands:/root/ros2_ws/install/my_py_pkg/lib/python3.10/site-packages:${PYTHONPATH} /usr/bin/python3 -W ignore:setup.py install is deprecated -W ignore:easy_install command is deprecated setup.py egg_info --egg-base ../../build/my_py_pkg build --build-base /root/ros2_ws/build/my_py_pkg/build install --record /root/ros2_ws/build/my_py_pkg/install.log --single-version-externally-managed install_data
