running egg_info
writing ../../build/humanoid_final_control/humanoid_final_control.egg-info/PKG-INFO
writing dependency_links to ../../build/humanoid_final_control/humanoid_final_control.egg-info/dependency_links.txt
writing entry points to ../../build/humanoid_final_control/humanoid_final_control.egg-info/entry_points.txt
writing requirements to ../../build/humanoid_final_control/humanoid_final_control.egg-info/requires.txt
writing top-level names to ../../build/humanoid_final_control/humanoid_final_control.egg-info/top_level.txt
reading manifest file '../../build/humanoid_final_control/humanoid_final_control.egg-info/SOURCES.txt'
writing manifest file '../../build/humanoid_final_control/humanoid_final_control.egg-info/SOURCES.txt'
running build
running build_py
running install
running install_lib
running install_data
copying launch/final_pipeline.launch.py -> /root/ros2_ws/install/humanoid_final_control/share/humanoid_final_control/launch
running install_egg_info
removing '/root/ros2_ws/install/humanoid_final_control/lib/python3.10/site-packages/humanoid_final_control-0.0.0-py3.10.egg-info' (and everything under it)
Copying ../../build/humanoid_final_control/humanoid_final_control.egg-info to /root/ros2_ws/install/humanoid_final_control/lib/python3.10/site-packages/humanoid_final_control-0.0.0-py3.10.egg-info
running install_scripts
Installing rviz_motion_controller script to /root/ros2_ws/install/humanoid_final_control/lib/humanoid_final_control
writing list of installed files to '/root/ros2_ws/build/humanoid_final_control/install.log'
