[0.212s] Invoking command in '/root/ros2_ws/build/my_robot_bringup': /usr/bin/cmake /root/ros2_ws/src/my_robot_bringup -DCMAKE_INSTALL_PREFIX=/root/ros2_ws/install/my_robot_bringup
[0.260s] -- Found ament_cmake: 1.3.11 (/opt/ros/humble/share/ament_cmake/cmake)
[0.445s] Error parsing '/root/ros2_ws/src/my_robot_bringup/package.xml':
[0.496s] Traceback (most recent call last):
[0.496s]   File "/usr/lib/python3/dist-packages/catkin_pkg/package.py", line 610, in parse_package_string
[0.496s]     root = dom.parseString(data)
[0.496s]   File "/usr/lib/python3.10/xml/dom/minidom.py", line 2000, in parseString
[0.497s]     return expatbuilder.parseString(string)
[0.497s]   File "/usr/lib/python3.10/xml/dom/expatbuilder.py", line 925, in parseString
[0.498s]     return builder.parseString(string)
[0.498s]   File "/usr/lib/python3.10/xml/dom/expatbuilder.py", line 223, in parseString
[0.498s]     parser.Parse(string, True)
[0.498s] xml.parsers.expat.ExpatError: mismatched tag: line 21, column 2
[0.499s] 
[0.499s] During handling of the above exception, another exception occurred:
[0.499s] 
[0.499s] Traceback (most recent call last):
[0.499s]   File "/opt/ros/humble/share/ament_cmake_core/cmake/core/package_xml_2_cmake.py", line 150, in <module>
[0.499s]     main()
[0.499s]   File "/opt/ros/humble/share/ament_cmake_core/cmake/core/package_xml_2_cmake.py", line 53, in main
[0.499s]     raise e
[0.499s]   File "/opt/ros/humble/share/ament_cmake_core/cmake/core/package_xml_2_cmake.py", line 49, in main
[0.499s]     package = parse_package_string(
[0.499s]   File "/usr/lib/python3/dist-packages/catkin_pkg/package.py", line 612, in parse_package_string
[0.500s]     raise InvalidPackage('The manifest contains invalid XML:\n%s' % ex, filename)
[0.500s] catkin_pkg.package.InvalidPackage: Error(s) in package '/root/ros2_ws/src/my_robot_bringup/package.xml':
[0.500s] The manifest contains invalid XML:
[0.500s] mismatched tag: line 21, column 2
[0.516s] [31mCMake Error at /opt/ros/humble/share/ament_cmake_core/cmake/core/ament_package_xml.cmake:95 (message):
[0.516s]   execute_process(/usr/bin/python3
[0.516s]   /opt/ros/humble/share/ament_cmake_core/cmake/core/package_xml_2_cmake.py
[0.516s]   /root/ros2_ws/src/my_robot_bringup/package.xml
[0.516s]   /root/ros2_ws/build/my_robot_bringup/ament_cmake_core/package.cmake)
[0.516s]   returned error code 1
[0.516s] Call Stack (most recent call first):
[0.516s]   /opt/ros/humble/share/ament_cmake_core/cmake/core/ament_package_xml.cmake:49 (_ament_package_xml)
[0.516s]   /opt/ros/humble/share/ament_cmake_core/cmake/core/ament_package.cmake:63 (ament_package_xml)
[0.516s]   CMakeLists.txt:16 (ament_package)
[0.516s] 
[0.516s] [0m
[0.516s] -- Configuring incomplete, errors occurred!
[0.517s] See also "/root/ros2_ws/build/my_robot_bringup/CMakeFiles/CMakeOutput.log".
[0.524s] Invoked command in '/root/ros2_ws/build/my_robot_bringup' returned '1': /usr/bin/cmake /root/ros2_ws/src/my_robot_bringup -DCMAKE_INSTALL_PREFIX=/root/ros2_ws/install/my_robot_bringup
