[0.732s] Invoking command in '/root/ros2_ws/build/my_py_pkg': PYTHONPATH=/root/ros2_ws/build/my_py_pkg/prefix_override:/usr/lib/python3/dist-packages/colcon_core/task/python/colcon_distutils_commands:/root/ros2_ws/install/my_py_pkg/lib/python3.10/site-packages:${PYTHONPATH} /usr/bin/python3 -W ignore:setup.py install is deprecated -W ignore:easy_install command is deprecated setup.py develop --uninstall --editable --build-directory /root/ros2_ws/build/my_py_pkg/build
[0.934s] running develop
[1.056s] Removing /root/ros2_ws/install/my_py_pkg/lib/python3.10/site-packages/my-py-pkg.egg-link (link to .)
[1.083s] Invoked command in '/root/ros2_ws/build/my_py_pkg' returned '0': PYTHONPATH=/root/ros2_ws/build/my_py_pkg/prefix_override:/usr/lib/python3/dist-packages/colcon_core/task/python/colcon_distutils_commands:/root/ros2_ws/install/my_py_pkg/lib/python3.10/site-packages:${PYTHONPATH} /usr/bin/python3 -W ignore:setup.py install is deprecated -W ignore:easy_install command is deprecated setup.py develop --uninstall --editable --build-directory /root/ros2_ws/build/my_py_pkg/build
[1.085s] Invoking command in '/root/ros2_ws/src/my_py_pkg': PYTHONPATH=/root/ros2_ws/build/my_py_pkg/prefix_override:/usr/lib/python3/dist-packages/colcon_core/task/python/colcon_distutils_commands:/root/ros2_ws/install/my_py_pkg/lib/python3.10/site-packages:${PYTHONPATH} /usr/bin/python3 -W ignore:setup.py install is deprecated -W ignore:easy_install command is deprecated setup.py egg_info --egg-base ../../build/my_py_pkg build --build-base /root/ros2_ws/build/my_py_pkg/build install --record /root/ros2_ws/build/my_py_pkg/install.log --single-version-externally-managed install_data --force
[1.275s] running egg_info
[1.276s] writing ../../build/my_py_pkg/my_py_pkg.egg-info/PKG-INFO
[1.276s] writing dependency_links to ../../build/my_py_pkg/my_py_pkg.egg-info/dependency_links.txt
[1.277s] writing entry points to ../../build/my_py_pkg/my_py_pkg.egg-info/entry_points.txt
[1.277s] writing requirements to ../../build/my_py_pkg/my_py_pkg.egg-info/requires.txt
[1.277s] writing top-level names to ../../build/my_py_pkg/my_py_pkg.egg-info/top_level.txt
[1.279s] reading manifest file '../../build/my_py_pkg/my_py_pkg.egg-info/SOURCES.txt'
[1.279s] writing manifest file '../../build/my_py_pkg/my_py_pkg.egg-info/SOURCES.txt'
[1.279s] running build
[1.279s] running build_py
[1.281s] running install
[1.281s] running install_lib
[1.281s] creating /root/ros2_ws/install/my_py_pkg/lib/python3.10/site-packages/my_py_pkg
[1.282s] copying /root/ros2_ws/build/my_py_pkg/build/lib/my_py_pkg/__init__.py -> /root/ros2_ws/install/my_py_pkg/lib/python3.10/site-packages/my_py_pkg
[1.282s] copying /root/ros2_ws/build/my_py_pkg/build/lib/my_py_pkg/turtle_controller.py -> /root/ros2_ws/install/my_py_pkg/lib/python3.10/site-packages/my_py_pkg
[1.283s] copying /root/ros2_ws/build/my_py_pkg/build/lib/my_py_pkg/pose_subscriber.py -> /root/ros2_ws/install/my_py_pkg/lib/python3.10/site-packages/my_py_pkg
[1.283s] copying /root/ros2_ws/build/my_py_pkg/build/lib/my_py_pkg/draw_circle.py -> /root/ros2_ws/install/my_py_pkg/lib/python3.10/site-packages/my_py_pkg
[1.284s] copying /root/ros2_ws/build/my_py_pkg/build/lib/my_py_pkg/my_first_node.py -> /root/ros2_ws/install/my_py_pkg/lib/python3.10/site-packages/my_py_pkg
[1.284s] byte-compiling /root/ros2_ws/install/my_py_pkg/lib/python3.10/site-packages/my_py_pkg/__init__.py to __init__.cpython-310.pyc
[1.285s] byte-compiling /root/ros2_ws/install/my_py_pkg/lib/python3.10/site-packages/my_py_pkg/turtle_controller.py to turtle_controller.cpython-310.pyc
[1.285s] byte-compiling /root/ros2_ws/install/my_py_pkg/lib/python3.10/site-packages/my_py_pkg/pose_subscriber.py to pose_subscriber.cpython-310.pyc
[1.286s] byte-compiling /root/ros2_ws/install/my_py_pkg/lib/python3.10/site-packages/my_py_pkg/draw_circle.py to draw_circle.cpython-310.pyc
[1.286s] byte-compiling /root/ros2_ws/install/my_py_pkg/lib/python3.10/site-packages/my_py_pkg/my_first_node.py to my_first_node.cpython-310.pyc
[1.286s] running install_data
[1.286s] copying resource/my_py_pkg -> /root/ros2_ws/install/my_py_pkg/share/ament_index/resource_index/packages
[1.287s] copying package.xml -> /root/ros2_ws/install/my_py_pkg/share/my_py_pkg
[1.287s] running install_egg_info
[1.288s] Copying ../../build/my_py_pkg/my_py_pkg.egg-info to /root/ros2_ws/install/my_py_pkg/lib/python3.10/site-packages/my_py_pkg-0.0.0-py3.10.egg-info
[1.290s] running install_scripts
[1.307s] Installing draw_circle script to /root/ros2_ws/install/my_py_pkg/lib/my_py_pkg
[1.308s] Installing pose_subscriber script to /root/ros2_ws/install/my_py_pkg/lib/my_py_pkg
[1.308s] Installing test_node script to /root/ros2_ws/install/my_py_pkg/lib/my_py_pkg
[1.308s] Installing turtle_controller script to /root/ros2_ws/install/my_py_pkg/lib/my_py_pkg
[1.308s] writing list of installed files to '/root/ros2_ws/build/my_py_pkg/install.log'
[1.333s] Invoked command in '/root/ros2_ws/src/my_py_pkg' returned '0': PYTHONPATH=/root/ros2_ws/build/my_py_pkg/prefix_override:/usr/lib/python3/dist-packages/colcon_core/task/python/colcon_distutils_commands:/root/ros2_ws/install/my_py_pkg/lib/python3.10/site-packages:${PYTHONPATH} /usr/bin/python3 -W ignore:setup.py install is deprecated -W ignore:easy_install command is deprecated setup.py egg_info --egg-base ../../build/my_py_pkg build --build-base /root/ros2_ws/build/my_py_pkg/build install --record /root/ros2_ws/build/my_py_pkg/install.log --single-version-externally-managed install_data --force
