[0.207s] Invoking command in '/root/ros2_ws/build/humanoid_description': CMAKE_PREFIX_PATH=${CMAKE_PREFIX_PATH}:/root/ros2_ws/install/my_sensor_package:/root/ros2_ws/install/my_py_pkg:/opt/ros/humble /usr/bin/cmake /root/ros2_ws/src/humanoid_description -DAMENT_CMAKE_SYMLINK_INSTALL=1 -DCMAKE_INSTALL_PREFIX=/root/ros2_ws/install/humanoid_description
[0.216s] -- Found ament_cmake: 1.3.11 (/opt/ros/humble/share/ament_cmake/cmake)
[0.322s] -- Override CMake install command with custom implementation using symlinks instead of copying resources
[0.328s] -- Found rclcpp: 16.0.12 (/opt/ros/humble/share/rclcpp/cmake)
[0.450s] -- Found rosidl_generator_c: 3.1.6 (/opt/ros/humble/share/rosidl_generator_c/cmake)
[0.452s] -- Found rosidl_adapter: 3.1.6 (/opt/ros/humble/share/rosidl_adapter/cmake)
[0.457s] -- Found rosidl_generator_cpp: 3.1.6 (/opt/ros/humble/share/rosidl_generator_cpp/cmake)
[0.465s] -- Using all available rosidl_typesupport_c: rosidl_typesupport_fastrtps_c;rosidl_typesupport_introspection_c
[0.474s] -- Using all available rosidl_typesupport_cpp: rosidl_typesupport_fastrtps_cpp;rosidl_typesupport_introspection_cpp
[0.499s] -- Found rmw_implementation_cmake: 6.1.2 (/opt/ros/humble/share/rmw_implementation_cmake/cmake)
[0.500s] -- Found rmw_fastrtps_cpp: 6.2.7 (/opt/ros/humble/share/rmw_fastrtps_cpp/cmake)
[4.252s] -- Using RMW implementation 'rmw_fastrtps_cpp' as default
[4.290s] -- Found rviz2: 11.2.17 (/opt/ros/humble/share/rviz2/cmake)
[5.161s] [31mCMake Error at CMakeLists.txt:12 (find_package):
[5.161s]   By not providing "Findxacro.cmake" in CMAKE_MODULE_PATH this project has
[5.161s]   asked CMake to find a package configuration file provided by "xacro", but
[5.161s]   CMake did not find one.
[5.161s] 
[5.161s]   Could not find a package configuration file provided by "xacro" with any of
[5.161s]   the following names:
[5.161s] 
[5.161s]     xacroConfig.cmake
[5.161s]     xacro-config.cmake
[5.161s] 
[5.161s]   Add the installation prefix of "xacro" to CMAKE_PREFIX_PATH or set
[5.161s]   "xacro_DIR" to a directory containing one of the above files.  If "xacro"
[5.162s]   provides a separate development package or SDK, be sure it has been
[5.162s]   installed.
[5.162s] 
[5.162s] [0m
[5.162s] -- Configuring incomplete, errors occurred!
[5.162s] See also "/root/ros2_ws/build/humanoid_description/CMakeFiles/CMakeOutput.log".
[5.171s] Invoked command in '/root/ros2_ws/build/humanoid_description' returned '1': CMAKE_PREFIX_PATH=${CMAKE_PREFIX_PATH}:/root/ros2_ws/install/my_sensor_package:/root/ros2_ws/install/my_py_pkg:/opt/ros/humble /usr/bin/cmake /root/ros2_ws/src/humanoid_description -DAMENT_CMAKE_SYMLINK_INSTALL=1 -DCMAKE_INSTALL_PREFIX=/root/ros2_ws/install/humanoid_description
