[0.565s] Invoking command in '/root/ros2_ws/build/ros2_control_demos': CMAKE_PREFIX_PATH=${CMAKE_PREFIX_PATH}:/root/ros2_ws/install/simple_control_test:/root/ros2_ws/install/my_sensor_package:/root/ros2_ws/install/my_py_pkg:/root/ros2_ws/install/humanoid_perception:/opt/ros/humble /usr/bin/cmake /root/ros2_ws/src/ros2_control_demos -DAMENT_CMAKE_SYMLINK_INSTALL=1 -DCMAKE_INSTALL_PREFIX=/root/ros2_ws/install/ros2_control_demos
[0.680s] -- The C compiler identification is GNU 11.4.0
[0.959s] -- The CXX compiler identification is GNU 11.4.0
[1.190s] -- Detecting C compiler ABI info
[1.325s] -- Detecting C compiler ABI info - done
[1.330s] -- Check for working C compiler: /usr/bin/cc - skipped
[1.330s] -- Detecting C compile features
[1.330s] -- Detecting C compile features - done
[1.332s] -- Detecting CXX compiler ABI info
[1.446s] -- Detecting CXX compiler ABI info - done
[1.451s] -- Check for working CXX compiler: /usr/bin/c++ - skipped
[1.452s] -- Detecting CXX compile features
[1.452s] -- Detecting CXX compile features - done
[1.454s] -- Found ament_cmake: 1.3.11 (/opt/ros/humble/share/ament_cmake/cmake)
[1.582s] -- Found Python3: /usr/bin/python3 (found version "3.10.12") found components: Interpreter 
[1.634s] -- Override CMake install command with custom implementation using symlinks instead of copying resources
[1.661s] -- Found control_msgs: 4.8.0 (/opt/ros/humble/share/control_msgs/cmake)
[1.809s] -- Found rosidl_generator_c: 3.1.6 (/opt/ros/humble/share/rosidl_generator_c/cmake)
[1.816s] -- Found rosidl_adapter: 3.1.6 (/opt/ros/humble/share/rosidl_adapter/cmake)
[1.826s] -- Found rosidl_generator_cpp: 3.1.6 (/opt/ros/humble/share/rosidl_generator_cpp/cmake)
[1.844s] -- Using all available rosidl_typesupport_c: rosidl_typesupport_fastrtps_c;rosidl_typesupport_introspection_c
[1.863s] -- Using all available rosidl_typesupport_cpp: rosidl_typesupport_fastrtps_cpp;rosidl_typesupport_introspection_cpp
[1.989s] -- Found rclcpp: 16.0.12 (/opt/ros/humble/share/rclcpp/cmake)
[2.036s] -- Found rmw_implementation_cmake: 6.1.2 (/opt/ros/humble/share/rmw_implementation_cmake/cmake)
[2.040s] -- Found rmw_fastrtps_cpp: 6.2.7 (/opt/ros/humble/share/rmw_fastrtps_cpp/cmake)
[2.938s] -- Found OpenSSL: /usr/lib/x86_64-linux-gnu/libcrypto.so (found version "3.0.2")  
[3.832s] -- Found FastRTPS: /opt/ros/humble/include  
[5.457s] -- Using RMW implementation 'rmw_fastrtps_cpp' as default
[5.472s] -- Looking for pthread.h
[5.596s] -- Looking for pthread.h - found
[5.596s] -- Performing Test CMAKE_HAVE_LIBC_PTHREAD
[5.716s] -- Performing Test CMAKE_HAVE_LIBC_PTHREAD - Success
[5.716s] -- Found Threads: TRUE  
[5.759s] -- Found rclcpp_action: 16.0.12 (/opt/ros/humble/share/rclcpp_action/cmake)
[5.769s] -- Found ament_lint_auto: 0.12.12 (/opt/ros/humble/share/ament_lint_auto/cmake)
[5.835s] -- Added test 'cppcheck' to perform static code analysis on C / C++ code
[5.835s] -- Configured cppcheck include dirs: 
[5.835s] -- Configured cppcheck exclude dirs and/or files: 
[5.836s] -- Added test 'flake8' to check Python code syntax and style conventions
[5.836s] -- Added test 'lint_cmake' to check CMake code style
[5.837s] -- Added test 'pep257' to check Python code against some of the docstring style conventions in PEP 257
[5.839s] -- Added test 'uncrustify' to check C / C++ code style
[5.839s] -- Configured uncrustify additional arguments: 
[5.840s] -- Added test 'xmllint' to check XML markup files
[5.841s] -- Configuring done
[5.855s] -- Generating done
[5.858s] -- Build files have been written to: /root/ros2_ws/build/ros2_control_demos
[5.868s] Invoked command in '/root/ros2_ws/build/ros2_control_demos' returned '0': CMAKE_PREFIX_PATH=${CMAKE_PREFIX_PATH}:/root/ros2_ws/install/simple_control_test:/root/ros2_ws/install/my_sensor_package:/root/ros2_ws/install/my_py_pkg:/root/ros2_ws/install/humanoid_perception:/opt/ros/humble /usr/bin/cmake /root/ros2_ws/src/ros2_control_demos -DAMENT_CMAKE_SYMLINK_INSTALL=1 -DCMAKE_INSTALL_PREFIX=/root/ros2_ws/install/ros2_control_demos
[5.870s] Invoking command in '/root/ros2_ws/build/ros2_control_demos': CMAKE_PREFIX_PATH=${CMAKE_PREFIX_PATH}:/root/ros2_ws/install/simple_control_test:/root/ros2_ws/install/my_sensor_package:/root/ros2_ws/install/my_py_pkg:/root/ros2_ws/install/humanoid_perception:/opt/ros/humble /usr/bin/cmake --build /root/ros2_ws/build/ros2_control_demos -- -j16 -l16
[5.919s] [ 50%] [32mBuilding CXX object CMakeFiles/example_diff_drive.dir/examples/example_diff_drive.cpp.o[0m
[9.269s] [100%] [32m[1mLinking CXX executable example_diff_drive[0m
[9.498s] [100%] Built target example_diff_drive
[9.510s] Invoked command in '/root/ros2_ws/build/ros2_control_demos' returned '0': CMAKE_PREFIX_PATH=${CMAKE_PREFIX_PATH}:/root/ros2_ws/install/simple_control_test:/root/ros2_ws/install/my_sensor_package:/root/ros2_ws/install/my_py_pkg:/root/ros2_ws/install/humanoid_perception:/opt/ros/humble /usr/bin/cmake --build /root/ros2_ws/build/ros2_control_demos -- -j16 -l16
[9.511s] Invoking command in '/root/ros2_ws/build/ros2_control_demos': CMAKE_PREFIX_PATH=${CMAKE_PREFIX_PATH}:/root/ros2_ws/install/simple_control_test:/root/ros2_ws/install/my_sensor_package:/root/ros2_ws/install/my_py_pkg:/root/ros2_ws/install/humanoid_perception:/opt/ros/humble /usr/bin/cmake --install /root/ros2_ws/build/ros2_control_demos
[9.518s] -- Install configuration: ""
[9.518s] -- Execute custom install script
[9.520s] -- Symlinking: /root/ros2_ws/install/ros2_control_demos/share/ros2_control_demos//launch/diff_drive_example.launch.py
[9.529s] -- Symlinking: /root/ros2_ws/install/ros2_control_demos/share/ros2_control_demos//config/diff_drive_controller_velocity.yaml
[9.538s] -- Symlinking: /root/ros2_ws/install/ros2_control_demos/share/ros2_control_demos//urdf/test_diff_drive.xacro.urdf
[9.547s] -- Symlinking: /root/ros2_ws/install/ros2_control_demos/share/ament_index/resource_index/package_run_dependencies/ros2_control_demos
[9.556s] -- Symlinking: /root/ros2_ws/install/ros2_control_demos/share/ament_index/resource_index/parent_prefix_path/ros2_control_demos
[9.566s] -- Symlinking: /root/ros2_ws/install/ros2_control_demos/share/ros2_control_demos/environment/ament_prefix_path.sh
[9.574s] -- Symlinking: /root/ros2_ws/install/ros2_control_demos/share/ros2_control_demos/environment/ament_prefix_path.dsv
[9.583s] -- Symlinking: /root/ros2_ws/install/ros2_control_demos/share/ros2_control_demos/environment/path.sh
[9.591s] -- Symlinking: /root/ros2_ws/install/ros2_control_demos/share/ros2_control_demos/environment/path.dsv
[9.600s] -- Symlinking: /root/ros2_ws/install/ros2_control_demos/share/ros2_control_demos/local_setup.bash
[9.609s] -- Symlinking: /root/ros2_ws/install/ros2_control_demos/share/ros2_control_demos/local_setup.sh
[9.617s] -- Symlinking: /root/ros2_ws/install/ros2_control_demos/share/ros2_control_demos/local_setup.zsh
[9.626s] -- Symlinking: /root/ros2_ws/install/ros2_control_demos/share/ros2_control_demos/local_setup.dsv
[9.634s] -- Symlinking: /root/ros2_ws/install/ros2_control_demos/share/ros2_control_demos/package.dsv
[9.644s] -- Symlinking: /root/ros2_ws/install/ros2_control_demos/share/ament_index/resource_index/packages/ros2_control_demos
[9.652s] -- Symlinking: /root/ros2_ws/install/ros2_control_demos/share/ros2_control_demos/cmake/ros2_control_demosConfig.cmake
[9.661s] -- Symlinking: /root/ros2_ws/install/ros2_control_demos/share/ros2_control_demos/cmake/ros2_control_demosConfig-version.cmake
[9.670s] -- Symlinking: /root/ros2_ws/install/ros2_control_demos/share/ros2_control_demos/package.xml
[9.681s] Invoked command in '/root/ros2_ws/build/ros2_control_demos' returned '0': CMAKE_PREFIX_PATH=${CMAKE_PREFIX_PATH}:/root/ros2_ws/install/simple_control_test:/root/ros2_ws/install/my_sensor_package:/root/ros2_ws/install/my_py_pkg:/root/ros2_ws/install/humanoid_perception:/opt/ros/humble /usr/bin/cmake --install /root/ros2_ws/build/ros2_control_demos
