[0.207s] Invoking command in '/root/ros2_ws/build/humanoid_description': CMAKE_PREFIX_PATH=${CMAKE_PREFIX_PATH}:/root/ros2_ws/install/my_sensor_package:/root/ros2_ws/install/my_py_pkg:/opt/ros/humble /usr/bin/cmake /root/ros2_ws/src/humanoid_description -DAMENT_CMAKE_SYMLINK_INSTALL=1 -DCMAKE_INSTALL_PREFIX=/root/ros2_ws/install/humanoid_description
[0.215s] -- Found ament_cmake: 1.3.11 (/opt/ros/humble/share/ament_cmake/cmake)
[0.318s] -- Override CMake install command with custom implementation using symlinks instead of copying resources
[0.324s] -- Found rclcpp: 16.0.12 (/opt/ros/humble/share/rclcpp/cmake)
[0.449s] -- Found rosidl_generator_c: 3.1.6 (/opt/ros/humble/share/rosidl_generator_c/cmake)
[0.451s] -- Found rosidl_adapter: 3.1.6 (/opt/ros/humble/share/rosidl_adapter/cmake)
[0.456s] -- Found rosidl_generator_cpp: 3.1.6 (/opt/ros/humble/share/rosidl_generator_cpp/cmake)
[0.463s] -- Using all available rosidl_typesupport_c: rosidl_typesupport_fastrtps_c;rosidl_typesupport_introspection_c
[0.472s] -- Using all available rosidl_typesupport_cpp: rosidl_typesupport_fastrtps_cpp;rosidl_typesupport_introspection_cpp
[0.496s] -- Found rmw_implementation_cmake: 6.1.2 (/opt/ros/humble/share/rmw_implementation_cmake/cmake)
[0.497s] -- Found rmw_fastrtps_cpp: 6.2.7 (/opt/ros/humble/share/rmw_fastrtps_cpp/cmake)
[4.232s] -- Using RMW implementation 'rmw_fastrtps_cpp' as default
[4.267s] -- Found xacro: 2.0.13 (/opt/ros/humble/share/xacro/cmake)
[5.147s] [31mCMake Error at CMakeLists.txt:14 (find_package):
[5.147s]   By not providing "Findros2launch.cmake" in CMAKE_MODULE_PATH this project
[5.147s]   has asked CMake to find a package configuration file provided by
[5.147s]   "ros2launch", but CMake did not find one.
[5.147s] 
[5.147s]   Could not find a package configuration file provided by "ros2launch" with
[5.147s]   any of the following names:
[5.148s] 
[5.148s]     ros2launchConfig.cmake
[5.148s]     ros2launch-config.cmake
[5.148s] 
[5.148s]   Add the installation prefix of "ros2launch" to CMAKE_PREFIX_PATH or set
[5.148s]   "ros2launch_DIR" to a directory containing one of the above files.  If
[5.148s]   "ros2launch" provides a separate development package or SDK, be sure it has
[5.148s]   been installed.
[5.148s] 
[5.148s] [0m
[5.148s] -- Configuring incomplete, errors occurred!
[5.148s] See also "/root/ros2_ws/build/humanoid_description/CMakeFiles/CMakeOutput.log".
[5.157s] Invoked command in '/root/ros2_ws/build/humanoid_description' returned '1': CMAKE_PREFIX_PATH=${CMAKE_PREFIX_PATH}:/root/ros2_ws/install/my_sensor_package:/root/ros2_ws/install/my_py_pkg:/opt/ros/humble /usr/bin/cmake /root/ros2_ws/src/humanoid_description -DAMENT_CMAKE_SYMLINK_INSTALL=1 -DCMAKE_INSTALL_PREFIX=/root/ros2_ws/install/humanoid_description
