[0.393s] Invoking command in '/root/ros2_ws/build/ign_ros2_control_demos': CMAKE_PREFIX_PATH=${CMAKE_PREFIX_PATH}:/root/ros2_ws/install/simple_control_test:/root/ros2_ws/install/my_sensor_package:/root/ros2_ws/install/my_py_pkg:/root/ros2_ws/install/humanoid_perception:/opt/ros/humble /usr/bin/cmake /root/ros2_ws/src/ign_ros2_control_demos -DAMENT_CMAKE_SYMLINK_INSTALL=1 -DCMAKE_INSTALL_PREFIX=/root/ros2_ws/install/ign_ros2_control_demos
[0.568s] -- The C compiler identification is GNU 11.4.0
[1.008s] -- The CXX compiler identification is GNU 11.4.0
[1.262s] -- Detecting C compiler ABI info
[1.403s] -- Detecting C compiler ABI info - done
[1.408s] -- Check for working C compiler: /usr/bin/cc - skipped
[1.409s] -- Detecting C compile features
[1.409s] -- Detecting C compile features - done
[1.413s] -- Detecting CXX compiler ABI info
[1.587s] -- Detecting CXX compiler ABI info - done
[1.593s] -- Check for working CXX compiler: /usr/bin/c++ - skipped
[1.593s] -- Detecting CXX compile features
[1.593s] -- Detecting CXX compile features - done
[1.602s] -- Found ament_cmake: 1.3.11 (/opt/ros/humble/share/ament_cmake/cmake)
[1.753s] -- Found Python3: /usr/bin/python3 (found version "3.10.12") found components: Interpreter 
[1.820s] -- Override CMake install command with custom implementation using symlinks instead of copying resources
[1.865s] -- Found control_msgs: 4.8.0 (/opt/ros/humble/share/control_msgs/cmake)
[2.016s] -- Found rosidl_generator_c: 3.1.6 (/opt/ros/humble/share/rosidl_generator_c/cmake)
[2.023s] -- Found rosidl_adapter: 3.1.6 (/opt/ros/humble/share/rosidl_adapter/cmake)
[2.034s] -- Found rosidl_generator_cpp: 3.1.6 (/opt/ros/humble/share/rosidl_generator_cpp/cmake)
[2.052s] -- Using all available rosidl_typesupport_c: rosidl_typesupport_fastrtps_c;rosidl_typesupport_introspection_c
[2.072s] -- Using all available rosidl_typesupport_cpp: rosidl_typesupport_fastrtps_cpp;rosidl_typesupport_introspection_cpp
[2.203s] -- Found rclcpp: 16.0.12 (/opt/ros/humble/share/rclcpp/cmake)
[2.261s] -- Found rmw_implementation_cmake: 6.1.2 (/opt/ros/humble/share/rmw_implementation_cmake/cmake)
[2.265s] -- Found rmw_fastrtps_cpp: 6.2.7 (/opt/ros/humble/share/rmw_fastrtps_cpp/cmake)
[3.186s] -- Found OpenSSL: /usr/lib/x86_64-linux-gnu/libcrypto.so (found version "3.0.2")  
[4.118s] -- Found FastRTPS: /opt/ros/humble/include  
[5.918s] -- Using RMW implementation 'rmw_fastrtps_cpp' as default
[5.930s] -- Looking for pthread.h
[6.057s] -- Looking for pthread.h - found
[6.057s] -- Performing Test CMAKE_HAVE_LIBC_PTHREAD
[6.182s] -- Performing Test CMAKE_HAVE_LIBC_PTHREAD - Success
[6.183s] -- Found Threads: TRUE  
[6.230s] -- Found rclcpp_action: 16.0.12 (/opt/ros/humble/share/rclcpp_action/cmake)
[6.243s] -- Found ament_lint_auto: 0.12.12 (/opt/ros/humble/share/ament_lint_auto/cmake)
[6.322s] -- Added test 'cppcheck' to perform static code analysis on C / C++ code
[6.322s] -- Configured cppcheck include dirs: 
[6.322s] -- Configured cppcheck exclude dirs and/or files: 
[6.323s] -- Added test 'flake8' to check Python code syntax and style conventions
[6.324s] -- Added test 'lint_cmake' to check CMake code style
[6.326s] -- Added test 'pep257' to check Python code against some of the docstring style conventions in PEP 257
[6.327s] -- Added test 'uncrustify' to check C / C++ code style
[6.327s] -- Configured uncrustify additional arguments: 
[6.328s] -- Added test 'xmllint' to check XML markup files
[6.331s] -- Configuring done
[6.345s] -- Generating done
[6.349s] -- Build files have been written to: /root/ros2_ws/build/ign_ros2_control_demos
[6.359s] Invoked command in '/root/ros2_ws/build/ign_ros2_control_demos' returned '0': CMAKE_PREFIX_PATH=${CMAKE_PREFIX_PATH}:/root/ros2_ws/install/simple_control_test:/root/ros2_ws/install/my_sensor_package:/root/ros2_ws/install/my_py_pkg:/root/ros2_ws/install/humanoid_perception:/opt/ros/humble /usr/bin/cmake /root/ros2_ws/src/ign_ros2_control_demos -DAMENT_CMAKE_SYMLINK_INSTALL=1 -DCMAKE_INSTALL_PREFIX=/root/ros2_ws/install/ign_ros2_control_demos
[6.361s] Invoking command in '/root/ros2_ws/build/ign_ros2_control_demos': CMAKE_PREFIX_PATH=${CMAKE_PREFIX_PATH}:/root/ros2_ws/install/simple_control_test:/root/ros2_ws/install/my_sensor_package:/root/ros2_ws/install/my_py_pkg:/root/ros2_ws/install/humanoid_perception:/opt/ros/humble /usr/bin/cmake --build /root/ros2_ws/build/ign_ros2_control_demos -- -j16 -l16
[6.409s] [ 50%] [32mBuilding CXX object CMakeFiles/example_diff_drive.dir/examples/example_diff_drive.cpp.o[0m
[9.920s] [100%] [32m[1mLinking CXX executable example_diff_drive[0m
[10.142s] [100%] Built target example_diff_drive
[10.153s] Invoked command in '/root/ros2_ws/build/ign_ros2_control_demos' returned '0': CMAKE_PREFIX_PATH=${CMAKE_PREFIX_PATH}:/root/ros2_ws/install/simple_control_test:/root/ros2_ws/install/my_sensor_package:/root/ros2_ws/install/my_py_pkg:/root/ros2_ws/install/humanoid_perception:/opt/ros/humble /usr/bin/cmake --build /root/ros2_ws/build/ign_ros2_control_demos -- -j16 -l16
[10.155s] Invoking command in '/root/ros2_ws/build/ign_ros2_control_demos': CMAKE_PREFIX_PATH=${CMAKE_PREFIX_PATH}:/root/ros2_ws/install/simple_control_test:/root/ros2_ws/install/my_sensor_package:/root/ros2_ws/install/my_py_pkg:/root/ros2_ws/install/humanoid_perception:/opt/ros/humble /usr/bin/cmake --install /root/ros2_ws/build/ign_ros2_control_demos
[10.162s] -- Install configuration: ""
[10.162s] -- Execute custom install script
[10.164s] -- Symlinking: /root/ros2_ws/install/ign_ros2_control_demos/share/ign_ros2_control_demos//launch/diff_drive_example.launch.py
[10.172s] -- Symlinking: /root/ros2_ws/install/ign_ros2_control_demos/share/ign_ros2_control_demos//config/diff_drive_controller_velocity.yaml
[10.181s] -- Symlinking: /root/ros2_ws/install/ign_ros2_control_demos/share/ign_ros2_control_demos//urdf/test_diff_drive.xacro.urdf
[10.191s] -- Symlinking: /root/ros2_ws/install/ign_ros2_control_demos/share/ament_index/resource_index/package_run_dependencies/ign_ros2_control_demos
[10.201s] -- Symlinking: /root/ros2_ws/install/ign_ros2_control_demos/share/ament_index/resource_index/parent_prefix_path/ign_ros2_control_demos
[10.210s] -- Symlinking: /root/ros2_ws/install/ign_ros2_control_demos/share/ign_ros2_control_demos/environment/ament_prefix_path.sh
[10.219s] -- Symlinking: /root/ros2_ws/install/ign_ros2_control_demos/share/ign_ros2_control_demos/environment/ament_prefix_path.dsv
[10.228s] -- Symlinking: /root/ros2_ws/install/ign_ros2_control_demos/share/ign_ros2_control_demos/environment/path.sh
[10.238s] -- Symlinking: /root/ros2_ws/install/ign_ros2_control_demos/share/ign_ros2_control_demos/environment/path.dsv
[10.249s] -- Symlinking: /root/ros2_ws/install/ign_ros2_control_demos/share/ign_ros2_control_demos/local_setup.bash
[10.258s] -- Symlinking: /root/ros2_ws/install/ign_ros2_control_demos/share/ign_ros2_control_demos/local_setup.sh
[10.266s] -- Symlinking: /root/ros2_ws/install/ign_ros2_control_demos/share/ign_ros2_control_demos/local_setup.zsh
[10.275s] -- Symlinking: /root/ros2_ws/install/ign_ros2_control_demos/share/ign_ros2_control_demos/local_setup.dsv
[10.284s] -- Symlinking: /root/ros2_ws/install/ign_ros2_control_demos/share/ign_ros2_control_demos/package.dsv
[10.294s] -- Symlinking: /root/ros2_ws/install/ign_ros2_control_demos/share/ament_index/resource_index/packages/ign_ros2_control_demos
[10.303s] -- Symlinking: /root/ros2_ws/install/ign_ros2_control_demos/share/ign_ros2_control_demos/cmake/ign_ros2_control_demosConfig.cmake
[10.312s] -- Symlinking: /root/ros2_ws/install/ign_ros2_control_demos/share/ign_ros2_control_demos/cmake/ign_ros2_control_demosConfig-version.cmake
[10.321s] -- Symlinking: /root/ros2_ws/install/ign_ros2_control_demos/share/ign_ros2_control_demos/package.xml
[10.332s] Invoked command in '/root/ros2_ws/build/ign_ros2_control_demos' returned '0': CMAKE_PREFIX_PATH=${CMAKE_PREFIX_PATH}:/root/ros2_ws/install/simple_control_test:/root/ros2_ws/install/my_sensor_package:/root/ros2_ws/install/my_py_pkg:/root/ros2_ws/install/humanoid_perception:/opt/ros/humble /usr/bin/cmake --install /root/ros2_ws/build/ign_ros2_control_demos
