[1.497s] Invoking command in '/root/ros2_ws/build/my_py_pkg': PYTHONPATH=/root/ros2_ws/build/my_py_pkg/prefix_override:/usr/lib/python3/dist-packages/colcon_core/task/python/colcon_distutils_commands:/root/ros2_ws/install/my_py_pkg/lib/python3.10/site-packages:${PYTHONPATH} /usr/bin/python3 -W ignore:setup.py install is deprecated -W ignore:easy_install command is deprecated setup.py develop --uninstall --editable --build-directory /root/ros2_ws/build/my_py_pkg/build
[1.740s] running develop
[1.896s] Removing /root/ros2_ws/install/my_py_pkg/lib/python3.10/site-packages/my-py-pkg.egg-link (link to .)
[1.942s] Invoked command in '/root/ros2_ws/build/my_py_pkg' returned '0': PYTHONPATH=/root/ros2_ws/build/my_py_pkg/prefix_override:/usr/lib/python3/dist-packages/colcon_core/task/python/colcon_distutils_commands:/root/ros2_ws/install/my_py_pkg/lib/python3.10/site-packages:${PYTHONPATH} /usr/bin/python3 -W ignore:setup.py install is deprecated -W ignore:easy_install command is deprecated setup.py develop --uninstall --editable --build-directory /root/ros2_ws/build/my_py_pkg/build
[1.944s] Invoking command in '/root/ros2_ws/src/my_py_pkg': PYTHONPATH=/root/ros2_ws/build/my_py_pkg/prefix_override:/usr/lib/python3/dist-packages/colcon_core/task/python/colcon_distutils_commands:/root/ros2_ws/install/my_py_pkg/lib/python3.10/site-packages:${PYTHONPATH} /usr/bin/python3 -W ignore:setup.py install is deprecated -W ignore:easy_install command is deprecated setup.py egg_info --egg-base ../../build/my_py_pkg build --build-base /root/ros2_ws/build/my_py_pkg/build install --record /root/ros2_ws/build/my_py_pkg/install.log --single-version-externally-managed install_data --force
[2.150s] running egg_info
[2.150s] writing ../../build/my_py_pkg/my_py_pkg.egg-info/PKG-INFO
[2.150s] writing dependency_links to ../../build/my_py_pkg/my_py_pkg.egg-info/dependency_links.txt
[2.151s] writing entry points to ../../build/my_py_pkg/my_py_pkg.egg-info/entry_points.txt
[2.151s] writing requirements to ../../build/my_py_pkg/my_py_pkg.egg-info/requires.txt
[2.151s] writing top-level names to ../../build/my_py_pkg/my_py_pkg.egg-info/top_level.txt
[2.153s] reading manifest file '../../build/my_py_pkg/my_py_pkg.egg-info/SOURCES.txt'
[2.154s] writing manifest file '../../build/my_py_pkg/my_py_pkg.egg-info/SOURCES.txt'
[2.154s] running build
[2.154s] running build_py
[2.154s] creating /root/ros2_ws/build/my_py_pkg/build
[2.154s] creating /root/ros2_ws/build/my_py_pkg/build/lib
[2.155s] creating /root/ros2_ws/build/my_py_pkg/build/lib/my_py_pkg
[2.155s] copying my_py_pkg/__init__.py -> /root/ros2_ws/build/my_py_pkg/build/lib/my_py_pkg
[2.155s] copying my_py_pkg/turtle_controller.py -> /root/ros2_ws/build/my_py_pkg/build/lib/my_py_pkg
[2.156s] copying my_py_pkg/pose_subscriber.py -> /root/ros2_ws/build/my_py_pkg/build/lib/my_py_pkg
[2.156s] copying my_py_pkg/draw_circle.py -> /root/ros2_ws/build/my_py_pkg/build/lib/my_py_pkg
[2.156s] copying my_py_pkg/my_first_node.py -> /root/ros2_ws/build/my_py_pkg/build/lib/my_py_pkg
[2.157s] running install
[2.157s] running install_lib
[2.158s] creating /root/ros2_ws/install/my_py_pkg/lib/python3.10/site-packages/my_py_pkg
[2.159s] copying /root/ros2_ws/build/my_py_pkg/build/lib/my_py_pkg/__init__.py -> /root/ros2_ws/install/my_py_pkg/lib/python3.10/site-packages/my_py_pkg
[2.159s] copying /root/ros2_ws/build/my_py_pkg/build/lib/my_py_pkg/turtle_controller.py -> /root/ros2_ws/install/my_py_pkg/lib/python3.10/site-packages/my_py_pkg
[2.159s] copying /root/ros2_ws/build/my_py_pkg/build/lib/my_py_pkg/pose_subscriber.py -> /root/ros2_ws/install/my_py_pkg/lib/python3.10/site-packages/my_py_pkg
[2.159s] copying /root/ros2_ws/build/my_py_pkg/build/lib/my_py_pkg/draw_circle.py -> /root/ros2_ws/install/my_py_pkg/lib/python3.10/site-packages/my_py_pkg
[2.159s] copying /root/ros2_ws/build/my_py_pkg/build/lib/my_py_pkg/my_first_node.py -> /root/ros2_ws/install/my_py_pkg/lib/python3.10/site-packages/my_py_pkg
[2.160s] byte-compiling /root/ros2_ws/install/my_py_pkg/lib/python3.10/site-packages/my_py_pkg/__init__.py to __init__.cpython-310.pyc
[2.160s] byte-compiling /root/ros2_ws/install/my_py_pkg/lib/python3.10/site-packages/my_py_pkg/turtle_controller.py to turtle_controller.cpython-310.pyc
[2.161s] byte-compiling /root/ros2_ws/install/my_py_pkg/lib/python3.10/site-packages/my_py_pkg/pose_subscriber.py to pose_subscriber.cpython-310.pyc
[2.161s] byte-compiling /root/ros2_ws/install/my_py_pkg/lib/python3.10/site-packages/my_py_pkg/draw_circle.py to draw_circle.cpython-310.pyc
[2.161s] byte-compiling /root/ros2_ws/install/my_py_pkg/lib/python3.10/site-packages/my_py_pkg/my_first_node.py to my_first_node.cpython-310.pyc
[2.162s] running install_data
[2.162s] copying resource/my_py_pkg -> /root/ros2_ws/install/my_py_pkg/share/ament_index/resource_index/packages
[2.162s] copying package.xml -> /root/ros2_ws/install/my_py_pkg/share/my_py_pkg
[2.163s] running install_egg_info
[2.164s] Copying ../../build/my_py_pkg/my_py_pkg.egg-info to /root/ros2_ws/install/my_py_pkg/lib/python3.10/site-packages/my_py_pkg-0.0.0-py3.10.egg-info
[2.166s] running install_scripts
[2.183s] Installing draw_circle script to /root/ros2_ws/install/my_py_pkg/lib/my_py_pkg
[2.183s] Installing pose_subscriber script to /root/ros2_ws/install/my_py_pkg/lib/my_py_pkg
[2.184s] Installing test_node script to /root/ros2_ws/install/my_py_pkg/lib/my_py_pkg
[2.184s] Installing turtle_controller script to /root/ros2_ws/install/my_py_pkg/lib/my_py_pkg
[2.184s] writing list of installed files to '/root/ros2_ws/build/my_py_pkg/install.log'
[2.213s] Invoked command in '/root/ros2_ws/src/my_py_pkg' returned '0': PYTHONPATH=/root/ros2_ws/build/my_py_pkg/prefix_override:/usr/lib/python3/dist-packages/colcon_core/task/python/colcon_distutils_commands:/root/ros2_ws/install/my_py_pkg/lib/python3.10/site-packages:${PYTHONPATH} /usr/bin/python3 -W ignore:setup.py install is deprecated -W ignore:easy_install command is deprecated setup.py egg_info --egg-base ../../build/my_py_pkg build --build-base /root/ros2_ws/build/my_py_pkg/build install --record /root/ros2_ws/build/my_py_pkg/install.log --single-version-externally-managed install_data --force
