[0.866s] Invoking command in '/root/ros2_ws/build/my_sensor_package': PYTHONPATH=/root/ros2_ws/build/my_sensor_package/prefix_override:/usr/lib/python3/dist-packages/colcon_core/task/python/colcon_distutils_commands:/root/ros2_ws/install/my_sensor_package/lib/python3.10/site-packages:${PYTHONPATH} /usr/bin/python3 -W ignore:setup.py install is deprecated -W ignore:easy_install command is deprecated setup.py develop --editable --build-directory /root/ros2_ws/build/my_sensor_package/build --no-deps symlink_data
[1.062s] running develop
[1.177s] running egg_info
[1.177s] creating my_sensor_package.egg-info
[1.178s] writing my_sensor_package.egg-info/PKG-INFO
[1.178s] writing dependency_links to my_sensor_package.egg-info/dependency_links.txt
[1.178s] writing entry points to my_sensor_package.egg-info/entry_points.txt
[1.178s] writing requirements to my_sensor_package.egg-info/requires.txt
[1.178s] writing top-level names to my_sensor_package.egg-info/top_level.txt
[1.178s] writing manifest file 'my_sensor_package.egg-info/SOURCES.txt'
[1.179s] reading manifest file 'my_sensor_package.egg-info/SOURCES.txt'
[1.180s] writing manifest file 'my_sensor_package.egg-info/SOURCES.txt'
[1.181s] running build_ext
[1.181s] Creating /root/ros2_ws/install/my_sensor_package/lib/python3.10/site-packages/my-sensor-package.egg-link (link to .)
[1.182s] Installing sensor_publisher_node script to /root/ros2_ws/install/my_sensor_package/lib/my_sensor_package
[1.182s] Installing sensor_subscriber_node script to /root/ros2_ws/install/my_sensor_package/lib/my_sensor_package
[1.183s] 
[1.183s] Installed /root/ros2_ws/build/my_sensor_package
[1.183s] running symlink_data
[1.183s] creating /root/ros2_ws/install/my_sensor_package/share/ament_index
[1.183s] creating /root/ros2_ws/install/my_sensor_package/share/ament_index/resource_index
[1.184s] creating /root/ros2_ws/install/my_sensor_package/share/ament_index/resource_index/packages
[1.185s] symbolically linking /root/ros2_ws/build/my_sensor_package/resource/my_sensor_package -> /root/ros2_ws/install/my_sensor_package/share/ament_index/resource_index/packages
[1.185s] symbolically linking /root/ros2_ws/build/my_sensor_package/package.xml -> /root/ros2_ws/install/my_sensor_package/share/my_sensor_package
[1.223s] Invoked command in '/root/ros2_ws/build/my_sensor_package' returned '0': PYTHONPATH=/root/ros2_ws/build/my_sensor_package/prefix_override:/usr/lib/python3/dist-packages/colcon_core/task/python/colcon_distutils_commands:/root/ros2_ws/install/my_sensor_package/lib/python3.10/site-packages:${PYTHONPATH} /usr/bin/python3 -W ignore:setup.py install is deprecated -W ignore:easy_install command is deprecated setup.py develop --editable --build-directory /root/ros2_ws/build/my_sensor_package/build --no-deps symlink_data
