[0.238s] Invoking command in '/root/ros2_ws/build/humanoid_description': CMAKE_PREFIX_PATH=${CMAKE_PREFIX_PATH}:/root/ros2_ws/install/my_sensor_package:/root/ros2_ws/install/my_py_pkg:/opt/ros/humble /usr/bin/cmake --build /root/ros2_ws/build/humanoid_description -- -j16 -l16
[0.303s] -- Found ament_cmake: 1.3.11 (/opt/ros/humble/share/ament_cmake/cmake)
[0.430s] -- Override CMake install command with custom implementation using symlinks instead of copying resources
[0.454s] -- Found urdf: 2.6.1 (/opt/ros/humble/share/urdf/cmake)
[1.525s] -- Found xacro: 2.0.13 (/opt/ros/humble/share/xacro/cmake)
[1.526s] -- Found gazebo_ros: 3.9.0 (/opt/ros/humble/share/gazebo_ros/cmake)
[1.555s] -- Found rosidl_generator_c: 3.1.6 (/opt/ros/humble/share/rosidl_generator_c/cmake)
[1.559s] -- Found rosidl_adapter: 3.1.6 (/opt/ros/humble/share/rosidl_adapter/cmake)
[1.567s] -- Found rosidl_generator_cpp: 3.1.6 (/opt/ros/humble/share/rosidl_generator_cpp/cmake)
[1.580s] -- Using all available rosidl_typesupport_c: rosidl_typesupport_fastrtps_c;rosidl_typesupport_introspection_c
[1.591s] -- Using all available rosidl_typesupport_cpp: rosidl_typesupport_fastrtps_cpp;rosidl_typesupport_introspection_cpp
[1.634s] -- Found rmw_implementation_cmake: 6.1.2 (/opt/ros/humble/share/rmw_implementation_cmake/cmake)
[1.637s] -- Found rmw_fastrtps_cpp: 6.2.7 (/opt/ros/humble/share/rmw_fastrtps_cpp/cmake)
[1.662s] -- Found TinyXML2 via Config file: TinyXML2_DIR-NOTFOUND
[1.674s] -- Found TinyXML2 via Config file: TinyXML2_DIR-NOTFOUND
[1.745s] -- Found TinyXML2 via Config file: TinyXML2_DIR-NOTFOUND
[1.753s] -- Found TinyXML2 via Config file: TinyXML2_DIR-NOTFOUND
[1.818s] -- Using RMW implementation 'rmw_fastrtps_cpp' as default
[1.911s] -- Found DART: /usr/include (Required is at least version "6.6") found components: dart 
[1.954s] -- Found Protobuf: /usr/lib/x86_64-linux-gnu/libprotobuf.so (found version "3.12.4") 
[1.957s] -- Looking for ignition-math6 -- found version 6.15.1
[1.963s] -- Searching for dependencies of ignition-math6
[1.966s] -- Looking for OGRE...
[1.972s] -- Found Ogre Ghadamon (1.9.0)
[1.973s] -- Found OGRE: optimized;/usr/lib/x86_64-linux-gnu/libOgreMain.so;debug;/usr/lib/x86_64-linux-gnu/libOgreMain.so
[1.980s] -- Looking for OGRE_Paging...
[1.981s] -- Found OGRE_Paging: optimized;/usr/lib/x86_64-linux-gnu/libOgrePaging.so;debug;/usr/lib/x86_64-linux-gnu/libOgrePaging.so
[1.981s] -- Looking for OGRE_Terrain...
[1.981s] -- Found OGRE_Terrain: optimized;/usr/lib/x86_64-linux-gnu/libOgreTerrain.so;debug;/usr/lib/x86_64-linux-gnu/libOgreTerrain.so
[1.981s] -- Looking for OGRE_Property...
[1.981s] -- Found OGRE_Property: optimized;/usr/lib/x86_64-linux-gnu/libOgreProperty.so;debug;/usr/lib/x86_64-linux-gnu/libOgreProperty.so
[1.981s] -- Looking for OGRE_RTShaderSystem...
[1.981s] -- Found OGRE_RTShaderSystem: optimized;/usr/lib/x86_64-linux-gnu/libOgreRTShaderSystem.so;debug;/usr/lib/x86_64-linux-gnu/libOgreRTShaderSystem.so
[1.981s] -- Looking for OGRE_Volume...
[1.982s] -- Found OGRE_Volume: optimized;/usr/lib/x86_64-linux-gnu/libOgreVolume.so;debug;/usr/lib/x86_64-linux-gnu/libOgreVolume.so
[1.982s] -- Looking for OGRE_Overlay...
[1.982s] -- Found OGRE_Overlay: optimized;/usr/lib/x86_64-linux-gnu/libOgreOverlay.so;debug;/usr/lib/x86_64-linux-gnu/libOgreOverlay.so
[16.050s] -- Looking for ignition-math6 -- found version 6.15.1
[16.051s] -- Looking for ignition-transport8 -- found version 8.2.1
[16.052s] -- Searching for dependencies of ignition-transport8
[16.942s] -- Found Protobuf: /usr/lib/x86_64-linux-gnu/libprotobuf.so (found suitable version "3.12.4", minimum required is "3") 
[17.811s] -- Config-file not installed for ZeroMQ -- checking for pkg-config
[17.817s] -- Checking for module 'libzmq >= 4'
[17.837s] --   Found libzmq , version 4.3.4
[17.888s] -- Checking for module 'uuid'
[17.904s] --   Found uuid, version 2.37.2
[17.944s] -- Looking for ignition-msgs5 -- found version 5.8.1
[17.945s] -- Searching for dependencies of ignition-msgs5
[18.896s] -- Looking for ignition-math6 -- found version 6.15.1
[18.905s] -- Looking for ignition-msgs5 -- found version 5.8.1
[18.905s] -- Looking for ignition-common3 -- found version 3.14.0
[18.905s] -- Searching for dependencies of ignition-common3
[18.906s] -- Looking for dlfcn.h - found
[18.906s] -- Looking for libdl - found
[18.971s] -- Searching for <ignition-common3> component [graphics]
[18.972s] -- Looking for ignition-common3-graphics -- found version 3.14.0
[18.972s] -- Searching for dependencies of ignition-common3-graphics
[18.972s] -- Looking for ignition-math6 -- found version 6.15.1
[18.975s] -- Looking for ignition-fuel_tools4 -- found version 4.4.0
[18.975s] -- Searching for dependencies of ignition-fuel_tools4
[20.043s] -- Checking for module 'jsoncpp'
[20.060s] --   Found jsoncpp, version 1.9.5
[20.110s] -- Checking for module 'libzip'
[20.126s] --   Found libzip, version 1.7.3
[20.169s] -- Looking for ignition-common3 -- found version 3.14.0
[20.169s] -- Looking for ignition-math6 -- found version 6.15.1
[20.170s] -- Looking for ignition-msgs5 -- found version 5.8.1
[20.173s] -- Gazebo version: 11.10
[20.174s] -- Found gazebo_msgs: 3.9.0 (/opt/ros/humble/share/gazebo_msgs/cmake)
[20.227s] -- Found ament_lint_auto: 0.12.12 (/opt/ros/humble/share/ament_lint_auto/cmake)
[20.299s] -- Added test 'flake8' to check Python code syntax and style conventions
[20.300s] -- Added test 'lint_cmake' to check CMake code style
[20.300s] -- Added test 'pep257' to check Python code against some of the docstring style conventions in PEP 257
[20.301s] -- Added test 'xmllint' to check XML markup files
[20.304s] -- Configuring done
[20.318s] -- Generating done
[20.322s] -- Build files have been written to: /root/ros2_ws/build/humanoid_description
[20.357s] Invoked command in '/root/ros2_ws/build/humanoid_description' returned '0': CMAKE_PREFIX_PATH=${CMAKE_PREFIX_PATH}:/root/ros2_ws/install/my_sensor_package:/root/ros2_ws/install/my_py_pkg:/opt/ros/humble /usr/bin/cmake --build /root/ros2_ws/build/humanoid_description -- -j16 -l16
[20.358s] Invoking command in '/root/ros2_ws/build/humanoid_description': CMAKE_PREFIX_PATH=${CMAKE_PREFIX_PATH}:/root/ros2_ws/install/my_sensor_package:/root/ros2_ws/install/my_py_pkg:/opt/ros/humble /usr/bin/cmake --install /root/ros2_ws/build/humanoid_description
[20.368s] -- Install configuration: ""
[20.369s] -- Execute custom install script
[20.369s] -- Symlinking: /root/ros2_ws/install/humanoid_description/share/humanoid_description/launch/gazebo.launch.py
[20.381s] -- Up-to-date symlink: /root/ros2_ws/install/humanoid_description/share/humanoid_description/urdf/humanoid.urdf.xacro
[20.381s] -- Up-to-date symlink: /root/ros2_ws/install/humanoid_description/share/ament_index/resource_index/package_run_dependencies/humanoid_description
[20.382s] -- Up-to-date symlink: /root/ros2_ws/install/humanoid_description/share/ament_index/resource_index/parent_prefix_path/humanoid_description
[20.382s] -- Up-to-date symlink: /root/ros2_ws/install/humanoid_description/share/humanoid_description/environment/ament_prefix_path.sh
[20.383s] -- Up-to-date symlink: /root/ros2_ws/install/humanoid_description/share/humanoid_description/environment/ament_prefix_path.dsv
[20.383s] -- Up-to-date symlink: /root/ros2_ws/install/humanoid_description/share/humanoid_description/environment/path.sh
[20.383s] -- Up-to-date symlink: /root/ros2_ws/install/humanoid_description/share/humanoid_description/environment/path.dsv
[20.384s] -- Up-to-date symlink: /root/ros2_ws/install/humanoid_description/share/humanoid_description/local_setup.bash
[20.384s] -- Up-to-date symlink: /root/ros2_ws/install/humanoid_description/share/humanoid_description/local_setup.sh
[20.385s] -- Up-to-date symlink: /root/ros2_ws/install/humanoid_description/share/humanoid_description/local_setup.zsh
[20.385s] -- Up-to-date symlink: /root/ros2_ws/install/humanoid_description/share/humanoid_description/local_setup.dsv
[20.385s] -- Symlinking: /root/ros2_ws/install/humanoid_description/share/humanoid_description/package.dsv
[20.397s] -- Up-to-date symlink: /root/ros2_ws/install/humanoid_description/share/ament_index/resource_index/packages/humanoid_description
[20.397s] -- Up-to-date symlink: /root/ros2_ws/install/humanoid_description/share/humanoid_description/cmake/humanoid_descriptionConfig.cmake
[20.397s] -- Up-to-date symlink: /root/ros2_ws/install/humanoid_description/share/humanoid_description/cmake/humanoid_descriptionConfig-version.cmake
[20.397s] -- Up-to-date symlink: /root/ros2_ws/install/humanoid_description/share/humanoid_description/package.xml
[20.400s] Invoked command in '/root/ros2_ws/build/humanoid_description' returned '0': CMAKE_PREFIX_PATH=${CMAKE_PREFIX_PATH}:/root/ros2_ws/install/my_sensor_package:/root/ros2_ws/install/my_py_pkg:/opt/ros/humble /usr/bin/cmake --install /root/ros2_ws/build/humanoid_description
