[0.666s] Invoking command in '/root/ros2_ws/build/my_py_pkg': PYTHONPATH=/root/ros2_ws/build/my_py_pkg/prefix_override:/usr/lib/python3/dist-packages/colcon_core/task/python/colcon_distutils_commands:/root/ros2_ws/install/my_py_pkg/lib/python3.10/site-packages:${PYTHONPATH} /usr/bin/python3 -W ignore:setup.py install is deprecated -W ignore:easy_install command is deprecated setup.py develop --editable --build-directory /root/ros2_ws/build/my_py_pkg/build --no-deps symlink_data
[0.863s] running develop
[0.991s] running egg_info
[0.991s] writing my_py_pkg.egg-info/PKG-INFO
[0.991s] writing dependency_links to my_py_pkg.egg-info/dependency_links.txt
[0.992s] writing entry points to my_py_pkg.egg-info/entry_points.txt
[0.992s] writing requirements to my_py_pkg.egg-info/requires.txt
[0.992s] writing top-level names to my_py_pkg.egg-info/top_level.txt
[0.994s] reading manifest file 'my_py_pkg.egg-info/SOURCES.txt'
[0.995s] writing manifest file 'my_py_pkg.egg-info/SOURCES.txt'
[0.996s] running build_ext
[0.996s] Creating /root/ros2_ws/install/my_py_pkg/lib/python3.10/site-packages/my-py-pkg.egg-link (link to .)
[0.997s] Installing draw_circle script to /root/ros2_ws/install/my_py_pkg/lib/my_py_pkg
[0.998s] Installing pose_subscriber script to /root/ros2_ws/install/my_py_pkg/lib/my_py_pkg
[0.998s] Installing test_node script to /root/ros2_ws/install/my_py_pkg/lib/my_py_pkg
[0.998s] Installing turtle_controller script to /root/ros2_ws/install/my_py_pkg/lib/my_py_pkg
[0.998s] 
[0.998s] Installed /root/ros2_ws/build/my_py_pkg
[0.999s] running symlink_data
[1.025s] Invoked command in '/root/ros2_ws/build/my_py_pkg' returned '0': PYTHONPATH=/root/ros2_ws/build/my_py_pkg/prefix_override:/usr/lib/python3/dist-packages/colcon_core/task/python/colcon_distutils_commands:/root/ros2_ws/install/my_py_pkg/lib/python3.10/site-packages:${PYTHONPATH} /usr/bin/python3 -W ignore:setup.py install is deprecated -W ignore:easy_install command is deprecated setup.py develop --editable --build-directory /root/ros2_ws/build/my_py_pkg/build --no-deps symlink_data
