running develop
Removing /root/ros2_ws/install/my_sensor_package/lib/python3.10/site-packages/my-sensor-package.egg-link (link to .)
running egg_info
writing ../../build/my_sensor_package/my_sensor_package.egg-info/PKG-INFO
writing dependency_links to ../../build/my_sensor_package/my_sensor_package.egg-info/dependency_links.txt
writing entry points to ../../build/my_sensor_package/my_sensor_package.egg-info/entry_points.txt
writing requirements to ../../build/my_sensor_package/my_sensor_package.egg-info/requires.txt
writing top-level names to ../../build/my_sensor_package/my_sensor_package.egg-info/top_level.txt
reading manifest file '../../build/my_sensor_package/my_sensor_package.egg-info/SOURCES.txt'
writing manifest file '../../build/my_sensor_package/my_sensor_package.egg-info/SOURCES.txt'
running build
running build_py
running install
running install_lib
creating /root/ros2_ws/install/my_sensor_package/lib/python3.10/site-packages/my_sensor_package
copying /root/ros2_ws/build/my_sensor_package/build/lib/my_sensor_package/sensor_subscriber.py -> /root/ros2_ws/install/my_sensor_package/lib/python3.10/site-packages/my_sensor_package
copying /root/ros2_ws/build/my_sensor_package/build/lib/my_sensor_package/__init__.py -> /root/ros2_ws/install/my_sensor_package/lib/python3.10/site-packages/my_sensor_package
copying /root/ros2_ws/build/my_sensor_package/build/lib/my_sensor_package/sensor_publisher.py -> /root/ros2_ws/install/my_sensor_package/lib/python3.10/site-packages/my_sensor_package
byte-compiling /root/ros2_ws/install/my_sensor_package/lib/python3.10/site-packages/my_sensor_package/sensor_subscriber.py to sensor_subscriber.cpython-310.pyc
byte-compiling /root/ros2_ws/install/my_sensor_package/lib/python3.10/site-packages/my_sensor_package/__init__.py to __init__.cpython-310.pyc
byte-compiling /root/ros2_ws/install/my_sensor_package/lib/python3.10/site-packages/my_sensor_package/sensor_publisher.py to sensor_publisher.cpython-310.pyc
running install_data
copying resource/my_sensor_package -> /root/ros2_ws/install/my_sensor_package/share/ament_index/resource_index/packages
copying package.xml -> /root/ros2_ws/install/my_sensor_package/share/my_sensor_package
running install_egg_info
Copying ../../build/my_sensor_package/my_sensor_package.egg-info to /root/ros2_ws/install/my_sensor_package/lib/python3.10/site-packages/my_sensor_package-0.0.0-py3.10.egg-info
running install_scripts
Installing sensor_publisher_node script to /root/ros2_ws/install/my_sensor_package/lib/my_sensor_package
Installing sensor_subscriber_node script to /root/ros2_ws/install/my_sensor_package/lib/my_sensor_package
writing list of installed files to '/root/ros2_ws/build/my_sensor_package/install.log'
