[0.217s] Invoking command in '/root/ros2_ws/build/humanoid_description': CMAKE_PREFIX_PATH=${CMAKE_PREFIX_PATH}:/root/ros2_ws/install/my_sensor_package:/root/ros2_ws/install/my_py_pkg:/opt/ros/humble /usr/bin/cmake /root/ros2_ws/src/humanoid_description -DCMAKE_INSTALL_PREFIX=/root/ros2_ws/install/humanoid_description
[0.235s] -- Found ament_cmake: 1.3.11 (/opt/ros/humble/share/ament_cmake/cmake)
[0.366s] -- Override CMake install command with custom implementation using symlinks instead of copying resources
[0.385s] -- Found urdf: 2.6.1 (/opt/ros/humble/share/urdf/cmake)
[1.464s] -- Found xacro: 2.0.13 (/opt/ros/humble/share/xacro/cmake)
[1.465s] -- Found gazebo_ros: 3.9.0 (/opt/ros/humble/share/gazebo_ros/cmake)
[1.493s] -- Found rosidl_generator_c: 3.1.6 (/opt/ros/humble/share/rosidl_generator_c/cmake)
[1.497s] -- Found rosidl_adapter: 3.1.6 (/opt/ros/humble/share/rosidl_adapter/cmake)
[1.507s] -- Found rosidl_generator_cpp: 3.1.6 (/opt/ros/humble/share/rosidl_generator_cpp/cmake)
[1.520s] -- Using all available rosidl_typesupport_c: rosidl_typesupport_fastrtps_c;rosidl_typesupport_introspection_c
[1.531s] -- Using all available rosidl_typesupport_cpp: rosidl_typesupport_fastrtps_cpp;rosidl_typesupport_introspection_cpp
[1.574s] -- Found rmw_implementation_cmake: 6.1.2 (/opt/ros/humble/share/rmw_implementation_cmake/cmake)
[1.577s] -- Found rmw_fastrtps_cpp: 6.2.7 (/opt/ros/humble/share/rmw_fastrtps_cpp/cmake)
[1.603s] -- Found TinyXML2 via Config file: TinyXML2_DIR-NOTFOUND
[1.616s] -- Found TinyXML2 via Config file: TinyXML2_DIR-NOTFOUND
[1.688s] -- Found TinyXML2 via Config file: TinyXML2_DIR-NOTFOUND
[1.696s] -- Found TinyXML2 via Config file: TinyXML2_DIR-NOTFOUND
[1.761s] -- Using RMW implementation 'rmw_fastrtps_cpp' as default
[1.853s] -- Found DART: /usr/include (Required is at least version "6.6") found components: dart 
[1.886s] -- Found Protobuf: /usr/lib/x86_64-linux-gnu/libprotobuf.so (found version "3.12.4") 
[1.888s] -- Looking for ignition-math6 -- found version 6.15.1
[1.896s] -- Searching for dependencies of ignition-math6
[1.898s] -- Looking for OGRE...
[1.903s] -- Found Ogre Ghadamon (1.9.0)
[1.904s] -- Found OGRE: optimized;/usr/lib/x86_64-linux-gnu/libOgreMain.so;debug;/usr/lib/x86_64-linux-gnu/libOgreMain.so
[1.911s] -- Looking for OGRE_Paging...
[1.911s] -- Found OGRE_Paging: optimized;/usr/lib/x86_64-linux-gnu/libOgrePaging.so;debug;/usr/lib/x86_64-linux-gnu/libOgrePaging.so
[1.911s] -- Looking for OGRE_Terrain...
[1.912s] -- Found OGRE_Terrain: optimized;/usr/lib/x86_64-linux-gnu/libOgreTerrain.so;debug;/usr/lib/x86_64-linux-gnu/libOgreTerrain.so
[1.912s] -- Looking for OGRE_Property...
[1.912s] -- Found OGRE_Property: optimized;/usr/lib/x86_64-linux-gnu/libOgreProperty.so;debug;/usr/lib/x86_64-linux-gnu/libOgreProperty.so
[1.912s] -- Looking for OGRE_RTShaderSystem...
[1.912s] -- Found OGRE_RTShaderSystem: optimized;/usr/lib/x86_64-linux-gnu/libOgreRTShaderSystem.so;debug;/usr/lib/x86_64-linux-gnu/libOgreRTShaderSystem.so
[1.912s] -- Looking for OGRE_Volume...
[1.912s] -- Found OGRE_Volume: optimized;/usr/lib/x86_64-linux-gnu/libOgreVolume.so;debug;/usr/lib/x86_64-linux-gnu/libOgreVolume.so
[1.912s] -- Looking for OGRE_Overlay...
[1.912s] -- Found OGRE_Overlay: optimized;/usr/lib/x86_64-linux-gnu/libOgreOverlay.so;debug;/usr/lib/x86_64-linux-gnu/libOgreOverlay.so
[15.680s] -- Looking for ignition-math6 -- found version 6.15.1
[15.681s] -- Looking for ignition-transport8 -- found version 8.2.1
[15.681s] -- Searching for dependencies of ignition-transport8
[16.592s] -- Found Protobuf: /usr/lib/x86_64-linux-gnu/libprotobuf.so (found suitable version "3.12.4", minimum required is "3") 
[17.506s] -- Config-file not installed for ZeroMQ -- checking for pkg-config
[17.511s] -- Checking for module 'libzmq >= 4'
[17.529s] --   Found libzmq , version 4.3.4
[17.580s] -- Checking for module 'uuid'
[17.596s] --   Found uuid, version 2.37.2
[17.635s] -- Looking for ignition-msgs5 -- found version 5.8.1
[17.635s] -- Searching for dependencies of ignition-msgs5
[18.510s] -- Looking for ignition-math6 -- found version 6.15.1
[18.518s] -- Looking for ignition-msgs5 -- found version 5.8.1
[18.518s] -- Looking for ignition-common3 -- found version 3.14.0
[18.519s] -- Searching for dependencies of ignition-common3
[18.519s] -- Looking for dlfcn.h - found
[18.519s] -- Looking for libdl - found
[18.583s] -- Searching for <ignition-common3> component [graphics]
[18.583s] -- Looking for ignition-common3-graphics -- found version 3.14.0
[18.583s] -- Searching for dependencies of ignition-common3-graphics
[18.584s] -- Looking for ignition-math6 -- found version 6.15.1
[18.585s] -- Looking for ignition-fuel_tools4 -- found version 4.4.0
[18.585s] -- Searching for dependencies of ignition-fuel_tools4
[19.606s] -- Checking for module 'jsoncpp'
[19.622s] --   Found jsoncpp, version 1.9.5
[19.667s] -- Checking for module 'libzip'
[19.683s] --   Found libzip, version 1.7.3
[19.721s] -- Looking for ignition-common3 -- found version 3.14.0
[19.721s] -- Looking for ignition-math6 -- found version 6.15.1
[19.722s] -- Looking for ignition-msgs5 -- found version 5.8.1
[19.724s] -- Gazebo version: 11.10
[19.725s] -- Found gazebo_msgs: 3.9.0 (/opt/ros/humble/share/gazebo_msgs/cmake)
[19.768s] -- Found ros2_control: 2.51.0 (/opt/ros/humble/share/ros2_control/cmake)
[19.769s] -- Found controller_manager: 2.51.0 (/opt/ros/humble/share/controller_manager/cmake)
[19.892s] -- Found joint_state_broadcaster: 2.47.0 (/opt/ros/humble/share/joint_state_broadcaster/cmake)
[19.911s] -- Found position_controllers: 2.47.0 (/opt/ros/humble/share/position_controllers/cmake)
[19.927s] -- Found ament_lint_auto: 0.12.12 (/opt/ros/humble/share/ament_lint_auto/cmake)
[19.994s] -- Added test 'flake8' to check Python code syntax and style conventions
[19.994s] -- Added test 'lint_cmake' to check CMake code style
[19.995s] -- Added test 'pep257' to check Python code against some of the docstring style conventions in PEP 257
[19.996s] -- Added test 'xmllint' to check XML markup files
[19.998s] -- Configuring done
[20.010s] -- Generating done
[20.014s] -- Build files have been written to: /root/ros2_ws/build/humanoid_description
[20.026s] Invoked command in '/root/ros2_ws/build/humanoid_description' returned '0': CMAKE_PREFIX_PATH=${CMAKE_PREFIX_PATH}:/root/ros2_ws/install/my_sensor_package:/root/ros2_ws/install/my_py_pkg:/opt/ros/humble /usr/bin/cmake /root/ros2_ws/src/humanoid_description -DCMAKE_INSTALL_PREFIX=/root/ros2_ws/install/humanoid_description
[20.028s] Invoking command in '/root/ros2_ws/build/humanoid_description': CMAKE_PREFIX_PATH=${CMAKE_PREFIX_PATH}:/root/ros2_ws/install/my_sensor_package:/root/ros2_ws/install/my_py_pkg:/opt/ros/humble /usr/bin/cmake --build /root/ros2_ws/build/humanoid_description -- -j16 -l16
[20.075s] Invoked command in '/root/ros2_ws/build/humanoid_description' returned '0': CMAKE_PREFIX_PATH=${CMAKE_PREFIX_PATH}:/root/ros2_ws/install/my_sensor_package:/root/ros2_ws/install/my_py_pkg:/opt/ros/humble /usr/bin/cmake --build /root/ros2_ws/build/humanoid_description -- -j16 -l16
[20.077s] Invoking command in '/root/ros2_ws/build/humanoid_description': CMAKE_PREFIX_PATH=${CMAKE_PREFIX_PATH}:/root/ros2_ws/install/my_sensor_package:/root/ros2_ws/install/my_py_pkg:/opt/ros/humble /usr/bin/cmake --install /root/ros2_ws/build/humanoid_description
[20.084s] -- Install configuration: ""
[20.085s] -- Execute custom install script
[20.085s] -- Up-to-date symlink: /root/ros2_ws/install/humanoid_description/share/humanoid_description/launch/spawn_humanoid.launch.py
[20.085s] -- Symlinking: /root/ros2_ws/install/humanoid_description/share/humanoid_description/urdf/code copy.txt
[20.095s] -- Up-to-date symlink: /root/ros2_ws/install/humanoid_description/share/humanoid_description/urdf/code.txt
[20.095s] -- Up-to-date symlink: /root/ros2_ws/install/humanoid_description/share/humanoid_description/urdf/humanoid.urdf.xacro
[20.096s] -- Up-to-date symlink: /root/ros2_ws/install/humanoid_description/share/humanoid_description/config/humanoid_controllers.yaml
[20.096s] -- Up-to-date symlink: /root/ros2_ws/install/humanoid_description/share/ament_index/resource_index/package_run_dependencies/humanoid_description
[20.096s] -- Up-to-date symlink: /root/ros2_ws/install/humanoid_description/share/ament_index/resource_index/parent_prefix_path/humanoid_description
[20.096s] -- Up-to-date symlink: /root/ros2_ws/install/humanoid_description/share/humanoid_description/environment/ament_prefix_path.sh
[20.096s] -- Up-to-date symlink: /root/ros2_ws/install/humanoid_description/share/humanoid_description/environment/ament_prefix_path.dsv
[20.096s] -- Up-to-date symlink: /root/ros2_ws/install/humanoid_description/share/humanoid_description/environment/path.sh
[20.096s] -- Up-to-date symlink: /root/ros2_ws/install/humanoid_description/share/humanoid_description/environment/path.dsv
[20.097s] -- Up-to-date symlink: /root/ros2_ws/install/humanoid_description/share/humanoid_description/local_setup.bash
[20.097s] -- Up-to-date symlink: /root/ros2_ws/install/humanoid_description/share/humanoid_description/local_setup.sh
[20.097s] -- Up-to-date symlink: /root/ros2_ws/install/humanoid_description/share/humanoid_description/local_setup.zsh
[20.097s] -- Up-to-date symlink: /root/ros2_ws/install/humanoid_description/share/humanoid_description/local_setup.dsv
[20.097s] -- Symlinking: /root/ros2_ws/install/humanoid_description/share/humanoid_description/package.dsv
[20.107s] -- Up-to-date symlink: /root/ros2_ws/install/humanoid_description/share/ament_index/resource_index/packages/humanoid_description
[20.107s] -- Up-to-date symlink: /root/ros2_ws/install/humanoid_description/share/humanoid_description/cmake/humanoid_descriptionConfig.cmake
[20.108s] -- Up-to-date symlink: /root/ros2_ws/install/humanoid_description/share/humanoid_description/cmake/humanoid_descriptionConfig-version.cmake
[20.108s] -- Up-to-date symlink: /root/ros2_ws/install/humanoid_description/share/humanoid_description/package.xml
[20.110s] Invoked command in '/root/ros2_ws/build/humanoid_description' returned '0': CMAKE_PREFIX_PATH=${CMAKE_PREFIX_PATH}:/root/ros2_ws/install/my_sensor_package:/root/ros2_ws/install/my_py_pkg:/opt/ros/humble /usr/bin/cmake --install /root/ros2_ws/build/humanoid_description
