[0.796s] Invoking command in '/root/ros2_ws/src/my_sensor_package': PYTHONPATH=/root/ros2_ws/build/my_sensor_package/prefix_override:/usr/lib/python3/dist-packages/colcon_core/task/python/colcon_distutils_commands:/root/ros2_ws/install/my_sensor_package/lib/python3.10/site-packages:${PYTHONPATH} /usr/bin/python3 -W ignore:setup.py install is deprecated -W ignore:easy_install command is deprecated setup.py egg_info --egg-base ../../build/my_sensor_package build --build-base /root/ros2_ws/build/my_sensor_package/build install --record /root/ros2_ws/build/my_sensor_package/install.log --single-version-externally-managed install_data
[0.973s] running egg_info
[0.973s] writing ../../build/my_sensor_package/my_sensor_package.egg-info/PKG-INFO
[0.974s] writing dependency_links to ../../build/my_sensor_package/my_sensor_package.egg-info/dependency_links.txt
[0.974s] writing entry points to ../../build/my_sensor_package/my_sensor_package.egg-info/entry_points.txt
[0.974s] writing requirements to ../../build/my_sensor_package/my_sensor_package.egg-info/requires.txt
[0.974s] writing top-level names to ../../build/my_sensor_package/my_sensor_package.egg-info/top_level.txt
[0.976s] reading manifest file '../../build/my_sensor_package/my_sensor_package.egg-info/SOURCES.txt'
[0.977s] writing manifest file '../../build/my_sensor_package/my_sensor_package.egg-info/SOURCES.txt'
[0.977s] running build
[0.977s] running build_py
[0.977s] copying my_sensor_package/sensor_publisher.py -> /root/ros2_ws/build/my_sensor_package/build/lib/my_sensor_package
[0.978s] running install
[0.978s] running install_lib
[0.979s] copying /root/ros2_ws/build/my_sensor_package/build/lib/my_sensor_package/sensor_publisher.py -> /root/ros2_ws/install/my_sensor_package/lib/python3.10/site-packages/my_sensor_package
[0.980s] byte-compiling /root/ros2_ws/install/my_sensor_package/lib/python3.10/site-packages/my_sensor_package/sensor_publisher.py to sensor_publisher.cpython-310.pyc
[0.980s] running install_data
[0.980s] running install_egg_info
[0.981s] removing '/root/ros2_ws/install/my_sensor_package/lib/python3.10/site-packages/my_sensor_package-0.0.0-py3.10.egg-info' (and everything under it)
[0.982s] Copying ../../build/my_sensor_package/my_sensor_package.egg-info to /root/ros2_ws/install/my_sensor_package/lib/python3.10/site-packages/my_sensor_package-0.0.0-py3.10.egg-info
[0.983s] running install_scripts
[1.000s] Installing sensor_publisher_node script to /root/ros2_ws/install/my_sensor_package/lib/my_sensor_package
[1.000s] Installing sensor_subscriber_node script to /root/ros2_ws/install/my_sensor_package/lib/my_sensor_package
[1.001s] writing list of installed files to '/root/ros2_ws/build/my_sensor_package/install.log'
[1.042s] Invoked command in '/root/ros2_ws/src/my_sensor_package' returned '0': PYTHONPATH=/root/ros2_ws/build/my_sensor_package/prefix_override:/usr/lib/python3/dist-packages/colcon_core/task/python/colcon_distutils_commands:/root/ros2_ws/install/my_sensor_package/lib/python3.10/site-packages:${PYTHONPATH} /usr/bin/python3 -W ignore:setup.py install is deprecated -W ignore:easy_install command is deprecated setup.py egg_info --egg-base ../../build/my_sensor_package build --build-base /root/ros2_ws/build/my_sensor_package/build install --record /root/ros2_ws/build/my_sensor_package/install.log --single-version-externally-managed install_data
