[0.010s] Invoking command in '/root/ros2_ws/build/humanoid_description': CMAKE_PREFIX_PATH=${CMAKE_PREFIX_PATH}:/root/ros2_ws/install/my_sensor_package:/root/ros2_ws/install/my_py_pkg:/opt/ros/humble /usr/bin/cmake /root/ros2_ws/src/humanoid_description -DCMAKE_INSTALL_PREFIX=/root/ros2_ws/install/humanoid_description
[0.022s] -- Found ament_cmake: 1.3.11 (/opt/ros/humble/share/ament_cmake/cmake)
[0.126s] -- Found urdf: 2.6.1 (/opt/ros/humble/share/urdf/cmake)
[1.018s] -- Found xacro: 2.0.13 (/opt/ros/humble/share/xacro/cmake)
[1.020s] -- Found ament_lint_auto: 0.12.12 (/opt/ros/humble/share/ament_lint_auto/cmake)
[1.092s] -- Added test 'lint_cmake' to check CMake code style
[1.093s] -- Added test 'xmllint' to check XML markup files
[1.096s] -- Configuring done
[1.104s] -- Generating done
[1.106s] -- Build files have been written to: /root/ros2_ws/build/humanoid_description
[1.112s] Invoked command in '/root/ros2_ws/build/humanoid_description' returned '0': CMAKE_PREFIX_PATH=${CMAKE_PREFIX_PATH}:/root/ros2_ws/install/my_sensor_package:/root/ros2_ws/install/my_py_pkg:/opt/ros/humble /usr/bin/cmake /root/ros2_ws/src/humanoid_description -DCMAKE_INSTALL_PREFIX=/root/ros2_ws/install/humanoid_description
[1.113s] Invoking command in '/root/ros2_ws/build/humanoid_description': CMAKE_PREFIX_PATH=${CMAKE_PREFIX_PATH}:/root/ros2_ws/install/my_sensor_package:/root/ros2_ws/install/my_py_pkg:/opt/ros/humble /usr/bin/cmake --build /root/ros2_ws/build/humanoid_description -- -j16 -l16
[1.154s] Invoked command in '/root/ros2_ws/build/humanoid_description' returned '0': CMAKE_PREFIX_PATH=${CMAKE_PREFIX_PATH}:/root/ros2_ws/install/my_sensor_package:/root/ros2_ws/install/my_py_pkg:/opt/ros/humble /usr/bin/cmake --build /root/ros2_ws/build/humanoid_description -- -j16 -l16
[1.165s] Invoking command in '/root/ros2_ws/build/humanoid_description': CMAKE_PREFIX_PATH=${CMAKE_PREFIX_PATH}:/root/ros2_ws/install/my_sensor_package:/root/ros2_ws/install/my_py_pkg:/opt/ros/humble /usr/bin/cmake --install /root/ros2_ws/build/humanoid_description
[1.171s] -- Install configuration: ""
[1.171s] -- Installing: /root/ros2_ws/install/humanoid_description/share/humanoid_description/urdf
[1.172s] -- Installing: /root/ros2_ws/install/humanoid_description/share/humanoid_description/urdf/humanoid.urdf.xacro
[1.173s] -- Installing: /root/ros2_ws/install/humanoid_description/share/ament_index/resource_index/package_run_dependencies/humanoid_description
[1.174s] -- Installing: /root/ros2_ws/install/humanoid_description/share/ament_index/resource_index/parent_prefix_path/humanoid_description
[1.174s] -- Installing: /root/ros2_ws/install/humanoid_description/share/humanoid_description/environment/ament_prefix_path.sh
[1.174s] -- Installing: /root/ros2_ws/install/humanoid_description/share/humanoid_description/environment/ament_prefix_path.dsv
[1.175s] -- Installing: /root/ros2_ws/install/humanoid_description/share/humanoid_description/environment/path.sh
[1.175s] -- Installing: /root/ros2_ws/install/humanoid_description/share/humanoid_description/environment/path.dsv
[1.175s] -- Installing: /root/ros2_ws/install/humanoid_description/share/humanoid_description/local_setup.bash
[1.175s] -- Installing: /root/ros2_ws/install/humanoid_description/share/humanoid_description/local_setup.sh
[1.175s] -- Installing: /root/ros2_ws/install/humanoid_description/share/humanoid_description/local_setup.zsh
[1.175s] -- Installing: /root/ros2_ws/install/humanoid_description/share/humanoid_description/local_setup.dsv
[1.175s] -- Installing: /root/ros2_ws/install/humanoid_description/share/humanoid_description/package.dsv
[1.176s] -- Installing: /root/ros2_ws/install/humanoid_description/share/ament_index/resource_index/packages/humanoid_description
[1.176s] -- Installing: /root/ros2_ws/install/humanoid_description/share/humanoid_description/cmake/humanoid_descriptionConfig.cmake
[1.177s] -- Installing: /root/ros2_ws/install/humanoid_description/share/humanoid_description/cmake/humanoid_descriptionConfig-version.cmake
[1.177s] -- Installing: /root/ros2_ws/install/humanoid_description/share/humanoid_description/package.xml
[1.179s] Invoked command in '/root/ros2_ws/build/humanoid_description' returned '0': CMAKE_PREFIX_PATH=${CMAKE_PREFIX_PATH}:/root/ros2_ws/install/my_sensor_package:/root/ros2_ws/install/my_py_pkg:/opt/ros/humble /usr/bin/cmake --install /root/ros2_ws/build/humanoid_description
