[0.716s] Invoking command in '/root/ros2_ws/src/my_sensor_package': PYTHONPATH=/root/ros2_ws/build/my_sensor_package/prefix_override:/usr/lib/python3/dist-packages/colcon_core/task/python/colcon_distutils_commands:/root/ros2_ws/install/my_sensor_package/lib/python3.10/site-packages:${PYTHONPATH} /usr/bin/python3 -W ignore:setup.py install is deprecated -W ignore:easy_install command is deprecated setup.py egg_info --egg-base ../../build/my_sensor_package build --build-base /root/ros2_ws/build/my_sensor_package/build install --record /root/ros2_ws/build/my_sensor_package/install.log --single-version-externally-managed install_data
[0.898s] running egg_info
[0.898s] writing ../../build/my_sensor_package/my_sensor_package.egg-info/PKG-INFO
[0.899s] writing dependency_links to ../../build/my_sensor_package/my_sensor_package.egg-info/dependency_links.txt
[0.899s] writing entry points to ../../build/my_sensor_package/my_sensor_package.egg-info/entry_points.txt
[0.899s] writing requirements to ../../build/my_sensor_package/my_sensor_package.egg-info/requires.txt
[0.899s] writing top-level names to ../../build/my_sensor_package/my_sensor_package.egg-info/top_level.txt
[0.900s] reading manifest file '../../build/my_sensor_package/my_sensor_package.egg-info/SOURCES.txt'
[0.901s] writing manifest file '../../build/my_sensor_package/my_sensor_package.egg-info/SOURCES.txt'
[0.901s] running build
[0.901s] running build_py
[0.902s] running install
[0.902s] running install_lib
[0.903s] running install_data
[0.903s] running install_egg_info
[0.904s] removing '/root/ros2_ws/install/my_sensor_package/lib/python3.10/site-packages/my_sensor_package-0.0.0-py3.10.egg-info' (and everything under it)
[0.904s] Copying ../../build/my_sensor_package/my_sensor_package.egg-info to /root/ros2_ws/install/my_sensor_package/lib/python3.10/site-packages/my_sensor_package-0.0.0-py3.10.egg-info
[0.906s] running install_scripts
[0.923s] Installing sensor_publisher_node script to /root/ros2_ws/install/my_sensor_package/lib/my_sensor_package
[0.923s] Installing sensor_subscriber_node script to /root/ros2_ws/install/my_sensor_package/lib/my_sensor_package
[0.923s] writing list of installed files to '/root/ros2_ws/build/my_sensor_package/install.log'
[0.948s] Invoked command in '/root/ros2_ws/src/my_sensor_package' returned '0': PYTHONPATH=/root/ros2_ws/build/my_sensor_package/prefix_override:/usr/lib/python3/dist-packages/colcon_core/task/python/colcon_distutils_commands:/root/ros2_ws/install/my_sensor_package/lib/python3.10/site-packages:${PYTHONPATH} /usr/bin/python3 -W ignore:setup.py install is deprecated -W ignore:easy_install command is deprecated setup.py egg_info --egg-base ../../build/my_sensor_package build --build-base /root/ros2_ws/build/my_sensor_package/build install --record /root/ros2_ws/build/my_sensor_package/install.log --single-version-externally-managed install_data
