[1.464s] Invoking command in '/root/ros2_ws/src/humanoid_perception': PYTHONPATH=/root/ros2_ws/build/humanoid_perception/prefix_override:/usr/lib/python3/dist-packages/colcon_core/task/python/colcon_distutils_commands:/root/ros2_ws/install/humanoid_perception/lib/python3.10/site-packages:${PYTHONPATH} /usr/bin/python3 -W ignore:setup.py install is deprecated -W ignore:easy_install command is deprecated setup.py egg_info --egg-base ../../build/humanoid_perception build --build-base /root/ros2_ws/build/humanoid_perception/build install --record /root/ros2_ws/build/humanoid_perception/install.log --single-version-externally-managed install_data
[1.673s] running egg_info
[1.673s] writing ../../build/humanoid_perception/humanoid_perception.egg-info/PKG-INFO
[1.673s] writing dependency_links to ../../build/humanoid_perception/humanoid_perception.egg-info/dependency_links.txt
[1.674s] writing entry points to ../../build/humanoid_perception/humanoid_perception.egg-info/entry_points.txt
[1.674s] writing requirements to ../../build/humanoid_perception/humanoid_perception.egg-info/requires.txt
[1.674s] writing top-level names to ../../build/humanoid_perception/humanoid_perception.egg-info/top_level.txt
[1.676s] reading manifest file '../../build/humanoid_perception/humanoid_perception.egg-info/SOURCES.txt'
[1.677s] writing manifest file '../../build/humanoid_perception/humanoid_perception.egg-info/SOURCES.txt'
[1.677s] running build
[1.677s] running build_py
[1.678s] running install
[1.678s] running install_lib
[1.679s] running install_data
[1.680s] running install_egg_info
[1.682s] removing '/root/ros2_ws/install/humanoid_perception/lib/python3.10/site-packages/humanoid_perception-0.0.0-py3.10.egg-info' (and everything under it)
[1.682s] Copying ../../build/humanoid_perception/humanoid_perception.egg-info to /root/ros2_ws/install/humanoid_perception/lib/python3.10/site-packages/humanoid_perception-0.0.0-py3.10.egg-info
[1.684s] running install_scripts
[1.704s] Installing color_detector script to /root/ros2_ws/install/humanoid_perception/lib/humanoid_perception
[1.704s] writing list of installed files to '/root/ros2_ws/build/humanoid_perception/install.log'
[1.746s] Invoked command in '/root/ros2_ws/src/humanoid_perception' returned '0': PYTHONPATH=/root/ros2_ws/build/humanoid_perception/prefix_override:/usr/lib/python3/dist-packages/colcon_core/task/python/colcon_distutils_commands:/root/ros2_ws/install/humanoid_perception/lib/python3.10/site-packages:${PYTHONPATH} /usr/bin/python3 -W ignore:setup.py install is deprecated -W ignore:easy_install command is deprecated setup.py egg_info --egg-base ../../build/humanoid_perception build --build-base /root/ros2_ws/build/humanoid_perception/build install --record /root/ros2_ws/build/humanoid_perception/install.log --single-version-externally-managed install_data
