[0.224s] Invoking command in '/root/ros2_ws/build/humanoid_description': CMAKE_PREFIX_PATH=${CMAKE_PREFIX_PATH}:/root/ros2_ws/install/rviz_slider_test:/root/ros2_ws/install/simple_control_test:/root/ros2_ws/install/ros2_controllers_test_nodes:/root/ros2_ws/install/my_sensor_package:/root/ros2_ws/install/my_py_pkg:/root/ros2_ws/install/humanoid_perception:/root/ros2_ws/src/install/my_sensor_package:/root/ros2_ws/src/install/my_py_pkg:/root/ros2_ws/src/install/humanoid_perception:/root/ros2_ws/src/install/force_test:/opt/ros/humble /usr/bin/cmake /root/ros2_ws/src/humanoid_description -DCMAKE_INSTALL_PREFIX=/root/ros2_ws/install/humanoid_description
[0.844s] -- Found ament_cmake: 1.3.11 (/opt/ros/humble/share/ament_cmake/cmake)
[0.844s] -- Override CMake install command with custom implementation using symlinks instead of copying resources
[0.844s] -- Found ament_lint_auto: 0.12.12 (/opt/ros/humble/share/ament_lint_auto/cmake)
[0.844s] -- Added test 'flake8' to check Python code syntax and style conventions
[0.844s] -- Added test 'lint_cmake' to check CMake code style
[0.844s] -- Added test 'pep257' to check Python code against some of the docstring style conventions in PEP 257
[0.844s] -- Added test 'xmllint' to check XML markup files
[0.844s] -- Configuring done
[0.845s] -- Generating done
[0.845s] -- Build files have been written to: /root/ros2_ws/build/humanoid_description
[1.043s] Invoked command in '/root/ros2_ws/build/humanoid_description' returned '0': CMAKE_PREFIX_PATH=${CMAKE_PREFIX_PATH}:/root/ros2_ws/install/rviz_slider_test:/root/ros2_ws/install/simple_control_test:/root/ros2_ws/install/ros2_controllers_test_nodes:/root/ros2_ws/install/my_sensor_package:/root/ros2_ws/install/my_py_pkg:/root/ros2_ws/install/humanoid_perception:/root/ros2_ws/src/install/my_sensor_package:/root/ros2_ws/src/install/my_py_pkg:/root/ros2_ws/src/install/humanoid_perception:/root/ros2_ws/src/install/force_test:/opt/ros/humble /usr/bin/cmake /root/ros2_ws/src/humanoid_description -DCMAKE_INSTALL_PREFIX=/root/ros2_ws/install/humanoid_description
[1.045s] Invoking command in '/root/ros2_ws/build/humanoid_description': CMAKE_PREFIX_PATH=${CMAKE_PREFIX_PATH}:/root/ros2_ws/install/rviz_slider_test:/root/ros2_ws/install/simple_control_test:/root/ros2_ws/install/ros2_controllers_test_nodes:/root/ros2_ws/install/my_sensor_package:/root/ros2_ws/install/my_py_pkg:/root/ros2_ws/install/humanoid_perception:/root/ros2_ws/src/install/my_sensor_package:/root/ros2_ws/src/install/my_py_pkg:/root/ros2_ws/src/install/humanoid_perception:/root/ros2_ws/src/install/force_test:/opt/ros/humble /usr/bin/cmake --build /root/ros2_ws/build/humanoid_description -- -j16 -l16
[1.091s] Invoked command in '/root/ros2_ws/build/humanoid_description' returned '0': CMAKE_PREFIX_PATH=${CMAKE_PREFIX_PATH}:/root/ros2_ws/install/rviz_slider_test:/root/ros2_ws/install/simple_control_test:/root/ros2_ws/install/ros2_controllers_test_nodes:/root/ros2_ws/install/my_sensor_package:/root/ros2_ws/install/my_py_pkg:/root/ros2_ws/install/humanoid_perception:/root/ros2_ws/src/install/my_sensor_package:/root/ros2_ws/src/install/my_py_pkg:/root/ros2_ws/src/install/humanoid_perception:/root/ros2_ws/src/install/force_test:/opt/ros/humble /usr/bin/cmake --build /root/ros2_ws/build/humanoid_description -- -j16 -l16
[1.103s] Invoking command in '/root/ros2_ws/build/humanoid_description': CMAKE_PREFIX_PATH=${CMAKE_PREFIX_PATH}:/root/ros2_ws/install/rviz_slider_test:/root/ros2_ws/install/simple_control_test:/root/ros2_ws/install/ros2_controllers_test_nodes:/root/ros2_ws/install/my_sensor_package:/root/ros2_ws/install/my_py_pkg:/root/ros2_ws/install/humanoid_perception:/root/ros2_ws/src/install/my_sensor_package:/root/ros2_ws/src/install/my_py_pkg:/root/ros2_ws/src/install/humanoid_perception:/root/ros2_ws/src/install/force_test:/opt/ros/humble /usr/bin/cmake --install /root/ros2_ws/build/humanoid_description
[1.114s] -- Install configuration: ""
[1.114s] -- Execute custom install script
[1.115s] -- Up-to-date symlink: /root/ros2_ws/install/humanoid_description/share/humanoid_description/launch/spawn_humanoid.launch.py
[1.115s] -- Up-to-date symlink: /root/ros2_ws/install/humanoid_description/share/humanoid_description/launch/view_humanoid.launch.py
[1.116s] -- Up-to-date symlink: /root/ros2_ws/install/humanoid_description/share/humanoid_description/urdf/humanoid.urdf.xacro
[1.116s] -- Up-to-date symlink: /root/ros2_ws/install/humanoid_description/share/ament_index/resource_index/package_run_dependencies/humanoid_description
[1.117s] -- Up-to-date symlink: /root/ros2_ws/install/humanoid_description/share/ament_index/resource_index/parent_prefix_path/humanoid_description
[1.117s] -- Up-to-date symlink: /root/ros2_ws/install/humanoid_description/share/humanoid_description/environment/ament_prefix_path.sh
[1.117s] -- Up-to-date symlink: /root/ros2_ws/install/humanoid_description/share/humanoid_description/environment/ament_prefix_path.dsv
[1.118s] -- Up-to-date symlink: /root/ros2_ws/install/humanoid_description/share/humanoid_description/environment/path.sh
[1.118s] -- Up-to-date symlink: /root/ros2_ws/install/humanoid_description/share/humanoid_description/environment/path.dsv
[1.118s] -- Up-to-date symlink: /root/ros2_ws/install/humanoid_description/share/humanoid_description/local_setup.bash
[1.118s] -- Up-to-date symlink: /root/ros2_ws/install/humanoid_description/share/humanoid_description/local_setup.sh
[1.119s] -- Up-to-date symlink: /root/ros2_ws/install/humanoid_description/share/humanoid_description/local_setup.zsh
[1.120s] -- Up-to-date symlink: /root/ros2_ws/install/humanoid_description/share/humanoid_description/local_setup.dsv
[1.120s] -- Symlinking: /root/ros2_ws/install/humanoid_description/share/humanoid_description/package.dsv
[1.132s] -- Up-to-date symlink: /root/ros2_ws/install/humanoid_description/share/ament_index/resource_index/packages/humanoid_description
[1.132s] -- Up-to-date symlink: /root/ros2_ws/install/humanoid_description/share/humanoid_description/cmake/humanoid_descriptionConfig.cmake
[1.133s] -- Up-to-date symlink: /root/ros2_ws/install/humanoid_description/share/humanoid_description/cmake/humanoid_descriptionConfig-version.cmake
[1.133s] -- Up-to-date symlink: /root/ros2_ws/install/humanoid_description/share/humanoid_description/package.xml
[1.135s] Invoked command in '/root/ros2_ws/build/humanoid_description' returned '0': CMAKE_PREFIX_PATH=${CMAKE_PREFIX_PATH}:/root/ros2_ws/install/rviz_slider_test:/root/ros2_ws/install/simple_control_test:/root/ros2_ws/install/ros2_controllers_test_nodes:/root/ros2_ws/install/my_sensor_package:/root/ros2_ws/install/my_py_pkg:/root/ros2_ws/install/humanoid_perception:/root/ros2_ws/src/install/my_sensor_package:/root/ros2_ws/src/install/my_py_pkg:/root/ros2_ws/src/install/humanoid_perception:/root/ros2_ws/src/install/force_test:/opt/ros/humble /usr/bin/cmake --install /root/ros2_ws/build/humanoid_description
