[0.642s] Invoking command in '/root/ros2_ws/src/build/my_py_pkg': PYTHONPATH=/root/ros2_ws/src/build/my_py_pkg/prefix_override:/usr/lib/python3/dist-packages/colcon_core/task/python/colcon_distutils_commands:/root/ros2_ws/src/install/my_py_pkg/lib/python3.10/site-packages:${PYTHONPATH} /usr/bin/python3 -W ignore:setup.py install is deprecated -W ignore:easy_install command is deprecated setup.py develop --editable --build-directory /root/ros2_ws/src/build/my_py_pkg/build --no-deps symlink_data
[0.839s] running develop
[0.949s] running egg_info
[0.949s] creating my_py_pkg.egg-info
[0.950s] writing my_py_pkg.egg-info/PKG-INFO
[0.950s] writing dependency_links to my_py_pkg.egg-info/dependency_links.txt
[0.950s] writing entry points to my_py_pkg.egg-info/entry_points.txt
[0.950s] writing requirements to my_py_pkg.egg-info/requires.txt
[0.950s] writing top-level names to my_py_pkg.egg-info/top_level.txt
[0.951s] writing manifest file 'my_py_pkg.egg-info/SOURCES.txt'
[0.952s] reading manifest file 'my_py_pkg.egg-info/SOURCES.txt'
[0.952s] writing manifest file 'my_py_pkg.egg-info/SOURCES.txt'
[0.954s] running build_ext
[0.954s] Creating /root/ros2_ws/src/install/my_py_pkg/lib/python3.10/site-packages/my-py-pkg.egg-link (link to .)
[0.955s] Installing draw_circle script to /root/ros2_ws/src/install/my_py_pkg/lib/my_py_pkg
[0.956s] Installing test_node script to /root/ros2_ws/src/install/my_py_pkg/lib/my_py_pkg
[0.956s] 
[0.956s] Installed /root/ros2_ws/src/build/my_py_pkg
[0.956s] running symlink_data
[0.956s] creating /root/ros2_ws/src/install/my_py_pkg/share/ament_index
[0.956s] creating /root/ros2_ws/src/install/my_py_pkg/share/ament_index/resource_index
[0.957s] creating /root/ros2_ws/src/install/my_py_pkg/share/ament_index/resource_index/packages
[0.957s] symbolically linking /root/ros2_ws/src/build/my_py_pkg/resource/my_py_pkg -> /root/ros2_ws/src/install/my_py_pkg/share/ament_index/resource_index/packages
[0.957s] symbolically linking /root/ros2_ws/src/build/my_py_pkg/package.xml -> /root/ros2_ws/src/install/my_py_pkg/share/my_py_pkg
[0.983s] Invoked command in '/root/ros2_ws/src/build/my_py_pkg' returned '0': PYTHONPATH=/root/ros2_ws/src/build/my_py_pkg/prefix_override:/usr/lib/python3/dist-packages/colcon_core/task/python/colcon_distutils_commands:/root/ros2_ws/src/install/my_py_pkg/lib/python3.10/site-packages:${PYTHONPATH} /usr/bin/python3 -W ignore:setup.py install is deprecated -W ignore:easy_install command is deprecated setup.py develop --editable --build-directory /root/ros2_ws/src/build/my_py_pkg/build --no-deps symlink_data
