[0.277s] DEBUG:colcon:Command line arguments: ['/usr/bin/colcon', 'build', '--symlink-install']
[0.277s] DEBUG:colcon:Parsed command line arguments: Namespace(log_base=None, log_level=None, verb_name='build', build_base='build', install_base='install', merge_install=False, symlink_install=True, test_result_base=None, continue_on_error=False, executor='parallel', parallel_workers=16, event_handlers=None, ignore_user_meta=False, metas=['./colcon.meta'], base_paths=['.'], packages_ignore=None, packages_ignore_regex=None, paths=None, packages_up_to=None, packages_up_to_regex=None, packages_above=None, packages_above_and_dependencies=None, packages_above_depth=None, packages_select_by_dep=None, packages_skip_by_dep=None, packages_skip_up_to=None, packages_select_build_failed=False, packages_skip_build_finished=False, packages_select_test_failures=False, packages_skip_test_passed=False, packages_select=None, packages_skip=None, packages_select_regex=None, packages_skip_regex=None, packages_start=None, packages_end=None, allow_overriding=[], cmake_args=None, cmake_target=None, cmake_target_skip_unavailable=False, cmake_clean_cache=False, cmake_clean_first=False, cmake_force_configure=False, ament_cmake_args=None, catkin_cmake_args=None, catkin_skip_building_tests=False, verb_parser=<colcon_defaults.argument_parser.defaults.DefaultArgumentsDecorator object at 0x7a063a7d89a0>, verb_extension=<colcon_core.verb.build.BuildVerb object at 0x7a063a961d80>, main=<bound method BuildVerb.main of <colcon_core.verb.build.BuildVerb object at 0x7a063a961d80>>)
[0.578s] Level 1:colcon.colcon_core.package_discovery:discover_packages(colcon_meta) check parameters
[0.578s] Level 1:colcon.colcon_core.package_discovery:discover_packages(recursive) check parameters
[0.578s] Level 1:colcon.colcon_core.package_discovery:discover_packages(ignore) check parameters
[0.578s] Level 1:colcon.colcon_core.package_discovery:discover_packages(path) check parameters
[0.578s] Level 1:colcon.colcon_core.package_discovery:discover_packages(colcon_meta) discover
[0.578s] Level 1:colcon.colcon_core.package_discovery:discover_packages(recursive) discover
[0.578s] INFO:colcon.colcon_core.package_discovery:Crawling recursively for packages in '/root/ros2_ws'
[0.579s] Level 1:colcon.colcon_core.package_identification:_identify(.) by extensions ['ignore', 'ignore_ament_install']
[0.579s] Level 1:colcon.colcon_core.package_identification:_identify(.) by extension 'ignore'
[0.579s] Level 1:colcon.colcon_core.package_identification:_identify(.) by extension 'ignore_ament_install'
[0.579s] Level 1:colcon.colcon_core.package_identification:_identify(.) by extensions ['colcon_pkg']
[0.579s] Level 1:colcon.colcon_core.package_identification:_identify(.) by extension 'colcon_pkg'
[0.579s] Level 1:colcon.colcon_core.package_identification:_identify(.) by extensions ['colcon_meta']
[0.579s] Level 1:colcon.colcon_core.package_identification:_identify(.) by extension 'colcon_meta'
[0.579s] Level 1:colcon.colcon_core.package_identification:_identify(.) by extensions ['ros']
[0.579s] Level 1:colcon.colcon_core.package_identification:_identify(.) by extension 'ros'
[0.594s] Level 1:colcon.colcon_core.package_identification:_identify(.) by extensions ['cmake', 'python']
[0.594s] Level 1:colcon.colcon_core.package_identification:_identify(.) by extension 'cmake'
[0.594s] Level 1:colcon.colcon_core.package_identification:_identify(.) by extension 'python'
[0.594s] Level 1:colcon.colcon_core.package_identification:_identify(.) by extensions ['python_setup_py']
[0.594s] Level 1:colcon.colcon_core.package_identification:_identify(.) by extension 'python_setup_py'
[0.595s] Level 1:colcon.colcon_core.package_identification:_identify(build) by extensions ['ignore', 'ignore_ament_install']
[0.596s] Level 1:colcon.colcon_core.package_identification:_identify(build) by extension 'ignore'
[0.596s] Level 1:colcon.colcon_core.package_identification:_identify(build) ignored
[0.596s] Level 1:colcon.colcon_core.package_identification:_identify(install) by extensions ['ignore', 'ignore_ament_install']
[0.596s] Level 1:colcon.colcon_core.package_identification:_identify(install) by extension 'ignore'
[0.596s] Level 1:colcon.colcon_core.package_identification:_identify(install) ignored
[0.596s] Level 1:colcon.colcon_core.package_identification:_identify(log) by extensions ['ignore', 'ignore_ament_install']
[0.596s] Level 1:colcon.colcon_core.package_identification:_identify(log) by extension 'ignore'
[0.596s] Level 1:colcon.colcon_core.package_identification:_identify(log) ignored
[0.596s] Level 1:colcon.colcon_core.package_identification:_identify(src) by extensions ['ignore', 'ignore_ament_install']
[0.596s] Level 1:colcon.colcon_core.package_identification:_identify(src) by extension 'ignore'
[0.596s] Level 1:colcon.colcon_core.package_identification:_identify(src) by extension 'ignore_ament_install'
[0.596s] Level 1:colcon.colcon_core.package_identification:_identify(src) by extensions ['colcon_pkg']
[0.596s] Level 1:colcon.colcon_core.package_identification:_identify(src) by extension 'colcon_pkg'
[0.596s] Level 1:colcon.colcon_core.package_identification:_identify(src) by extensions ['colcon_meta']
[0.596s] Level 1:colcon.colcon_core.package_identification:_identify(src) by extension 'colcon_meta'
[0.596s] Level 1:colcon.colcon_core.package_identification:_identify(src) by extensions ['ros']
[0.596s] Level 1:colcon.colcon_core.package_identification:_identify(src) by extension 'ros'
[0.596s] Level 1:colcon.colcon_core.package_identification:_identify(src) by extensions ['cmake', 'python']
[0.596s] Level 1:colcon.colcon_core.package_identification:_identify(src) by extension 'cmake'
[0.596s] Level 1:colcon.colcon_core.package_identification:_identify(src) by extension 'python'
[0.596s] Level 1:colcon.colcon_core.package_identification:_identify(src) by extensions ['python_setup_py']
[0.597s] Level 1:colcon.colcon_core.package_identification:_identify(src) by extension 'python_setup_py'
[0.597s] Level 1:colcon.colcon_core.package_identification:_identify(src/build) by extensions ['ignore', 'ignore_ament_install']
[0.597s] Level 1:colcon.colcon_core.package_identification:_identify(src/build) by extension 'ignore'
[0.597s] Level 1:colcon.colcon_core.package_identification:_identify(src/build) ignored
[0.597s] Level 1:colcon.colcon_core.package_identification:_identify(src/humanoid_description) by extensions ['ignore', 'ignore_ament_install']
[0.597s] Level 1:colcon.colcon_core.package_identification:_identify(src/humanoid_description) by extension 'ignore'
[0.597s] Level 1:colcon.colcon_core.package_identification:_identify(src/humanoid_description) by extension 'ignore_ament_install'
[0.597s] Level 1:colcon.colcon_core.package_identification:_identify(src/humanoid_description) by extensions ['colcon_pkg']
[0.597s] Level 1:colcon.colcon_core.package_identification:_identify(src/humanoid_description) by extension 'colcon_pkg'
[0.597s] Level 1:colcon.colcon_core.package_identification:_identify(src/humanoid_description) by extensions ['colcon_meta']
[0.597s] Level 1:colcon.colcon_core.package_identification:_identify(src/humanoid_description) by extension 'colcon_meta'
[0.598s] Level 1:colcon.colcon_core.package_identification:_identify(src/humanoid_description) by extensions ['ros']
[0.598s] Level 1:colcon.colcon_core.package_identification:_identify(src/humanoid_description) by extension 'ros'
[0.601s] DEBUG:colcon.colcon_core.package_identification:Package 'src/humanoid_description' with type 'ros.ament_cmake' and name 'humanoid_description'
[0.602s] Level 1:colcon.colcon_core.package_identification:_identify(src/install) by extensions ['ignore', 'ignore_ament_install']
[0.602s] Level 1:colcon.colcon_core.package_identification:_identify(src/install) by extension 'ignore'
[0.602s] Level 1:colcon.colcon_core.package_identification:_identify(src/install) ignored
[0.602s] Level 1:colcon.colcon_core.package_identification:_identify(src/log) by extensions ['ignore', 'ignore_ament_install']
[0.603s] Level 1:colcon.colcon_core.package_identification:_identify(src/log) by extension 'ignore'
[0.603s] Level 1:colcon.colcon_core.package_identification:_identify(src/log) ignored
[0.603s] Level 1:colcon.colcon_core.package_identification:_identify(src/my_py_pkg) by extensions ['ignore', 'ignore_ament_install']
[0.603s] Level 1:colcon.colcon_core.package_identification:_identify(src/my_py_pkg) by extension 'ignore'
[0.603s] Level 1:colcon.colcon_core.package_identification:_identify(src/my_py_pkg) by extension 'ignore_ament_install'
[0.603s] Level 1:colcon.colcon_core.package_identification:_identify(src/my_py_pkg) by extensions ['colcon_pkg']
[0.603s] Level 1:colcon.colcon_core.package_identification:_identify(src/my_py_pkg) by extension 'colcon_pkg'
[0.603s] Level 1:colcon.colcon_core.package_identification:_identify(src/my_py_pkg) by extensions ['colcon_meta']
[0.603s] Level 1:colcon.colcon_core.package_identification:_identify(src/my_py_pkg) by extension 'colcon_meta'
[0.603s] Level 1:colcon.colcon_core.package_identification:_identify(src/my_py_pkg) by extensions ['ros']
[0.603s] Level 1:colcon.colcon_core.package_identification:_identify(src/my_py_pkg) by extension 'ros'
[0.604s] DEBUG:colcon.colcon_core.package_identification:Package 'src/my_py_pkg' with type 'ros.ament_python' and name 'my_py_pkg'
[0.605s] Level 1:colcon.colcon_core.package_identification:_identify(src/my_robot_bringup) by extensions ['ignore', 'ignore_ament_install']
[0.605s] Level 1:colcon.colcon_core.package_identification:_identify(src/my_robot_bringup) by extension 'ignore'
[0.605s] Level 1:colcon.colcon_core.package_identification:_identify(src/my_robot_bringup) by extension 'ignore_ament_install'
[0.605s] Level 1:colcon.colcon_core.package_identification:_identify(src/my_robot_bringup) by extensions ['colcon_pkg']
[0.605s] Level 1:colcon.colcon_core.package_identification:_identify(src/my_robot_bringup) by extension 'colcon_pkg'
[0.605s] Level 1:colcon.colcon_core.package_identification:_identify(src/my_robot_bringup) by extensions ['colcon_meta']
[0.605s] Level 1:colcon.colcon_core.package_identification:_identify(src/my_robot_bringup) by extension 'colcon_meta'
[0.605s] Level 1:colcon.colcon_core.package_identification:_identify(src/my_robot_bringup) by extensions ['ros']
[0.605s] Level 1:colcon.colcon_core.package_identification:_identify(src/my_robot_bringup) by extension 'ros'
[0.606s] DEBUG:colcon.colcon_core.package_identification:Package 'src/my_robot_bringup' with type 'ros.ament_cmake' and name 'my_robot_bringup'
[0.607s] Level 1:colcon.colcon_core.package_identification:_identify(src/my_sensor_package) by extensions ['ignore', 'ignore_ament_install']
[0.607s] Level 1:colcon.colcon_core.package_identification:_identify(src/my_sensor_package) by extension 'ignore'
[0.607s] Level 1:colcon.colcon_core.package_identification:_identify(src/my_sensor_package) by extension 'ignore_ament_install'
[0.607s] Level 1:colcon.colcon_core.package_identification:_identify(src/my_sensor_package) by extensions ['colcon_pkg']
[0.607s] Level 1:colcon.colcon_core.package_identification:_identify(src/my_sensor_package) by extension 'colcon_pkg'
[0.607s] Level 1:colcon.colcon_core.package_identification:_identify(src/my_sensor_package) by extensions ['colcon_meta']
[0.607s] Level 1:colcon.colcon_core.package_identification:_identify(src/my_sensor_package) by extension 'colcon_meta'
[0.607s] Level 1:colcon.colcon_core.package_identification:_identify(src/my_sensor_package) by extensions ['ros']
[0.607s] Level 1:colcon.colcon_core.package_identification:_identify(src/my_sensor_package) by extension 'ros'
[0.609s] DEBUG:colcon.colcon_core.package_identification:Package 'src/my_sensor_package' with type 'ros.ament_python' and name 'my_sensor_package'
[0.609s] Level 1:colcon.colcon_core.package_discovery:discover_packages(recursive) using defaults
[0.609s] Level 1:colcon.colcon_core.package_discovery:discover_packages(ignore) discover
[0.609s] Level 1:colcon.colcon_core.package_discovery:discover_packages(ignore) using defaults
[0.609s] Level 1:colcon.colcon_core.package_discovery:discover_packages(path) discover
[0.609s] Level 1:colcon.colcon_core.package_discovery:discover_packages(path) using defaults
[0.645s] Level 1:colcon.colcon_core.package_discovery:discover_packages(prefix_path) check parameters
[0.645s] Level 1:colcon.colcon_core.package_discovery:discover_packages(prefix_path) discover
[0.650s] DEBUG:colcon.colcon_installed_package_information.package_discovery:Found 4 installed packages in /root/ros2_ws/install
[0.651s] DEBUG:colcon.colcon_installed_package_information.package_discovery:Found 325 installed packages in /opt/ros/humble
[0.664s] Level 1:colcon.colcon_core.package_discovery:discover_packages(prefix_path) using defaults
[0.701s] Level 5:colcon.colcon_core.verb:set package 'humanoid_description' build argument 'cmake_args' from command line to 'None'
[0.701s] Level 5:colcon.colcon_core.verb:set package 'humanoid_description' build argument 'cmake_target' from command line to 'None'
[0.701s] Level 5:colcon.colcon_core.verb:set package 'humanoid_description' build argument 'cmake_target_skip_unavailable' from command line to 'False'
[0.701s] Level 5:colcon.colcon_core.verb:set package 'humanoid_description' build argument 'cmake_clean_cache' from command line to 'False'
[0.701s] Level 5:colcon.colcon_core.verb:set package 'humanoid_description' build argument 'cmake_clean_first' from command line to 'False'
[0.701s] Level 5:colcon.colcon_core.verb:set package 'humanoid_description' build argument 'cmake_force_configure' from command line to 'False'
[0.701s] Level 5:colcon.colcon_core.verb:set package 'humanoid_description' build argument 'ament_cmake_args' from command line to 'None'
[0.701s] Level 5:colcon.colcon_core.verb:set package 'humanoid_description' build argument 'catkin_cmake_args' from command line to 'None'
[0.701s] Level 5:colcon.colcon_core.verb:set package 'humanoid_description' build argument 'catkin_skip_building_tests' from command line to 'False'
[0.701s] DEBUG:colcon.colcon_core.verb:Building package 'humanoid_description' with the following arguments: {'ament_cmake_args': None, 'build_base': '/root/ros2_ws/build/humanoid_description', 'catkin_cmake_args': None, 'catkin_skip_building_tests': False, 'cmake_args': None, 'cmake_clean_cache': False, 'cmake_clean_first': False, 'cmake_force_configure': False, 'cmake_target': None, 'cmake_target_skip_unavailable': False, 'install_base': '/root/ros2_ws/install/humanoid_description', 'merge_install': False, 'path': '/root/ros2_ws/src/humanoid_description', 'symlink_install': True, 'test_result_base': None}
[0.701s] Level 5:colcon.colcon_core.verb:set package 'my_py_pkg' build argument 'cmake_args' from command line to 'None'
[0.701s] Level 5:colcon.colcon_core.verb:set package 'my_py_pkg' build argument 'cmake_target' from command line to 'None'
[0.701s] Level 5:colcon.colcon_core.verb:set package 'my_py_pkg' build argument 'cmake_target_skip_unavailable' from command line to 'False'
[0.701s] Level 5:colcon.colcon_core.verb:set package 'my_py_pkg' build argument 'cmake_clean_cache' from command line to 'False'
[0.701s] Level 5:colcon.colcon_core.verb:set package 'my_py_pkg' build argument 'cmake_clean_first' from command line to 'False'
[0.701s] Level 5:colcon.colcon_core.verb:set package 'my_py_pkg' build argument 'cmake_force_configure' from command line to 'False'
[0.701s] Level 5:colcon.colcon_core.verb:set package 'my_py_pkg' build argument 'ament_cmake_args' from command line to 'None'
[0.701s] Level 5:colcon.colcon_core.verb:set package 'my_py_pkg' build argument 'catkin_cmake_args' from command line to 'None'
[0.701s] Level 5:colcon.colcon_core.verb:set package 'my_py_pkg' build argument 'catkin_skip_building_tests' from command line to 'False'
[0.701s] DEBUG:colcon.colcon_core.verb:Building package 'my_py_pkg' with the following arguments: {'ament_cmake_args': None, 'build_base': '/root/ros2_ws/build/my_py_pkg', 'catkin_cmake_args': None, 'catkin_skip_building_tests': False, 'cmake_args': None, 'cmake_clean_cache': False, 'cmake_clean_first': False, 'cmake_force_configure': False, 'cmake_target': None, 'cmake_target_skip_unavailable': False, 'install_base': '/root/ros2_ws/install/my_py_pkg', 'merge_install': False, 'path': '/root/ros2_ws/src/my_py_pkg', 'symlink_install': True, 'test_result_base': None}
[0.702s] Level 5:colcon.colcon_core.verb:set package 'my_sensor_package' build argument 'cmake_args' from command line to 'None'
[0.702s] Level 5:colcon.colcon_core.verb:set package 'my_sensor_package' build argument 'cmake_target' from command line to 'None'
[0.702s] Level 5:colcon.colcon_core.verb:set package 'my_sensor_package' build argument 'cmake_target_skip_unavailable' from command line to 'False'
[0.702s] Level 5:colcon.colcon_core.verb:set package 'my_sensor_package' build argument 'cmake_clean_cache' from command line to 'False'
[0.702s] Level 5:colcon.colcon_core.verb:set package 'my_sensor_package' build argument 'cmake_clean_first' from command line to 'False'
[0.702s] Level 5:colcon.colcon_core.verb:set package 'my_sensor_package' build argument 'cmake_force_configure' from command line to 'False'
[0.702s] Level 5:colcon.colcon_core.verb:set package 'my_sensor_package' build argument 'ament_cmake_args' from command line to 'None'
[0.702s] Level 5:colcon.colcon_core.verb:set package 'my_sensor_package' build argument 'catkin_cmake_args' from command line to 'None'
[0.702s] Level 5:colcon.colcon_core.verb:set package 'my_sensor_package' build argument 'catkin_skip_building_tests' from command line to 'False'
[0.702s] DEBUG:colcon.colcon_core.verb:Building package 'my_sensor_package' with the following arguments: {'ament_cmake_args': None, 'build_base': '/root/ros2_ws/build/my_sensor_package', 'catkin_cmake_args': None, 'catkin_skip_building_tests': False, 'cmake_args': None, 'cmake_clean_cache': False, 'cmake_clean_first': False, 'cmake_force_configure': False, 'cmake_target': None, 'cmake_target_skip_unavailable': False, 'install_base': '/root/ros2_ws/install/my_sensor_package', 'merge_install': False, 'path': '/root/ros2_ws/src/my_sensor_package', 'symlink_install': True, 'test_result_base': None}
[0.702s] Level 5:colcon.colcon_core.verb:set package 'my_robot_bringup' build argument 'cmake_args' from command line to 'None'
[0.702s] Level 5:colcon.colcon_core.verb:set package 'my_robot_bringup' build argument 'cmake_target' from command line to 'None'
[0.702s] Level 5:colcon.colcon_core.verb:set package 'my_robot_bringup' build argument 'cmake_target_skip_unavailable' from command line to 'False'
[0.702s] Level 5:colcon.colcon_core.verb:set package 'my_robot_bringup' build argument 'cmake_clean_cache' from command line to 'False'
[0.702s] Level 5:colcon.colcon_core.verb:set package 'my_robot_bringup' build argument 'cmake_clean_first' from command line to 'False'
[0.702s] Level 5:colcon.colcon_core.verb:set package 'my_robot_bringup' build argument 'cmake_force_configure' from command line to 'False'
[0.702s] Level 5:colcon.colcon_core.verb:set package 'my_robot_bringup' build argument 'ament_cmake_args' from command line to 'None'
[0.702s] Level 5:colcon.colcon_core.verb:set package 'my_robot_bringup' build argument 'catkin_cmake_args' from command line to 'None'
[0.702s] Level 5:colcon.colcon_core.verb:set package 'my_robot_bringup' build argument 'catkin_skip_building_tests' from command line to 'False'
[0.702s] DEBUG:colcon.colcon_core.verb:Building package 'my_robot_bringup' with the following arguments: {'ament_cmake_args': None, 'build_base': '/root/ros2_ws/build/my_robot_bringup', 'catkin_cmake_args': None, 'catkin_skip_building_tests': False, 'cmake_args': None, 'cmake_clean_cache': False, 'cmake_clean_first': False, 'cmake_force_configure': False, 'cmake_target': None, 'cmake_target_skip_unavailable': False, 'install_base': '/root/ros2_ws/install/my_robot_bringup', 'merge_install': False, 'path': '/root/ros2_ws/src/my_robot_bringup', 'symlink_install': True, 'test_result_base': None}
[0.702s] INFO:colcon.colcon_core.executor:Executing jobs using 'parallel' executor
[0.704s] DEBUG:colcon.colcon_parallel_executor.executor.parallel:run_until_complete
[0.704s] INFO:colcon.colcon_ros.task.ament_python.build:Building ROS package in '/root/ros2_ws/src/my_sensor_package' with build type 'ament_python'
[0.704s] Level 1:colcon.colcon_core.shell:create_environment_hook('my_sensor_package', 'ament_prefix_path')
[0.709s] INFO:colcon.colcon_core.plugin_system:Skipping extension 'colcon_core.shell.bat': Not used on non-Windows systems
[0.709s] INFO:colcon.colcon_core.shell:Creating environment hook '/root/ros2_ws/install/my_sensor_package/share/my_sensor_package/hook/ament_prefix_path.ps1'
[0.711s] INFO:colcon.colcon_core.shell:Creating environment descriptor '/root/ros2_ws/install/my_sensor_package/share/my_sensor_package/hook/ament_prefix_path.dsv'
[0.711s] INFO:colcon.colcon_core.shell:Creating environment hook '/root/ros2_ws/install/my_sensor_package/share/my_sensor_package/hook/ament_prefix_path.sh'
[0.712s] INFO:colcon.colcon_core.shell:Skip shell extension 'powershell' for command environment: Not usable outside of PowerShell
[0.712s] DEBUG:colcon.colcon_core.shell:Skip shell extension 'dsv' for command environment
[0.716s] INFO:colcon.colcon_ros.task.ament_cmake.build:Building ROS package in '/root/ros2_ws/src/humanoid_description' with build type 'ament_cmake'
[0.716s] INFO:colcon.colcon_cmake.task.cmake.build:Building CMake package in '/root/ros2_ws/src/humanoid_description'
[0.716s] INFO:colcon.colcon_core.shell:Skip shell extension 'powershell' for command environment: Not usable outside of PowerShell
[0.716s] DEBUG:colcon.colcon_core.shell:Skip shell extension 'dsv' for command environment
[0.720s] INFO:colcon.colcon_ros.task.ament_python.build:Building ROS package in '/root/ros2_ws/src/my_py_pkg' with build type 'ament_python'
[0.720s] Level 1:colcon.colcon_core.shell:create_environment_hook('my_py_pkg', 'ament_prefix_path')
[0.720s] INFO:colcon.colcon_core.shell:Creating environment hook '/root/ros2_ws/install/my_py_pkg/share/my_py_pkg/hook/ament_prefix_path.ps1'
[0.721s] INFO:colcon.colcon_core.shell:Creating environment descriptor '/root/ros2_ws/install/my_py_pkg/share/my_py_pkg/hook/ament_prefix_path.dsv'
[0.722s] INFO:colcon.colcon_core.shell:Creating environment hook '/root/ros2_ws/install/my_py_pkg/share/my_py_pkg/hook/ament_prefix_path.sh'
[0.722s] INFO:colcon.colcon_core.shell:Skip shell extension 'powershell' for command environment: Not usable outside of PowerShell
[0.722s] DEBUG:colcon.colcon_core.shell:Skip shell extension 'dsv' for command environment
[0.938s] INFO:colcon.colcon_core.task.python.build:Building Python package in '/root/ros2_ws/src/my_sensor_package'
[0.939s] INFO:colcon.colcon_core.shell:Skip shell extension 'powershell' for command environment: Not usable outside of PowerShell
[0.939s] DEBUG:colcon.colcon_core.shell:Skip shell extension 'dsv' for command environment
[0.946s] DEBUG:colcon.colcon_core.event_handler.log_command:Invoking command in '/root/ros2_ws/build/humanoid_description': CMAKE_PREFIX_PATH=${CMAKE_PREFIX_PATH}:/root/ros2_ws/install/my_sensor_package:/root/ros2_ws/install/my_py_pkg:/opt/ros/humble /usr/bin/cmake --build /root/ros2_ws/build/humanoid_description -- -j16 -l16
[1.155s] INFO:colcon.colcon_core.task.python.build:Building Python package in '/root/ros2_ws/src/my_py_pkg'
[1.156s] INFO:colcon.colcon_core.shell:Skip shell extension 'powershell' for command environment: Not usable outside of PowerShell
[1.156s] DEBUG:colcon.colcon_core.shell:Skip shell extension 'dsv' for command environment
[1.598s] DEBUG:colcon.colcon_core.event_handler.log_command:Invoking command in '/root/ros2_ws/build/my_sensor_package': PYTHONPATH=/root/ros2_ws/build/my_sensor_package/prefix_override:/usr/lib/python3/dist-packages/colcon_core/task/python/colcon_distutils_commands:/root/ros2_ws/install/my_sensor_package/lib/python3.10/site-packages:${PYTHONPATH} /usr/bin/python3 -W ignore:setup.py install is deprecated -W ignore:easy_install command is deprecated setup.py develop --editable --build-directory /root/ros2_ws/build/my_sensor_package/build --no-deps symlink_data
[1.605s] DEBUG:colcon.colcon_core.event_handler.log_command:Invoking command in '/root/ros2_ws/build/my_py_pkg': PYTHONPATH=/root/ros2_ws/build/my_py_pkg/prefix_override:/usr/lib/python3/dist-packages/colcon_core/task/python/colcon_distutils_commands:/root/ros2_ws/install/my_py_pkg/lib/python3.10/site-packages:${PYTHONPATH} /usr/bin/python3 -W ignore:setup.py install is deprecated -W ignore:easy_install command is deprecated setup.py develop --editable --build-directory /root/ros2_ws/build/my_py_pkg/build --no-deps symlink_data
[1.987s] Level 1:colcon.colcon_core.shell:create_environment_hook('my_sensor_package', 'pythonpath_develop')
[1.988s] INFO:colcon.colcon_core.shell:Creating environment hook '/root/ros2_ws/build/my_sensor_package/share/my_sensor_package/hook/pythonpath_develop.ps1'
[1.988s] DEBUG:colcon.colcon_core.event_handler.log_command:Invoked command in '/root/ros2_ws/build/my_sensor_package' returned '0': PYTHONPATH=/root/ros2_ws/build/my_sensor_package/prefix_override:/usr/lib/python3/dist-packages/colcon_core/task/python/colcon_distutils_commands:/root/ros2_ws/install/my_sensor_package/lib/python3.10/site-packages:${PYTHONPATH} /usr/bin/python3 -W ignore:setup.py install is deprecated -W ignore:easy_install command is deprecated setup.py develop --editable --build-directory /root/ros2_ws/build/my_sensor_package/build --no-deps symlink_data
[1.988s] INFO:colcon.colcon_core.shell:Creating environment descriptor '/root/ros2_ws/build/my_sensor_package/share/my_sensor_package/hook/pythonpath_develop.dsv'
[1.989s] INFO:colcon.colcon_core.shell:Creating environment hook '/root/ros2_ws/build/my_sensor_package/share/my_sensor_package/hook/pythonpath_develop.sh'
[1.996s] Level 1:colcon.colcon_core.environment:checking '/root/ros2_ws/install/my_sensor_package' for CMake module files
[1.997s] Level 1:colcon.colcon_core.environment:checking '/root/ros2_ws/install/my_sensor_package' for CMake config files
[1.999s] Level 1:colcon.colcon_core.environment:checking '/root/ros2_ws/install/my_sensor_package/lib'
[1.999s] Level 1:colcon.colcon_core.environment:checking '/root/ros2_ws/install/my_sensor_package/bin'
[1.999s] Level 1:colcon.colcon_core.environment:checking '/root/ros2_ws/install/my_sensor_package/lib/pkgconfig/my_sensor_package.pc'
[2.000s] Level 1:colcon.colcon_core.environment:checking '/root/ros2_ws/install/my_sensor_package/lib/python3.10/site-packages'
[2.000s] Level 1:colcon.colcon_core.shell:create_environment_hook('my_sensor_package', 'pythonpath')
[2.000s] INFO:colcon.colcon_core.shell:Creating environment hook '/root/ros2_ws/install/my_sensor_package/share/my_sensor_package/hook/pythonpath.ps1'
[2.001s] INFO:colcon.colcon_core.shell:Creating environment descriptor '/root/ros2_ws/install/my_sensor_package/share/my_sensor_package/hook/pythonpath.dsv'
[2.001s] INFO:colcon.colcon_core.shell:Creating environment hook '/root/ros2_ws/install/my_sensor_package/share/my_sensor_package/hook/pythonpath.sh'
[2.001s] Level 1:colcon.colcon_core.environment:checking '/root/ros2_ws/install/my_sensor_package/bin'
[2.001s] Level 1:colcon.colcon_core.environment:create_environment_scripts_only(my_sensor_package)
[2.002s] INFO:colcon.colcon_core.shell:Creating package script '/root/ros2_ws/install/my_sensor_package/share/my_sensor_package/package.ps1'
[2.003s] INFO:colcon.colcon_core.shell:Creating package descriptor '/root/ros2_ws/install/my_sensor_package/share/my_sensor_package/package.dsv'
[2.003s] INFO:colcon.colcon_core.shell:Creating package script '/root/ros2_ws/install/my_sensor_package/share/my_sensor_package/package.sh'
[2.004s] INFO:colcon.colcon_core.shell:Creating package script '/root/ros2_ws/install/my_sensor_package/share/my_sensor_package/package.bash'
[2.005s] INFO:colcon.colcon_core.shell:Creating package script '/root/ros2_ws/install/my_sensor_package/share/my_sensor_package/package.zsh'
[2.006s] Level 1:colcon.colcon_core.environment:create_file_with_runtime_dependencies(/root/ros2_ws/install/my_sensor_package/share/colcon-core/packages/my_sensor_package)
[2.007s] INFO:colcon.colcon_ros.task.ament_cmake.build:Building ROS package in '/root/ros2_ws/src/my_robot_bringup' with build type 'ament_cmake'
[2.007s] INFO:colcon.colcon_cmake.task.cmake.build:Building CMake package in '/root/ros2_ws/src/my_robot_bringup'
[2.007s] INFO:colcon.colcon_core.shell:Skip shell extension 'powershell' for command environment: Not usable outside of PowerShell
[2.007s] DEBUG:colcon.colcon_core.shell:Skip shell extension 'dsv' for command environment
[2.012s] Level 1:colcon.colcon_core.shell:create_environment_hook('my_py_pkg', 'pythonpath_develop')
[2.012s] INFO:colcon.colcon_core.shell:Creating environment hook '/root/ros2_ws/build/my_py_pkg/share/my_py_pkg/hook/pythonpath_develop.ps1'
[2.013s] DEBUG:colcon.colcon_core.event_handler.log_command:Invoked command in '/root/ros2_ws/build/my_py_pkg' returned '0': PYTHONPATH=/root/ros2_ws/build/my_py_pkg/prefix_override:/usr/lib/python3/dist-packages/colcon_core/task/python/colcon_distutils_commands:/root/ros2_ws/install/my_py_pkg/lib/python3.10/site-packages:${PYTHONPATH} /usr/bin/python3 -W ignore:setup.py install is deprecated -W ignore:easy_install command is deprecated setup.py develop --editable --build-directory /root/ros2_ws/build/my_py_pkg/build --no-deps symlink_data
[2.014s] INFO:colcon.colcon_core.shell:Creating environment descriptor '/root/ros2_ws/build/my_py_pkg/share/my_py_pkg/hook/pythonpath_develop.dsv'
[2.014s] INFO:colcon.colcon_core.shell:Creating environment hook '/root/ros2_ws/build/my_py_pkg/share/my_py_pkg/hook/pythonpath_develop.sh'
[2.015s] Level 1:colcon.colcon_core.environment:checking '/root/ros2_ws/install/my_py_pkg' for CMake module files
[2.015s] Level 1:colcon.colcon_core.environment:checking '/root/ros2_ws/install/my_py_pkg' for CMake config files
[2.017s] Level 1:colcon.colcon_core.environment:checking '/root/ros2_ws/install/my_py_pkg/lib'
[2.017s] Level 1:colcon.colcon_core.environment:checking '/root/ros2_ws/install/my_py_pkg/bin'
[2.017s] Level 1:colcon.colcon_core.environment:checking '/root/ros2_ws/install/my_py_pkg/lib/pkgconfig/my_py_pkg.pc'
[2.018s] Level 1:colcon.colcon_core.environment:checking '/root/ros2_ws/install/my_py_pkg/lib/python3.10/site-packages'
[2.018s] Level 1:colcon.colcon_core.shell:create_environment_hook('my_py_pkg', 'pythonpath')
[2.018s] INFO:colcon.colcon_core.shell:Creating environment hook '/root/ros2_ws/install/my_py_pkg/share/my_py_pkg/hook/pythonpath.ps1'
[2.018s] INFO:colcon.colcon_core.shell:Creating environment descriptor '/root/ros2_ws/install/my_py_pkg/share/my_py_pkg/hook/pythonpath.dsv'
[2.019s] INFO:colcon.colcon_core.shell:Creating environment hook '/root/ros2_ws/install/my_py_pkg/share/my_py_pkg/hook/pythonpath.sh'
[2.019s] Level 1:colcon.colcon_core.environment:checking '/root/ros2_ws/install/my_py_pkg/bin'
[2.019s] Level 1:colcon.colcon_core.environment:create_environment_scripts_only(my_py_pkg)
[2.019s] INFO:colcon.colcon_core.shell:Creating package script '/root/ros2_ws/install/my_py_pkg/share/my_py_pkg/package.ps1'
[2.020s] INFO:colcon.colcon_core.shell:Creating package descriptor '/root/ros2_ws/install/my_py_pkg/share/my_py_pkg/package.dsv'
[2.020s] INFO:colcon.colcon_core.shell:Creating package script '/root/ros2_ws/install/my_py_pkg/share/my_py_pkg/package.sh'
[2.021s] INFO:colcon.colcon_core.shell:Creating package script '/root/ros2_ws/install/my_py_pkg/share/my_py_pkg/package.bash'
[2.021s] INFO:colcon.colcon_core.shell:Creating package script '/root/ros2_ws/install/my_py_pkg/share/my_py_pkg/package.zsh'
[2.021s] Level 1:colcon.colcon_core.environment:create_file_with_runtime_dependencies(/root/ros2_ws/install/my_py_pkg/share/colcon-core/packages/my_py_pkg)
[2.109s] DEBUG:colcon.colcon_core.event_handler.log_command:Invoking command in '/root/ros2_ws/build/my_robot_bringup': AMENT_PREFIX_PATH=/root/ros2_ws/install/my_sensor_package:/root/ros2_ws/install/my_robot_bringup:/root/ros2_ws/install/my_py_pkg:/root/ros2_ws/install/humanoid_description:/opt/ros/humble CMAKE_PREFIX_PATH=${CMAKE_PREFIX_PATH}:/root/ros2_ws/install/my_sensor_package:/root/ros2_ws/install/my_py_pkg:/opt/ros/humble PYTHONPATH=/root/ros2_ws/build/my_sensor_package:/root/ros2_ws/install/my_sensor_package/lib/python3.10/site-packages:/root/ros2_ws/build/my_py_pkg:/root/ros2_ws/install/my_py_pkg/lib/python3.10/site-packages:/opt/ros/humble/lib/python3.10/site-packages:/opt/ros/humble/local/lib/python3.10/dist-packages /usr/bin/cmake --build /root/ros2_ws/build/my_robot_bringup -- -j16 -l16
[2.159s] DEBUG:colcon.colcon_core.event_handler.log_command:Invoked command in '/root/ros2_ws/build/my_robot_bringup' returned '0': AMENT_PREFIX_PATH=/root/ros2_ws/install/my_sensor_package:/root/ros2_ws/install/my_robot_bringup:/root/ros2_ws/install/my_py_pkg:/root/ros2_ws/install/humanoid_description:/opt/ros/humble CMAKE_PREFIX_PATH=${CMAKE_PREFIX_PATH}:/root/ros2_ws/install/my_sensor_package:/root/ros2_ws/install/my_py_pkg:/opt/ros/humble PYTHONPATH=/root/ros2_ws/build/my_sensor_package:/root/ros2_ws/install/my_sensor_package/lib/python3.10/site-packages:/root/ros2_ws/build/my_py_pkg:/root/ros2_ws/install/my_py_pkg/lib/python3.10/site-packages:/opt/ros/humble/lib/python3.10/site-packages:/opt/ros/humble/local/lib/python3.10/dist-packages /usr/bin/cmake --build /root/ros2_ws/build/my_robot_bringup -- -j16 -l16
[2.170s] DEBUG:colcon.colcon_core.event_handler.log_command:Invoking command in '/root/ros2_ws/build/my_robot_bringup': AMENT_PREFIX_PATH=/root/ros2_ws/install/my_sensor_package:/root/ros2_ws/install/my_robot_bringup:/root/ros2_ws/install/my_py_pkg:/root/ros2_ws/install/humanoid_description:/opt/ros/humble CMAKE_PREFIX_PATH=${CMAKE_PREFIX_PATH}:/root/ros2_ws/install/my_sensor_package:/root/ros2_ws/install/my_py_pkg:/opt/ros/humble PYTHONPATH=/root/ros2_ws/build/my_sensor_package:/root/ros2_ws/install/my_sensor_package/lib/python3.10/site-packages:/root/ros2_ws/build/my_py_pkg:/root/ros2_ws/install/my_py_pkg/lib/python3.10/site-packages:/opt/ros/humble/lib/python3.10/site-packages:/opt/ros/humble/local/lib/python3.10/dist-packages /usr/bin/cmake --install /root/ros2_ws/build/my_robot_bringup
[2.199s] Level 1:colcon.colcon_core.environment:create_environment_scripts_only(my_robot_bringup)
[2.200s] Level 1:colcon.colcon_core.environment:checking '/root/ros2_ws/install/my_robot_bringup' for CMake module files
[2.200s] DEBUG:colcon.colcon_core.event_handler.log_command:Invoked command in '/root/ros2_ws/build/my_robot_bringup' returned '0': AMENT_PREFIX_PATH=/root/ros2_ws/install/my_sensor_package:/root/ros2_ws/install/my_robot_bringup:/root/ros2_ws/install/my_py_pkg:/root/ros2_ws/install/humanoid_description:/opt/ros/humble CMAKE_PREFIX_PATH=${CMAKE_PREFIX_PATH}:/root/ros2_ws/install/my_sensor_package:/root/ros2_ws/install/my_py_pkg:/opt/ros/humble PYTHONPATH=/root/ros2_ws/build/my_sensor_package:/root/ros2_ws/install/my_sensor_package/lib/python3.10/site-packages:/root/ros2_ws/build/my_py_pkg:/root/ros2_ws/install/my_py_pkg/lib/python3.10/site-packages:/opt/ros/humble/lib/python3.10/site-packages:/opt/ros/humble/local/lib/python3.10/dist-packages /usr/bin/cmake --install /root/ros2_ws/build/my_robot_bringup
[2.201s] Level 1:colcon.colcon_core.environment:checking '/root/ros2_ws/install/my_robot_bringup' for CMake config files
[2.202s] Level 1:colcon.colcon_core.shell:create_environment_hook('my_robot_bringup', 'cmake_prefix_path')
[2.202s] INFO:colcon.colcon_core.shell:Creating environment hook '/root/ros2_ws/install/my_robot_bringup/share/my_robot_bringup/hook/cmake_prefix_path.ps1'
[2.202s] INFO:colcon.colcon_core.shell:Creating environment descriptor '/root/ros2_ws/install/my_robot_bringup/share/my_robot_bringup/hook/cmake_prefix_path.dsv'
[2.203s] INFO:colcon.colcon_core.shell:Creating environment hook '/root/ros2_ws/install/my_robot_bringup/share/my_robot_bringup/hook/cmake_prefix_path.sh'
[2.203s] Level 1:colcon.colcon_core.environment:checking '/root/ros2_ws/install/my_robot_bringup/bin'
[2.203s] Level 1:colcon.colcon_core.environment:checking '/root/ros2_ws/install/my_robot_bringup/lib/pkgconfig/my_robot_bringup.pc'
[2.203s] Level 1:colcon.colcon_core.environment:checking '/root/ros2_ws/install/my_robot_bringup/lib/python3.10/site-packages'
[2.204s] Level 1:colcon.colcon_core.environment:checking '/root/ros2_ws/install/my_robot_bringup/bin'
[2.204s] INFO:colcon.colcon_core.shell:Creating package script '/root/ros2_ws/install/my_robot_bringup/share/my_robot_bringup/package.ps1'
[2.204s] INFO:colcon.colcon_core.shell:Creating package descriptor '/root/ros2_ws/install/my_robot_bringup/share/my_robot_bringup/package.dsv'
[2.205s] INFO:colcon.colcon_core.shell:Creating package script '/root/ros2_ws/install/my_robot_bringup/share/my_robot_bringup/package.sh'
[2.205s] INFO:colcon.colcon_core.shell:Creating package script '/root/ros2_ws/install/my_robot_bringup/share/my_robot_bringup/package.bash'
[2.205s] INFO:colcon.colcon_core.shell:Creating package script '/root/ros2_ws/install/my_robot_bringup/share/my_robot_bringup/package.zsh'
[2.206s] Level 1:colcon.colcon_core.environment:create_file_with_runtime_dependencies(/root/ros2_ws/install/my_robot_bringup/share/colcon-core/packages/my_robot_bringup)
[2.206s] Level 1:colcon.colcon_core.environment:create_environment_scripts_only(my_robot_bringup)
[2.207s] Level 1:colcon.colcon_core.environment:checking '/root/ros2_ws/install/my_robot_bringup' for CMake module files
[2.207s] Level 1:colcon.colcon_core.environment:checking '/root/ros2_ws/install/my_robot_bringup' for CMake config files
[2.207s] Level 1:colcon.colcon_core.shell:create_environment_hook('my_robot_bringup', 'cmake_prefix_path')
[2.207s] INFO:colcon.colcon_core.shell:Creating environment hook '/root/ros2_ws/install/my_robot_bringup/share/my_robot_bringup/hook/cmake_prefix_path.ps1'
[2.208s] INFO:colcon.colcon_core.shell:Creating environment descriptor '/root/ros2_ws/install/my_robot_bringup/share/my_robot_bringup/hook/cmake_prefix_path.dsv'
[2.208s] INFO:colcon.colcon_core.shell:Creating environment hook '/root/ros2_ws/install/my_robot_bringup/share/my_robot_bringup/hook/cmake_prefix_path.sh'
[2.209s] Level 1:colcon.colcon_core.environment:checking '/root/ros2_ws/install/my_robot_bringup/bin'
[2.209s] Level 1:colcon.colcon_core.environment:checking '/root/ros2_ws/install/my_robot_bringup/lib/pkgconfig/my_robot_bringup.pc'
[2.209s] Level 1:colcon.colcon_core.environment:checking '/root/ros2_ws/install/my_robot_bringup/lib/python3.10/site-packages'
[2.209s] Level 1:colcon.colcon_core.environment:checking '/root/ros2_ws/install/my_robot_bringup/bin'
[2.209s] INFO:colcon.colcon_core.shell:Creating package script '/root/ros2_ws/install/my_robot_bringup/share/my_robot_bringup/package.ps1'
[2.210s] INFO:colcon.colcon_core.shell:Creating package descriptor '/root/ros2_ws/install/my_robot_bringup/share/my_robot_bringup/package.dsv'
[2.210s] INFO:colcon.colcon_core.shell:Creating package script '/root/ros2_ws/install/my_robot_bringup/share/my_robot_bringup/package.sh'
[2.211s] INFO:colcon.colcon_core.shell:Creating package script '/root/ros2_ws/install/my_robot_bringup/share/my_robot_bringup/package.bash'
[2.211s] INFO:colcon.colcon_core.shell:Creating package script '/root/ros2_ws/install/my_robot_bringup/share/my_robot_bringup/package.zsh'
[2.211s] Level 1:colcon.colcon_core.environment:create_file_with_runtime_dependencies(/root/ros2_ws/install/my_robot_bringup/share/colcon-core/packages/my_robot_bringup)
[21.491s] DEBUG:colcon.colcon_core.event_handler.log_command:Invoked command in '/root/ros2_ws/build/humanoid_description' returned '0': CMAKE_PREFIX_PATH=${CMAKE_PREFIX_PATH}:/root/ros2_ws/install/my_sensor_package:/root/ros2_ws/install/my_py_pkg:/opt/ros/humble /usr/bin/cmake --build /root/ros2_ws/build/humanoid_description -- -j16 -l16
[21.493s] DEBUG:colcon.colcon_core.event_handler.log_command:Invoking command in '/root/ros2_ws/build/humanoid_description': CMAKE_PREFIX_PATH=${CMAKE_PREFIX_PATH}:/root/ros2_ws/install/my_sensor_package:/root/ros2_ws/install/my_py_pkg:/opt/ros/humble /usr/bin/cmake --install /root/ros2_ws/build/humanoid_description
[21.535s] Level 1:colcon.colcon_core.environment:create_environment_scripts_only(humanoid_description)
[21.535s] Level 1:colcon.colcon_core.environment:checking '/root/ros2_ws/install/humanoid_description' for CMake module files
[21.535s] DEBUG:colcon.colcon_core.event_handler.log_command:Invoked command in '/root/ros2_ws/build/humanoid_description' returned '0': CMAKE_PREFIX_PATH=${CMAKE_PREFIX_PATH}:/root/ros2_ws/install/my_sensor_package:/root/ros2_ws/install/my_py_pkg:/opt/ros/humble /usr/bin/cmake --install /root/ros2_ws/build/humanoid_description
[21.536s] Level 1:colcon.colcon_core.environment:checking '/root/ros2_ws/install/humanoid_description' for CMake config files
[21.539s] Level 1:colcon.colcon_core.shell:create_environment_hook('humanoid_description', 'cmake_prefix_path')
[21.539s] INFO:colcon.colcon_core.shell:Creating environment hook '/root/ros2_ws/install/humanoid_description/share/humanoid_description/hook/cmake_prefix_path.ps1'
[21.540s] INFO:colcon.colcon_core.shell:Creating environment descriptor '/root/ros2_ws/install/humanoid_description/share/humanoid_description/hook/cmake_prefix_path.dsv'
[21.540s] INFO:colcon.colcon_core.shell:Creating environment hook '/root/ros2_ws/install/humanoid_description/share/humanoid_description/hook/cmake_prefix_path.sh'
[21.540s] Level 1:colcon.colcon_core.environment:checking '/root/ros2_ws/install/humanoid_description/bin'
[21.540s] Level 1:colcon.colcon_core.environment:checking '/root/ros2_ws/install/humanoid_description/lib/pkgconfig/humanoid_description.pc'
[21.540s] Level 1:colcon.colcon_core.environment:checking '/root/ros2_ws/install/humanoid_description/lib/python3.10/site-packages'
[21.541s] Level 1:colcon.colcon_core.environment:checking '/root/ros2_ws/install/humanoid_description/bin'
[21.541s] INFO:colcon.colcon_core.shell:Creating package script '/root/ros2_ws/install/humanoid_description/share/humanoid_description/package.ps1'
[21.541s] INFO:colcon.colcon_core.shell:Creating package descriptor '/root/ros2_ws/install/humanoid_description/share/humanoid_description/package.dsv'
[21.541s] INFO:colcon.colcon_core.shell:Creating package script '/root/ros2_ws/install/humanoid_description/share/humanoid_description/package.sh'
[21.542s] INFO:colcon.colcon_core.shell:Creating package script '/root/ros2_ws/install/humanoid_description/share/humanoid_description/package.bash'
[21.542s] INFO:colcon.colcon_core.shell:Creating package script '/root/ros2_ws/install/humanoid_description/share/humanoid_description/package.zsh'
[21.542s] Level 1:colcon.colcon_core.environment:create_file_with_runtime_dependencies(/root/ros2_ws/install/humanoid_description/share/colcon-core/packages/humanoid_description)
[21.543s] Level 1:colcon.colcon_core.environment:create_environment_scripts_only(humanoid_description)
[21.543s] Level 1:colcon.colcon_core.environment:checking '/root/ros2_ws/install/humanoid_description' for CMake module files
[21.543s] Level 1:colcon.colcon_core.environment:checking '/root/ros2_ws/install/humanoid_description' for CMake config files
[21.544s] Level 1:colcon.colcon_core.shell:create_environment_hook('humanoid_description', 'cmake_prefix_path')
[21.544s] INFO:colcon.colcon_core.shell:Creating environment hook '/root/ros2_ws/install/humanoid_description/share/humanoid_description/hook/cmake_prefix_path.ps1'
[21.544s] INFO:colcon.colcon_core.shell:Creating environment descriptor '/root/ros2_ws/install/humanoid_description/share/humanoid_description/hook/cmake_prefix_path.dsv'
[21.545s] INFO:colcon.colcon_core.shell:Creating environment hook '/root/ros2_ws/install/humanoid_description/share/humanoid_description/hook/cmake_prefix_path.sh'
[21.545s] Level 1:colcon.colcon_core.environment:checking '/root/ros2_ws/install/humanoid_description/bin'
[21.545s] Level 1:colcon.colcon_core.environment:checking '/root/ros2_ws/install/humanoid_description/lib/pkgconfig/humanoid_description.pc'
[21.545s] Level 1:colcon.colcon_core.environment:checking '/root/ros2_ws/install/humanoid_description/lib/python3.10/site-packages'
[21.545s] Level 1:colcon.colcon_core.environment:checking '/root/ros2_ws/install/humanoid_description/bin'
[21.545s] INFO:colcon.colcon_core.shell:Creating package script '/root/ros2_ws/install/humanoid_description/share/humanoid_description/package.ps1'
[21.546s] INFO:colcon.colcon_core.shell:Creating package descriptor '/root/ros2_ws/install/humanoid_description/share/humanoid_description/package.dsv'
[21.546s] INFO:colcon.colcon_core.shell:Creating package script '/root/ros2_ws/install/humanoid_description/share/humanoid_description/package.sh'
[21.546s] INFO:colcon.colcon_core.shell:Creating package script '/root/ros2_ws/install/humanoid_description/share/humanoid_description/package.bash'
[21.547s] INFO:colcon.colcon_core.shell:Creating package script '/root/ros2_ws/install/humanoid_description/share/humanoid_description/package.zsh'
[21.547s] Level 1:colcon.colcon_core.environment:create_file_with_runtime_dependencies(/root/ros2_ws/install/humanoid_description/share/colcon-core/packages/humanoid_description)
[21.547s] DEBUG:colcon.colcon_parallel_executor.executor.parallel:closing loop
[21.548s] DEBUG:colcon.colcon_parallel_executor.executor.parallel:loop closed
[21.548s] DEBUG:colcon.colcon_parallel_executor.executor.parallel:run_until_complete finished with '0'
[21.548s] DEBUG:colcon.colcon_core.event_reactor:joining thread
[21.584s] INFO:colcon.colcon_core.plugin_system:Skipping extension 'colcon_notification.desktop_notification.notify_send': Could not find 'notify-send'
[21.584s] INFO:colcon.colcon_core.plugin_system:Skipping extension 'colcon_notification.desktop_notification.terminal_notifier': Not used on non-Darwin systems
[21.584s] INFO:colcon.colcon_core.plugin_system:Skipping extension 'colcon_notification.desktop_notification.win32': Not used on non-Windows systems
[21.584s] INFO:colcon.colcon_notification.desktop_notification:Sending desktop notification using 'notify2'
[21.585s] DEBUG:colcon.colcon_notification.desktop_notification.notify2:Failed to initialize notify2: org.freedesktop.DBus.Error.FileNotFound: Failed to connect to socket /run/user/0/bus: No such file or directory
[21.585s] DEBUG:colcon.colcon_core.event_reactor:joined thread
[21.585s] INFO:colcon.colcon_core.shell:Creating prefix script '/root/ros2_ws/install/local_setup.ps1'
[21.586s] INFO:colcon.colcon_core.shell:Creating prefix util module '/root/ros2_ws/install/_local_setup_util_ps1.py'
[21.588s] INFO:colcon.colcon_core.shell:Creating prefix chain script '/root/ros2_ws/install/setup.ps1'
[21.589s] INFO:colcon.colcon_core.shell:Creating prefix script '/root/ros2_ws/install/local_setup.sh'
[21.589s] INFO:colcon.colcon_core.shell:Creating prefix util module '/root/ros2_ws/install/_local_setup_util_sh.py'
[21.590s] INFO:colcon.colcon_core.shell:Creating prefix chain script '/root/ros2_ws/install/setup.sh'
[21.591s] INFO:colcon.colcon_core.shell:Creating prefix script '/root/ros2_ws/install/local_setup.bash'
[21.592s] INFO:colcon.colcon_core.shell:Creating prefix chain script '/root/ros2_ws/install/setup.bash'
[21.593s] INFO:colcon.colcon_core.shell:Creating prefix script '/root/ros2_ws/install/local_setup.zsh'
[21.593s] INFO:colcon.colcon_core.shell:Creating prefix chain script '/root/ros2_ws/install/setup.zsh'
