running develop
Removing /root/ros2_ws/install/my_py_pkg/lib/python3.10/site-packages/my-py-pkg.egg-link (link to .)
running egg_info
writing ../../build/my_py_pkg/my_py_pkg.egg-info/PKG-INFO
writing dependency_links to ../../build/my_py_pkg/my_py_pkg.egg-info/dependency_links.txt
writing entry points to ../../build/my_py_pkg/my_py_pkg.egg-info/entry_points.txt
writing requirements to ../../build/my_py_pkg/my_py_pkg.egg-info/requires.txt
writing top-level names to ../../build/my_py_pkg/my_py_pkg.egg-info/top_level.txt
reading manifest file '../../build/my_py_pkg/my_py_pkg.egg-info/SOURCES.txt'
writing manifest file '../../build/my_py_pkg/my_py_pkg.egg-info/SOURCES.txt'
running build
running build_py
running install
running install_lib
creating /root/ros2_ws/install/my_py_pkg/lib/python3.10/site-packages/my_py_pkg
copying /root/ros2_ws/build/my_py_pkg/build/lib/my_py_pkg/__init__.py -> /root/ros2_ws/install/my_py_pkg/lib/python3.10/site-packages/my_py_pkg
copying /root/ros2_ws/build/my_py_pkg/build/lib/my_py_pkg/turtle_controller.py -> /root/ros2_ws/install/my_py_pkg/lib/python3.10/site-packages/my_py_pkg
copying /root/ros2_ws/build/my_py_pkg/build/lib/my_py_pkg/pose_subscriber.py -> /root/ros2_ws/install/my_py_pkg/lib/python3.10/site-packages/my_py_pkg
copying /root/ros2_ws/build/my_py_pkg/build/lib/my_py_pkg/draw_circle.py -> /root/ros2_ws/install/my_py_pkg/lib/python3.10/site-packages/my_py_pkg
copying /root/ros2_ws/build/my_py_pkg/build/lib/my_py_pkg/my_first_node.py -> /root/ros2_ws/install/my_py_pkg/lib/python3.10/site-packages/my_py_pkg
byte-compiling /root/ros2_ws/install/my_py_pkg/lib/python3.10/site-packages/my_py_pkg/__init__.py to __init__.cpython-310.pyc
byte-compiling /root/ros2_ws/install/my_py_pkg/lib/python3.10/site-packages/my_py_pkg/turtle_controller.py to turtle_controller.cpython-310.pyc
byte-compiling /root/ros2_ws/install/my_py_pkg/lib/python3.10/site-packages/my_py_pkg/pose_subscriber.py to pose_subscriber.cpython-310.pyc
byte-compiling /root/ros2_ws/install/my_py_pkg/lib/python3.10/site-packages/my_py_pkg/draw_circle.py to draw_circle.cpython-310.pyc
byte-compiling /root/ros2_ws/install/my_py_pkg/lib/python3.10/site-packages/my_py_pkg/my_first_node.py to my_first_node.cpython-310.pyc
running install_data
copying resource/my_py_pkg -> /root/ros2_ws/install/my_py_pkg/share/ament_index/resource_index/packages
copying package.xml -> /root/ros2_ws/install/my_py_pkg/share/my_py_pkg
running install_egg_info
Copying ../../build/my_py_pkg/my_py_pkg.egg-info to /root/ros2_ws/install/my_py_pkg/lib/python3.10/site-packages/my_py_pkg-0.0.0-py3.10.egg-info
running install_scripts
Installing draw_circle script to /root/ros2_ws/install/my_py_pkg/lib/my_py_pkg
Installing pose_subscriber script to /root/ros2_ws/install/my_py_pkg/lib/my_py_pkg
Installing test_node script to /root/ros2_ws/install/my_py_pkg/lib/my_py_pkg
Installing turtle_controller script to /root/ros2_ws/install/my_py_pkg/lib/my_py_pkg
writing list of installed files to '/root/ros2_ws/build/my_py_pkg/install.log'
