[0.821s] Invoking command in '/root/ros2_ws/build/my_py_pkg': PYTHONPATH=/root/ros2_ws/build/my_py_pkg/prefix_override:/usr/lib/python3/dist-packages/colcon_core/task/python/colcon_distutils_commands:/root/ros2_ws/install/my_py_pkg/lib/python3.10/site-packages:${PYTHONPATH} /usr/bin/python3 -W ignore:setup.py install is deprecated -W ignore:easy_install command is deprecated setup.py develop --editable --build-directory /root/ros2_ws/build/my_py_pkg/build --no-deps symlink_data
[1.011s] running develop
[1.125s] running egg_info
[1.125s] writing my_py_pkg.egg-info/PKG-INFO
[1.125s] writing dependency_links to my_py_pkg.egg-info/dependency_links.txt
[1.126s] writing entry points to my_py_pkg.egg-info/entry_points.txt
[1.126s] writing requirements to my_py_pkg.egg-info/requires.txt
[1.126s] writing top-level names to my_py_pkg.egg-info/top_level.txt
[1.127s] reading manifest file 'my_py_pkg.egg-info/SOURCES.txt'
[1.128s] writing manifest file 'my_py_pkg.egg-info/SOURCES.txt'
[1.129s] running build_ext
[1.129s] Creating /root/ros2_ws/install/my_py_pkg/lib/python3.10/site-packages/my-py-pkg.egg-link (link to .)
[1.130s] Installing draw_circle script to /root/ros2_ws/install/my_py_pkg/lib/my_py_pkg
[1.131s] Installing pose_subscriber script to /root/ros2_ws/install/my_py_pkg/lib/my_py_pkg
[1.131s] Installing test_node script to /root/ros2_ws/install/my_py_pkg/lib/my_py_pkg
[1.131s] Installing turtle_controller script to /root/ros2_ws/install/my_py_pkg/lib/my_py_pkg
[1.132s] 
[1.132s] Installed /root/ros2_ws/build/my_py_pkg
[1.132s] running symlink_data
[1.170s] Invoked command in '/root/ros2_ws/build/my_py_pkg' returned '0': PYTHONPATH=/root/ros2_ws/build/my_py_pkg/prefix_override:/usr/lib/python3/dist-packages/colcon_core/task/python/colcon_distutils_commands:/root/ros2_ws/install/my_py_pkg/lib/python3.10/site-packages:${PYTHONPATH} /usr/bin/python3 -W ignore:setup.py install is deprecated -W ignore:easy_install command is deprecated setup.py develop --editable --build-directory /root/ros2_ws/build/my_py_pkg/build --no-deps symlink_data
