[0.369s] Invoking command in '/root/ros2_ws/build/ign_ros2_control_demos': CMAKE_PREFIX_PATH=${CMAKE_PREFIX_PATH}:/root/ros2_ws/install/simple_control_test:/root/ros2_ws/install/my_sensor_package:/root/ros2_ws/install/my_py_pkg:/root/ros2_ws/install/humanoid_perception:/opt/ros/humble /usr/bin/cmake --build /root/ros2_ws/build/ign_ros2_control_demos -- -j16 -l16
[0.421s] [100%] Built target example_diff_drive
[0.578s] Invoked command in '/root/ros2_ws/build/ign_ros2_control_demos' returned '0': CMAKE_PREFIX_PATH=${CMAKE_PREFIX_PATH}:/root/ros2_ws/install/simple_control_test:/root/ros2_ws/install/my_sensor_package:/root/ros2_ws/install/my_py_pkg:/root/ros2_ws/install/humanoid_perception:/opt/ros/humble /usr/bin/cmake --build /root/ros2_ws/build/ign_ros2_control_demos -- -j16 -l16
[0.579s] Invoking command in '/root/ros2_ws/build/ign_ros2_control_demos': CMAKE_PREFIX_PATH=${CMAKE_PREFIX_PATH}:/root/ros2_ws/install/simple_control_test:/root/ros2_ws/install/my_sensor_package:/root/ros2_ws/install/my_py_pkg:/root/ros2_ws/install/humanoid_perception:/opt/ros/humble /usr/bin/cmake --install /root/ros2_ws/build/ign_ros2_control_demos
[0.586s] -- Install configuration: ""
[0.586s] -- Execute custom install script
[0.587s] -- Up-to-date symlink: /root/ros2_ws/install/ign_ros2_control_demos/share/ign_ros2_control_demos//launch/diff_drive_example.launch.py
[0.587s] -- Up-to-date symlink: /root/ros2_ws/install/ign_ros2_control_demos/share/ign_ros2_control_demos//config/diff_drive_controller_velocity.yaml
[0.587s] -- Symlinking: /root/ros2_ws/install/ign_ros2_control_demos/share/ign_ros2_control_demos//urdf/test_diff_drive.urdf
[0.597s] -- Up-to-date symlink: /root/ros2_ws/install/ign_ros2_control_demos/share/ament_index/resource_index/package_run_dependencies/ign_ros2_control_demos
[0.598s] -- Up-to-date symlink: /root/ros2_ws/install/ign_ros2_control_demos/share/ament_index/resource_index/parent_prefix_path/ign_ros2_control_demos
[0.598s] -- Up-to-date symlink: /root/ros2_ws/install/ign_ros2_control_demos/share/ign_ros2_control_demos/environment/ament_prefix_path.sh
[0.598s] -- Up-to-date symlink: /root/ros2_ws/install/ign_ros2_control_demos/share/ign_ros2_control_demos/environment/ament_prefix_path.dsv
[0.598s] -- Up-to-date symlink: /root/ros2_ws/install/ign_ros2_control_demos/share/ign_ros2_control_demos/environment/path.sh
[0.598s] -- Up-to-date symlink: /root/ros2_ws/install/ign_ros2_control_demos/share/ign_ros2_control_demos/environment/path.dsv
[0.598s] -- Up-to-date symlink: /root/ros2_ws/install/ign_ros2_control_demos/share/ign_ros2_control_demos/local_setup.bash
[0.598s] -- Up-to-date symlink: /root/ros2_ws/install/ign_ros2_control_demos/share/ign_ros2_control_demos/local_setup.sh
[0.598s] -- Up-to-date symlink: /root/ros2_ws/install/ign_ros2_control_demos/share/ign_ros2_control_demos/local_setup.zsh
[0.598s] -- Up-to-date symlink: /root/ros2_ws/install/ign_ros2_control_demos/share/ign_ros2_control_demos/local_setup.dsv
[0.598s] -- Symlinking: /root/ros2_ws/install/ign_ros2_control_demos/share/ign_ros2_control_demos/package.dsv
[0.609s] -- Up-to-date symlink: /root/ros2_ws/install/ign_ros2_control_demos/share/ament_index/resource_index/packages/ign_ros2_control_demos
[0.609s] -- Up-to-date symlink: /root/ros2_ws/install/ign_ros2_control_demos/share/ign_ros2_control_demos/cmake/ign_ros2_control_demosConfig.cmake
[0.609s] -- Up-to-date symlink: /root/ros2_ws/install/ign_ros2_control_demos/share/ign_ros2_control_demos/cmake/ign_ros2_control_demosConfig-version.cmake
[0.609s] -- Up-to-date symlink: /root/ros2_ws/install/ign_ros2_control_demos/share/ign_ros2_control_demos/package.xml
[0.612s] Invoked command in '/root/ros2_ws/build/ign_ros2_control_demos' returned '0': CMAKE_PREFIX_PATH=${CMAKE_PREFIX_PATH}:/root/ros2_ws/install/simple_control_test:/root/ros2_ws/install/my_sensor_package:/root/ros2_ws/install/my_py_pkg:/root/ros2_ws/install/humanoid_perception:/opt/ros/humble /usr/bin/cmake --install /root/ros2_ws/build/ign_ros2_control_demos
