-- Found ament_cmake: 1.3.11 (/opt/ros/humble/share/ament_cmake/cmake)
-- Override CMake install command with custom implementation using symlinks instead of copying resources
-- Found rclcpp: 16.0.12 (/opt/ros/humble/share/rclcpp/cmake)
-- Found rosidl_generator_c: 3.1.6 (/opt/ros/humble/share/rosidl_generator_c/cmake)
-- Found rosidl_adapter: 3.1.6 (/opt/ros/humble/share/rosidl_adapter/cmake)
-- Found rosidl_generator_cpp: 3.1.6 (/opt/ros/humble/share/rosidl_generator_cpp/cmake)
-- Using all available rosidl_typesupport_c: rosidl_typesupport_fastrtps_c;rosidl_typesupport_introspection_c
-- Using all available rosidl_typesupport_cpp: rosidl_typesupport_fastrtps_cpp;rosidl_typesupport_introspection_cpp
-- Found rmw_implementation_cmake: 6.1.2 (/opt/ros/humble/share/rmw_implementation_cmake/cmake)
-- Found rmw_fastrtps_cpp: 6.2.7 (/opt/ros/humble/share/rmw_fastrtps_cpp/cmake)
-- Using RMW implementation 'rmw_fastrtps_cpp' as default
-- Found xacro: 2.0.13 (/opt/ros/humble/share/xacro/cmake)
-- Found ament_lint_auto: 0.12.12 (/opt/ros/humble/share/ament_lint_auto/cmake)
-- Added test 'lint_cmake' to check CMake code style
-- Added test 'xmllint' to check XML markup files
-- Configuring done
-- Generating done
-- Build files have been written to: /root/ros2_ws/build/humanoid_description
-- Install configuration: ""
-- Execute custom install script
-- Symlinking: /root/ros2_ws/install/humanoid_description/share/humanoid_description/urdf/humanoid.urdf.xacro
-- Symlinking: /root/ros2_ws/install/humanoid_description/share/ament_index/resource_index/package_run_dependencies/humanoid_description
-- Symlinking: /root/ros2_ws/install/humanoid_description/share/ament_index/resource_index/parent_prefix_path/humanoid_description
-- Symlinking: /root/ros2_ws/install/humanoid_description/share/humanoid_description/environment/ament_prefix_path.sh
-- Symlinking: /root/ros2_ws/install/humanoid_description/share/humanoid_description/environment/ament_prefix_path.dsv
-- Symlinking: /root/ros2_ws/install/humanoid_description/share/humanoid_description/environment/path.sh
-- Symlinking: /root/ros2_ws/install/humanoid_description/share/humanoid_description/environment/path.dsv
-- Symlinking: /root/ros2_ws/install/humanoid_description/share/humanoid_description/local_setup.bash
-- Symlinking: /root/ros2_ws/install/humanoid_description/share/humanoid_description/local_setup.sh
-- Symlinking: /root/ros2_ws/install/humanoid_description/share/humanoid_description/local_setup.zsh
-- Symlinking: /root/ros2_ws/install/humanoid_description/share/humanoid_description/local_setup.dsv
-- Symlinking: /root/ros2_ws/install/humanoid_description/share/humanoid_description/package.dsv
-- Symlinking: /root/ros2_ws/install/humanoid_description/share/ament_index/resource_index/packages/humanoid_description
-- Symlinking: /root/ros2_ws/install/humanoid_description/share/humanoid_description/cmake/humanoid_descriptionConfig.cmake
-- Symlinking: /root/ros2_ws/install/humanoid_description/share/humanoid_description/cmake/humanoid_descriptionConfig-version.cmake
-- Symlinking: /root/ros2_ws/install/humanoid_description/share/humanoid_description/package.xml
