[0.207s] Invoking command in '/root/ros2_ws/build/humanoid_description': CMAKE_PREFIX_PATH=${CMAKE_PREFIX_PATH}:/root/ros2_ws/install/my_sensor_package:/root/ros2_ws/install/my_py_pkg:/opt/ros/humble /usr/bin/cmake /root/ros2_ws/src/humanoid_description -DAMENT_CMAKE_SYMLINK_INSTALL=1 -DCMAKE_INSTALL_PREFIX=/root/ros2_ws/install/humanoid_description
[0.254s] -- Found ament_cmake: 1.3.11 (/opt/ros/humble/share/ament_cmake/cmake)
[0.370s] -- Override CMake install command with custom implementation using symlinks instead of copying resources
[0.387s] -- Found rclcpp: 16.0.12 (/opt/ros/humble/share/rclcpp/cmake)
[0.535s] -- Found rosidl_generator_c: 3.1.6 (/opt/ros/humble/share/rosidl_generator_c/cmake)
[0.538s] -- Found rosidl_adapter: 3.1.6 (/opt/ros/humble/share/rosidl_adapter/cmake)
[0.546s] -- Found rosidl_generator_cpp: 3.1.6 (/opt/ros/humble/share/rosidl_generator_cpp/cmake)
[0.558s] -- Using all available rosidl_typesupport_c: rosidl_typesupport_fastrtps_c;rosidl_typesupport_introspection_c
[0.572s] -- Using all available rosidl_typesupport_cpp: rosidl_typesupport_fastrtps_cpp;rosidl_typesupport_introspection_cpp
[0.616s] -- Found rmw_implementation_cmake: 6.1.2 (/opt/ros/humble/share/rmw_implementation_cmake/cmake)
[0.618s] -- Found rmw_fastrtps_cpp: 6.2.7 (/opt/ros/humble/share/rmw_fastrtps_cpp/cmake)
[4.391s] -- Using RMW implementation 'rmw_fastrtps_cpp' as default
[4.445s] -- Found rviz2: 11.2.17 (/opt/ros/humble/share/rviz2/cmake)
[4.446s] -- Found xacro: 2.0.13 (/opt/ros/humble/share/xacro/cmake)
[5.362s] [31mCMake Error at CMakeLists.txt:13 (find_package):
[5.362s]   By not providing "Findgazebo_ros.cmake" in CMAKE_MODULE_PATH this project
[5.362s]   has asked CMake to find a package configuration file provided by
[5.362s]   "gazebo_ros", but CMake did not find one.
[5.362s] 
[5.362s]   Could not find a package configuration file provided by "gazebo_ros" with
[5.362s]   any of the following names:
[5.362s] 
[5.363s]     gazebo_rosConfig.cmake
[5.363s]     gazebo_ros-config.cmake
[5.363s] 
[5.363s]   Add the installation prefix of "gazebo_ros" to CMAKE_PREFIX_PATH or set
[5.363s]   "gazebo_ros_DIR" to a directory containing one of the above files.  If
[5.363s]   "gazebo_ros" provides a separate development package or SDK, be sure it has
[5.363s]   been installed.
[5.363s] 
[5.363s] [0m
[5.363s] -- Configuring incomplete, errors occurred!
[5.363s] See also "/root/ros2_ws/build/humanoid_description/CMakeFiles/CMakeOutput.log".
[5.370s] Invoked command in '/root/ros2_ws/build/humanoid_description' returned '1': CMAKE_PREFIX_PATH=${CMAKE_PREFIX_PATH}:/root/ros2_ws/install/my_sensor_package:/root/ros2_ws/install/my_py_pkg:/opt/ros/humble /usr/bin/cmake /root/ros2_ws/src/humanoid_description -DAMENT_CMAKE_SYMLINK_INSTALL=1 -DCMAKE_INSTALL_PREFIX=/root/ros2_ws/install/humanoid_description
