running egg_info
creating ../../build/humanoid_final_control/humanoid_final_control.egg-info
writing ../../build/humanoid_final_control/humanoid_final_control.egg-info/PKG-INFO
writing dependency_links to ../../build/humanoid_final_control/humanoid_final_control.egg-info/dependency_links.txt
writing entry points to ../../build/humanoid_final_control/humanoid_final_control.egg-info/entry_points.txt
writing requirements to ../../build/humanoid_final_control/humanoid_final_control.egg-info/requires.txt
writing top-level names to ../../build/humanoid_final_control/humanoid_final_control.egg-info/top_level.txt
writing manifest file '../../build/humanoid_final_control/humanoid_final_control.egg-info/SOURCES.txt'
reading manifest file '../../build/humanoid_final_control/humanoid_final_control.egg-info/SOURCES.txt'
writing manifest file '../../build/humanoid_final_control/humanoid_final_control.egg-info/SOURCES.txt'
running build
running build_py
creating /root/ros2_ws/build/humanoid_final_control/build
creating /root/ros2_ws/build/humanoid_final_control/build/lib
creating /root/ros2_ws/build/humanoid_final_control/build/lib/humanoid_final_control
copying humanoid_final_control/__init__.py -> /root/ros2_ws/build/humanoid_final_control/build/lib/humanoid_final_control
copying humanoid_final_control/rviz_motion_controller.py -> /root/ros2_ws/build/humanoid_final_control/build/lib/humanoid_final_control
running install
running install_lib
creating /root/ros2_ws/install/humanoid_final_control/lib/python3.10/site-packages/humanoid_final_control
copying /root/ros2_ws/build/humanoid_final_control/build/lib/humanoid_final_control/__init__.py -> /root/ros2_ws/install/humanoid_final_control/lib/python3.10/site-packages/humanoid_final_control
copying /root/ros2_ws/build/humanoid_final_control/build/lib/humanoid_final_control/rviz_motion_controller.py -> /root/ros2_ws/install/humanoid_final_control/lib/python3.10/site-packages/humanoid_final_control
byte-compiling /root/ros2_ws/install/humanoid_final_control/lib/python3.10/site-packages/humanoid_final_control/__init__.py to __init__.cpython-310.pyc
byte-compiling /root/ros2_ws/install/humanoid_final_control/lib/python3.10/site-packages/humanoid_final_control/rviz_motion_controller.py to rviz_motion_controller.cpython-310.pyc
running install_data
creating /root/ros2_ws/install/humanoid_final_control/share/ament_index
creating /root/ros2_ws/install/humanoid_final_control/share/ament_index/resource_index
creating /root/ros2_ws/install/humanoid_final_control/share/ament_index/resource_index/packages
copying resource/humanoid_final_control -> /root/ros2_ws/install/humanoid_final_control/share/ament_index/resource_index/packages
copying package.xml -> /root/ros2_ws/install/humanoid_final_control/share/humanoid_final_control
creating /root/ros2_ws/install/humanoid_final_control/share/humanoid_final_control/launch
copying launch/final_pipeline.launch.py -> /root/ros2_ws/install/humanoid_final_control/share/humanoid_final_control/launch
running install_egg_info
Copying ../../build/humanoid_final_control/humanoid_final_control.egg-info to /root/ros2_ws/install/humanoid_final_control/lib/python3.10/site-packages/humanoid_final_control-0.0.0-py3.10.egg-info
running install_scripts
Installing rviz_motion_controller script to /root/ros2_ws/install/humanoid_final_control/lib/humanoid_final_control
writing list of installed files to '/root/ros2_ws/build/humanoid_final_control/install.log'
