[0.861s] Invoking command in '/root/ros2_ws/build/my_py_pkg': PYTHONPATH=/root/ros2_ws/build/my_py_pkg/prefix_override:/usr/lib/python3/dist-packages/colcon_core/task/python/colcon_distutils_commands:/root/ros2_ws/install/my_py_pkg/lib/python3.10/site-packages:${PYTHONPATH} /usr/bin/python3 -W ignore:setup.py install is deprecated -W ignore:easy_install command is deprecated setup.py develop --editable --build-directory /root/ros2_ws/build/my_py_pkg/build --no-deps symlink_data
[1.053s] running develop
[1.166s] running egg_info
[1.166s] writing my_py_pkg.egg-info/PKG-INFO
[1.167s] writing dependency_links to my_py_pkg.egg-info/dependency_links.txt
[1.167s] writing entry points to my_py_pkg.egg-info/entry_points.txt
[1.167s] writing requirements to my_py_pkg.egg-info/requires.txt
[1.168s] writing top-level names to my_py_pkg.egg-info/top_level.txt
[1.168s] reading manifest file 'my_py_pkg.egg-info/SOURCES.txt'
[1.169s] writing manifest file 'my_py_pkg.egg-info/SOURCES.txt'
[1.170s] running build_ext
[1.171s] Creating /root/ros2_ws/install/my_py_pkg/lib/python3.10/site-packages/my-py-pkg.egg-link (link to .)
[1.171s] Installing draw_circle script to /root/ros2_ws/install/my_py_pkg/lib/my_py_pkg
[1.172s] Installing pose_subscriber script to /root/ros2_ws/install/my_py_pkg/lib/my_py_pkg
[1.172s] Installing test_node script to /root/ros2_ws/install/my_py_pkg/lib/my_py_pkg
[1.173s] Installing turtle_controller script to /root/ros2_ws/install/my_py_pkg/lib/my_py_pkg
[1.173s] 
[1.173s] Installed /root/ros2_ws/build/my_py_pkg
[1.173s] running symlink_data
[1.207s] Invoked command in '/root/ros2_ws/build/my_py_pkg' returned '0': PYTHONPATH=/root/ros2_ws/build/my_py_pkg/prefix_override:/usr/lib/python3/dist-packages/colcon_core/task/python/colcon_distutils_commands:/root/ros2_ws/install/my_py_pkg/lib/python3.10/site-packages:${PYTHONPATH} /usr/bin/python3 -W ignore:setup.py install is deprecated -W ignore:easy_install command is deprecated setup.py develop --editable --build-directory /root/ros2_ws/build/my_py_pkg/build --no-deps symlink_data
