[0.215s] DEBUG:colcon:Command line arguments: ['/usr/bin/colcon', 'build', '--symlink-install']
[0.215s] DEBUG:colcon:Parsed command line arguments: Namespace(log_base=None, log_level=None, verb_name='build', build_base='build', install_base='install', merge_install=False, symlink_install=True, test_result_base=None, continue_on_error=False, executor='parallel', parallel_workers=16, event_handlers=None, ignore_user_meta=False, metas=['./colcon.meta'], base_paths=['.'], packages_ignore=None, packages_ignore_regex=None, paths=None, packages_up_to=None, packages_up_to_regex=None, packages_above=None, packages_above_and_dependencies=None, packages_above_depth=None, packages_select_by_dep=None, packages_skip_by_dep=None, packages_skip_up_to=None, packages_select_build_failed=False, packages_skip_build_finished=False, packages_select_test_failures=False, packages_skip_test_passed=False, packages_select=None, packages_skip=None, packages_select_regex=None, packages_skip_regex=None, packages_start=None, packages_end=None, allow_overriding=[], cmake_args=None, cmake_target=None, cmake_target_skip_unavailable=False, cmake_clean_cache=False, cmake_clean_first=False, cmake_force_configure=False, ament_cmake_args=None, catkin_cmake_args=None, catkin_skip_building_tests=False, verb_parser=<colcon_defaults.argument_parser.defaults.DefaultArgumentsDecorator object at 0x7a7ba17118d0>, verb_extension=<colcon_core.verb.build.BuildVerb object at 0x7a7ba1856cb0>, main=<bound method BuildVerb.main of <colcon_core.verb.build.BuildVerb object at 0x7a7ba1856cb0>>)
[0.460s] Level 1:colcon.colcon_core.package_discovery:discover_packages(colcon_meta) check parameters
[0.460s] Level 1:colcon.colcon_core.package_discovery:discover_packages(recursive) check parameters
[0.460s] Level 1:colcon.colcon_core.package_discovery:discover_packages(ignore) check parameters
[0.460s] Level 1:colcon.colcon_core.package_discovery:discover_packages(path) check parameters
[0.460s] Level 1:colcon.colcon_core.package_discovery:discover_packages(colcon_meta) discover
[0.460s] Level 1:colcon.colcon_core.package_discovery:discover_packages(recursive) discover
[0.460s] INFO:colcon.colcon_core.package_discovery:Crawling recursively for packages in '/root/ros2_ws'
[0.460s] Level 1:colcon.colcon_core.package_identification:_identify(.) by extensions ['ignore', 'ignore_ament_install']
[0.460s] Level 1:colcon.colcon_core.package_identification:_identify(.) by extension 'ignore'
[0.460s] Level 1:colcon.colcon_core.package_identification:_identify(.) by extension 'ignore_ament_install'
[0.460s] Level 1:colcon.colcon_core.package_identification:_identify(.) by extensions ['colcon_pkg']
[0.460s] Level 1:colcon.colcon_core.package_identification:_identify(.) by extension 'colcon_pkg'
[0.460s] Level 1:colcon.colcon_core.package_identification:_identify(.) by extensions ['colcon_meta']
[0.460s] Level 1:colcon.colcon_core.package_identification:_identify(.) by extension 'colcon_meta'
[0.460s] Level 1:colcon.colcon_core.package_identification:_identify(.) by extensions ['ros']
[0.460s] Level 1:colcon.colcon_core.package_identification:_identify(.) by extension 'ros'
[0.471s] Level 1:colcon.colcon_core.package_identification:_identify(.) by extensions ['cmake', 'python']
[0.472s] Level 1:colcon.colcon_core.package_identification:_identify(.) by extension 'cmake'
[0.472s] Level 1:colcon.colcon_core.package_identification:_identify(.) by extension 'python'
[0.472s] Level 1:colcon.colcon_core.package_identification:_identify(.) by extensions ['python_setup_py']
[0.472s] Level 1:colcon.colcon_core.package_identification:_identify(.) by extension 'python_setup_py'
[0.472s] Level 1:colcon.colcon_core.package_identification:_identify(build) by extensions ['ignore', 'ignore_ament_install']
[0.472s] Level 1:colcon.colcon_core.package_identification:_identify(build) by extension 'ignore'
[0.472s] Level 1:colcon.colcon_core.package_identification:_identify(build) ignored
[0.472s] Level 1:colcon.colcon_core.package_identification:_identify(install) by extensions ['ignore', 'ignore_ament_install']
[0.472s] Level 1:colcon.colcon_core.package_identification:_identify(install) by extension 'ignore'
[0.472s] Level 1:colcon.colcon_core.package_identification:_identify(install) ignored
[0.472s] Level 1:colcon.colcon_core.package_identification:_identify(log) by extensions ['ignore', 'ignore_ament_install']
[0.472s] Level 1:colcon.colcon_core.package_identification:_identify(log) by extension 'ignore'
[0.472s] Level 1:colcon.colcon_core.package_identification:_identify(log) ignored
[0.473s] Level 1:colcon.colcon_core.package_identification:_identify(src) by extensions ['ignore', 'ignore_ament_install']
[0.473s] Level 1:colcon.colcon_core.package_identification:_identify(src) by extension 'ignore'
[0.473s] Level 1:colcon.colcon_core.package_identification:_identify(src) by extension 'ignore_ament_install'
[0.473s] Level 1:colcon.colcon_core.package_identification:_identify(src) by extensions ['colcon_pkg']
[0.473s] Level 1:colcon.colcon_core.package_identification:_identify(src) by extension 'colcon_pkg'
[0.473s] Level 1:colcon.colcon_core.package_identification:_identify(src) by extensions ['colcon_meta']
[0.473s] Level 1:colcon.colcon_core.package_identification:_identify(src) by extension 'colcon_meta'
[0.473s] Level 1:colcon.colcon_core.package_identification:_identify(src) by extensions ['ros']
[0.473s] Level 1:colcon.colcon_core.package_identification:_identify(src) by extension 'ros'
[0.473s] Level 1:colcon.colcon_core.package_identification:_identify(src) by extensions ['cmake', 'python']
[0.473s] Level 1:colcon.colcon_core.package_identification:_identify(src) by extension 'cmake'
[0.473s] Level 1:colcon.colcon_core.package_identification:_identify(src) by extension 'python'
[0.473s] Level 1:colcon.colcon_core.package_identification:_identify(src) by extensions ['python_setup_py']
[0.473s] Level 1:colcon.colcon_core.package_identification:_identify(src) by extension 'python_setup_py'
[0.473s] Level 1:colcon.colcon_core.package_identification:_identify(src/humanoid_description) by extensions ['ignore', 'ignore_ament_install']
[0.473s] Level 1:colcon.colcon_core.package_identification:_identify(src/humanoid_description) by extension 'ignore'
[0.473s] Level 1:colcon.colcon_core.package_identification:_identify(src/humanoid_description) by extension 'ignore_ament_install'
[0.473s] Level 1:colcon.colcon_core.package_identification:_identify(src/humanoid_description) by extensions ['colcon_pkg']
[0.473s] Level 1:colcon.colcon_core.package_identification:_identify(src/humanoid_description) by extension 'colcon_pkg'
[0.473s] Level 1:colcon.colcon_core.package_identification:_identify(src/humanoid_description) by extensions ['colcon_meta']
[0.473s] Level 1:colcon.colcon_core.package_identification:_identify(src/humanoid_description) by extension 'colcon_meta'
[0.473s] Level 1:colcon.colcon_core.package_identification:_identify(src/humanoid_description) by extensions ['ros']
[0.474s] Level 1:colcon.colcon_core.package_identification:_identify(src/humanoid_description) by extension 'ros'
[0.476s] DEBUG:colcon.colcon_core.package_identification:Package 'src/humanoid_description' with type 'ros.ament_cmake' and name 'humanoid_description'
[0.476s] Level 1:colcon.colcon_core.package_identification:_identify(src/humanoid_perception) by extensions ['ignore', 'ignore_ament_install']
[0.476s] Level 1:colcon.colcon_core.package_identification:_identify(src/humanoid_perception) by extension 'ignore'
[0.476s] Level 1:colcon.colcon_core.package_identification:_identify(src/humanoid_perception) by extension 'ignore_ament_install'
[0.476s] Level 1:colcon.colcon_core.package_identification:_identify(src/humanoid_perception) by extensions ['colcon_pkg']
[0.476s] Level 1:colcon.colcon_core.package_identification:_identify(src/humanoid_perception) by extension 'colcon_pkg'
[0.476s] Level 1:colcon.colcon_core.package_identification:_identify(src/humanoid_perception) by extensions ['colcon_meta']
[0.476s] Level 1:colcon.colcon_core.package_identification:_identify(src/humanoid_perception) by extension 'colcon_meta'
[0.476s] Level 1:colcon.colcon_core.package_identification:_identify(src/humanoid_perception) by extensions ['ros']
[0.476s] Level 1:colcon.colcon_core.package_identification:_identify(src/humanoid_perception) by extension 'ros'
[0.477s] DEBUG:colcon.colcon_core.package_identification:Package 'src/humanoid_perception' with type 'ros.ament_python' and name 'humanoid_perception'
[0.477s] Level 1:colcon.colcon_core.package_identification:_identify(src/ign_ros2_control_demos) by extensions ['ignore', 'ignore_ament_install']
[0.477s] Level 1:colcon.colcon_core.package_identification:_identify(src/ign_ros2_control_demos) by extension 'ignore'
[0.477s] Level 1:colcon.colcon_core.package_identification:_identify(src/ign_ros2_control_demos) by extension 'ignore_ament_install'
[0.477s] Level 1:colcon.colcon_core.package_identification:_identify(src/ign_ros2_control_demos) by extensions ['colcon_pkg']
[0.477s] Level 1:colcon.colcon_core.package_identification:_identify(src/ign_ros2_control_demos) by extension 'colcon_pkg'
[0.477s] Level 1:colcon.colcon_core.package_identification:_identify(src/ign_ros2_control_demos) by extensions ['colcon_meta']
[0.477s] Level 1:colcon.colcon_core.package_identification:_identify(src/ign_ros2_control_demos) by extension 'colcon_meta'
[0.477s] Level 1:colcon.colcon_core.package_identification:_identify(src/ign_ros2_control_demos) by extensions ['ros']
[0.478s] Level 1:colcon.colcon_core.package_identification:_identify(src/ign_ros2_control_demos) by extension 'ros'
[0.478s] DEBUG:colcon.colcon_core.package_identification:Package 'src/ign_ros2_control_demos' with type 'ros.ament_cmake' and name 'ign_ros2_control_demos'
[0.478s] Level 1:colcon.colcon_core.package_identification:_identify(src/my_py_pkg) by extensions ['ignore', 'ignore_ament_install']
[0.478s] Level 1:colcon.colcon_core.package_identification:_identify(src/my_py_pkg) by extension 'ignore'
[0.478s] Level 1:colcon.colcon_core.package_identification:_identify(src/my_py_pkg) by extension 'ignore_ament_install'
[0.478s] Level 1:colcon.colcon_core.package_identification:_identify(src/my_py_pkg) by extensions ['colcon_pkg']
[0.478s] Level 1:colcon.colcon_core.package_identification:_identify(src/my_py_pkg) by extension 'colcon_pkg'
[0.478s] Level 1:colcon.colcon_core.package_identification:_identify(src/my_py_pkg) by extensions ['colcon_meta']
[0.478s] Level 1:colcon.colcon_core.package_identification:_identify(src/my_py_pkg) by extension 'colcon_meta'
[0.478s] Level 1:colcon.colcon_core.package_identification:_identify(src/my_py_pkg) by extensions ['ros']
[0.478s] Level 1:colcon.colcon_core.package_identification:_identify(src/my_py_pkg) by extension 'ros'
[0.479s] DEBUG:colcon.colcon_core.package_identification:Package 'src/my_py_pkg' with type 'ros.ament_python' and name 'my_py_pkg'
[0.479s] Level 1:colcon.colcon_core.package_identification:_identify(src/my_robot_bringup) by extensions ['ignore', 'ignore_ament_install']
[0.479s] Level 1:colcon.colcon_core.package_identification:_identify(src/my_robot_bringup) by extension 'ignore'
[0.479s] Level 1:colcon.colcon_core.package_identification:_identify(src/my_robot_bringup) by extension 'ignore_ament_install'
[0.480s] Level 1:colcon.colcon_core.package_identification:_identify(src/my_robot_bringup) by extensions ['colcon_pkg']
[0.480s] Level 1:colcon.colcon_core.package_identification:_identify(src/my_robot_bringup) by extension 'colcon_pkg'
[0.480s] Level 1:colcon.colcon_core.package_identification:_identify(src/my_robot_bringup) by extensions ['colcon_meta']
[0.480s] Level 1:colcon.colcon_core.package_identification:_identify(src/my_robot_bringup) by extension 'colcon_meta'
[0.480s] Level 1:colcon.colcon_core.package_identification:_identify(src/my_robot_bringup) by extensions ['ros']
[0.480s] Level 1:colcon.colcon_core.package_identification:_identify(src/my_robot_bringup) by extension 'ros'
[0.480s] DEBUG:colcon.colcon_core.package_identification:Package 'src/my_robot_bringup' with type 'ros.ament_cmake' and name 'my_robot_bringup'
[0.481s] Level 1:colcon.colcon_core.package_identification:_identify(src/my_sensor_package) by extensions ['ignore', 'ignore_ament_install']
[0.481s] Level 1:colcon.colcon_core.package_identification:_identify(src/my_sensor_package) by extension 'ignore'
[0.481s] Level 1:colcon.colcon_core.package_identification:_identify(src/my_sensor_package) by extension 'ignore_ament_install'
[0.481s] Level 1:colcon.colcon_core.package_identification:_identify(src/my_sensor_package) by extensions ['colcon_pkg']
[0.481s] Level 1:colcon.colcon_core.package_identification:_identify(src/my_sensor_package) by extension 'colcon_pkg'
[0.481s] Level 1:colcon.colcon_core.package_identification:_identify(src/my_sensor_package) by extensions ['colcon_meta']
[0.481s] Level 1:colcon.colcon_core.package_identification:_identify(src/my_sensor_package) by extension 'colcon_meta'
[0.481s] Level 1:colcon.colcon_core.package_identification:_identify(src/my_sensor_package) by extensions ['ros']
[0.481s] Level 1:colcon.colcon_core.package_identification:_identify(src/my_sensor_package) by extension 'ros'
[0.482s] DEBUG:colcon.colcon_core.package_identification:Package 'src/my_sensor_package' with type 'ros.ament_python' and name 'my_sensor_package'
[0.482s] Level 1:colcon.colcon_core.package_discovery:discover_packages(recursive) using defaults
[0.482s] Level 1:colcon.colcon_core.package_discovery:discover_packages(ignore) discover
[0.482s] Level 1:colcon.colcon_core.package_discovery:discover_packages(ignore) using defaults
[0.482s] Level 1:colcon.colcon_core.package_discovery:discover_packages(path) discover
[0.482s] Level 1:colcon.colcon_core.package_discovery:discover_packages(path) using defaults
[0.509s] Level 1:colcon.colcon_core.package_discovery:discover_packages(prefix_path) check parameters
[0.509s] Level 1:colcon.colcon_core.package_discovery:discover_packages(prefix_path) discover
[0.511s] WARNING:colcon.colcon_ros.prefix_path.ament:The path '/root/ros2_ws/install/simple_control_test' in the environment variable AMENT_PREFIX_PATH doesn't exist
[0.513s] DEBUG:colcon.colcon_installed_package_information.package_discovery:Found 6 installed packages in /root/ros2_ws/install
[0.515s] DEBUG:colcon.colcon_installed_package_information.package_discovery:Found 325 installed packages in /opt/ros/humble
[0.523s] Level 1:colcon.colcon_core.package_discovery:discover_packages(prefix_path) using defaults
[0.601s] Level 5:colcon.colcon_core.verb:set package 'humanoid_description' build argument 'cmake_args' from command line to 'None'
[0.601s] Level 5:colcon.colcon_core.verb:set package 'humanoid_description' build argument 'cmake_target' from command line to 'None'
[0.601s] Level 5:colcon.colcon_core.verb:set package 'humanoid_description' build argument 'cmake_target_skip_unavailable' from command line to 'False'
[0.601s] Level 5:colcon.colcon_core.verb:set package 'humanoid_description' build argument 'cmake_clean_cache' from command line to 'False'
[0.601s] Level 5:colcon.colcon_core.verb:set package 'humanoid_description' build argument 'cmake_clean_first' from command line to 'False'
[0.601s] Level 5:colcon.colcon_core.verb:set package 'humanoid_description' build argument 'cmake_force_configure' from command line to 'False'
[0.601s] Level 5:colcon.colcon_core.verb:set package 'humanoid_description' build argument 'ament_cmake_args' from command line to 'None'
[0.601s] Level 5:colcon.colcon_core.verb:set package 'humanoid_description' build argument 'catkin_cmake_args' from command line to 'None'
[0.601s] Level 5:colcon.colcon_core.verb:set package 'humanoid_description' build argument 'catkin_skip_building_tests' from command line to 'False'
[0.601s] DEBUG:colcon.colcon_core.verb:Building package 'humanoid_description' with the following arguments: {'ament_cmake_args': None, 'build_base': '/root/ros2_ws/build/humanoid_description', 'catkin_cmake_args': None, 'catkin_skip_building_tests': False, 'cmake_args': None, 'cmake_clean_cache': False, 'cmake_clean_first': False, 'cmake_force_configure': False, 'cmake_target': None, 'cmake_target_skip_unavailable': False, 'install_base': '/root/ros2_ws/install/humanoid_description', 'merge_install': False, 'path': '/root/ros2_ws/src/humanoid_description', 'symlink_install': True, 'test_result_base': None}
[0.601s] Level 5:colcon.colcon_core.verb:set package 'humanoid_perception' build argument 'cmake_args' from command line to 'None'
[0.601s] Level 5:colcon.colcon_core.verb:set package 'humanoid_perception' build argument 'cmake_target' from command line to 'None'
[0.601s] Level 5:colcon.colcon_core.verb:set package 'humanoid_perception' build argument 'cmake_target_skip_unavailable' from command line to 'False'
[0.601s] Level 5:colcon.colcon_core.verb:set package 'humanoid_perception' build argument 'cmake_clean_cache' from command line to 'False'
[0.601s] Level 5:colcon.colcon_core.verb:set package 'humanoid_perception' build argument 'cmake_clean_first' from command line to 'False'
[0.601s] Level 5:colcon.colcon_core.verb:set package 'humanoid_perception' build argument 'cmake_force_configure' from command line to 'False'
[0.601s] Level 5:colcon.colcon_core.verb:set package 'humanoid_perception' build argument 'ament_cmake_args' from command line to 'None'
[0.602s] Level 5:colcon.colcon_core.verb:set package 'humanoid_perception' build argument 'catkin_cmake_args' from command line to 'None'
[0.602s] Level 5:colcon.colcon_core.verb:set package 'humanoid_perception' build argument 'catkin_skip_building_tests' from command line to 'False'
[0.602s] DEBUG:colcon.colcon_core.verb:Building package 'humanoid_perception' with the following arguments: {'ament_cmake_args': None, 'build_base': '/root/ros2_ws/build/humanoid_perception', 'catkin_cmake_args': None, 'catkin_skip_building_tests': False, 'cmake_args': None, 'cmake_clean_cache': False, 'cmake_clean_first': False, 'cmake_force_configure': False, 'cmake_target': None, 'cmake_target_skip_unavailable': False, 'install_base': '/root/ros2_ws/install/humanoid_perception', 'merge_install': False, 'path': '/root/ros2_ws/src/humanoid_perception', 'symlink_install': True, 'test_result_base': None}
[0.602s] Level 5:colcon.colcon_core.verb:set package 'ign_ros2_control_demos' build argument 'cmake_args' from command line to 'None'
[0.602s] Level 5:colcon.colcon_core.verb:set package 'ign_ros2_control_demos' build argument 'cmake_target' from command line to 'None'
[0.602s] Level 5:colcon.colcon_core.verb:set package 'ign_ros2_control_demos' build argument 'cmake_target_skip_unavailable' from command line to 'False'
[0.602s] Level 5:colcon.colcon_core.verb:set package 'ign_ros2_control_demos' build argument 'cmake_clean_cache' from command line to 'False'
[0.602s] Level 5:colcon.colcon_core.verb:set package 'ign_ros2_control_demos' build argument 'cmake_clean_first' from command line to 'False'
[0.602s] Level 5:colcon.colcon_core.verb:set package 'ign_ros2_control_demos' build argument 'cmake_force_configure' from command line to 'False'
[0.602s] Level 5:colcon.colcon_core.verb:set package 'ign_ros2_control_demos' build argument 'ament_cmake_args' from command line to 'None'
[0.602s] Level 5:colcon.colcon_core.verb:set package 'ign_ros2_control_demos' build argument 'catkin_cmake_args' from command line to 'None'
[0.602s] Level 5:colcon.colcon_core.verb:set package 'ign_ros2_control_demos' build argument 'catkin_skip_building_tests' from command line to 'False'
[0.602s] DEBUG:colcon.colcon_core.verb:Building package 'ign_ros2_control_demos' with the following arguments: {'ament_cmake_args': None, 'build_base': '/root/ros2_ws/build/ign_ros2_control_demos', 'catkin_cmake_args': None, 'catkin_skip_building_tests': False, 'cmake_args': None, 'cmake_clean_cache': False, 'cmake_clean_first': False, 'cmake_force_configure': False, 'cmake_target': None, 'cmake_target_skip_unavailable': False, 'install_base': '/root/ros2_ws/install/ign_ros2_control_demos', 'merge_install': False, 'path': '/root/ros2_ws/src/ign_ros2_control_demos', 'symlink_install': True, 'test_result_base': None}
[0.602s] Level 5:colcon.colcon_core.verb:set package 'my_py_pkg' build argument 'cmake_args' from command line to 'None'
[0.602s] Level 5:colcon.colcon_core.verb:set package 'my_py_pkg' build argument 'cmake_target' from command line to 'None'
[0.602s] Level 5:colcon.colcon_core.verb:set package 'my_py_pkg' build argument 'cmake_target_skip_unavailable' from command line to 'False'
[0.602s] Level 5:colcon.colcon_core.verb:set package 'my_py_pkg' build argument 'cmake_clean_cache' from command line to 'False'
[0.602s] Level 5:colcon.colcon_core.verb:set package 'my_py_pkg' build argument 'cmake_clean_first' from command line to 'False'
[0.602s] Level 5:colcon.colcon_core.verb:set package 'my_py_pkg' build argument 'cmake_force_configure' from command line to 'False'
[0.602s] Level 5:colcon.colcon_core.verb:set package 'my_py_pkg' build argument 'ament_cmake_args' from command line to 'None'
[0.602s] Level 5:colcon.colcon_core.verb:set package 'my_py_pkg' build argument 'catkin_cmake_args' from command line to 'None'
[0.602s] Level 5:colcon.colcon_core.verb:set package 'my_py_pkg' build argument 'catkin_skip_building_tests' from command line to 'False'
[0.602s] DEBUG:colcon.colcon_core.verb:Building package 'my_py_pkg' with the following arguments: {'ament_cmake_args': None, 'build_base': '/root/ros2_ws/build/my_py_pkg', 'catkin_cmake_args': None, 'catkin_skip_building_tests': False, 'cmake_args': None, 'cmake_clean_cache': False, 'cmake_clean_first': False, 'cmake_force_configure': False, 'cmake_target': None, 'cmake_target_skip_unavailable': False, 'install_base': '/root/ros2_ws/install/my_py_pkg', 'merge_install': False, 'path': '/root/ros2_ws/src/my_py_pkg', 'symlink_install': True, 'test_result_base': None}
[0.602s] Level 5:colcon.colcon_core.verb:set package 'my_sensor_package' build argument 'cmake_args' from command line to 'None'
[0.602s] Level 5:colcon.colcon_core.verb:set package 'my_sensor_package' build argument 'cmake_target' from command line to 'None'
[0.602s] Level 5:colcon.colcon_core.verb:set package 'my_sensor_package' build argument 'cmake_target_skip_unavailable' from command line to 'False'
[0.602s] Level 5:colcon.colcon_core.verb:set package 'my_sensor_package' build argument 'cmake_clean_cache' from command line to 'False'
[0.602s] Level 5:colcon.colcon_core.verb:set package 'my_sensor_package' build argument 'cmake_clean_first' from command line to 'False'
[0.602s] Level 5:colcon.colcon_core.verb:set package 'my_sensor_package' build argument 'cmake_force_configure' from command line to 'False'
[0.602s] Level 5:colcon.colcon_core.verb:set package 'my_sensor_package' build argument 'ament_cmake_args' from command line to 'None'
[0.602s] Level 5:colcon.colcon_core.verb:set package 'my_sensor_package' build argument 'catkin_cmake_args' from command line to 'None'
[0.602s] Level 5:colcon.colcon_core.verb:set package 'my_sensor_package' build argument 'catkin_skip_building_tests' from command line to 'False'
[0.602s] DEBUG:colcon.colcon_core.verb:Building package 'my_sensor_package' with the following arguments: {'ament_cmake_args': None, 'build_base': '/root/ros2_ws/build/my_sensor_package', 'catkin_cmake_args': None, 'catkin_skip_building_tests': False, 'cmake_args': None, 'cmake_clean_cache': False, 'cmake_clean_first': False, 'cmake_force_configure': False, 'cmake_target': None, 'cmake_target_skip_unavailable': False, 'install_base': '/root/ros2_ws/install/my_sensor_package', 'merge_install': False, 'path': '/root/ros2_ws/src/my_sensor_package', 'symlink_install': True, 'test_result_base': None}
[0.603s] Level 5:colcon.colcon_core.verb:set package 'my_robot_bringup' build argument 'cmake_args' from command line to 'None'
[0.603s] Level 5:colcon.colcon_core.verb:set package 'my_robot_bringup' build argument 'cmake_target' from command line to 'None'
[0.603s] Level 5:colcon.colcon_core.verb:set package 'my_robot_bringup' build argument 'cmake_target_skip_unavailable' from command line to 'False'
[0.603s] Level 5:colcon.colcon_core.verb:set package 'my_robot_bringup' build argument 'cmake_clean_cache' from command line to 'False'
[0.603s] Level 5:colcon.colcon_core.verb:set package 'my_robot_bringup' build argument 'cmake_clean_first' from command line to 'False'
[0.603s] Level 5:colcon.colcon_core.verb:set package 'my_robot_bringup' build argument 'cmake_force_configure' from command line to 'False'
[0.603s] Level 5:colcon.colcon_core.verb:set package 'my_robot_bringup' build argument 'ament_cmake_args' from command line to 'None'
[0.603s] Level 5:colcon.colcon_core.verb:set package 'my_robot_bringup' build argument 'catkin_cmake_args' from command line to 'None'
[0.603s] Level 5:colcon.colcon_core.verb:set package 'my_robot_bringup' build argument 'catkin_skip_building_tests' from command line to 'False'
[0.603s] DEBUG:colcon.colcon_core.verb:Building package 'my_robot_bringup' with the following arguments: {'ament_cmake_args': None, 'build_base': '/root/ros2_ws/build/my_robot_bringup', 'catkin_cmake_args': None, 'catkin_skip_building_tests': False, 'cmake_args': None, 'cmake_clean_cache': False, 'cmake_clean_first': False, 'cmake_force_configure': False, 'cmake_target': None, 'cmake_target_skip_unavailable': False, 'install_base': '/root/ros2_ws/install/my_robot_bringup', 'merge_install': False, 'path': '/root/ros2_ws/src/my_robot_bringup', 'symlink_install': True, 'test_result_base': None}
[0.603s] INFO:colcon.colcon_core.executor:Executing jobs using 'parallel' executor
[0.604s] DEBUG:colcon.colcon_parallel_executor.executor.parallel:run_until_complete
[0.604s] INFO:colcon.colcon_ros.task.ament_python.build:Building ROS package in '/root/ros2_ws/src/my_sensor_package' with build type 'ament_python'
[0.604s] Level 1:colcon.colcon_core.shell:create_environment_hook('my_sensor_package', 'ament_prefix_path')
[0.608s] INFO:colcon.colcon_core.plugin_system:Skipping extension 'colcon_core.shell.bat': Not used on non-Windows systems
[0.608s] INFO:colcon.colcon_core.shell:Creating environment hook '/root/ros2_ws/install/my_sensor_package/share/my_sensor_package/hook/ament_prefix_path.ps1'
[0.609s] INFO:colcon.colcon_core.shell:Creating environment descriptor '/root/ros2_ws/install/my_sensor_package/share/my_sensor_package/hook/ament_prefix_path.dsv'
[0.610s] INFO:colcon.colcon_core.shell:Creating environment hook '/root/ros2_ws/install/my_sensor_package/share/my_sensor_package/hook/ament_prefix_path.sh'
[0.610s] INFO:colcon.colcon_core.shell:Skip shell extension 'powershell' for command environment: Not usable outside of PowerShell
[0.610s] DEBUG:colcon.colcon_core.shell:Skip shell extension 'dsv' for command environment
[0.613s] INFO:colcon.colcon_ros.task.ament_cmake.build:Building ROS package in '/root/ros2_ws/src/humanoid_description' with build type 'ament_cmake'
[0.614s] INFO:colcon.colcon_cmake.task.cmake.build:Building CMake package in '/root/ros2_ws/src/humanoid_description'
[0.614s] INFO:colcon.colcon_core.shell:Skip shell extension 'powershell' for command environment: Not usable outside of PowerShell
[0.614s] DEBUG:colcon.colcon_core.shell:Skip shell extension 'dsv' for command environment
[0.617s] INFO:colcon.colcon_ros.task.ament_python.build:Building ROS package in '/root/ros2_ws/src/humanoid_perception' with build type 'ament_python'
[0.617s] Level 1:colcon.colcon_core.shell:create_environment_hook('humanoid_perception', 'ament_prefix_path')
[0.617s] INFO:colcon.colcon_core.shell:Creating environment hook '/root/ros2_ws/install/humanoid_perception/share/humanoid_perception/hook/ament_prefix_path.ps1'
[0.617s] INFO:colcon.colcon_core.shell:Creating environment descriptor '/root/ros2_ws/install/humanoid_perception/share/humanoid_perception/hook/ament_prefix_path.dsv'
[0.618s] INFO:colcon.colcon_core.shell:Creating environment hook '/root/ros2_ws/install/humanoid_perception/share/humanoid_perception/hook/ament_prefix_path.sh'
[0.618s] INFO:colcon.colcon_core.shell:Skip shell extension 'powershell' for command environment: Not usable outside of PowerShell
[0.618s] DEBUG:colcon.colcon_core.shell:Skip shell extension 'dsv' for command environment
[0.621s] INFO:colcon.colcon_ros.task.ament_cmake.build:Building ROS package in '/root/ros2_ws/src/ign_ros2_control_demos' with build type 'ament_cmake'
[0.621s] INFO:colcon.colcon_cmake.task.cmake.build:Building CMake package in '/root/ros2_ws/src/ign_ros2_control_demos'
[0.621s] INFO:colcon.colcon_core.shell:Skip shell extension 'powershell' for command environment: Not usable outside of PowerShell
[0.621s] DEBUG:colcon.colcon_core.shell:Skip shell extension 'dsv' for command environment
[0.624s] INFO:colcon.colcon_ros.task.ament_python.build:Building ROS package in '/root/ros2_ws/src/my_py_pkg' with build type 'ament_python'
[0.624s] Level 1:colcon.colcon_core.shell:create_environment_hook('my_py_pkg', 'ament_prefix_path')
[0.625s] INFO:colcon.colcon_core.shell:Creating environment hook '/root/ros2_ws/install/my_py_pkg/share/my_py_pkg/hook/ament_prefix_path.ps1'
[0.625s] INFO:colcon.colcon_core.shell:Creating environment descriptor '/root/ros2_ws/install/my_py_pkg/share/my_py_pkg/hook/ament_prefix_path.dsv'
[0.625s] INFO:colcon.colcon_core.shell:Creating environment hook '/root/ros2_ws/install/my_py_pkg/share/my_py_pkg/hook/ament_prefix_path.sh'
[0.626s] INFO:colcon.colcon_core.shell:Skip shell extension 'powershell' for command environment: Not usable outside of PowerShell
[0.626s] DEBUG:colcon.colcon_core.shell:Skip shell extension 'dsv' for command environment
[0.817s] INFO:colcon.colcon_core.task.python.build:Building Python package in '/root/ros2_ws/src/my_sensor_package'
[0.817s] INFO:colcon.colcon_core.shell:Skip shell extension 'powershell' for command environment: Not usable outside of PowerShell
[0.817s] DEBUG:colcon.colcon_core.shell:Skip shell extension 'dsv' for command environment
[0.824s] DEBUG:colcon.colcon_core.event_handler.log_command:Invoking command in '/root/ros2_ws/build/humanoid_description': CMAKE_PREFIX_PATH=${CMAKE_PREFIX_PATH}:/root/ros2_ws/install/simple_control_test:/root/ros2_ws/install/my_sensor_package:/root/ros2_ws/install/my_py_pkg:/root/ros2_ws/install/humanoid_perception:/opt/ros/humble /usr/bin/cmake --build /root/ros2_ws/build/humanoid_description -- -j16 -l16
[1.006s] INFO:colcon.colcon_core.task.python.build:Building Python package in '/root/ros2_ws/src/humanoid_perception'
[1.006s] INFO:colcon.colcon_core.shell:Skip shell extension 'powershell' for command environment: Not usable outside of PowerShell
[1.006s] DEBUG:colcon.colcon_core.shell:Skip shell extension 'dsv' for command environment
[1.015s] DEBUG:colcon.colcon_core.event_handler.log_command:Invoking command in '/root/ros2_ws/build/ign_ros2_control_demos': CMAKE_PREFIX_PATH=${CMAKE_PREFIX_PATH}:/root/ros2_ws/install/simple_control_test:/root/ros2_ws/install/my_sensor_package:/root/ros2_ws/install/my_py_pkg:/root/ros2_ws/install/humanoid_perception:/opt/ros/humble /usr/bin/cmake /root/ros2_ws/src/ign_ros2_control_demos -DAMENT_CMAKE_SYMLINK_INSTALL=1 -DCMAKE_INSTALL_PREFIX=/root/ros2_ws/install/ign_ros2_control_demos
[1.233s] INFO:colcon.colcon_core.task.python.build:Building Python package in '/root/ros2_ws/src/my_py_pkg'
[1.233s] INFO:colcon.colcon_core.shell:Skip shell extension 'powershell' for command environment: Not usable outside of PowerShell
[1.233s] DEBUG:colcon.colcon_core.shell:Skip shell extension 'dsv' for command environment
[1.237s] DEBUG:colcon.colcon_core.event_handler.log_command:Invoked command in '/root/ros2_ws/build/humanoid_description' returned '0': CMAKE_PREFIX_PATH=${CMAKE_PREFIX_PATH}:/root/ros2_ws/install/simple_control_test:/root/ros2_ws/install/my_sensor_package:/root/ros2_ws/install/my_py_pkg:/root/ros2_ws/install/humanoid_perception:/opt/ros/humble /usr/bin/cmake --build /root/ros2_ws/build/humanoid_description -- -j16 -l16
[1.247s] DEBUG:colcon.colcon_core.event_handler.log_command:Invoking command in '/root/ros2_ws/build/humanoid_description': CMAKE_PREFIX_PATH=${CMAKE_PREFIX_PATH}:/root/ros2_ws/install/simple_control_test:/root/ros2_ws/install/my_sensor_package:/root/ros2_ws/install/my_py_pkg:/root/ros2_ws/install/humanoid_perception:/opt/ros/humble /usr/bin/cmake --install /root/ros2_ws/build/humanoid_description
[1.264s] Level 1:colcon.colcon_core.environment:create_environment_scripts_only(humanoid_description)
[1.265s] DEBUG:colcon.colcon_core.event_handler.log_command:Invoked command in '/root/ros2_ws/build/humanoid_description' returned '0': CMAKE_PREFIX_PATH=${CMAKE_PREFIX_PATH}:/root/ros2_ws/install/simple_control_test:/root/ros2_ws/install/my_sensor_package:/root/ros2_ws/install/my_py_pkg:/root/ros2_ws/install/humanoid_perception:/opt/ros/humble /usr/bin/cmake --install /root/ros2_ws/build/humanoid_description
[1.270s] Level 1:colcon.colcon_core.environment:checking '/root/ros2_ws/install/humanoid_description' for CMake module files
[1.271s] Level 1:colcon.colcon_core.environment:checking '/root/ros2_ws/install/humanoid_description' for CMake config files
[1.273s] Level 1:colcon.colcon_core.shell:create_environment_hook('humanoid_description', 'cmake_prefix_path')
[1.274s] INFO:colcon.colcon_core.shell:Creating environment hook '/root/ros2_ws/install/humanoid_description/share/humanoid_description/hook/cmake_prefix_path.ps1'
[1.274s] INFO:colcon.colcon_core.shell:Creating environment descriptor '/root/ros2_ws/install/humanoid_description/share/humanoid_description/hook/cmake_prefix_path.dsv'
[1.274s] INFO:colcon.colcon_core.shell:Creating environment hook '/root/ros2_ws/install/humanoid_description/share/humanoid_description/hook/cmake_prefix_path.sh'
[1.275s] Level 1:colcon.colcon_core.environment:checking '/root/ros2_ws/install/humanoid_description/bin'
[1.275s] Level 1:colcon.colcon_core.environment:checking '/root/ros2_ws/install/humanoid_description/lib/pkgconfig/humanoid_description.pc'
[1.275s] Level 1:colcon.colcon_core.environment:checking '/root/ros2_ws/install/humanoid_description/lib/python3.10/site-packages'
[1.275s] Level 1:colcon.colcon_core.environment:checking '/root/ros2_ws/install/humanoid_description/bin'
[1.276s] INFO:colcon.colcon_core.shell:Creating package script '/root/ros2_ws/install/humanoid_description/share/humanoid_description/package.ps1'
[1.276s] INFO:colcon.colcon_core.shell:Creating package descriptor '/root/ros2_ws/install/humanoid_description/share/humanoid_description/package.dsv'
[1.278s] INFO:colcon.colcon_core.shell:Creating package script '/root/ros2_ws/install/humanoid_description/share/humanoid_description/package.sh'
[1.278s] INFO:colcon.colcon_core.shell:Creating package script '/root/ros2_ws/install/humanoid_description/share/humanoid_description/package.bash'
[1.279s] INFO:colcon.colcon_core.shell:Creating package script '/root/ros2_ws/install/humanoid_description/share/humanoid_description/package.zsh'
[1.280s] Level 1:colcon.colcon_core.environment:create_file_with_runtime_dependencies(/root/ros2_ws/install/humanoid_description/share/colcon-core/packages/humanoid_description)
[1.281s] Level 1:colcon.colcon_core.environment:create_environment_scripts_only(humanoid_description)
[1.281s] Level 1:colcon.colcon_core.environment:checking '/root/ros2_ws/install/humanoid_description' for CMake module files
[1.282s] Level 1:colcon.colcon_core.environment:checking '/root/ros2_ws/install/humanoid_description' for CMake config files
[1.282s] Level 1:colcon.colcon_core.shell:create_environment_hook('humanoid_description', 'cmake_prefix_path')
[1.282s] INFO:colcon.colcon_core.shell:Creating environment hook '/root/ros2_ws/install/humanoid_description/share/humanoid_description/hook/cmake_prefix_path.ps1'
[1.282s] INFO:colcon.colcon_core.shell:Creating environment descriptor '/root/ros2_ws/install/humanoid_description/share/humanoid_description/hook/cmake_prefix_path.dsv'
[1.283s] INFO:colcon.colcon_core.shell:Creating environment hook '/root/ros2_ws/install/humanoid_description/share/humanoid_description/hook/cmake_prefix_path.sh'
[1.283s] Level 1:colcon.colcon_core.environment:checking '/root/ros2_ws/install/humanoid_description/bin'
[1.283s] Level 1:colcon.colcon_core.environment:checking '/root/ros2_ws/install/humanoid_description/lib/pkgconfig/humanoid_description.pc'
[1.284s] Level 1:colcon.colcon_core.environment:checking '/root/ros2_ws/install/humanoid_description/lib/python3.10/site-packages'
[1.284s] Level 1:colcon.colcon_core.environment:checking '/root/ros2_ws/install/humanoid_description/bin'
[1.284s] INFO:colcon.colcon_core.shell:Creating package script '/root/ros2_ws/install/humanoid_description/share/humanoid_description/package.ps1'
[1.284s] INFO:colcon.colcon_core.shell:Creating package descriptor '/root/ros2_ws/install/humanoid_description/share/humanoid_description/package.dsv'
[1.285s] INFO:colcon.colcon_core.shell:Creating package script '/root/ros2_ws/install/humanoid_description/share/humanoid_description/package.sh'
[1.285s] INFO:colcon.colcon_core.shell:Creating package script '/root/ros2_ws/install/humanoid_description/share/humanoid_description/package.bash'
[1.285s] INFO:colcon.colcon_core.shell:Creating package script '/root/ros2_ws/install/humanoid_description/share/humanoid_description/package.zsh'
[1.286s] Level 1:colcon.colcon_core.environment:create_file_with_runtime_dependencies(/root/ros2_ws/install/humanoid_description/share/colcon-core/packages/humanoid_description)
[1.704s] DEBUG:colcon.colcon_core.event_handler.log_command:Invoking command in '/root/ros2_ws/build/my_py_pkg': PYTHONPATH=/root/ros2_ws/build/my_py_pkg/prefix_override:/usr/lib/python3/dist-packages/colcon_core/task/python/colcon_distutils_commands:/root/ros2_ws/install/my_py_pkg/lib/python3.10/site-packages:${PYTHONPATH} /usr/bin/python3 -W ignore:setup.py install is deprecated -W ignore:easy_install command is deprecated setup.py develop --editable --build-directory /root/ros2_ws/build/my_py_pkg/build --no-deps symlink_data
[1.705s] DEBUG:colcon.colcon_core.event_handler.log_command:Invoking command in '/root/ros2_ws/build/my_sensor_package': PYTHONPATH=/root/ros2_ws/build/my_sensor_package/prefix_override:/usr/lib/python3/dist-packages/colcon_core/task/python/colcon_distutils_commands:/root/ros2_ws/install/my_sensor_package/lib/python3.10/site-packages:${PYTHONPATH} /usr/bin/python3 -W ignore:setup.py install is deprecated -W ignore:easy_install command is deprecated setup.py develop --editable --build-directory /root/ros2_ws/build/my_sensor_package/build --no-deps symlink_data
[1.709s] DEBUG:colcon.colcon_core.event_handler.log_command:Invoking command in '/root/ros2_ws/build/humanoid_perception': PYTHONPATH=/root/ros2_ws/build/humanoid_perception/prefix_override:/usr/lib/python3/dist-packages/colcon_core/task/python/colcon_distutils_commands:/root/ros2_ws/install/humanoid_perception/lib/python3.10/site-packages:${PYTHONPATH} /usr/bin/python3 -W ignore:setup.py install is deprecated -W ignore:easy_install command is deprecated setup.py develop --editable --build-directory /root/ros2_ws/build/humanoid_perception/build --no-deps symlink_data
[2.076s] Level 1:colcon.colcon_core.shell:create_environment_hook('my_sensor_package', 'pythonpath_develop')
[2.076s] DEBUG:colcon.colcon_core.event_handler.log_command:Invoked command in '/root/ros2_ws/build/my_sensor_package' returned '0': PYTHONPATH=/root/ros2_ws/build/my_sensor_package/prefix_override:/usr/lib/python3/dist-packages/colcon_core/task/python/colcon_distutils_commands:/root/ros2_ws/install/my_sensor_package/lib/python3.10/site-packages:${PYTHONPATH} /usr/bin/python3 -W ignore:setup.py install is deprecated -W ignore:easy_install command is deprecated setup.py develop --editable --build-directory /root/ros2_ws/build/my_sensor_package/build --no-deps symlink_data
[2.076s] INFO:colcon.colcon_core.shell:Creating environment hook '/root/ros2_ws/build/my_sensor_package/share/my_sensor_package/hook/pythonpath_develop.ps1'
[2.077s] INFO:colcon.colcon_core.shell:Creating environment descriptor '/root/ros2_ws/build/my_sensor_package/share/my_sensor_package/hook/pythonpath_develop.dsv'
[2.077s] INFO:colcon.colcon_core.shell:Creating environment hook '/root/ros2_ws/build/my_sensor_package/share/my_sensor_package/hook/pythonpath_develop.sh'
[2.078s] Level 1:colcon.colcon_core.environment:checking '/root/ros2_ws/install/my_sensor_package' for CMake module files
[2.078s] Level 1:colcon.colcon_core.environment:checking '/root/ros2_ws/install/my_sensor_package' for CMake config files
[2.080s] Level 1:colcon.colcon_core.environment:checking '/root/ros2_ws/install/my_sensor_package/lib'
[2.080s] Level 1:colcon.colcon_core.environment:checking '/root/ros2_ws/install/my_sensor_package/bin'
[2.080s] Level 1:colcon.colcon_core.environment:checking '/root/ros2_ws/install/my_sensor_package/lib/pkgconfig/my_sensor_package.pc'
[2.080s] Level 1:colcon.colcon_core.environment:checking '/root/ros2_ws/install/my_sensor_package/lib/python3.10/site-packages'
[2.080s] Level 1:colcon.colcon_core.shell:create_environment_hook('my_sensor_package', 'pythonpath')
[2.080s] INFO:colcon.colcon_core.shell:Creating environment hook '/root/ros2_ws/install/my_sensor_package/share/my_sensor_package/hook/pythonpath.ps1'
[2.081s] INFO:colcon.colcon_core.shell:Creating environment descriptor '/root/ros2_ws/install/my_sensor_package/share/my_sensor_package/hook/pythonpath.dsv'
[2.081s] INFO:colcon.colcon_core.shell:Creating environment hook '/root/ros2_ws/install/my_sensor_package/share/my_sensor_package/hook/pythonpath.sh'
[2.082s] Level 1:colcon.colcon_core.environment:checking '/root/ros2_ws/install/my_sensor_package/bin'
[2.082s] Level 1:colcon.colcon_core.environment:create_environment_scripts_only(my_sensor_package)
[2.082s] INFO:colcon.colcon_core.shell:Creating package script '/root/ros2_ws/install/my_sensor_package/share/my_sensor_package/package.ps1'
[2.082s] INFO:colcon.colcon_core.shell:Creating package descriptor '/root/ros2_ws/install/my_sensor_package/share/my_sensor_package/package.dsv'
[2.083s] INFO:colcon.colcon_core.shell:Creating package script '/root/ros2_ws/install/my_sensor_package/share/my_sensor_package/package.sh'
[2.083s] INFO:colcon.colcon_core.shell:Creating package script '/root/ros2_ws/install/my_sensor_package/share/my_sensor_package/package.bash'
[2.083s] INFO:colcon.colcon_core.shell:Creating package script '/root/ros2_ws/install/my_sensor_package/share/my_sensor_package/package.zsh'
[2.083s] Level 1:colcon.colcon_core.environment:create_file_with_runtime_dependencies(/root/ros2_ws/install/my_sensor_package/share/colcon-core/packages/my_sensor_package)
[2.084s] INFO:colcon.colcon_ros.task.ament_cmake.build:Building ROS package in '/root/ros2_ws/src/my_robot_bringup' with build type 'ament_cmake'
[2.084s] INFO:colcon.colcon_cmake.task.cmake.build:Building CMake package in '/root/ros2_ws/src/my_robot_bringup'
[2.084s] INFO:colcon.colcon_core.shell:Skip shell extension 'powershell' for command environment: Not usable outside of PowerShell
[2.084s] DEBUG:colcon.colcon_core.shell:Skip shell extension 'dsv' for command environment
[2.116s] Level 1:colcon.colcon_core.shell:create_environment_hook('humanoid_perception', 'pythonpath_develop')
[2.117s] INFO:colcon.colcon_core.shell:Creating environment hook '/root/ros2_ws/build/humanoid_perception/share/humanoid_perception/hook/pythonpath_develop.ps1'
[2.117s] DEBUG:colcon.colcon_core.event_handler.log_command:Invoked command in '/root/ros2_ws/build/humanoid_perception' returned '0': PYTHONPATH=/root/ros2_ws/build/humanoid_perception/prefix_override:/usr/lib/python3/dist-packages/colcon_core/task/python/colcon_distutils_commands:/root/ros2_ws/install/humanoid_perception/lib/python3.10/site-packages:${PYTHONPATH} /usr/bin/python3 -W ignore:setup.py install is deprecated -W ignore:easy_install command is deprecated setup.py develop --editable --build-directory /root/ros2_ws/build/humanoid_perception/build --no-deps symlink_data
[2.118s] INFO:colcon.colcon_core.shell:Creating environment descriptor '/root/ros2_ws/build/humanoid_perception/share/humanoid_perception/hook/pythonpath_develop.dsv'
[2.118s] INFO:colcon.colcon_core.shell:Creating environment hook '/root/ros2_ws/build/humanoid_perception/share/humanoid_perception/hook/pythonpath_develop.sh'
[2.119s] Level 1:colcon.colcon_core.environment:checking '/root/ros2_ws/install/humanoid_perception' for CMake module files
[2.120s] Level 1:colcon.colcon_core.environment:checking '/root/ros2_ws/install/humanoid_perception' for CMake config files
[2.122s] Level 1:colcon.colcon_core.environment:checking '/root/ros2_ws/install/humanoid_perception/lib'
[2.123s] Level 1:colcon.colcon_core.environment:checking '/root/ros2_ws/install/humanoid_perception/bin'
[2.123s] Level 1:colcon.colcon_core.environment:checking '/root/ros2_ws/install/humanoid_perception/lib/pkgconfig/humanoid_perception.pc'
[2.123s] Level 1:colcon.colcon_core.environment:checking '/root/ros2_ws/install/humanoid_perception/lib/python3.10/site-packages'
[2.123s] Level 1:colcon.colcon_core.shell:create_environment_hook('humanoid_perception', 'pythonpath')
[2.123s] INFO:colcon.colcon_core.shell:Creating environment hook '/root/ros2_ws/install/humanoid_perception/share/humanoid_perception/hook/pythonpath.ps1'
[2.124s] INFO:colcon.colcon_core.shell:Creating environment descriptor '/root/ros2_ws/install/humanoid_perception/share/humanoid_perception/hook/pythonpath.dsv'
[2.124s] INFO:colcon.colcon_core.shell:Creating environment hook '/root/ros2_ws/install/humanoid_perception/share/humanoid_perception/hook/pythonpath.sh'
[2.125s] Level 1:colcon.colcon_core.environment:checking '/root/ros2_ws/install/humanoid_perception/bin'
[2.125s] Level 1:colcon.colcon_core.environment:create_environment_scripts_only(humanoid_perception)
[2.125s] INFO:colcon.colcon_core.shell:Creating package script '/root/ros2_ws/install/humanoid_perception/share/humanoid_perception/package.ps1'
[2.126s] INFO:colcon.colcon_core.shell:Creating package descriptor '/root/ros2_ws/install/humanoid_perception/share/humanoid_perception/package.dsv'
[2.126s] INFO:colcon.colcon_core.shell:Creating package script '/root/ros2_ws/install/humanoid_perception/share/humanoid_perception/package.sh'
[2.127s] INFO:colcon.colcon_core.shell:Creating package script '/root/ros2_ws/install/humanoid_perception/share/humanoid_perception/package.bash'
[2.127s] INFO:colcon.colcon_core.shell:Creating package script '/root/ros2_ws/install/humanoid_perception/share/humanoid_perception/package.zsh'
[2.127s] Level 1:colcon.colcon_core.environment:create_file_with_runtime_dependencies(/root/ros2_ws/install/humanoid_perception/share/colcon-core/packages/humanoid_perception)
[2.129s] Level 1:colcon.colcon_core.shell:create_environment_hook('my_py_pkg', 'pythonpath_develop')
[2.129s] INFO:colcon.colcon_core.shell:Creating environment hook '/root/ros2_ws/build/my_py_pkg/share/my_py_pkg/hook/pythonpath_develop.ps1'
[2.129s] DEBUG:colcon.colcon_core.event_handler.log_command:Invoked command in '/root/ros2_ws/build/my_py_pkg' returned '0': PYTHONPATH=/root/ros2_ws/build/my_py_pkg/prefix_override:/usr/lib/python3/dist-packages/colcon_core/task/python/colcon_distutils_commands:/root/ros2_ws/install/my_py_pkg/lib/python3.10/site-packages:${PYTHONPATH} /usr/bin/python3 -W ignore:setup.py install is deprecated -W ignore:easy_install command is deprecated setup.py develop --editable --build-directory /root/ros2_ws/build/my_py_pkg/build --no-deps symlink_data
[2.130s] INFO:colcon.colcon_core.shell:Creating environment descriptor '/root/ros2_ws/build/my_py_pkg/share/my_py_pkg/hook/pythonpath_develop.dsv'
[2.130s] INFO:colcon.colcon_core.shell:Creating environment hook '/root/ros2_ws/build/my_py_pkg/share/my_py_pkg/hook/pythonpath_develop.sh'
[2.130s] Level 1:colcon.colcon_core.environment:checking '/root/ros2_ws/install/my_py_pkg' for CMake module files
[2.131s] Level 1:colcon.colcon_core.environment:checking '/root/ros2_ws/install/my_py_pkg' for CMake config files
[2.133s] Level 1:colcon.colcon_core.environment:checking '/root/ros2_ws/install/my_py_pkg/lib'
[2.133s] Level 1:colcon.colcon_core.environment:checking '/root/ros2_ws/install/my_py_pkg/bin'
[2.133s] Level 1:colcon.colcon_core.environment:checking '/root/ros2_ws/install/my_py_pkg/lib/pkgconfig/my_py_pkg.pc'
[2.133s] Level 1:colcon.colcon_core.environment:checking '/root/ros2_ws/install/my_py_pkg/lib/python3.10/site-packages'
[2.133s] Level 1:colcon.colcon_core.shell:create_environment_hook('my_py_pkg', 'pythonpath')
[2.133s] INFO:colcon.colcon_core.shell:Creating environment hook '/root/ros2_ws/install/my_py_pkg/share/my_py_pkg/hook/pythonpath.ps1'
[2.133s] INFO:colcon.colcon_core.shell:Creating environment descriptor '/root/ros2_ws/install/my_py_pkg/share/my_py_pkg/hook/pythonpath.dsv'
[2.134s] INFO:colcon.colcon_core.shell:Creating environment hook '/root/ros2_ws/install/my_py_pkg/share/my_py_pkg/hook/pythonpath.sh'
[2.134s] Level 1:colcon.colcon_core.environment:checking '/root/ros2_ws/install/my_py_pkg/bin'
[2.134s] Level 1:colcon.colcon_core.environment:create_environment_scripts_only(my_py_pkg)
[2.134s] INFO:colcon.colcon_core.shell:Creating package script '/root/ros2_ws/install/my_py_pkg/share/my_py_pkg/package.ps1'
[2.135s] INFO:colcon.colcon_core.shell:Creating package descriptor '/root/ros2_ws/install/my_py_pkg/share/my_py_pkg/package.dsv'
[2.135s] INFO:colcon.colcon_core.shell:Creating package script '/root/ros2_ws/install/my_py_pkg/share/my_py_pkg/package.sh'
[2.135s] INFO:colcon.colcon_core.shell:Creating package script '/root/ros2_ws/install/my_py_pkg/share/my_py_pkg/package.bash'
[2.136s] INFO:colcon.colcon_core.shell:Creating package script '/root/ros2_ws/install/my_py_pkg/share/my_py_pkg/package.zsh'
[2.136s] Level 1:colcon.colcon_core.environment:create_file_with_runtime_dependencies(/root/ros2_ws/install/my_py_pkg/share/colcon-core/packages/my_py_pkg)
[2.208s] DEBUG:colcon.colcon_core.event_handler.log_command:Invoking command in '/root/ros2_ws/build/my_robot_bringup': AMENT_PREFIX_PATH=/root/ros2_ws/install/my_sensor_package:/root/ros2_ws/install/ros2_control_demos:/root/ros2_ws/install/simple_control_test:/root/ros2_ws/install/my_robot_bringup:/root/ros2_ws/install/my_py_pkg:/root/ros2_ws/install/humanoid_perception:/root/ros2_ws/install/humanoid_description:/opt/ros/humble CMAKE_PREFIX_PATH=${CMAKE_PREFIX_PATH}:/root/ros2_ws/install/simple_control_test:/root/ros2_ws/install/my_sensor_package:/root/ros2_ws/install/my_py_pkg:/root/ros2_ws/install/humanoid_perception:/opt/ros/humble PYTHONPATH=/root/ros2_ws/build/my_sensor_package:/root/ros2_ws/install/my_sensor_package/lib/python3.10/site-packages:/root/ros2_ws/build/simple_control_test:/root/ros2_ws/install/simple_control_test/lib/python3.10/site-packages:/root/ros2_ws/build/my_py_pkg:/root/ros2_ws/install/my_py_pkg/lib/python3.10/site-packages:/root/ros2_ws/build/humanoid_perception:/root/ros2_ws/install/humanoid_perception/lib/python3.10/site-packages:/opt/ros/humble/lib/python3.10/site-packages:/opt/ros/humble/local/lib/python3.10/dist-packages /usr/bin/cmake --build /root/ros2_ws/build/my_robot_bringup -- -j16 -l16
[2.254s] DEBUG:colcon.colcon_core.event_handler.log_command:Invoked command in '/root/ros2_ws/build/my_robot_bringup' returned '0': AMENT_PREFIX_PATH=/root/ros2_ws/install/my_sensor_package:/root/ros2_ws/install/ros2_control_demos:/root/ros2_ws/install/simple_control_test:/root/ros2_ws/install/my_robot_bringup:/root/ros2_ws/install/my_py_pkg:/root/ros2_ws/install/humanoid_perception:/root/ros2_ws/install/humanoid_description:/opt/ros/humble CMAKE_PREFIX_PATH=${CMAKE_PREFIX_PATH}:/root/ros2_ws/install/simple_control_test:/root/ros2_ws/install/my_sensor_package:/root/ros2_ws/install/my_py_pkg:/root/ros2_ws/install/humanoid_perception:/opt/ros/humble PYTHONPATH=/root/ros2_ws/build/my_sensor_package:/root/ros2_ws/install/my_sensor_package/lib/python3.10/site-packages:/root/ros2_ws/build/simple_control_test:/root/ros2_ws/install/simple_control_test/lib/python3.10/site-packages:/root/ros2_ws/build/my_py_pkg:/root/ros2_ws/install/my_py_pkg/lib/python3.10/site-packages:/root/ros2_ws/build/humanoid_perception:/root/ros2_ws/install/humanoid_perception/lib/python3.10/site-packages:/opt/ros/humble/lib/python3.10/site-packages:/opt/ros/humble/local/lib/python3.10/dist-packages /usr/bin/cmake --build /root/ros2_ws/build/my_robot_bringup -- -j16 -l16
[2.256s] DEBUG:colcon.colcon_core.event_handler.log_command:Invoking command in '/root/ros2_ws/build/my_robot_bringup': AMENT_PREFIX_PATH=/root/ros2_ws/install/my_sensor_package:/root/ros2_ws/install/ros2_control_demos:/root/ros2_ws/install/simple_control_test:/root/ros2_ws/install/my_robot_bringup:/root/ros2_ws/install/my_py_pkg:/root/ros2_ws/install/humanoid_perception:/root/ros2_ws/install/humanoid_description:/opt/ros/humble CMAKE_PREFIX_PATH=${CMAKE_PREFIX_PATH}:/root/ros2_ws/install/simple_control_test:/root/ros2_ws/install/my_sensor_package:/root/ros2_ws/install/my_py_pkg:/root/ros2_ws/install/humanoid_perception:/opt/ros/humble PYTHONPATH=/root/ros2_ws/build/my_sensor_package:/root/ros2_ws/install/my_sensor_package/lib/python3.10/site-packages:/root/ros2_ws/build/simple_control_test:/root/ros2_ws/install/simple_control_test/lib/python3.10/site-packages:/root/ros2_ws/build/my_py_pkg:/root/ros2_ws/install/my_py_pkg/lib/python3.10/site-packages:/root/ros2_ws/build/humanoid_perception:/root/ros2_ws/install/humanoid_perception/lib/python3.10/site-packages:/opt/ros/humble/lib/python3.10/site-packages:/opt/ros/humble/local/lib/python3.10/dist-packages /usr/bin/cmake --install /root/ros2_ws/build/my_robot_bringup
[2.282s] Level 1:colcon.colcon_core.environment:create_environment_scripts_only(my_robot_bringup)
[2.283s] Level 1:colcon.colcon_core.environment:checking '/root/ros2_ws/install/my_robot_bringup' for CMake module files
[2.283s] DEBUG:colcon.colcon_core.event_handler.log_command:Invoked command in '/root/ros2_ws/build/my_robot_bringup' returned '0': AMENT_PREFIX_PATH=/root/ros2_ws/install/my_sensor_package:/root/ros2_ws/install/ros2_control_demos:/root/ros2_ws/install/simple_control_test:/root/ros2_ws/install/my_robot_bringup:/root/ros2_ws/install/my_py_pkg:/root/ros2_ws/install/humanoid_perception:/root/ros2_ws/install/humanoid_description:/opt/ros/humble CMAKE_PREFIX_PATH=${CMAKE_PREFIX_PATH}:/root/ros2_ws/install/simple_control_test:/root/ros2_ws/install/my_sensor_package:/root/ros2_ws/install/my_py_pkg:/root/ros2_ws/install/humanoid_perception:/opt/ros/humble PYTHONPATH=/root/ros2_ws/build/my_sensor_package:/root/ros2_ws/install/my_sensor_package/lib/python3.10/site-packages:/root/ros2_ws/build/simple_control_test:/root/ros2_ws/install/simple_control_test/lib/python3.10/site-packages:/root/ros2_ws/build/my_py_pkg:/root/ros2_ws/install/my_py_pkg/lib/python3.10/site-packages:/root/ros2_ws/build/humanoid_perception:/root/ros2_ws/install/humanoid_perception/lib/python3.10/site-packages:/opt/ros/humble/lib/python3.10/site-packages:/opt/ros/humble/local/lib/python3.10/dist-packages /usr/bin/cmake --install /root/ros2_ws/build/my_robot_bringup
[2.284s] Level 1:colcon.colcon_core.environment:checking '/root/ros2_ws/install/my_robot_bringup' for CMake config files
[2.284s] Level 1:colcon.colcon_core.shell:create_environment_hook('my_robot_bringup', 'cmake_prefix_path')
[2.285s] INFO:colcon.colcon_core.shell:Creating environment hook '/root/ros2_ws/install/my_robot_bringup/share/my_robot_bringup/hook/cmake_prefix_path.ps1'
[2.285s] INFO:colcon.colcon_core.shell:Creating environment descriptor '/root/ros2_ws/install/my_robot_bringup/share/my_robot_bringup/hook/cmake_prefix_path.dsv'
[2.285s] INFO:colcon.colcon_core.shell:Creating environment hook '/root/ros2_ws/install/my_robot_bringup/share/my_robot_bringup/hook/cmake_prefix_path.sh'
[2.286s] Level 1:colcon.colcon_core.environment:checking '/root/ros2_ws/install/my_robot_bringup/bin'
[2.286s] Level 1:colcon.colcon_core.environment:checking '/root/ros2_ws/install/my_robot_bringup/lib/pkgconfig/my_robot_bringup.pc'
[2.286s] Level 1:colcon.colcon_core.environment:checking '/root/ros2_ws/install/my_robot_bringup/lib/python3.10/site-packages'
[2.286s] Level 1:colcon.colcon_core.environment:checking '/root/ros2_ws/install/my_robot_bringup/bin'
[2.286s] INFO:colcon.colcon_core.shell:Creating package script '/root/ros2_ws/install/my_robot_bringup/share/my_robot_bringup/package.ps1'
[2.287s] INFO:colcon.colcon_core.shell:Creating package descriptor '/root/ros2_ws/install/my_robot_bringup/share/my_robot_bringup/package.dsv'
[2.287s] INFO:colcon.colcon_core.shell:Creating package script '/root/ros2_ws/install/my_robot_bringup/share/my_robot_bringup/package.sh'
[2.287s] INFO:colcon.colcon_core.shell:Creating package script '/root/ros2_ws/install/my_robot_bringup/share/my_robot_bringup/package.bash'
[2.288s] INFO:colcon.colcon_core.shell:Creating package script '/root/ros2_ws/install/my_robot_bringup/share/my_robot_bringup/package.zsh'
[2.288s] Level 1:colcon.colcon_core.environment:create_file_with_runtime_dependencies(/root/ros2_ws/install/my_robot_bringup/share/colcon-core/packages/my_robot_bringup)
[2.288s] Level 1:colcon.colcon_core.environment:create_environment_scripts_only(my_robot_bringup)
[2.289s] Level 1:colcon.colcon_core.environment:checking '/root/ros2_ws/install/my_robot_bringup' for CMake module files
[2.289s] Level 1:colcon.colcon_core.environment:checking '/root/ros2_ws/install/my_robot_bringup' for CMake config files
[2.289s] Level 1:colcon.colcon_core.shell:create_environment_hook('my_robot_bringup', 'cmake_prefix_path')
[2.289s] INFO:colcon.colcon_core.shell:Creating environment hook '/root/ros2_ws/install/my_robot_bringup/share/my_robot_bringup/hook/cmake_prefix_path.ps1'
[2.290s] INFO:colcon.colcon_core.shell:Creating environment descriptor '/root/ros2_ws/install/my_robot_bringup/share/my_robot_bringup/hook/cmake_prefix_path.dsv'
[2.290s] INFO:colcon.colcon_core.shell:Creating environment hook '/root/ros2_ws/install/my_robot_bringup/share/my_robot_bringup/hook/cmake_prefix_path.sh'
[2.290s] Level 1:colcon.colcon_core.environment:checking '/root/ros2_ws/install/my_robot_bringup/bin'
[2.290s] Level 1:colcon.colcon_core.environment:checking '/root/ros2_ws/install/my_robot_bringup/lib/pkgconfig/my_robot_bringup.pc'
[2.290s] Level 1:colcon.colcon_core.environment:checking '/root/ros2_ws/install/my_robot_bringup/lib/python3.10/site-packages'
[2.291s] Level 1:colcon.colcon_core.environment:checking '/root/ros2_ws/install/my_robot_bringup/bin'
[2.291s] INFO:colcon.colcon_core.shell:Creating package script '/root/ros2_ws/install/my_robot_bringup/share/my_robot_bringup/package.ps1'
[2.291s] INFO:colcon.colcon_core.shell:Creating package descriptor '/root/ros2_ws/install/my_robot_bringup/share/my_robot_bringup/package.dsv'
[2.291s] INFO:colcon.colcon_core.shell:Creating package script '/root/ros2_ws/install/my_robot_bringup/share/my_robot_bringup/package.sh'
[2.292s] INFO:colcon.colcon_core.shell:Creating package script '/root/ros2_ws/install/my_robot_bringup/share/my_robot_bringup/package.bash'
[2.292s] INFO:colcon.colcon_core.shell:Creating package script '/root/ros2_ws/install/my_robot_bringup/share/my_robot_bringup/package.zsh'
[2.292s] Level 1:colcon.colcon_core.environment:create_file_with_runtime_dependencies(/root/ros2_ws/install/my_robot_bringup/share/colcon-core/packages/my_robot_bringup)
[6.980s] DEBUG:colcon.colcon_core.event_handler.log_command:Invoked command in '/root/ros2_ws/build/ign_ros2_control_demos' returned '0': CMAKE_PREFIX_PATH=${CMAKE_PREFIX_PATH}:/root/ros2_ws/install/simple_control_test:/root/ros2_ws/install/my_sensor_package:/root/ros2_ws/install/my_py_pkg:/root/ros2_ws/install/humanoid_perception:/opt/ros/humble /usr/bin/cmake /root/ros2_ws/src/ign_ros2_control_demos -DAMENT_CMAKE_SYMLINK_INSTALL=1 -DCMAKE_INSTALL_PREFIX=/root/ros2_ws/install/ign_ros2_control_demos
[6.982s] DEBUG:colcon.colcon_core.event_handler.log_command:Invoking command in '/root/ros2_ws/build/ign_ros2_control_demos': CMAKE_PREFIX_PATH=${CMAKE_PREFIX_PATH}:/root/ros2_ws/install/simple_control_test:/root/ros2_ws/install/my_sensor_package:/root/ros2_ws/install/my_py_pkg:/root/ros2_ws/install/humanoid_perception:/opt/ros/humble /usr/bin/cmake --build /root/ros2_ws/build/ign_ros2_control_demos -- -j16 -l16
[10.775s] DEBUG:colcon.colcon_core.event_handler.log_command:Invoked command in '/root/ros2_ws/build/ign_ros2_control_demos' returned '0': CMAKE_PREFIX_PATH=${CMAKE_PREFIX_PATH}:/root/ros2_ws/install/simple_control_test:/root/ros2_ws/install/my_sensor_package:/root/ros2_ws/install/my_py_pkg:/root/ros2_ws/install/humanoid_perception:/opt/ros/humble /usr/bin/cmake --build /root/ros2_ws/build/ign_ros2_control_demos -- -j16 -l16
[10.776s] DEBUG:colcon.colcon_core.event_handler.log_command:Invoking command in '/root/ros2_ws/build/ign_ros2_control_demos': CMAKE_PREFIX_PATH=${CMAKE_PREFIX_PATH}:/root/ros2_ws/install/simple_control_test:/root/ros2_ws/install/my_sensor_package:/root/ros2_ws/install/my_py_pkg:/root/ros2_ws/install/humanoid_perception:/opt/ros/humble /usr/bin/cmake --install /root/ros2_ws/build/ign_ros2_control_demos
[10.952s] Level 1:colcon.colcon_core.environment:create_environment_scripts_only(ign_ros2_control_demos)
[10.953s] DEBUG:colcon.colcon_core.event_handler.log_command:Invoked command in '/root/ros2_ws/build/ign_ros2_control_demos' returned '0': CMAKE_PREFIX_PATH=${CMAKE_PREFIX_PATH}:/root/ros2_ws/install/simple_control_test:/root/ros2_ws/install/my_sensor_package:/root/ros2_ws/install/my_py_pkg:/root/ros2_ws/install/humanoid_perception:/opt/ros/humble /usr/bin/cmake --install /root/ros2_ws/build/ign_ros2_control_demos
[10.953s] Level 1:colcon.colcon_core.environment:checking '/root/ros2_ws/install/ign_ros2_control_demos' for CMake module files
[10.954s] Level 1:colcon.colcon_core.environment:checking '/root/ros2_ws/install/ign_ros2_control_demos' for CMake config files
[10.954s] Level 1:colcon.colcon_core.shell:create_environment_hook('ign_ros2_control_demos', 'cmake_prefix_path')
[10.954s] INFO:colcon.colcon_core.shell:Creating environment hook '/root/ros2_ws/install/ign_ros2_control_demos/share/ign_ros2_control_demos/hook/cmake_prefix_path.ps1'
[10.955s] INFO:colcon.colcon_core.shell:Creating environment descriptor '/root/ros2_ws/install/ign_ros2_control_demos/share/ign_ros2_control_demos/hook/cmake_prefix_path.dsv'
[10.956s] INFO:colcon.colcon_core.shell:Creating environment hook '/root/ros2_ws/install/ign_ros2_control_demos/share/ign_ros2_control_demos/hook/cmake_prefix_path.sh'
[10.956s] Level 1:colcon.colcon_core.environment:checking '/root/ros2_ws/install/ign_ros2_control_demos/bin'
[10.956s] Level 1:colcon.colcon_core.environment:checking '/root/ros2_ws/install/ign_ros2_control_demos/lib/pkgconfig/ign_ros2_control_demos.pc'
[10.957s] Level 1:colcon.colcon_core.environment:checking '/root/ros2_ws/install/ign_ros2_control_demos/lib/python3.10/site-packages'
[10.957s] Level 1:colcon.colcon_core.environment:checking '/root/ros2_ws/install/ign_ros2_control_demos/bin'
[10.957s] INFO:colcon.colcon_core.shell:Creating package script '/root/ros2_ws/install/ign_ros2_control_demos/share/ign_ros2_control_demos/package.ps1'
[10.957s] INFO:colcon.colcon_core.shell:Creating package descriptor '/root/ros2_ws/install/ign_ros2_control_demos/share/ign_ros2_control_demos/package.dsv'
[10.957s] INFO:colcon.colcon_core.shell:Creating package script '/root/ros2_ws/install/ign_ros2_control_demos/share/ign_ros2_control_demos/package.sh'
[10.958s] INFO:colcon.colcon_core.shell:Creating package script '/root/ros2_ws/install/ign_ros2_control_demos/share/ign_ros2_control_demos/package.bash'
[10.958s] INFO:colcon.colcon_core.shell:Creating package script '/root/ros2_ws/install/ign_ros2_control_demos/share/ign_ros2_control_demos/package.zsh'
[10.959s] Level 1:colcon.colcon_core.environment:create_file_with_runtime_dependencies(/root/ros2_ws/install/ign_ros2_control_demos/share/colcon-core/packages/ign_ros2_control_demos)
[10.960s] Level 1:colcon.colcon_core.environment:create_environment_scripts_only(ign_ros2_control_demos)
[10.960s] Level 1:colcon.colcon_core.environment:checking '/root/ros2_ws/install/ign_ros2_control_demos' for CMake module files
[10.960s] Level 1:colcon.colcon_core.environment:checking '/root/ros2_ws/install/ign_ros2_control_demos' for CMake config files
[10.960s] Level 1:colcon.colcon_core.shell:create_environment_hook('ign_ros2_control_demos', 'cmake_prefix_path')
[10.960s] INFO:colcon.colcon_core.shell:Creating environment hook '/root/ros2_ws/install/ign_ros2_control_demos/share/ign_ros2_control_demos/hook/cmake_prefix_path.ps1'
[10.961s] INFO:colcon.colcon_core.shell:Creating environment descriptor '/root/ros2_ws/install/ign_ros2_control_demos/share/ign_ros2_control_demos/hook/cmake_prefix_path.dsv'
[10.961s] INFO:colcon.colcon_core.shell:Creating environment hook '/root/ros2_ws/install/ign_ros2_control_demos/share/ign_ros2_control_demos/hook/cmake_prefix_path.sh'
[10.961s] Level 1:colcon.colcon_core.environment:checking '/root/ros2_ws/install/ign_ros2_control_demos/bin'
[10.961s] Level 1:colcon.colcon_core.environment:checking '/root/ros2_ws/install/ign_ros2_control_demos/lib/pkgconfig/ign_ros2_control_demos.pc'
[10.961s] Level 1:colcon.colcon_core.environment:checking '/root/ros2_ws/install/ign_ros2_control_demos/lib/python3.10/site-packages'
[10.962s] Level 1:colcon.colcon_core.environment:checking '/root/ros2_ws/install/ign_ros2_control_demos/bin'
[10.962s] INFO:colcon.colcon_core.shell:Creating package script '/root/ros2_ws/install/ign_ros2_control_demos/share/ign_ros2_control_demos/package.ps1'
[10.962s] INFO:colcon.colcon_core.shell:Creating package descriptor '/root/ros2_ws/install/ign_ros2_control_demos/share/ign_ros2_control_demos/package.dsv'
[10.962s] INFO:colcon.colcon_core.shell:Creating package script '/root/ros2_ws/install/ign_ros2_control_demos/share/ign_ros2_control_demos/package.sh'
[10.963s] INFO:colcon.colcon_core.shell:Creating package script '/root/ros2_ws/install/ign_ros2_control_demos/share/ign_ros2_control_demos/package.bash'
[10.963s] INFO:colcon.colcon_core.shell:Creating package script '/root/ros2_ws/install/ign_ros2_control_demos/share/ign_ros2_control_demos/package.zsh'
[10.963s] Level 1:colcon.colcon_core.environment:create_file_with_runtime_dependencies(/root/ros2_ws/install/ign_ros2_control_demos/share/colcon-core/packages/ign_ros2_control_demos)
[10.963s] DEBUG:colcon.colcon_parallel_executor.executor.parallel:closing loop
[10.964s] DEBUG:colcon.colcon_parallel_executor.executor.parallel:loop closed
[10.964s] DEBUG:colcon.colcon_parallel_executor.executor.parallel:run_until_complete finished with '0'
[10.964s] DEBUG:colcon.colcon_core.event_reactor:joining thread
[10.996s] INFO:colcon.colcon_core.plugin_system:Skipping extension 'colcon_notification.desktop_notification.notify_send': Could not find 'notify-send'
[10.997s] INFO:colcon.colcon_core.plugin_system:Skipping extension 'colcon_notification.desktop_notification.terminal_notifier': Not used on non-Darwin systems
[10.997s] INFO:colcon.colcon_core.plugin_system:Skipping extension 'colcon_notification.desktop_notification.win32': Not used on non-Windows systems
[10.997s] INFO:colcon.colcon_notification.desktop_notification:Sending desktop notification using 'notify2'
[10.997s] DEBUG:colcon.colcon_notification.desktop_notification.notify2:Failed to initialize notify2: org.freedesktop.DBus.Error.FileNotFound: Failed to connect to socket /run/user/0/bus: No such file or directory
[10.997s] DEBUG:colcon.colcon_core.event_reactor:joined thread
[10.997s] INFO:colcon.colcon_core.shell:Creating prefix script '/root/ros2_ws/install/local_setup.ps1'
[10.998s] INFO:colcon.colcon_core.shell:Creating prefix util module '/root/ros2_ws/install/_local_setup_util_ps1.py'
[10.999s] INFO:colcon.colcon_core.shell:Creating prefix chain script '/root/ros2_ws/install/setup.ps1'
[11.000s] INFO:colcon.colcon_core.shell:Creating prefix script '/root/ros2_ws/install/local_setup.sh'
[11.001s] INFO:colcon.colcon_core.shell:Creating prefix util module '/root/ros2_ws/install/_local_setup_util_sh.py'
[11.001s] INFO:colcon.colcon_core.shell:Creating prefix chain script '/root/ros2_ws/install/setup.sh'
[11.002s] INFO:colcon.colcon_core.shell:Creating prefix script '/root/ros2_ws/install/local_setup.bash'
[11.002s] INFO:colcon.colcon_core.shell:Creating prefix chain script '/root/ros2_ws/install/setup.bash'
[11.003s] INFO:colcon.colcon_core.shell:Creating prefix script '/root/ros2_ws/install/local_setup.zsh'
[11.004s] INFO:colcon.colcon_core.shell:Creating prefix chain script '/root/ros2_ws/install/setup.zsh'
