[0.217s] Invoking command in '/root/ros2_ws/build/humanoid_description': CMAKE_PREFIX_PATH=${CMAKE_PREFIX_PATH}:/root/ros2_ws/install/my_sensor_package:/root/ros2_ws/install/my_py_pkg:/opt/ros/humble /usr/bin/cmake /root/ros2_ws/src/humanoid_description -DAMENT_CMAKE_SYMLINK_INSTALL=1 -DCMAKE_INSTALL_PREFIX=/root/ros2_ws/install/humanoid_description
[0.280s] -- Found ament_cmake: 1.3.11 (/opt/ros/humble/share/ament_cmake/cmake)
[0.399s] -- Override CMake install command with custom implementation using symlinks instead of copying resources
[0.417s] -- Found rclcpp: 16.0.12 (/opt/ros/humble/share/rclcpp/cmake)
[0.571s] -- Found rosidl_generator_c: 3.1.6 (/opt/ros/humble/share/rosidl_generator_c/cmake)
[0.574s] -- Found rosidl_adapter: 3.1.6 (/opt/ros/humble/share/rosidl_adapter/cmake)
[0.581s] -- Found rosidl_generator_cpp: 3.1.6 (/opt/ros/humble/share/rosidl_generator_cpp/cmake)
[0.593s] -- Using all available rosidl_typesupport_c: rosidl_typesupport_fastrtps_c;rosidl_typesupport_introspection_c
[0.607s] -- Using all available rosidl_typesupport_cpp: rosidl_typesupport_fastrtps_cpp;rosidl_typesupport_introspection_cpp
[0.646s] -- Found rmw_implementation_cmake: 6.1.2 (/opt/ros/humble/share/rmw_implementation_cmake/cmake)
[0.649s] -- Found rmw_fastrtps_cpp: 6.2.7 (/opt/ros/humble/share/rmw_fastrtps_cpp/cmake)
[4.408s] -- Using RMW implementation 'rmw_fastrtps_cpp' as default
[5.311s] [31mCMake Error at CMakeLists.txt:11 (find_package):
[5.311s]   By not providing "Findjoint_state_publisher.cmake" in CMAKE_MODULE_PATH
[5.311s]   this project has asked CMake to find a package configuration file provided
[5.311s]   by "joint_state_publisher", but CMake did not find one.
[5.311s] 
[5.312s]   Could not find a package configuration file provided by
[5.312s]   "joint_state_publisher" with any of the following names:
[5.312s] 
[5.312s]     joint_state_publisherConfig.cmake
[5.312s]     joint_state_publisher-config.cmake
[5.312s] 
[5.312s]   Add the installation prefix of "joint_state_publisher" to CMAKE_PREFIX_PATH
[5.312s]   or set "joint_state_publisher_DIR" to a directory containing one of the
[5.312s]   above files.  If "joint_state_publisher" provides a separate development
[5.312s]   package or SDK, be sure it has been installed.
[5.312s] 
[5.312s] [0m
[5.312s] -- Configuring incomplete, errors occurred!
[5.312s] See also "/root/ros2_ws/build/humanoid_description/CMakeFiles/CMakeOutput.log".
[5.321s] Invoked command in '/root/ros2_ws/build/humanoid_description' returned '1': CMAKE_PREFIX_PATH=${CMAKE_PREFIX_PATH}:/root/ros2_ws/install/my_sensor_package:/root/ros2_ws/install/my_py_pkg:/opt/ros/humble /usr/bin/cmake /root/ros2_ws/src/humanoid_description -DAMENT_CMAKE_SYMLINK_INSTALL=1 -DCMAKE_INSTALL_PREFIX=/root/ros2_ws/install/humanoid_description
