[0.066s] Invoking command in '/root/ros2_ws/build/my_robot_bringup': AMENT_PREFIX_PATH=/root/ros2_ws/install/my_sensor_package:/root/ros2_ws/install/my_robot_bringup:/root/ros2_ws/install/my_py_pkg:/root/ros2_ws/install/humanoid_description:/opt/ros/humble CMAKE_PREFIX_PATH=${CMAKE_PREFIX_PATH}:/root/ros2_ws/install/my_sensor_package:/root/ros2_ws/install/my_py_pkg:/opt/ros/humble PYTHONPATH=/root/ros2_ws/install/my_sensor_package/lib/python3.10/site-packages:/root/ros2_ws/build/my_sensor_package:/root/ros2_ws/build/my_py_pkg:/root/ros2_ws/install/my_py_pkg/lib/python3.10/site-packages:/opt/ros/humble/lib/python3.10/site-packages:/opt/ros/humble/local/lib/python3.10/dist-packages /usr/bin/cmake /root/ros2_ws/src/my_robot_bringup -DCMAKE_INSTALL_PREFIX=/root/ros2_ws/install/my_robot_bringup
[0.078s] -- Found ament_cmake: 1.3.11 (/opt/ros/humble/share/ament_cmake/cmake)
[0.192s] -- Override CMake install command with custom implementation using symlinks instead of copying resources
[0.262s] -- Configuring done
[0.269s] -- Generating done
[0.271s] -- Build files have been written to: /root/ros2_ws/build/my_robot_bringup
[0.279s] Invoked command in '/root/ros2_ws/build/my_robot_bringup' returned '0': AMENT_PREFIX_PATH=/root/ros2_ws/install/my_sensor_package:/root/ros2_ws/install/my_robot_bringup:/root/ros2_ws/install/my_py_pkg:/root/ros2_ws/install/humanoid_description:/opt/ros/humble CMAKE_PREFIX_PATH=${CMAKE_PREFIX_PATH}:/root/ros2_ws/install/my_sensor_package:/root/ros2_ws/install/my_py_pkg:/opt/ros/humble PYTHONPATH=/root/ros2_ws/install/my_sensor_package/lib/python3.10/site-packages:/root/ros2_ws/build/my_sensor_package:/root/ros2_ws/build/my_py_pkg:/root/ros2_ws/install/my_py_pkg/lib/python3.10/site-packages:/opt/ros/humble/lib/python3.10/site-packages:/opt/ros/humble/local/lib/python3.10/dist-packages /usr/bin/cmake /root/ros2_ws/src/my_robot_bringup -DCMAKE_INSTALL_PREFIX=/root/ros2_ws/install/my_robot_bringup
[0.280s] Invoking command in '/root/ros2_ws/build/my_robot_bringup': AMENT_PREFIX_PATH=/root/ros2_ws/install/my_sensor_package:/root/ros2_ws/install/my_robot_bringup:/root/ros2_ws/install/my_py_pkg:/root/ros2_ws/install/humanoid_description:/opt/ros/humble CMAKE_PREFIX_PATH=${CMAKE_PREFIX_PATH}:/root/ros2_ws/install/my_sensor_package:/root/ros2_ws/install/my_py_pkg:/opt/ros/humble PYTHONPATH=/root/ros2_ws/install/my_sensor_package/lib/python3.10/site-packages:/root/ros2_ws/build/my_sensor_package:/root/ros2_ws/build/my_py_pkg:/root/ros2_ws/install/my_py_pkg/lib/python3.10/site-packages:/opt/ros/humble/lib/python3.10/site-packages:/opt/ros/humble/local/lib/python3.10/dist-packages /usr/bin/cmake --build /root/ros2_ws/build/my_robot_bringup -- -j16 -l16
[0.324s] Invoked command in '/root/ros2_ws/build/my_robot_bringup' returned '0': AMENT_PREFIX_PATH=/root/ros2_ws/install/my_sensor_package:/root/ros2_ws/install/my_robot_bringup:/root/ros2_ws/install/my_py_pkg:/root/ros2_ws/install/humanoid_description:/opt/ros/humble CMAKE_PREFIX_PATH=${CMAKE_PREFIX_PATH}:/root/ros2_ws/install/my_sensor_package:/root/ros2_ws/install/my_py_pkg:/opt/ros/humble PYTHONPATH=/root/ros2_ws/install/my_sensor_package/lib/python3.10/site-packages:/root/ros2_ws/build/my_sensor_package:/root/ros2_ws/build/my_py_pkg:/root/ros2_ws/install/my_py_pkg/lib/python3.10/site-packages:/opt/ros/humble/lib/python3.10/site-packages:/opt/ros/humble/local/lib/python3.10/dist-packages /usr/bin/cmake --build /root/ros2_ws/build/my_robot_bringup -- -j16 -l16
[0.337s] Invoking command in '/root/ros2_ws/build/my_robot_bringup': AMENT_PREFIX_PATH=/root/ros2_ws/install/my_sensor_package:/root/ros2_ws/install/my_robot_bringup:/root/ros2_ws/install/my_py_pkg:/root/ros2_ws/install/humanoid_description:/opt/ros/humble CMAKE_PREFIX_PATH=${CMAKE_PREFIX_PATH}:/root/ros2_ws/install/my_sensor_package:/root/ros2_ws/install/my_py_pkg:/opt/ros/humble PYTHONPATH=/root/ros2_ws/install/my_sensor_package/lib/python3.10/site-packages:/root/ros2_ws/build/my_sensor_package:/root/ros2_ws/build/my_py_pkg:/root/ros2_ws/install/my_py_pkg/lib/python3.10/site-packages:/opt/ros/humble/lib/python3.10/site-packages:/opt/ros/humble/local/lib/python3.10/dist-packages /usr/bin/cmake --install /root/ros2_ws/build/my_robot_bringup
[0.344s] -- Install configuration: ""
[0.344s] -- Execute custom install script
[0.345s] -- Up-to-date symlink: /root/ros2_ws/install/my_robot_bringup/share/my_robot_bringup/launch/demo.launch.py
[0.345s] -- Up-to-date symlink: /root/ros2_ws/install/my_robot_bringup/share/ament_index/resource_index/package_run_dependencies/my_robot_bringup
[0.345s] -- Up-to-date symlink: /root/ros2_ws/install/my_robot_bringup/share/ament_index/resource_index/parent_prefix_path/my_robot_bringup
[0.346s] -- Up-to-date symlink: /root/ros2_ws/install/my_robot_bringup/share/my_robot_bringup/environment/ament_prefix_path.sh
[0.346s] -- Up-to-date symlink: /root/ros2_ws/install/my_robot_bringup/share/my_robot_bringup/environment/ament_prefix_path.dsv
[0.346s] -- Up-to-date symlink: /root/ros2_ws/install/my_robot_bringup/share/my_robot_bringup/environment/path.sh
[0.346s] -- Up-to-date symlink: /root/ros2_ws/install/my_robot_bringup/share/my_robot_bringup/environment/path.dsv
[0.347s] -- Up-to-date symlink: /root/ros2_ws/install/my_robot_bringup/share/my_robot_bringup/local_setup.bash
[0.347s] -- Up-to-date symlink: /root/ros2_ws/install/my_robot_bringup/share/my_robot_bringup/local_setup.sh
[0.347s] -- Up-to-date symlink: /root/ros2_ws/install/my_robot_bringup/share/my_robot_bringup/local_setup.zsh
[0.347s] -- Up-to-date symlink: /root/ros2_ws/install/my_robot_bringup/share/my_robot_bringup/local_setup.dsv
[0.347s] -- Symlinking: /root/ros2_ws/install/my_robot_bringup/share/my_robot_bringup/package.dsv
[0.358s] -- Up-to-date symlink: /root/ros2_ws/install/my_robot_bringup/share/ament_index/resource_index/packages/my_robot_bringup
[0.358s] -- Up-to-date symlink: /root/ros2_ws/install/my_robot_bringup/share/my_robot_bringup/cmake/my_robot_bringupConfig.cmake
[0.359s] -- Up-to-date symlink: /root/ros2_ws/install/my_robot_bringup/share/my_robot_bringup/cmake/my_robot_bringupConfig-version.cmake
[0.359s] -- Up-to-date symlink: /root/ros2_ws/install/my_robot_bringup/share/my_robot_bringup/package.xml
[0.362s] Invoked command in '/root/ros2_ws/build/my_robot_bringup' returned '0': AMENT_PREFIX_PATH=/root/ros2_ws/install/my_sensor_package:/root/ros2_ws/install/my_robot_bringup:/root/ros2_ws/install/my_py_pkg:/root/ros2_ws/install/humanoid_description:/opt/ros/humble CMAKE_PREFIX_PATH=${CMAKE_PREFIX_PATH}:/root/ros2_ws/install/my_sensor_package:/root/ros2_ws/install/my_py_pkg:/opt/ros/humble PYTHONPATH=/root/ros2_ws/install/my_sensor_package/lib/python3.10/site-packages:/root/ros2_ws/build/my_sensor_package:/root/ros2_ws/build/my_py_pkg:/root/ros2_ws/install/my_py_pkg/lib/python3.10/site-packages:/opt/ros/humble/lib/python3.10/site-packages:/opt/ros/humble/local/lib/python3.10/dist-packages /usr/bin/cmake --install /root/ros2_ws/build/my_robot_bringup
