[0.896s] Invoking command in '/root/ros2_ws/build/my_sensor_package': PYTHONPATH=/root/ros2_ws/build/my_sensor_package/prefix_override:/usr/lib/python3/dist-packages/colcon_core/task/python/colcon_distutils_commands:/root/ros2_ws/install/my_sensor_package/lib/python3.10/site-packages:${PYTHONPATH} /usr/bin/python3 -W ignore:setup.py install is deprecated -W ignore:easy_install command is deprecated setup.py develop --uninstall --editable --build-directory /root/ros2_ws/build/my_sensor_package/build
[1.098s] running develop
[1.243s] Removing /root/ros2_ws/install/my_sensor_package/lib/python3.10/site-packages/my-sensor-package.egg-link (link to .)
[1.275s] Invoked command in '/root/ros2_ws/build/my_sensor_package' returned '0': PYTHONPATH=/root/ros2_ws/build/my_sensor_package/prefix_override:/usr/lib/python3/dist-packages/colcon_core/task/python/colcon_distutils_commands:/root/ros2_ws/install/my_sensor_package/lib/python3.10/site-packages:${PYTHONPATH} /usr/bin/python3 -W ignore:setup.py install is deprecated -W ignore:easy_install command is deprecated setup.py develop --uninstall --editable --build-directory /root/ros2_ws/build/my_sensor_package/build
[1.277s] Invoking command in '/root/ros2_ws/src/my_sensor_package': PYTHONPATH=/root/ros2_ws/build/my_sensor_package/prefix_override:/usr/lib/python3/dist-packages/colcon_core/task/python/colcon_distutils_commands:/root/ros2_ws/install/my_sensor_package/lib/python3.10/site-packages:${PYTHONPATH} /usr/bin/python3 -W ignore:setup.py install is deprecated -W ignore:easy_install command is deprecated setup.py egg_info --egg-base ../../build/my_sensor_package build --build-base /root/ros2_ws/build/my_sensor_package/build install --record /root/ros2_ws/build/my_sensor_package/install.log --single-version-externally-managed install_data --force
[1.485s] running egg_info
[1.485s] writing ../../build/my_sensor_package/my_sensor_package.egg-info/PKG-INFO
[1.486s] writing dependency_links to ../../build/my_sensor_package/my_sensor_package.egg-info/dependency_links.txt
[1.486s] writing entry points to ../../build/my_sensor_package/my_sensor_package.egg-info/entry_points.txt
[1.486s] writing requirements to ../../build/my_sensor_package/my_sensor_package.egg-info/requires.txt
[1.486s] writing top-level names to ../../build/my_sensor_package/my_sensor_package.egg-info/top_level.txt
[1.488s] reading manifest file '../../build/my_sensor_package/my_sensor_package.egg-info/SOURCES.txt'
[1.489s] writing manifest file '../../build/my_sensor_package/my_sensor_package.egg-info/SOURCES.txt'
[1.489s] running build
[1.489s] running build_py
[1.490s] running install
[1.490s] running install_lib
[1.491s] creating /root/ros2_ws/install/my_sensor_package/lib/python3.10/site-packages/my_sensor_package
[1.491s] copying /root/ros2_ws/build/my_sensor_package/build/lib/my_sensor_package/sensor_subscriber.py -> /root/ros2_ws/install/my_sensor_package/lib/python3.10/site-packages/my_sensor_package
[1.492s] copying /root/ros2_ws/build/my_sensor_package/build/lib/my_sensor_package/__init__.py -> /root/ros2_ws/install/my_sensor_package/lib/python3.10/site-packages/my_sensor_package
[1.492s] copying /root/ros2_ws/build/my_sensor_package/build/lib/my_sensor_package/sensor_publisher.py -> /root/ros2_ws/install/my_sensor_package/lib/python3.10/site-packages/my_sensor_package
[1.493s] byte-compiling /root/ros2_ws/install/my_sensor_package/lib/python3.10/site-packages/my_sensor_package/sensor_subscriber.py to sensor_subscriber.cpython-310.pyc
[1.494s] byte-compiling /root/ros2_ws/install/my_sensor_package/lib/python3.10/site-packages/my_sensor_package/__init__.py to __init__.cpython-310.pyc
[1.494s] byte-compiling /root/ros2_ws/install/my_sensor_package/lib/python3.10/site-packages/my_sensor_package/sensor_publisher.py to sensor_publisher.cpython-310.pyc
[1.495s] running install_data
[1.495s] copying resource/my_sensor_package -> /root/ros2_ws/install/my_sensor_package/share/ament_index/resource_index/packages
[1.495s] copying package.xml -> /root/ros2_ws/install/my_sensor_package/share/my_sensor_package
[1.496s] copying launch/sensor.launch.py -> /root/ros2_ws/install/my_sensor_package/share/my_sensor_package/launch
[1.497s] running install_egg_info
[1.499s] Copying ../../build/my_sensor_package/my_sensor_package.egg-info to /root/ros2_ws/install/my_sensor_package/lib/python3.10/site-packages/my_sensor_package-0.0.0-py3.10.egg-info
[1.502s] running install_scripts
[1.525s] Installing sensor_publisher_node script to /root/ros2_ws/install/my_sensor_package/lib/my_sensor_package
[1.526s] Installing sensor_subscriber_node script to /root/ros2_ws/install/my_sensor_package/lib/my_sensor_package
[1.526s] writing list of installed files to '/root/ros2_ws/build/my_sensor_package/install.log'
[1.578s] Invoked command in '/root/ros2_ws/src/my_sensor_package' returned '0': PYTHONPATH=/root/ros2_ws/build/my_sensor_package/prefix_override:/usr/lib/python3/dist-packages/colcon_core/task/python/colcon_distutils_commands:/root/ros2_ws/install/my_sensor_package/lib/python3.10/site-packages:${PYTHONPATH} /usr/bin/python3 -W ignore:setup.py install is deprecated -W ignore:easy_install command is deprecated setup.py egg_info --egg-base ../../build/my_sensor_package build --build-base /root/ros2_ws/build/my_sensor_package/build install --record /root/ros2_ws/build/my_sensor_package/install.log --single-version-externally-managed install_data --force
