[0.211s] Invoking command in '/root/ros2_ws/build/humanoid_description': CMAKE_PREFIX_PATH=${CMAKE_PREFIX_PATH}:/root/ros2_ws/install/my_sensor_package:/root/ros2_ws/install/my_py_pkg:/opt/ros/humble /usr/bin/cmake /root/ros2_ws/src/humanoid_description -DAMENT_CMAKE_SYMLINK_INSTALL=1 -DCMAKE_INSTALL_PREFIX=/root/ros2_ws/install/humanoid_description
[0.450s] -- The C compiler identification is GNU 11.4.0
[0.896s] -- The CXX compiler identification is GNU 11.4.0
[1.172s] -- Detecting C compiler ABI info
[1.324s] -- Detecting C compiler ABI info - done
[1.331s] -- Check for working C compiler: /usr/bin/cc - skipped
[1.331s] -- Detecting C compile features
[1.332s] -- Detecting C compile features - done
[1.335s] -- Detecting CXX compiler ABI info
[1.480s] -- Detecting CXX compiler ABI info - done
[1.485s] -- Check for working CXX compiler: /usr/bin/c++ - skipped
[1.485s] -- Detecting CXX compile features
[1.486s] -- Detecting CXX compile features - done
[1.496s] -- Found ament_cmake: 1.3.11 (/opt/ros/humble/share/ament_cmake/cmake)
[1.628s] -- Found Python3: /usr/bin/python3 (found version "3.10.12") found components: Interpreter 
[1.685s] -- Override CMake install command with custom implementation using symlinks instead of copying resources
[1.713s] -- Found rclcpp: 16.0.12 (/opt/ros/humble/share/rclcpp/cmake)
[1.863s] -- Found rosidl_generator_c: 3.1.6 (/opt/ros/humble/share/rosidl_generator_c/cmake)
[1.869s] -- Found rosidl_adapter: 3.1.6 (/opt/ros/humble/share/rosidl_adapter/cmake)
[1.879s] -- Found rosidl_generator_cpp: 3.1.6 (/opt/ros/humble/share/rosidl_generator_cpp/cmake)
[1.894s] -- Using all available rosidl_typesupport_c: rosidl_typesupport_fastrtps_c;rosidl_typesupport_introspection_c
[1.914s] -- Using all available rosidl_typesupport_cpp: rosidl_typesupport_fastrtps_cpp;rosidl_typesupport_introspection_cpp
[1.968s] -- Found rmw_implementation_cmake: 6.1.2 (/opt/ros/humble/share/rmw_implementation_cmake/cmake)
[1.972s] -- Found rmw_fastrtps_cpp: 6.2.7 (/opt/ros/humble/share/rmw_fastrtps_cpp/cmake)
[2.987s] -- Found OpenSSL: /usr/lib/x86_64-linux-gnu/libcrypto.so (found version "3.0.2")  
[4.041s] -- Found FastRTPS: /opt/ros/humble/include  
[5.908s] -- Using RMW implementation 'rmw_fastrtps_cpp' as default
[5.920s] -- Looking for pthread.h
[6.068s] -- Looking for pthread.h - found
[6.069s] -- Performing Test CMAKE_HAVE_LIBC_PTHREAD
[6.208s] -- Performing Test CMAKE_HAVE_LIBC_PTHREAD - Success
[6.209s] -- Found Threads: TRUE  
[7.172s] [31mCMake Error at CMakeLists.txt:11 (find_package):
[7.172s]   By not providing "Findjoint_state_publisher.cmake" in CMAKE_MODULE_PATH
[7.173s]   this project has asked CMake to find a package configuration file provided
[7.173s]   by "joint_state_publisher", but CMake did not find one.
[7.173s] 
[7.173s]   Could not find a package configuration file provided by
[7.173s]   "joint_state_publisher" with any of the following names:
[7.173s] 
[7.173s]     joint_state_publisherConfig.cmake
[7.173s]     joint_state_publisher-config.cmake
[7.173s] 
[7.173s]   Add the installation prefix of "joint_state_publisher" to CMAKE_PREFIX_PATH
[7.173s]   or set "joint_state_publisher_DIR" to a directory containing one of the
[7.173s]   above files.  If "joint_state_publisher" provides a separate development
[7.173s]   package or SDK, be sure it has been installed.
[7.173s] 
[7.173s] [0m
[7.173s] -- Configuring incomplete, errors occurred!
[7.173s] See also "/root/ros2_ws/build/humanoid_description/CMakeFiles/CMakeOutput.log".
[7.185s] Invoked command in '/root/ros2_ws/build/humanoid_description' returned '1': CMAKE_PREFIX_PATH=${CMAKE_PREFIX_PATH}:/root/ros2_ws/install/my_sensor_package:/root/ros2_ws/install/my_py_pkg:/opt/ros/humble /usr/bin/cmake /root/ros2_ws/src/humanoid_description -DAMENT_CMAKE_SYMLINK_INSTALL=1 -DCMAKE_INSTALL_PREFIX=/root/ros2_ws/install/humanoid_description
