[0.092s] Invoking command in '/root/ros2_ws/build/my_robot_bringup': AMENT_PREFIX_PATH=/root/ros2_ws/install/my_sensor_package:/root/ros2_ws/install/my_robot_bringup:/root/ros2_ws/install/my_py_pkg:/opt/ros/humble CMAKE_PREFIX_PATH=${CMAKE_PREFIX_PATH}:/root/ros2_ws/install/my_sensor_package:/root/ros2_ws/install/my_py_pkg:/opt/ros/humble PYTHONPATH=/root/ros2_ws/build/my_sensor_package:${PYTHONPATH} /usr/bin/cmake --build /root/ros2_ws/build/my_robot_bringup -- -j16 -l16
[0.139s] Invoked command in '/root/ros2_ws/build/my_robot_bringup' returned '0': AMENT_PREFIX_PATH=/root/ros2_ws/install/my_sensor_package:/root/ros2_ws/install/my_robot_bringup:/root/ros2_ws/install/my_py_pkg:/opt/ros/humble CMAKE_PREFIX_PATH=${CMAKE_PREFIX_PATH}:/root/ros2_ws/install/my_sensor_package:/root/ros2_ws/install/my_py_pkg:/opt/ros/humble PYTHONPATH=/root/ros2_ws/build/my_sensor_package:${PYTHONPATH} /usr/bin/cmake --build /root/ros2_ws/build/my_robot_bringup -- -j16 -l16
[0.150s] Invoking command in '/root/ros2_ws/build/my_robot_bringup': AMENT_PREFIX_PATH=/root/ros2_ws/install/my_sensor_package:/root/ros2_ws/install/my_robot_bringup:/root/ros2_ws/install/my_py_pkg:/opt/ros/humble CMAKE_PREFIX_PATH=${CMAKE_PREFIX_PATH}:/root/ros2_ws/install/my_sensor_package:/root/ros2_ws/install/my_py_pkg:/opt/ros/humble PYTHONPATH=/root/ros2_ws/build/my_sensor_package:${PYTHONPATH} /usr/bin/cmake --install /root/ros2_ws/build/my_robot_bringup
[0.157s] -- Install configuration: ""
[0.158s] -- Execute custom install script
[0.158s] -- Up-to-date symlink: /root/ros2_ws/install/my_robot_bringup/share/my_robot_bringup/launch/demo.launch.py
[0.158s] -- Up-to-date symlink: /root/ros2_ws/install/my_robot_bringup/share/ament_index/resource_index/package_run_dependencies/my_robot_bringup
[0.159s] -- Up-to-date symlink: /root/ros2_ws/install/my_robot_bringup/share/ament_index/resource_index/parent_prefix_path/my_robot_bringup
[0.159s] -- Up-to-date symlink: /root/ros2_ws/install/my_robot_bringup/share/my_robot_bringup/environment/ament_prefix_path.sh
[0.159s] -- Up-to-date symlink: /root/ros2_ws/install/my_robot_bringup/share/my_robot_bringup/environment/ament_prefix_path.dsv
[0.160s] -- Up-to-date symlink: /root/ros2_ws/install/my_robot_bringup/share/my_robot_bringup/environment/path.sh
[0.160s] -- Up-to-date symlink: /root/ros2_ws/install/my_robot_bringup/share/my_robot_bringup/environment/path.dsv
[0.160s] -- Up-to-date symlink: /root/ros2_ws/install/my_robot_bringup/share/my_robot_bringup/local_setup.bash
[0.160s] -- Up-to-date symlink: /root/ros2_ws/install/my_robot_bringup/share/my_robot_bringup/local_setup.sh
[0.161s] -- Up-to-date symlink: /root/ros2_ws/install/my_robot_bringup/share/my_robot_bringup/local_setup.zsh
[0.161s] -- Up-to-date symlink: /root/ros2_ws/install/my_robot_bringup/share/my_robot_bringup/local_setup.dsv
[0.161s] -- Symlinking: /root/ros2_ws/install/my_robot_bringup/share/my_robot_bringup/package.dsv
[0.172s] -- Up-to-date symlink: /root/ros2_ws/install/my_robot_bringup/share/ament_index/resource_index/packages/my_robot_bringup
[0.172s] -- Up-to-date symlink: /root/ros2_ws/install/my_robot_bringup/share/my_robot_bringup/cmake/my_robot_bringupConfig.cmake
[0.173s] -- Up-to-date symlink: /root/ros2_ws/install/my_robot_bringup/share/my_robot_bringup/cmake/my_robot_bringupConfig-version.cmake
[0.173s] -- Up-to-date symlink: /root/ros2_ws/install/my_robot_bringup/share/my_robot_bringup/package.xml
[0.176s] Invoked command in '/root/ros2_ws/build/my_robot_bringup' returned '0': AMENT_PREFIX_PATH=/root/ros2_ws/install/my_sensor_package:/root/ros2_ws/install/my_robot_bringup:/root/ros2_ws/install/my_py_pkg:/opt/ros/humble CMAKE_PREFIX_PATH=${CMAKE_PREFIX_PATH}:/root/ros2_ws/install/my_sensor_package:/root/ros2_ws/install/my_py_pkg:/opt/ros/humble PYTHONPATH=/root/ros2_ws/build/my_sensor_package:${PYTHONPATH} /usr/bin/cmake --install /root/ros2_ws/build/my_robot_bringup
