-- The C compiler identification is GNU 11.4.0
-- The CXX compiler identification is GNU 11.4.0
-- Detecting C compiler ABI info
-- Detecting C compiler ABI info - done
-- Check for working C compiler: /usr/bin/cc - skipped
-- Detecting C compile features
-- Detecting C compile features - done
-- Detecting CXX compiler ABI info
-- Detecting CXX compiler ABI info - done
-- Check for working CXX compiler: /usr/bin/c++ - skipped
-- Detecting CXX compile features
-- Detecting CXX compile features - done
-- Found ament_cmake: 1.3.11 (/opt/ros/humble/share/ament_cmake/cmake)
-- Found Python3: /usr/bin/python3 (found version "3.10.12") found components: Interpreter 
-- Override CMake install command with custom implementation using symlinks instead of copying resources
-- Found ament_lint_auto: 0.12.12 (/opt/ros/humble/share/ament_lint_auto/cmake)
-- Added test 'flake8' to check Python code syntax and style conventions
-- Added test 'lint_cmake' to check CMake code style
-- Added test 'pep257' to check Python code against some of the docstring style conventions in PEP 257
-- Added test 'xmllint' to check XML markup files
-- Configuring done
-- Generating done
-- Build files have been written to: /root/ros2_ws/build/humanoid_description
-- Install configuration: ""
-- Execute custom install script
-- Symlinking: /root/ros2_ws/install/humanoid_description/share/humanoid_description/launch/spawn_humanoid.launch.py
-- Symlinking: /root/ros2_ws/install/humanoid_description/share/humanoid_description/launch/view_humanoid.launch.py
-- Symlinking: /root/ros2_ws/install/humanoid_description/share/humanoid_description/urdf/humanoid.urdf.xacro
-- Symlinking: /root/ros2_ws/install/humanoid_description/share/ament_index/resource_index/package_run_dependencies/humanoid_description
-- Symlinking: /root/ros2_ws/install/humanoid_description/share/ament_index/resource_index/parent_prefix_path/humanoid_description
-- Symlinking: /root/ros2_ws/install/humanoid_description/share/humanoid_description/environment/ament_prefix_path.sh
-- Symlinking: /root/ros2_ws/install/humanoid_description/share/humanoid_description/environment/ament_prefix_path.dsv
-- Symlinking: /root/ros2_ws/install/humanoid_description/share/humanoid_description/environment/path.sh
-- Symlinking: /root/ros2_ws/install/humanoid_description/share/humanoid_description/environment/path.dsv
-- Symlinking: /root/ros2_ws/install/humanoid_description/share/humanoid_description/local_setup.bash
-- Symlinking: /root/ros2_ws/install/humanoid_description/share/humanoid_description/local_setup.sh
-- Symlinking: /root/ros2_ws/install/humanoid_description/share/humanoid_description/local_setup.zsh
-- Symlinking: /root/ros2_ws/install/humanoid_description/share/humanoid_description/local_setup.dsv
-- Symlinking: /root/ros2_ws/install/humanoid_description/share/humanoid_description/package.dsv
-- Symlinking: /root/ros2_ws/install/humanoid_description/share/ament_index/resource_index/packages/humanoid_description
-- Symlinking: /root/ros2_ws/install/humanoid_description/share/humanoid_description/cmake/humanoid_descriptionConfig.cmake
-- Symlinking: /root/ros2_ws/install/humanoid_description/share/humanoid_description/cmake/humanoid_descriptionConfig-version.cmake
-- Symlinking: /root/ros2_ws/install/humanoid_description/share/humanoid_description/package.xml
