[0.676s] Invoking command in '/root/ros2_ws/build/my_sensor_package': PYTHONPATH=/root/ros2_ws/build/my_sensor_package/prefix_override:/usr/lib/python3/dist-packages/colcon_core/task/python/colcon_distutils_commands:/root/ros2_ws/install/my_sensor_package/lib/python3.10/site-packages:${PYTHONPATH} /usr/bin/python3 -W ignore:setup.py install is deprecated -W ignore:easy_install command is deprecated setup.py develop --uninstall --editable --build-directory /root/ros2_ws/build/my_sensor_package/build
[0.866s] running develop
[0.976s] Removing /root/ros2_ws/install/my_sensor_package/lib/python3.10/site-packages/my-sensor-package.egg-link (link to .)
[1.007s] Invoked command in '/root/ros2_ws/build/my_sensor_package' returned '0': PYTHONPATH=/root/ros2_ws/build/my_sensor_package/prefix_override:/usr/lib/python3/dist-packages/colcon_core/task/python/colcon_distutils_commands:/root/ros2_ws/install/my_sensor_package/lib/python3.10/site-packages:${PYTHONPATH} /usr/bin/python3 -W ignore:setup.py install is deprecated -W ignore:easy_install command is deprecated setup.py develop --uninstall --editable --build-directory /root/ros2_ws/build/my_sensor_package/build
[1.009s] Invoking command in '/root/ros2_ws/src/my_sensor_package': PYTHONPATH=/root/ros2_ws/build/my_sensor_package/prefix_override:/usr/lib/python3/dist-packages/colcon_core/task/python/colcon_distutils_commands:/root/ros2_ws/install/my_sensor_package/lib/python3.10/site-packages:${PYTHONPATH} /usr/bin/python3 -W ignore:setup.py install is deprecated -W ignore:easy_install command is deprecated setup.py egg_info --egg-base ../../build/my_sensor_package build --build-base /root/ros2_ws/build/my_sensor_package/build install --record /root/ros2_ws/build/my_sensor_package/install.log --single-version-externally-managed install_data --force
[1.184s] running egg_info
[1.184s] writing ../../build/my_sensor_package/my_sensor_package.egg-info/PKG-INFO
[1.185s] writing dependency_links to ../../build/my_sensor_package/my_sensor_package.egg-info/dependency_links.txt
[1.185s] writing entry points to ../../build/my_sensor_package/my_sensor_package.egg-info/entry_points.txt
[1.185s] writing requirements to ../../build/my_sensor_package/my_sensor_package.egg-info/requires.txt
[1.185s] writing top-level names to ../../build/my_sensor_package/my_sensor_package.egg-info/top_level.txt
[1.186s] reading manifest file '../../build/my_sensor_package/my_sensor_package.egg-info/SOURCES.txt'
[1.187s] writing manifest file '../../build/my_sensor_package/my_sensor_package.egg-info/SOURCES.txt'
[1.187s] running build
[1.187s] running build_py
[1.187s] copying my_sensor_package/sensor_publisher.py -> /root/ros2_ws/build/my_sensor_package/build/lib/my_sensor_package
[1.188s] running install
[1.188s] running install_lib
[1.188s] creating /root/ros2_ws/install/my_sensor_package/lib/python3.10/site-packages/my_sensor_package
[1.189s] copying /root/ros2_ws/build/my_sensor_package/build/lib/my_sensor_package/sensor_subscriber.py -> /root/ros2_ws/install/my_sensor_package/lib/python3.10/site-packages/my_sensor_package
[1.189s] copying /root/ros2_ws/build/my_sensor_package/build/lib/my_sensor_package/__init__.py -> /root/ros2_ws/install/my_sensor_package/lib/python3.10/site-packages/my_sensor_package
[1.189s] copying /root/ros2_ws/build/my_sensor_package/build/lib/my_sensor_package/sensor_publisher.py -> /root/ros2_ws/install/my_sensor_package/lib/python3.10/site-packages/my_sensor_package
[1.190s] byte-compiling /root/ros2_ws/install/my_sensor_package/lib/python3.10/site-packages/my_sensor_package/sensor_subscriber.py to sensor_subscriber.cpython-310.pyc
[1.191s] byte-compiling /root/ros2_ws/install/my_sensor_package/lib/python3.10/site-packages/my_sensor_package/__init__.py to __init__.cpython-310.pyc
[1.191s] byte-compiling /root/ros2_ws/install/my_sensor_package/lib/python3.10/site-packages/my_sensor_package/sensor_publisher.py to sensor_publisher.cpython-310.pyc
[1.191s] running install_data
[1.192s] copying resource/my_sensor_package -> /root/ros2_ws/install/my_sensor_package/share/ament_index/resource_index/packages
[1.192s] copying package.xml -> /root/ros2_ws/install/my_sensor_package/share/my_sensor_package
[1.192s] copying launch/sensor.launch.py -> /root/ros2_ws/install/my_sensor_package/share/my_sensor_package/launch
[1.192s] running install_egg_info
[1.193s] Copying ../../build/my_sensor_package/my_sensor_package.egg-info to /root/ros2_ws/install/my_sensor_package/lib/python3.10/site-packages/my_sensor_package-0.0.0-py3.10.egg-info
[1.195s] running install_scripts
[1.211s] Installing sensor_publisher_node script to /root/ros2_ws/install/my_sensor_package/lib/my_sensor_package
[1.212s] Installing sensor_subscriber_node script to /root/ros2_ws/install/my_sensor_package/lib/my_sensor_package
[1.212s] writing list of installed files to '/root/ros2_ws/build/my_sensor_package/install.log'
[1.237s] Invoked command in '/root/ros2_ws/src/my_sensor_package' returned '0': PYTHONPATH=/root/ros2_ws/build/my_sensor_package/prefix_override:/usr/lib/python3/dist-packages/colcon_core/task/python/colcon_distutils_commands:/root/ros2_ws/install/my_sensor_package/lib/python3.10/site-packages:${PYTHONPATH} /usr/bin/python3 -W ignore:setup.py install is deprecated -W ignore:easy_install command is deprecated setup.py egg_info --egg-base ../../build/my_sensor_package build --build-base /root/ros2_ws/build/my_sensor_package/build install --record /root/ros2_ws/build/my_sensor_package/install.log --single-version-externally-managed install_data --force
