[0.216s] Invoking command in '/root/ros2_ws/build/humanoid_description': CMAKE_PREFIX_PATH=${CMAKE_PREFIX_PATH}:/root/ros2_ws/install/my_sensor_package:/root/ros2_ws/install/my_py_pkg:/opt/ros/humble /usr/bin/cmake --build /root/ros2_ws/build/humanoid_description -- -j16 -l16
[0.316s] -- Found ament_cmake: 1.3.11 (/opt/ros/humble/share/ament_cmake/cmake)
[0.441s] -- Override CMake install command with custom implementation using symlinks instead of copying resources
[0.461s] -- Found urdf: 2.6.1 (/opt/ros/humble/share/urdf/cmake)
[1.522s] -- Found xacro: 2.0.13 (/opt/ros/humble/share/xacro/cmake)
[1.525s] -- Found gazebo_ros: 3.9.0 (/opt/ros/humble/share/gazebo_ros/cmake)
[1.572s] -- Found rosidl_generator_c: 3.1.6 (/opt/ros/humble/share/rosidl_generator_c/cmake)
[1.580s] -- Found rosidl_adapter: 3.1.6 (/opt/ros/humble/share/rosidl_adapter/cmake)
[1.592s] -- Found rosidl_generator_cpp: 3.1.6 (/opt/ros/humble/share/rosidl_generator_cpp/cmake)
[1.613s] -- Using all available rosidl_typesupport_c: rosidl_typesupport_fastrtps_c;rosidl_typesupport_introspection_c
[1.628s] -- Using all available rosidl_typesupport_cpp: rosidl_typesupport_fastrtps_cpp;rosidl_typesupport_introspection_cpp
[1.686s] -- Found rmw_implementation_cmake: 6.1.2 (/opt/ros/humble/share/rmw_implementation_cmake/cmake)
[1.691s] -- Found rmw_fastrtps_cpp: 6.2.7 (/opt/ros/humble/share/rmw_fastrtps_cpp/cmake)
[1.726s] -- Found TinyXML2 via Config file: TinyXML2_DIR-NOTFOUND
[1.793s] -- Found OpenSSL: /usr/lib/x86_64-linux-gnu/libcrypto.so (found version "3.0.2")  
[1.797s] -- Found TinyXML2 via Config file: TinyXML2_DIR-NOTFOUND
[1.916s] -- Found FastRTPS: /opt/ros/humble/include  
[1.919s] -- Found TinyXML2 via Config file: TinyXML2_DIR-NOTFOUND
[1.927s] -- Found TinyXML2 via Config file: TinyXML2_DIR-NOTFOUND
[1.985s] -- Using RMW implementation 'rmw_fastrtps_cpp' as default
[2.001s] -- Looking for pthread.h
[2.202s] -- Looking for pthread.h - found
[2.202s] -- Performing Test CMAKE_HAVE_LIBC_PTHREAD
[2.339s] -- Performing Test CMAKE_HAVE_LIBC_PTHREAD - Success
[2.340s] -- Found Threads: TRUE  
[2.409s] -- Found PkgConfig: /usr/bin/pkg-config (found version "0.29.2") 
[2.410s] -- Checking for module 'bullet>=2.82'
[2.427s] --   Found bullet, version 3.05
[2.581s] -- Found fcl: /usr/include (found suitable version "0.7.0", minimum required is "0.5.0") 
[2.642s] -- Found assimp: /usr/include (found version "5.2.0") 
[2.680s] -- Found DART: /usr/include (Required is at least version "6.6") found components: dart 
[2.711s] -- Found Boost: /usr/lib/x86_64-linux-gnu/cmake/Boost-1.74.0/BoostConfig.cmake (found suitable version "1.74.0", minimum required is "1.40.0") found components: thread system filesystem program_options regex iostreams date_time 
[2.980s] -- Found Protobuf: /usr/lib/x86_64-linux-gnu/libprotobuf.so (found version "3.12.4") 
[2.986s] -- Looking for ignition-math6 -- found version 6.15.1
[2.996s] -- Searching for dependencies of ignition-math6
[2.998s] -- Looking for OGRE...
[2.998s] -- OGRE_PREFIX_WATCH changed.
[3.004s] -- Checking for module 'OGRE'
[3.022s] --   Found OGRE, version 1.9.0
[3.067s] -- Found Ogre Ghadamon (1.9.0)
[3.349s] -- Found OGRE: optimized;/usr/lib/x86_64-linux-gnu/libOgreMain.so;debug;/usr/lib/x86_64-linux-gnu/libOgreMain.so
[3.358s] -- Looking for OGRE_Paging...
[3.609s] -- Found OGRE_Paging: optimized;/usr/lib/x86_64-linux-gnu/libOgrePaging.so;debug;/usr/lib/x86_64-linux-gnu/libOgrePaging.so
[3.609s] -- Looking for OGRE_Terrain...
[3.859s] -- Found OGRE_Terrain: optimized;/usr/lib/x86_64-linux-gnu/libOgreTerrain.so;debug;/usr/lib/x86_64-linux-gnu/libOgreTerrain.so
[3.859s] -- Looking for OGRE_Property...
[4.111s] -- Found OGRE_Property: optimized;/usr/lib/x86_64-linux-gnu/libOgreProperty.so;debug;/usr/lib/x86_64-linux-gnu/libOgreProperty.so
[4.111s] -- Looking for OGRE_RTShaderSystem...
[4.361s] -- Found OGRE_RTShaderSystem: optimized;/usr/lib/x86_64-linux-gnu/libOgreRTShaderSystem.so;debug;/usr/lib/x86_64-linux-gnu/libOgreRTShaderSystem.so
[4.361s] -- Looking for OGRE_Volume...
[4.605s] -- Found OGRE_Volume: optimized;/usr/lib/x86_64-linux-gnu/libOgreVolume.so;debug;/usr/lib/x86_64-linux-gnu/libOgreVolume.so
[4.606s] -- Looking for OGRE_Overlay...
[4.853s] -- Found OGRE_Overlay: optimized;/usr/lib/x86_64-linux-gnu/libOgreOverlay.so;debug;/usr/lib/x86_64-linux-gnu/libOgreOverlay.so
[18.050s] -- Looking for ignition-math6 -- found version 6.15.1
[18.054s] -- Looking for ignition-transport8 -- found version 8.2.1
[18.054s] -- Searching for dependencies of ignition-transport8
[18.895s] -- Found Protobuf: /usr/lib/x86_64-linux-gnu/libprotobuf.so (found suitable version "3.12.4", minimum required is "3") 
[19.724s] -- Config-file not installed for ZeroMQ -- checking for pkg-config
[19.730s] -- Checking for module 'libzmq >= 4'
[19.749s] --   Found libzmq , version 4.3.4
[19.793s] -- Found ZeroMQ: TRUE (Required is at least version "4") 
[19.824s] -- Checking for module 'uuid'
[19.839s] --   Found uuid, version 2.37.2
[19.879s] -- Found UUID: TRUE  
[19.882s] -- Looking for ignition-msgs5 -- found version 5.8.1
[19.882s] -- Searching for dependencies of ignition-msgs5
[20.743s] -- Looking for ignition-math6 -- found version 6.15.1
[20.749s] -- Checking for module 'tinyxml2'
[20.766s] --   Found tinyxml2, version 9.0.0
[20.808s] -- Looking for ignition-msgs5 -- found version 5.8.1
[20.810s] -- Looking for ignition-common3 -- found version 3.14.0
[20.811s] -- Searching for dependencies of ignition-common3
[20.837s] -- Looking for dlfcn.h - found
[20.863s] -- Looking for libdl - found
[20.864s] -- Found DL: TRUE  
[20.931s] -- Found tinyobjloader: /usr/lib/x86_64-linux-gnu/cmake/tinyobjloader/tinyobjloader-config.cmake (found version "2.0.0") 
[20.931s] -- Searching for <ignition-common3> component [graphics]
[20.934s] -- Looking for ignition-common3-graphics -- found version 3.14.0
[20.934s] -- Searching for dependencies of ignition-common3-graphics
[20.934s] -- Looking for ignition-math6 -- found version 6.15.1
[20.938s] -- Looking for ignition-fuel_tools4 -- found version 4.4.0
[20.938s] -- Searching for dependencies of ignition-fuel_tools4
[21.978s] -- Found CURL: /usr/lib/x86_64-linux-gnu/libcurl.so (found version "7.81.0")  
[21.989s] -- Checking for module 'jsoncpp'
[22.005s] --   Found jsoncpp, version 1.9.5
[22.043s] -- Found JSONCPP: TRUE  
[22.050s] -- Checking for module 'libzip'
[22.065s] --   Found libzip, version 1.7.3
[22.103s] -- Found ZIP: TRUE  
[22.103s] -- Looking for ignition-common3 -- found version 3.14.0
[22.104s] -- Looking for ignition-math6 -- found version 6.15.1
[22.104s] -- Looking for ignition-msgs5 -- found version 5.8.1
[22.109s] -- Gazebo version: 11.10
[22.109s] -- Checking for module 'tbb'
[22.126s] --   Found tbb, version 2021.5.0
[22.168s] -- Found gazebo_msgs: 3.9.0 (/opt/ros/humble/share/gazebo_msgs/cmake)
[22.224s] -- Found ament_lint_auto: 0.12.12 (/opt/ros/humble/share/ament_lint_auto/cmake)
[22.298s] -- Added test 'flake8' to check Python code syntax and style conventions
[22.300s] -- Added test 'lint_cmake' to check CMake code style
[22.300s] -- Added test 'pep257' to check Python code against some of the docstring style conventions in PEP 257
[22.303s] -- Added test 'xmllint' to check XML markup files
[22.306s] -- Configuring done
[22.319s] -- Generating done
[22.323s] -- Build files have been written to: /root/ros2_ws/build/humanoid_description
[22.361s] Invoked command in '/root/ros2_ws/build/humanoid_description' returned '0': CMAKE_PREFIX_PATH=${CMAKE_PREFIX_PATH}:/root/ros2_ws/install/my_sensor_package:/root/ros2_ws/install/my_py_pkg:/opt/ros/humble /usr/bin/cmake --build /root/ros2_ws/build/humanoid_description -- -j16 -l16
[22.364s] Invoking command in '/root/ros2_ws/build/humanoid_description': CMAKE_PREFIX_PATH=${CMAKE_PREFIX_PATH}:/root/ros2_ws/install/my_sensor_package:/root/ros2_ws/install/my_py_pkg:/opt/ros/humble /usr/bin/cmake --install /root/ros2_ws/build/humanoid_description
[22.371s] -- Install configuration: ""
[22.372s] -- Execute custom install script
[22.372s] -- Up-to-date symlink: /root/ros2_ws/install/humanoid_description/share/humanoid_description/urdf/humanoid.urdf.xacro
[22.373s] -- Symlinking: /root/ros2_ws/install/humanoid_description/share/humanoid_description/launch/spawn_huamnoid.launch.py
[22.385s] -- Up-to-date symlink: /root/ros2_ws/install/humanoid_description/share/ament_index/resource_index/package_run_dependencies/humanoid_description
[22.386s] -- Up-to-date symlink: /root/ros2_ws/install/humanoid_description/share/ament_index/resource_index/parent_prefix_path/humanoid_description
[22.386s] -- Up-to-date symlink: /root/ros2_ws/install/humanoid_description/share/humanoid_description/environment/ament_prefix_path.sh
[22.386s] -- Up-to-date symlink: /root/ros2_ws/install/humanoid_description/share/humanoid_description/environment/ament_prefix_path.dsv
[22.387s] -- Up-to-date symlink: /root/ros2_ws/install/humanoid_description/share/humanoid_description/environment/path.sh
[22.387s] -- Up-to-date symlink: /root/ros2_ws/install/humanoid_description/share/humanoid_description/environment/path.dsv
[22.388s] -- Up-to-date symlink: /root/ros2_ws/install/humanoid_description/share/humanoid_description/local_setup.bash
[22.389s] -- Up-to-date symlink: /root/ros2_ws/install/humanoid_description/share/humanoid_description/local_setup.sh
[22.389s] -- Up-to-date symlink: /root/ros2_ws/install/humanoid_description/share/humanoid_description/local_setup.zsh
[22.390s] -- Up-to-date symlink: /root/ros2_ws/install/humanoid_description/share/humanoid_description/local_setup.dsv
[22.390s] -- Symlinking: /root/ros2_ws/install/humanoid_description/share/humanoid_description/package.dsv
[22.402s] -- Up-to-date symlink: /root/ros2_ws/install/humanoid_description/share/ament_index/resource_index/packages/humanoid_description
[22.402s] -- Up-to-date symlink: /root/ros2_ws/install/humanoid_description/share/humanoid_description/cmake/humanoid_descriptionConfig.cmake
[22.402s] -- Up-to-date symlink: /root/ros2_ws/install/humanoid_description/share/humanoid_description/cmake/humanoid_descriptionConfig-version.cmake
[22.403s] -- Up-to-date symlink: /root/ros2_ws/install/humanoid_description/share/humanoid_description/package.xml
[22.406s] Invoked command in '/root/ros2_ws/build/humanoid_description' returned '0': CMAKE_PREFIX_PATH=${CMAKE_PREFIX_PATH}:/root/ros2_ws/install/my_sensor_package:/root/ros2_ws/install/my_py_pkg:/opt/ros/humble /usr/bin/cmake --install /root/ros2_ws/build/humanoid_description
