[0.204s] Invoking command in '/root/ros2_ws/build/my_robot_bringup': CMAKE_PREFIX_PATH=/root/ros2_ws/install/my_py_pkg:/opt/ros/humble /usr/bin/cmake /root/ros2_ws/src/my_robot_bringup -DCMAKE_INSTALL_PREFIX=/root/ros2_ws/install/my_robot_bringup
[0.215s] -- Found ament_cmake: 1.3.11 (/opt/ros/humble/share/ament_cmake/cmake)
[0.391s] -- Configuring done
[0.399s] -- Generating done
[0.402s] -- Build files have been written to: /root/ros2_ws/build/my_robot_bringup
[0.406s] Invoked command in '/root/ros2_ws/build/my_robot_bringup' returned '0': CMAKE_PREFIX_PATH=/root/ros2_ws/install/my_py_pkg:/opt/ros/humble /usr/bin/cmake /root/ros2_ws/src/my_robot_bringup -DCMAKE_INSTALL_PREFIX=/root/ros2_ws/install/my_robot_bringup
[0.408s] Invoking command in '/root/ros2_ws/build/my_robot_bringup': CMAKE_PREFIX_PATH=/root/ros2_ws/install/my_py_pkg:/opt/ros/humble /usr/bin/cmake --build /root/ros2_ws/build/my_robot_bringup -- -j16 -l16
[0.453s] Invoked command in '/root/ros2_ws/build/my_robot_bringup' returned '0': CMAKE_PREFIX_PATH=/root/ros2_ws/install/my_py_pkg:/opt/ros/humble /usr/bin/cmake --build /root/ros2_ws/build/my_robot_bringup -- -j16 -l16
[0.465s] Invoking command in '/root/ros2_ws/build/my_robot_bringup': CMAKE_PREFIX_PATH=/root/ros2_ws/install/my_py_pkg:/opt/ros/humble /usr/bin/cmake --install /root/ros2_ws/build/my_robot_bringup
[0.473s] -- Install configuration: ""
[0.473s] -- Installing: /root/ros2_ws/install/my_robot_bringup/share/my_robot_bringup/launch
[0.475s] -- Installing: /root/ros2_ws/install/my_robot_bringup/share/my_robot_bringup/launch/demo.launch.py
[0.477s] -- Installing: /root/ros2_ws/install/my_robot_bringup/share/ament_index/resource_index/package_run_dependencies/my_robot_bringup
[0.479s] -- Installing: /root/ros2_ws/install/my_robot_bringup/share/ament_index/resource_index/parent_prefix_path/my_robot_bringup
[0.479s] -- Installing: /root/ros2_ws/install/my_robot_bringup/share/my_robot_bringup/environment/ament_prefix_path.sh
[0.480s] -- Installing: /root/ros2_ws/install/my_robot_bringup/share/my_robot_bringup/environment/ament_prefix_path.dsv
[0.480s] -- Installing: /root/ros2_ws/install/my_robot_bringup/share/my_robot_bringup/environment/path.sh
[0.480s] -- Installing: /root/ros2_ws/install/my_robot_bringup/share/my_robot_bringup/environment/path.dsv
[0.480s] -- Installing: /root/ros2_ws/install/my_robot_bringup/share/my_robot_bringup/local_setup.bash
[0.480s] -- Installing: /root/ros2_ws/install/my_robot_bringup/share/my_robot_bringup/local_setup.sh
[0.481s] -- Installing: /root/ros2_ws/install/my_robot_bringup/share/my_robot_bringup/local_setup.zsh
[0.481s] -- Installing: /root/ros2_ws/install/my_robot_bringup/share/my_robot_bringup/local_setup.dsv
[0.481s] -- Installing: /root/ros2_ws/install/my_robot_bringup/share/my_robot_bringup/package.dsv
[0.482s] -- Installing: /root/ros2_ws/install/my_robot_bringup/share/ament_index/resource_index/packages/my_robot_bringup
[0.482s] -- Installing: /root/ros2_ws/install/my_robot_bringup/share/my_robot_bringup/cmake/my_robot_bringupConfig.cmake
[0.482s] -- Installing: /root/ros2_ws/install/my_robot_bringup/share/my_robot_bringup/cmake/my_robot_bringupConfig-version.cmake
[0.483s] -- Installing: /root/ros2_ws/install/my_robot_bringup/share/my_robot_bringup/package.xml
[0.485s] Invoked command in '/root/ros2_ws/build/my_robot_bringup' returned '0': CMAKE_PREFIX_PATH=/root/ros2_ws/install/my_py_pkg:/opt/ros/humble /usr/bin/cmake --install /root/ros2_ws/build/my_robot_bringup
