[0.861s] Invoking command in '/root/ros2_ws/build/my_sensor_package': PYTHONPATH=/root/ros2_ws/build/my_sensor_package/prefix_override:/usr/lib/python3/dist-packages/colcon_core/task/python/colcon_distutils_commands:/root/ros2_ws/install/my_sensor_package/lib/python3.10/site-packages:${PYTHONPATH} /usr/bin/python3 -W ignore:setup.py install is deprecated -W ignore:easy_install command is deprecated setup.py develop --editable --build-directory /root/ros2_ws/build/my_sensor_package/build --no-deps symlink_data --force
[1.066s] running develop
[1.182s] running egg_info
[1.182s] writing my_sensor_package.egg-info/PKG-INFO
[1.183s] writing dependency_links to my_sensor_package.egg-info/dependency_links.txt
[1.183s] writing entry points to my_sensor_package.egg-info/entry_points.txt
[1.183s] writing requirements to my_sensor_package.egg-info/requires.txt
[1.184s] writing top-level names to my_sensor_package.egg-info/top_level.txt
[1.185s] reading manifest file 'my_sensor_package.egg-info/SOURCES.txt'
[1.186s] writing manifest file 'my_sensor_package.egg-info/SOURCES.txt'
[1.187s] running build_ext
[1.187s] Creating /root/ros2_ws/install/my_sensor_package/lib/python3.10/site-packages/my-sensor-package.egg-link (link to .)
[1.188s] Installing sensor_publisher_node script to /root/ros2_ws/install/my_sensor_package/lib/my_sensor_package
[1.188s] Installing sensor_subscriber_node script to /root/ros2_ws/install/my_sensor_package/lib/my_sensor_package
[1.189s] 
[1.189s] Installed /root/ros2_ws/build/my_sensor_package
[1.189s] running symlink_data
[1.189s] symbolically linking /root/ros2_ws/build/my_sensor_package/resource/my_sensor_package -> /root/ros2_ws/install/my_sensor_package/share/ament_index/resource_index/packages
[1.190s] symbolically linking /root/ros2_ws/build/my_sensor_package/package.xml -> /root/ros2_ws/install/my_sensor_package/share/my_sensor_package
[1.193s] symbolically linking /root/ros2_ws/build/my_sensor_package/launch/sensor.launch.py -> /root/ros2_ws/install/my_sensor_package/share/my_sensor_package/launch
[1.228s] Invoked command in '/root/ros2_ws/build/my_sensor_package' returned '0': PYTHONPATH=/root/ros2_ws/build/my_sensor_package/prefix_override:/usr/lib/python3/dist-packages/colcon_core/task/python/colcon_distutils_commands:/root/ros2_ws/install/my_sensor_package/lib/python3.10/site-packages:${PYTHONPATH} /usr/bin/python3 -W ignore:setup.py install is deprecated -W ignore:easy_install command is deprecated setup.py develop --editable --build-directory /root/ros2_ws/build/my_sensor_package/build --no-deps symlink_data --force
